[==========] Running 1 test from 1 test suite.
[----------] Global test environment set-up.
[----------] 1 test from CompressedInferenceTest
[ RUN      ] CompressedInferenceTest.SelectiveInference
Successfully parsed ONNX model using Protobuf
Model IR Version: 6
Producer: pytorch (1.4)
Added metadata segment (60 bytes).
Minimal ModelProto state before serialization:
  IR Version: 6
  Producer: pytorch (1.4)
  Domain: 
  Model Version: 0
  Opset Imports: 1
  Has Graph: yes
  Graph Name: torch-jit-export
  Nodes: 2581
  Inputs: 1
  Outputs: 13
  Initializers: 332
Attempting SerializeToString on minimal ModelProto...
SerializeToString on ModelProto succeeded. Size: 548227543 bytes.
Added model structure segment (548227543 bytes).
Archive finalized successfully. Total Segments: 334
Indexing 334 segments from archive...

[Heuristic Layer Chaining] Possible layer chains (output_shape == input_shape):
  3231 (Slice) -> 3219 (Slice)
  3231 (Slice) -> 3236 (Concat)
  3231 (Slice) -> 3225 (Concat)
  3231 (Slice) -> 3177 (Slice)
  3231 (Slice) -> 3234 (Concat)
  3231 (Slice) -> 3190 (Slice)
  3231 (Slice) -> 3210 (Concat)
  3231 (Slice) -> 3218 (Slice)
  3231 (Slice) -> 3143 (Concat)
  3231 (Slice) -> 3168 (Concat)
  3231 (Slice) -> 3217 (Slice)
  3231 (Slice) -> 3222 (Concat)
  3231 (Slice) -> 3214 (Concat)
  3231 (Slice) -> 3211 (Concat)
  3231 (Slice) -> 3121 (Slice)
  3231 (Slice) -> 3226 (Concat)
  3231 (Slice) -> 3111 (Div)
  3231 (Slice) -> 3221 (Concat)
  3231 (Slice) -> 3241 (Concat)
  3231 (Slice) -> 3209 (Concat)
  3231 (Slice) -> 3208 (Concat)
  3231 (Slice) -> 3133 (Slice)
  3231 (Slice) -> 3207 (Concat)
  3231 (Slice) -> 3204 (Slice)
  3231 (Slice) -> 3203 (Slice)
  3231 (Slice) -> 3148 (Slice)
  3231 (Slice) -> 3215 (Concat)
  3231 (Slice) -> 3199 (Concat)
  3231 (Slice) -> 3171 (Concat)
  3231 (Slice) -> 3127 (Concat)
  3231 (Slice) -> 3244 (Concat)
  3231 (Slice) -> 3196 (Concat)
  3231 (Slice) -> 3200 (Concat)
  3231 (Slice) -> 3195 (Concat)
  3231 (Slice) -> 3144 (Concat)
  3231 (Slice) -> 3264 (Concat)
  3231 (Slice) -> 3193 (Concat)
  3231 (Slice) -> 3228 (Concat)
  3231 (Slice) -> 3192 (Concat)
  3231 (Slice) -> 3201 (Concat)
  3231 (Slice) -> 3141 (Concat)
  3231 (Slice) -> 3189 (Slice)
  3231 (Slice) -> 3188 (Concat)
  3231 (Slice) -> 3233 (Slice)
  3231 (Slice) -> 3132 (Concat)
  3231 (Slice) -> 3185 (Concat)
  3231 (Slice) -> 3134 (Slice)
  3231 (Slice) -> 3182 (Concat)
  3231 (Slice) -> 3180 (Concat)
  3231 (Slice) -> 3130 (Concat)
  3231 (Slice) -> 3165 (Concat)
  3231 (Slice) -> 3176 (Slice)
  3231 (Slice) -> 3191 (Slice)
  3231 (Slice) -> 3175 (Slice)
  3231 (Slice) -> 3172 (Concat)
  3231 (Slice) -> 3173 (Concat)
  3231 (Slice) -> 3169 (Concat)
  3231 (Slice) -> 3230 (Concat)
  3231 (Slice) -> 3116 (Concat)
  3231 (Slice) -> 3267 (Concat)
  3231 (Slice) -> 3235 (Concat)
  3231 (Slice) -> 3122 (Concat)
  3231 (Slice) -> 3163 (Slice)
  3231 (Slice) -> 3212 (Concat)
  3231 (Slice) -> 3136 (Concat)
  3231 (Slice) -> 3128 (Concat)
  3231 (Slice) -> 3174 (Concat)
  3231 (Slice) -> 3155 (Concat)
  3231 (Slice) -> 3229 (Concat)
  3231 (Slice) -> 3186 (Concat)
  3231 (Slice) -> 3126 (Concat)
  3231 (Slice) -> 3120 (Slice)
  3231 (Slice) -> 3257 (Concat)
  3231 (Slice) -> 3184 (Concat)
  3231 (Slice) -> 3124 (Concat)
  3231 (Slice) -> 3256 (Concat)
  3231 (Slice) -> 3112 (Sub)
  3231 (Slice) -> 3113 (Concat)
  3231 (Slice) -> 3223 (Concat)
  3231 (Slice) -> 3197 (Concat)
  3231 (Slice) -> 3123 (Concat)
  3231 (Slice) -> 3220 (Concat)
  3231 (Slice) -> 3187 (Concat)
  3231 (Slice) -> 3157 (Concat)
  3231 (Slice) -> 3117 (Concat)
  3231 (Slice) -> 3135 (Slice)
  3231 (Slice) -> 3151 (Concat)
  3231 (Slice) -> 3150 (Concat)
  3231 (Slice) -> 3170 (Concat)
  3231 (Slice) -> 3138 (Concat)
  3231 (Slice) -> 3154 (Concat)
  3231 (Slice) -> 3140 (Concat)
  3231 (Slice) -> 3146 (Concat)
  3231 (Slice) -> 3125 (Concat)
  3231 (Slice) -> 3147 (Slice)
  3231 (Slice) -> 3227 (Concat)
  3231 (Slice) -> 3131 (Concat)
  3231 (Slice) -> 3178 (Concat)
  3231 (Slice) -> 3149 (Slice)
  3231 (Slice) -> 3206 (Concat)
  3231 (Slice) -> 3152 (Concat)
  3231 (Slice) -> 3243 (Concat)
  3231 (Slice) -> 3139 (Concat)
  3231 (Slice) -> 3110 (Concat)
  3231 (Slice) -> 3216 (Concat)
  3231 (Slice) -> 3153 (Concat)
  3231 (Slice) -> 3156 (Concat)
  3231 (Slice) -> 3198 (Concat)
  3231 (Slice) -> 3255 (Concat)
  3231 (Slice) -> 3159 (Concat)
  3231 (Slice) -> 3145 (Concat)
  3231 (Slice) -> 3266 (Concat)
  3231 (Slice) -> 3162 (Slice)
  3231 (Slice) -> 3158 (Concat)
  3231 (Slice) -> 3253 (Concat)
  3231 (Slice) -> 3164 (Concat)
  3231 (Slice) -> 3238 (Concat)
  3231 (Slice) -> 3240 (Concat)
  3231 (Slice) -> 3237 (Concat)
  3231 (Slice) -> 3278 (Concat)
  3231 (Slice) -> 3245 (Slice)
  3231 (Slice) -> 3246 (Slice)
  3231 (Slice) -> 3247 (Slice)
  3231 (Slice) -> 3142 (Concat)
  3231 (Slice) -> 3248 (Concat)
  3231 (Slice) -> 3249 (Concat)
  3231 (Slice) -> 3250 (Concat)
  3231 (Slice) -> 3119 (Slice)
  3231 (Slice) -> 3251 (Concat)
  3231 (Slice) -> 3167 (Concat)
  3231 (Slice) -> 3224 (Concat)
  3231 (Slice) -> 3254 (Concat)
  3231 (Slice) -> 3202 (Concat)
  3231 (Slice) -> 3259 (Slice)
  3231 (Slice) -> 3260 (Slice)
  3231 (Slice) -> 3118 (Concat)
  3231 (Slice) -> 3261 (Slice)
  3231 (Slice) -> 3271 (Concat)
  3231 (Slice) -> 3262 (Concat)
  3231 (Slice) -> 3265 (Concat)
  3231 (Slice) -> 3268 (Concat)
  3231 (Slice) -> 3205 (Slice)
  3231 (Slice) -> 3269 (Concat)
  3231 (Slice) -> 3270 (Concat)
  3231 (Slice) -> 3272 (Concat)
  3231 (Slice) -> 3273 (Slice)
  3231 (Slice) -> 3275 (Slice)
  3231 (Slice) -> 3194 (Concat)
  3231 (Slice) -> 3274 (Slice)
  3231 (Slice) -> 3276 (Concat)
  3231 (Slice) -> 3277 (Concat)
  3231 (Slice) -> 3279 (Concat)
  3231 (Slice) -> 3280 (Concat)
  3231 (Slice) -> 3281 (Concat)
  3231 (Slice) -> 3252 (Concat)
  3231 (Slice) -> 3179 (Concat)
  3231 (Slice) -> 3115 (Concat)
  3231 (Slice) -> 3258 (Concat)
  3231 (Slice) -> 3166 (Concat)
  3231 (Slice) -> 3160 (Concat)
  3231 (Slice) -> 3239 (Concat)
  3231 (Slice) -> 3137 (Concat)
  3231 (Slice) -> 3183 (Concat)
  3231 (Slice) -> 3242 (Concat)
  3231 (Slice) -> 3181 (Concat)
  3231 (Slice) -> 3129 (Concat)
  3231 (Slice) -> 3161 (Slice)
  3231 (Slice) -> 3232 (Slice)
  3231 (Slice) -> 3213 (Concat)
  3231 (Slice) -> 3114 (Concat)
  3231 (Slice) -> 3263 (Concat)
  3219 (Slice) -> 3231 (Slice)
  3219 (Slice) -> 3236 (Concat)
  3219 (Slice) -> 3225 (Concat)
  3219 (Slice) -> 3177 (Slice)
  3219 (Slice) -> 3234 (Concat)
  3219 (Slice) -> 3190 (Slice)
  3219 (Slice) -> 3210 (Concat)
  3219 (Slice) -> 3218 (Slice)
  3219 (Slice) -> 3143 (Concat)
  3219 (Slice) -> 3168 (Concat)
  3219 (Slice) -> 3217 (Slice)
  3219 (Slice) -> 3222 (Concat)
  3219 (Slice) -> 3214 (Concat)
  3219 (Slice) -> 3211 (Concat)
  3219 (Slice) -> 3121 (Slice)
  3219 (Slice) -> 3226 (Concat)
  3219 (Slice) -> 3111 (Div)
  3219 (Slice) -> 3221 (Concat)
  3219 (Slice) -> 3241 (Concat)
  3219 (Slice) -> 3209 (Concat)
  3219 (Slice) -> 3208 (Concat)
  3219 (Slice) -> 3133 (Slice)
  3219 (Slice) -> 3207 (Concat)
  3219 (Slice) -> 3204 (Slice)
  3219 (Slice) -> 3203 (Slice)
  3219 (Slice) -> 3148 (Slice)
  3219 (Slice) -> 3215 (Concat)
  3219 (Slice) -> 3199 (Concat)
  3219 (Slice) -> 3171 (Concat)
  3219 (Slice) -> 3127 (Concat)
  3219 (Slice) -> 3244 (Concat)
  3219 (Slice) -> 3196 (Concat)
  3219 (Slice) -> 3200 (Concat)
  3219 (Slice) -> 3195 (Concat)
  3219 (Slice) -> 3144 (Concat)
  3219 (Slice) -> 3264 (Concat)
  3219 (Slice) -> 3193 (Concat)
  3219 (Slice) -> 3228 (Concat)
  3219 (Slice) -> 3192 (Concat)
  3219 (Slice) -> 3201 (Concat)
  3219 (Slice) -> 3141 (Concat)
  3219 (Slice) -> 3189 (Slice)
  3219 (Slice) -> 3188 (Concat)
  3219 (Slice) -> 3233 (Slice)
  3219 (Slice) -> 3132 (Concat)
  3219 (Slice) -> 3185 (Concat)
  3219 (Slice) -> 3134 (Slice)
  3219 (Slice) -> 3182 (Concat)
  3219 (Slice) -> 3180 (Concat)
  3219 (Slice) -> 3130 (Concat)
  3219 (Slice) -> 3165 (Concat)
  3219 (Slice) -> 3176 (Slice)
  3219 (Slice) -> 3191 (Slice)
  3219 (Slice) -> 3175 (Slice)
  3219 (Slice) -> 3172 (Concat)
  3219 (Slice) -> 3173 (Concat)
  3219 (Slice) -> 3169 (Concat)
  3219 (Slice) -> 3230 (Concat)
  3219 (Slice) -> 3116 (Concat)
  3219 (Slice) -> 3267 (Concat)
  3219 (Slice) -> 3235 (Concat)
  3219 (Slice) -> 3122 (Concat)
  3219 (Slice) -> 3163 (Slice)
  3219 (Slice) -> 3212 (Concat)
  3219 (Slice) -> 3136 (Concat)
  3219 (Slice) -> 3128 (Concat)
  3219 (Slice) -> 3174 (Concat)
  3219 (Slice) -> 3155 (Concat)
  3219 (Slice) -> 3229 (Concat)
  3219 (Slice) -> 3186 (Concat)
  3219 (Slice) -> 3126 (Concat)
  3219 (Slice) -> 3120 (Slice)
  3219 (Slice) -> 3257 (Concat)
  3219 (Slice) -> 3184 (Concat)
  3219 (Slice) -> 3124 (Concat)
  3219 (Slice) -> 3256 (Concat)
  3219 (Slice) -> 3112 (Sub)
  3219 (Slice) -> 3113 (Concat)
  3219 (Slice) -> 3223 (Concat)
  3219 (Slice) -> 3197 (Concat)
  3219 (Slice) -> 3123 (Concat)
  3219 (Slice) -> 3220 (Concat)
  3219 (Slice) -> 3187 (Concat)
  3219 (Slice) -> 3157 (Concat)
  3219 (Slice) -> 3117 (Concat)
  3219 (Slice) -> 3135 (Slice)
  3219 (Slice) -> 3151 (Concat)
  3219 (Slice) -> 3150 (Concat)
  3219 (Slice) -> 3170 (Concat)
  3219 (Slice) -> 3138 (Concat)
  3219 (Slice) -> 3154 (Concat)
  3219 (Slice) -> 3140 (Concat)
  3219 (Slice) -> 3146 (Concat)
  3219 (Slice) -> 3125 (Concat)
  3219 (Slice) -> 3147 (Slice)
  3219 (Slice) -> 3227 (Concat)
  3219 (Slice) -> 3131 (Concat)
  3219 (Slice) -> 3178 (Concat)
  3219 (Slice) -> 3149 (Slice)
  3219 (Slice) -> 3206 (Concat)
  3219 (Slice) -> 3152 (Concat)
  3219 (Slice) -> 3243 (Concat)
  3219 (Slice) -> 3139 (Concat)
  3219 (Slice) -> 3110 (Concat)
  3219 (Slice) -> 3216 (Concat)
  3219 (Slice) -> 3153 (Concat)
  3219 (Slice) -> 3156 (Concat)
  3219 (Slice) -> 3198 (Concat)
  3219 (Slice) -> 3255 (Concat)
  3219 (Slice) -> 3159 (Concat)
  3219 (Slice) -> 3145 (Concat)
  3219 (Slice) -> 3266 (Concat)
  3219 (Slice) -> 3162 (Slice)
  3219 (Slice) -> 3158 (Concat)
  3219 (Slice) -> 3253 (Concat)
  3219 (Slice) -> 3164 (Concat)
  3219 (Slice) -> 3238 (Concat)
  3219 (Slice) -> 3240 (Concat)
  3219 (Slice) -> 3237 (Concat)
  3219 (Slice) -> 3278 (Concat)
  3219 (Slice) -> 3245 (Slice)
  3219 (Slice) -> 3246 (Slice)
  3219 (Slice) -> 3247 (Slice)
  3219 (Slice) -> 3142 (Concat)
  3219 (Slice) -> 3248 (Concat)
  3219 (Slice) -> 3249 (Concat)
  3219 (Slice) -> 3250 (Concat)
  3219 (Slice) -> 3119 (Slice)
  3219 (Slice) -> 3251 (Concat)
  3219 (Slice) -> 3167 (Concat)
  3219 (Slice) -> 3224 (Concat)
  3219 (Slice) -> 3254 (Concat)
  3219 (Slice) -> 3202 (Concat)
  3219 (Slice) -> 3259 (Slice)
  3219 (Slice) -> 3260 (Slice)
  3219 (Slice) -> 3118 (Concat)
  3219 (Slice) -> 3261 (Slice)
  3219 (Slice) -> 3271 (Concat)
  3219 (Slice) -> 3262 (Concat)
  3219 (Slice) -> 3265 (Concat)
  3219 (Slice) -> 3268 (Concat)
  3219 (Slice) -> 3205 (Slice)
  3219 (Slice) -> 3269 (Concat)
  3219 (Slice) -> 3270 (Concat)
  3219 (Slice) -> 3272 (Concat)
  3219 (Slice) -> 3273 (Slice)
  3219 (Slice) -> 3275 (Slice)
  3219 (Slice) -> 3194 (Concat)
  3219 (Slice) -> 3274 (Slice)
  3219 (Slice) -> 3276 (Concat)
  3219 (Slice) -> 3277 (Concat)
  3219 (Slice) -> 3279 (Concat)
  3219 (Slice) -> 3280 (Concat)
  3219 (Slice) -> 3281 (Concat)
  3219 (Slice) -> 3252 (Concat)
  3219 (Slice) -> 3179 (Concat)
  3219 (Slice) -> 3115 (Concat)
  3219 (Slice) -> 3258 (Concat)
  3219 (Slice) -> 3166 (Concat)
  3219 (Slice) -> 3160 (Concat)
  3219 (Slice) -> 3239 (Concat)
  3219 (Slice) -> 3137 (Concat)
  3219 (Slice) -> 3183 (Concat)
  3219 (Slice) -> 3242 (Concat)
  3219 (Slice) -> 3181 (Concat)
  3219 (Slice) -> 3129 (Concat)
  3219 (Slice) -> 3161 (Slice)
  3219 (Slice) -> 3232 (Slice)
  3219 (Slice) -> 3213 (Concat)
  3219 (Slice) -> 3114 (Concat)
  3219 (Slice) -> 3263 (Concat)
  3236 (Concat) -> 3231 (Slice)
  3236 (Concat) -> 3219 (Slice)
  3236 (Concat) -> 3225 (Concat)
  3236 (Concat) -> 3177 (Slice)
  3236 (Concat) -> 3234 (Concat)
  3236 (Concat) -> 3190 (Slice)
  3236 (Concat) -> 3210 (Concat)
  3236 (Concat) -> 3218 (Slice)
  3236 (Concat) -> 3143 (Concat)
  3236 (Concat) -> 3168 (Concat)
  3236 (Concat) -> 3217 (Slice)
  3236 (Concat) -> 3222 (Concat)
  3236 (Concat) -> 3214 (Concat)
  3236 (Concat) -> 3211 (Concat)
  3236 (Concat) -> 3121 (Slice)
  3236 (Concat) -> 3226 (Concat)
  3236 (Concat) -> 3111 (Div)
  3236 (Concat) -> 3221 (Concat)
  3236 (Concat) -> 3241 (Concat)
  3236 (Concat) -> 3209 (Concat)
  3236 (Concat) -> 3208 (Concat)
  3236 (Concat) -> 3133 (Slice)
  3236 (Concat) -> 3207 (Concat)
  3236 (Concat) -> 3204 (Slice)
  3236 (Concat) -> 3203 (Slice)
  3236 (Concat) -> 3148 (Slice)
  3236 (Concat) -> 3215 (Concat)
  3236 (Concat) -> 3199 (Concat)
  3236 (Concat) -> 3171 (Concat)
  3236 (Concat) -> 3127 (Concat)
  3236 (Concat) -> 3244 (Concat)
  3236 (Concat) -> 3196 (Concat)
  3236 (Concat) -> 3200 (Concat)
  3236 (Concat) -> 3195 (Concat)
  3236 (Concat) -> 3144 (Concat)
  3236 (Concat) -> 3264 (Concat)
  3236 (Concat) -> 3193 (Concat)
  3236 (Concat) -> 3228 (Concat)
  3236 (Concat) -> 3192 (Concat)
  3236 (Concat) -> 3201 (Concat)
  3236 (Concat) -> 3141 (Concat)
  3236 (Concat) -> 3189 (Slice)
  3236 (Concat) -> 3188 (Concat)
  3236 (Concat) -> 3233 (Slice)
  3236 (Concat) -> 3132 (Concat)
  3236 (Concat) -> 3185 (Concat)
  3236 (Concat) -> 3134 (Slice)
  3236 (Concat) -> 3182 (Concat)
  3236 (Concat) -> 3180 (Concat)
  3236 (Concat) -> 3130 (Concat)
  3236 (Concat) -> 3165 (Concat)
  3236 (Concat) -> 3176 (Slice)
  3236 (Concat) -> 3191 (Slice)
  3236 (Concat) -> 3175 (Slice)
  3236 (Concat) -> 3172 (Concat)
  3236 (Concat) -> 3173 (Concat)
  3236 (Concat) -> 3169 (Concat)
  3236 (Concat) -> 3230 (Concat)
  3236 (Concat) -> 3116 (Concat)
  3236 (Concat) -> 3267 (Concat)
  3236 (Concat) -> 3235 (Concat)
  3236 (Concat) -> 3122 (Concat)
  3236 (Concat) -> 3163 (Slice)
  3236 (Concat) -> 3212 (Concat)
  3236 (Concat) -> 3136 (Concat)
  3236 (Concat) -> 3128 (Concat)
  3236 (Concat) -> 3174 (Concat)
  3236 (Concat) -> 3155 (Concat)
  3236 (Concat) -> 3229 (Concat)
  3236 (Concat) -> 3186 (Concat)
  3236 (Concat) -> 3126 (Concat)
  3236 (Concat) -> 3120 (Slice)
  3236 (Concat) -> 3257 (Concat)
  3236 (Concat) -> 3184 (Concat)
  3236 (Concat) -> 3124 (Concat)
  3236 (Concat) -> 3256 (Concat)
  3236 (Concat) -> 3112 (Sub)
  3236 (Concat) -> 3113 (Concat)
  3236 (Concat) -> 3223 (Concat)
  3236 (Concat) -> 3197 (Concat)
  3236 (Concat) -> 3123 (Concat)
  3236 (Concat) -> 3220 (Concat)
  3236 (Concat) -> 3187 (Concat)
  3236 (Concat) -> 3157 (Concat)
  3236 (Concat) -> 3117 (Concat)
  3236 (Concat) -> 3135 (Slice)
  3236 (Concat) -> 3151 (Concat)
  3236 (Concat) -> 3150 (Concat)
  3236 (Concat) -> 3170 (Concat)
  3236 (Concat) -> 3138 (Concat)
  3236 (Concat) -> 3154 (Concat)
  3236 (Concat) -> 3140 (Concat)
  3236 (Concat) -> 3146 (Concat)
  3236 (Concat) -> 3125 (Concat)
  3236 (Concat) -> 3147 (Slice)
  3236 (Concat) -> 3227 (Concat)
  3236 (Concat) -> 3131 (Concat)
  3236 (Concat) -> 3178 (Concat)
  3236 (Concat) -> 3149 (Slice)
  3236 (Concat) -> 3206 (Concat)
  3236 (Concat) -> 3152 (Concat)
  3236 (Concat) -> 3243 (Concat)
  3236 (Concat) -> 3139 (Concat)
  3236 (Concat) -> 3110 (Concat)
  3236 (Concat) -> 3216 (Concat)
  3236 (Concat) -> 3153 (Concat)
  3236 (Concat) -> 3156 (Concat)
  3236 (Concat) -> 3198 (Concat)
  3236 (Concat) -> 3255 (Concat)
  3236 (Concat) -> 3159 (Concat)
  3236 (Concat) -> 3145 (Concat)
  3236 (Concat) -> 3266 (Concat)
  3236 (Concat) -> 3162 (Slice)
  3236 (Concat) -> 3158 (Concat)
  3236 (Concat) -> 3253 (Concat)
  3236 (Concat) -> 3164 (Concat)
  3236 (Concat) -> 3238 (Concat)
  3236 (Concat) -> 3240 (Concat)
  3236 (Concat) -> 3237 (Concat)
  3236 (Concat) -> 3278 (Concat)
  3236 (Concat) -> 3245 (Slice)
  3236 (Concat) -> 3246 (Slice)
  3236 (Concat) -> 3247 (Slice)
  3236 (Concat) -> 3142 (Concat)
  3236 (Concat) -> 3248 (Concat)
  3236 (Concat) -> 3249 (Concat)
  3236 (Concat) -> 3250 (Concat)
  3236 (Concat) -> 3119 (Slice)
  3236 (Concat) -> 3251 (Concat)
  3236 (Concat) -> 3167 (Concat)
  3236 (Concat) -> 3224 (Concat)
  3236 (Concat) -> 3254 (Concat)
  3236 (Concat) -> 3202 (Concat)
  3236 (Concat) -> 3259 (Slice)
  3236 (Concat) -> 3260 (Slice)
  3236 (Concat) -> 3118 (Concat)
  3236 (Concat) -> 3261 (Slice)
  3236 (Concat) -> 3271 (Concat)
  3236 (Concat) -> 3262 (Concat)
  3236 (Concat) -> 3265 (Concat)
  3236 (Concat) -> 3268 (Concat)
  3236 (Concat) -> 3205 (Slice)
  3236 (Concat) -> 3269 (Concat)
  3236 (Concat) -> 3270 (Concat)
  3236 (Concat) -> 3272 (Concat)
  3236 (Concat) -> 3273 (Slice)
  3236 (Concat) -> 3275 (Slice)
  3236 (Concat) -> 3194 (Concat)
  3236 (Concat) -> 3274 (Slice)
  3236 (Concat) -> 3276 (Concat)
  3236 (Concat) -> 3277 (Concat)
  3236 (Concat) -> 3279 (Concat)
  3236 (Concat) -> 3280 (Concat)
  3236 (Concat) -> 3281 (Concat)
  3236 (Concat) -> 3252 (Concat)
  3236 (Concat) -> 3179 (Concat)
  3236 (Concat) -> 3115 (Concat)
  3236 (Concat) -> 3258 (Concat)
  3236 (Concat) -> 3166 (Concat)
  3236 (Concat) -> 3160 (Concat)
  3236 (Concat) -> 3239 (Concat)
  3236 (Concat) -> 3137 (Concat)
  3236 (Concat) -> 3183 (Concat)
  3236 (Concat) -> 3242 (Concat)
  3236 (Concat) -> 3181 (Concat)
  3236 (Concat) -> 3129 (Concat)
  3236 (Concat) -> 3161 (Slice)
  3236 (Concat) -> 3232 (Slice)
  3236 (Concat) -> 3213 (Concat)
  3236 (Concat) -> 3114 (Concat)
  3236 (Concat) -> 3263 (Concat)
  3225 (Concat) -> 3231 (Slice)
  3225 (Concat) -> 3219 (Slice)
  3225 (Concat) -> 3236 (Concat)
  3225 (Concat) -> 3177 (Slice)
  3225 (Concat) -> 3234 (Concat)
  3225 (Concat) -> 3190 (Slice)
  3225 (Concat) -> 3210 (Concat)
  3225 (Concat) -> 3218 (Slice)
  3225 (Concat) -> 3143 (Concat)
  3225 (Concat) -> 3168 (Concat)
  3225 (Concat) -> 3217 (Slice)
  3225 (Concat) -> 3222 (Concat)
  3225 (Concat) -> 3214 (Concat)
  3225 (Concat) -> 3211 (Concat)
  3225 (Concat) -> 3121 (Slice)
  3225 (Concat) -> 3226 (Concat)
  3225 (Concat) -> 3111 (Div)
  3225 (Concat) -> 3221 (Concat)
  3225 (Concat) -> 3241 (Concat)
  3225 (Concat) -> 3209 (Concat)
  3225 (Concat) -> 3208 (Concat)
  3225 (Concat) -> 3133 (Slice)
  3225 (Concat) -> 3207 (Concat)
  3225 (Concat) -> 3204 (Slice)
  3225 (Concat) -> 3203 (Slice)
  3225 (Concat) -> 3148 (Slice)
  3225 (Concat) -> 3215 (Concat)
  3225 (Concat) -> 3199 (Concat)
  3225 (Concat) -> 3171 (Concat)
  3225 (Concat) -> 3127 (Concat)
  3225 (Concat) -> 3244 (Concat)
  3225 (Concat) -> 3196 (Concat)
  3225 (Concat) -> 3200 (Concat)
  3225 (Concat) -> 3195 (Concat)
  3225 (Concat) -> 3144 (Concat)
  3225 (Concat) -> 3264 (Concat)
  3225 (Concat) -> 3193 (Concat)
  3225 (Concat) -> 3228 (Concat)
  3225 (Concat) -> 3192 (Concat)
  3225 (Concat) -> 3201 (Concat)
  3225 (Concat) -> 3141 (Concat)
  3225 (Concat) -> 3189 (Slice)
  3225 (Concat) -> 3188 (Concat)
  3225 (Concat) -> 3233 (Slice)
  3225 (Concat) -> 3132 (Concat)
  3225 (Concat) -> 3185 (Concat)
  3225 (Concat) -> 3134 (Slice)
  3225 (Concat) -> 3182 (Concat)
  3225 (Concat) -> 3180 (Concat)
  3225 (Concat) -> 3130 (Concat)
  3225 (Concat) -> 3165 (Concat)
  3225 (Concat) -> 3176 (Slice)
  3225 (Concat) -> 3191 (Slice)
  3225 (Concat) -> 3175 (Slice)
  3225 (Concat) -> 3172 (Concat)
  3225 (Concat) -> 3173 (Concat)
  3225 (Concat) -> 3169 (Concat)
  3225 (Concat) -> 3230 (Concat)
  3225 (Concat) -> 3116 (Concat)
  3225 (Concat) -> 3267 (Concat)
  3225 (Concat) -> 3235 (Concat)
  3225 (Concat) -> 3122 (Concat)
  3225 (Concat) -> 3163 (Slice)
  3225 (Concat) -> 3212 (Concat)
  3225 (Concat) -> 3136 (Concat)
  3225 (Concat) -> 3128 (Concat)
  3225 (Concat) -> 3174 (Concat)
  3225 (Concat) -> 3155 (Concat)
  3225 (Concat) -> 3229 (Concat)
  3225 (Concat) -> 3186 (Concat)
  3225 (Concat) -> 3126 (Concat)
  3225 (Concat) -> 3120 (Slice)
  3225 (Concat) -> 3257 (Concat)
  3225 (Concat) -> 3184 (Concat)
  3225 (Concat) -> 3124 (Concat)
  3225 (Concat) -> 3256 (Concat)
  3225 (Concat) -> 3112 (Sub)
  3225 (Concat) -> 3113 (Concat)
  3225 (Concat) -> 3223 (Concat)
  3225 (Concat) -> 3197 (Concat)
  3225 (Concat) -> 3123 (Concat)
  3225 (Concat) -> 3220 (Concat)
  3225 (Concat) -> 3187 (Concat)
  3225 (Concat) -> 3157 (Concat)
  3225 (Concat) -> 3117 (Concat)
  3225 (Concat) -> 3135 (Slice)
  3225 (Concat) -> 3151 (Concat)
  3225 (Concat) -> 3150 (Concat)
  3225 (Concat) -> 3170 (Concat)
  3225 (Concat) -> 3138 (Concat)
  3225 (Concat) -> 3154 (Concat)
  3225 (Concat) -> 3140 (Concat)
  3225 (Concat) -> 3146 (Concat)
  3225 (Concat) -> 3125 (Concat)
  3225 (Concat) -> 3147 (Slice)
  3225 (Concat) -> 3227 (Concat)
  3225 (Concat) -> 3131 (Concat)
  3225 (Concat) -> 3178 (Concat)
  3225 (Concat) -> 3149 (Slice)
  3225 (Concat) -> 3206 (Concat)
  3225 (Concat) -> 3152 (Concat)
  3225 (Concat) -> 3243 (Concat)
  3225 (Concat) -> 3139 (Concat)
  3225 (Concat) -> 3110 (Concat)
  3225 (Concat) -> 3216 (Concat)
  3225 (Concat) -> 3153 (Concat)
  3225 (Concat) -> 3156 (Concat)
  3225 (Concat) -> 3198 (Concat)
  3225 (Concat) -> 3255 (Concat)
  3225 (Concat) -> 3159 (Concat)
  3225 (Concat) -> 3145 (Concat)
  3225 (Concat) -> 3266 (Concat)
  3225 (Concat) -> 3162 (Slice)
  3225 (Concat) -> 3158 (Concat)
  3225 (Concat) -> 3253 (Concat)
  3225 (Concat) -> 3164 (Concat)
  3225 (Concat) -> 3238 (Concat)
  3225 (Concat) -> 3240 (Concat)
  3225 (Concat) -> 3237 (Concat)
  3225 (Concat) -> 3278 (Concat)
  3225 (Concat) -> 3245 (Slice)
  3225 (Concat) -> 3246 (Slice)
  3225 (Concat) -> 3247 (Slice)
  3225 (Concat) -> 3142 (Concat)
  3225 (Concat) -> 3248 (Concat)
  3225 (Concat) -> 3249 (Concat)
  3225 (Concat) -> 3250 (Concat)
  3225 (Concat) -> 3119 (Slice)
  3225 (Concat) -> 3251 (Concat)
  3225 (Concat) -> 3167 (Concat)
  3225 (Concat) -> 3224 (Concat)
  3225 (Concat) -> 3254 (Concat)
  3225 (Concat) -> 3202 (Concat)
  3225 (Concat) -> 3259 (Slice)
  3225 (Concat) -> 3260 (Slice)
  3225 (Concat) -> 3118 (Concat)
  3225 (Concat) -> 3261 (Slice)
  3225 (Concat) -> 3271 (Concat)
  3225 (Concat) -> 3262 (Concat)
  3225 (Concat) -> 3265 (Concat)
  3225 (Concat) -> 3268 (Concat)
  3225 (Concat) -> 3205 (Slice)
  3225 (Concat) -> 3269 (Concat)
  3225 (Concat) -> 3270 (Concat)
  3225 (Concat) -> 3272 (Concat)
  3225 (Concat) -> 3273 (Slice)
  3225 (Concat) -> 3275 (Slice)
  3225 (Concat) -> 3194 (Concat)
  3225 (Concat) -> 3274 (Slice)
  3225 (Concat) -> 3276 (Concat)
  3225 (Concat) -> 3277 (Concat)
  3225 (Concat) -> 3279 (Concat)
  3225 (Concat) -> 3280 (Concat)
  3225 (Concat) -> 3281 (Concat)
  3225 (Concat) -> 3252 (Concat)
  3225 (Concat) -> 3179 (Concat)
  3225 (Concat) -> 3115 (Concat)
  3225 (Concat) -> 3258 (Concat)
  3225 (Concat) -> 3166 (Concat)
  3225 (Concat) -> 3160 (Concat)
  3225 (Concat) -> 3239 (Concat)
  3225 (Concat) -> 3137 (Concat)
  3225 (Concat) -> 3183 (Concat)
  3225 (Concat) -> 3242 (Concat)
  3225 (Concat) -> 3181 (Concat)
  3225 (Concat) -> 3129 (Concat)
  3225 (Concat) -> 3161 (Slice)
  3225 (Concat) -> 3232 (Slice)
  3225 (Concat) -> 3213 (Concat)
  3225 (Concat) -> 3114 (Concat)
  3225 (Concat) -> 3263 (Concat)
  3177 (Slice) -> 3231 (Slice)
  3177 (Slice) -> 3219 (Slice)
  3177 (Slice) -> 3236 (Concat)
  3177 (Slice) -> 3225 (Concat)
  3177 (Slice) -> 3234 (Concat)
  3177 (Slice) -> 3190 (Slice)
  3177 (Slice) -> 3210 (Concat)
  3177 (Slice) -> 3218 (Slice)
  3177 (Slice) -> 3143 (Concat)
  3177 (Slice) -> 3168 (Concat)
  3177 (Slice) -> 3217 (Slice)
  3177 (Slice) -> 3222 (Concat)
  3177 (Slice) -> 3214 (Concat)
  3177 (Slice) -> 3211 (Concat)
  3177 (Slice) -> 3121 (Slice)
  3177 (Slice) -> 3226 (Concat)
  3177 (Slice) -> 3111 (Div)
  3177 (Slice) -> 3221 (Concat)
  3177 (Slice) -> 3241 (Concat)
  3177 (Slice) -> 3209 (Concat)
  3177 (Slice) -> 3208 (Concat)
  3177 (Slice) -> 3133 (Slice)
  3177 (Slice) -> 3207 (Concat)
  3177 (Slice) -> 3204 (Slice)
  3177 (Slice) -> 3203 (Slice)
  3177 (Slice) -> 3148 (Slice)
  3177 (Slice) -> 3215 (Concat)
  3177 (Slice) -> 3199 (Concat)
  3177 (Slice) -> 3171 (Concat)
  3177 (Slice) -> 3127 (Concat)
  3177 (Slice) -> 3244 (Concat)
  3177 (Slice) -> 3196 (Concat)
  3177 (Slice) -> 3200 (Concat)
  3177 (Slice) -> 3195 (Concat)
  3177 (Slice) -> 3144 (Concat)
  3177 (Slice) -> 3264 (Concat)
  3177 (Slice) -> 3193 (Concat)
  3177 (Slice) -> 3228 (Concat)
  3177 (Slice) -> 3192 (Concat)
  3177 (Slice) -> 3201 (Concat)
  3177 (Slice) -> 3141 (Concat)
  3177 (Slice) -> 3189 (Slice)
  3177 (Slice) -> 3188 (Concat)
  3177 (Slice) -> 3233 (Slice)
  3177 (Slice) -> 3132 (Concat)
  3177 (Slice) -> 3185 (Concat)
  3177 (Slice) -> 3134 (Slice)
  3177 (Slice) -> 3182 (Concat)
  3177 (Slice) -> 3180 (Concat)
  3177 (Slice) -> 3130 (Concat)
  3177 (Slice) -> 3165 (Concat)
  3177 (Slice) -> 3176 (Slice)
  3177 (Slice) -> 3191 (Slice)
  3177 (Slice) -> 3175 (Slice)
  3177 (Slice) -> 3172 (Concat)
  3177 (Slice) -> 3173 (Concat)
  3177 (Slice) -> 3169 (Concat)
  3177 (Slice) -> 3230 (Concat)
  3177 (Slice) -> 3116 (Concat)
  3177 (Slice) -> 3267 (Concat)
  3177 (Slice) -> 3235 (Concat)
  3177 (Slice) -> 3122 (Concat)
  3177 (Slice) -> 3163 (Slice)
  3177 (Slice) -> 3212 (Concat)
  3177 (Slice) -> 3136 (Concat)
  3177 (Slice) -> 3128 (Concat)
  3177 (Slice) -> 3174 (Concat)
  3177 (Slice) -> 3155 (Concat)
  3177 (Slice) -> 3229 (Concat)
  3177 (Slice) -> 3186 (Concat)
  3177 (Slice) -> 3126 (Concat)
  3177 (Slice) -> 3120 (Slice)
  3177 (Slice) -> 3257 (Concat)
  3177 (Slice) -> 3184 (Concat)
  3177 (Slice) -> 3124 (Concat)
  3177 (Slice) -> 3256 (Concat)
  3177 (Slice) -> 3112 (Sub)
  3177 (Slice) -> 3113 (Concat)
  3177 (Slice) -> 3223 (Concat)
  3177 (Slice) -> 3197 (Concat)
  3177 (Slice) -> 3123 (Concat)
  3177 (Slice) -> 3220 (Concat)
  3177 (Slice) -> 3187 (Concat)
  3177 (Slice) -> 3157 (Concat)
  3177 (Slice) -> 3117 (Concat)
  3177 (Slice) -> 3135 (Slice)
  3177 (Slice) -> 3151 (Concat)
  3177 (Slice) -> 3150 (Concat)
  3177 (Slice) -> 3170 (Concat)
  3177 (Slice) -> 3138 (Concat)
  3177 (Slice) -> 3154 (Concat)
  3177 (Slice) -> 3140 (Concat)
  3177 (Slice) -> 3146 (Concat)
  3177 (Slice) -> 3125 (Concat)
  3177 (Slice) -> 3147 (Slice)
  3177 (Slice) -> 3227 (Concat)
  3177 (Slice) -> 3131 (Concat)
  3177 (Slice) -> 3178 (Concat)
  3177 (Slice) -> 3149 (Slice)
  3177 (Slice) -> 3206 (Concat)
  3177 (Slice) -> 3152 (Concat)
  3177 (Slice) -> 3243 (Concat)
  3177 (Slice) -> 3139 (Concat)
  3177 (Slice) -> 3110 (Concat)
  3177 (Slice) -> 3216 (Concat)
  3177 (Slice) -> 3153 (Concat)
  3177 (Slice) -> 3156 (Concat)
  3177 (Slice) -> 3198 (Concat)
  3177 (Slice) -> 3255 (Concat)
  3177 (Slice) -> 3159 (Concat)
  3177 (Slice) -> 3145 (Concat)
  3177 (Slice) -> 3266 (Concat)
  3177 (Slice) -> 3162 (Slice)
  3177 (Slice) -> 3158 (Concat)
  3177 (Slice) -> 3253 (Concat)
  3177 (Slice) -> 3164 (Concat)
  3177 (Slice) -> 3238 (Concat)
  3177 (Slice) -> 3240 (Concat)
  3177 (Slice) -> 3237 (Concat)
  3177 (Slice) -> 3278 (Concat)
  3177 (Slice) -> 3245 (Slice)
  3177 (Slice) -> 3246 (Slice)
  3177 (Slice) -> 3247 (Slice)
  3177 (Slice) -> 3142 (Concat)
  3177 (Slice) -> 3248 (Concat)
  3177 (Slice) -> 3249 (Concat)
  3177 (Slice) -> 3250 (Concat)
  3177 (Slice) -> 3119 (Slice)
  3177 (Slice) -> 3251 (Concat)
  3177 (Slice) -> 3167 (Concat)
  3177 (Slice) -> 3224 (Concat)
  3177 (Slice) -> 3254 (Concat)
  3177 (Slice) -> 3202 (Concat)
  3177 (Slice) -> 3259 (Slice)
  3177 (Slice) -> 3260 (Slice)
  3177 (Slice) -> 3118 (Concat)
  3177 (Slice) -> 3261 (Slice)
  3177 (Slice) -> 3271 (Concat)
  3177 (Slice) -> 3262 (Concat)
  3177 (Slice) -> 3265 (Concat)
  3177 (Slice) -> 3268 (Concat)
  3177 (Slice) -> 3205 (Slice)
  3177 (Slice) -> 3269 (Concat)
  3177 (Slice) -> 3270 (Concat)
  3177 (Slice) -> 3272 (Concat)
  3177 (Slice) -> 3273 (Slice)
  3177 (Slice) -> 3275 (Slice)
  3177 (Slice) -> 3194 (Concat)
  3177 (Slice) -> 3274 (Slice)
  3177 (Slice) -> 3276 (Concat)
  3177 (Slice) -> 3277 (Concat)
  3177 (Slice) -> 3279 (Concat)
  3177 (Slice) -> 3280 (Concat)
  3177 (Slice) -> 3281 (Concat)
  3177 (Slice) -> 3252 (Concat)
  3177 (Slice) -> 3179 (Concat)
  3177 (Slice) -> 3115 (Concat)
  3177 (Slice) -> 3258 (Concat)
  3177 (Slice) -> 3166 (Concat)
  3177 (Slice) -> 3160 (Concat)
  3177 (Slice) -> 3239 (Concat)
  3177 (Slice) -> 3137 (Concat)
  3177 (Slice) -> 3183 (Concat)
  3177 (Slice) -> 3242 (Concat)
  3177 (Slice) -> 3181 (Concat)
  3177 (Slice) -> 3129 (Concat)
  3177 (Slice) -> 3161 (Slice)
  3177 (Slice) -> 3232 (Slice)
  3177 (Slice) -> 3213 (Concat)
  3177 (Slice) -> 3114 (Concat)
  3177 (Slice) -> 3263 (Concat)
  3234 (Concat) -> 3231 (Slice)
  3234 (Concat) -> 3219 (Slice)
  3234 (Concat) -> 3236 (Concat)
  3234 (Concat) -> 3225 (Concat)
  3234 (Concat) -> 3177 (Slice)
  3234 (Concat) -> 3190 (Slice)
  3234 (Concat) -> 3210 (Concat)
  3234 (Concat) -> 3218 (Slice)
  3234 (Concat) -> 3143 (Concat)
  3234 (Concat) -> 3168 (Concat)
  3234 (Concat) -> 3217 (Slice)
  3234 (Concat) -> 3222 (Concat)
  3234 (Concat) -> 3214 (Concat)
  3234 (Concat) -> 3211 (Concat)
  3234 (Concat) -> 3121 (Slice)
  3234 (Concat) -> 3226 (Concat)
  3234 (Concat) -> 3111 (Div)
  3234 (Concat) -> 3221 (Concat)
  3234 (Concat) -> 3241 (Concat)
  3234 (Concat) -> 3209 (Concat)
  3234 (Concat) -> 3208 (Concat)
  3234 (Concat) -> 3133 (Slice)
  3234 (Concat) -> 3207 (Concat)
  3234 (Concat) -> 3204 (Slice)
  3234 (Concat) -> 3203 (Slice)
  3234 (Concat) -> 3148 (Slice)
  3234 (Concat) -> 3215 (Concat)
  3234 (Concat) -> 3199 (Concat)
  3234 (Concat) -> 3171 (Concat)
  3234 (Concat) -> 3127 (Concat)
  3234 (Concat) -> 3244 (Concat)
  3234 (Concat) -> 3196 (Concat)
  3234 (Concat) -> 3200 (Concat)
  3234 (Concat) -> 3195 (Concat)
  3234 (Concat) -> 3144 (Concat)
  3234 (Concat) -> 3264 (Concat)
  3234 (Concat) -> 3193 (Concat)
  3234 (Concat) -> 3228 (Concat)
  3234 (Concat) -> 3192 (Concat)
  3234 (Concat) -> 3201 (Concat)
  3234 (Concat) -> 3141 (Concat)
  3234 (Concat) -> 3189 (Slice)
  3234 (Concat) -> 3188 (Concat)
  3234 (Concat) -> 3233 (Slice)
  3234 (Concat) -> 3132 (Concat)
  3234 (Concat) -> 3185 (Concat)
  3234 (Concat) -> 3134 (Slice)
  3234 (Concat) -> 3182 (Concat)
  3234 (Concat) -> 3180 (Concat)
  3234 (Concat) -> 3130 (Concat)
  3234 (Concat) -> 3165 (Concat)
  3234 (Concat) -> 3176 (Slice)
  3234 (Concat) -> 3191 (Slice)
  3234 (Concat) -> 3175 (Slice)
  3234 (Concat) -> 3172 (Concat)
  3234 (Concat) -> 3173 (Concat)
  3234 (Concat) -> 3169 (Concat)
  3234 (Concat) -> 3230 (Concat)
  3234 (Concat) -> 3116 (Concat)
  3234 (Concat) -> 3267 (Concat)
  3234 (Concat) -> 3235 (Concat)
  3234 (Concat) -> 3122 (Concat)
  3234 (Concat) -> 3163 (Slice)
  3234 (Concat) -> 3212 (Concat)
  3234 (Concat) -> 3136 (Concat)
  3234 (Concat) -> 3128 (Concat)
  3234 (Concat) -> 3174 (Concat)
  3234 (Concat) -> 3155 (Concat)
  3234 (Concat) -> 3229 (Concat)
  3234 (Concat) -> 3186 (Concat)
  3234 (Concat) -> 3126 (Concat)
  3234 (Concat) -> 3120 (Slice)
  3234 (Concat) -> 3257 (Concat)
  3234 (Concat) -> 3184 (Concat)
  3234 (Concat) -> 3124 (Concat)
  3234 (Concat) -> 3256 (Concat)
  3234 (Concat) -> 3112 (Sub)
  3234 (Concat) -> 3113 (Concat)
  3234 (Concat) -> 3223 (Concat)
  3234 (Concat) -> 3197 (Concat)
  3234 (Concat) -> 3123 (Concat)
  3234 (Concat) -> 3220 (Concat)
  3234 (Concat) -> 3187 (Concat)
  3234 (Concat) -> 3157 (Concat)
  3234 (Concat) -> 3117 (Concat)
  3234 (Concat) -> 3135 (Slice)
  3234 (Concat) -> 3151 (Concat)
  3234 (Concat) -> 3150 (Concat)
  3234 (Concat) -> 3170 (Concat)
  3234 (Concat) -> 3138 (Concat)
  3234 (Concat) -> 3154 (Concat)
  3234 (Concat) -> 3140 (Concat)
  3234 (Concat) -> 3146 (Concat)
  3234 (Concat) -> 3125 (Concat)
  3234 (Concat) -> 3147 (Slice)
  3234 (Concat) -> 3227 (Concat)
  3234 (Concat) -> 3131 (Concat)
  3234 (Concat) -> 3178 (Concat)
  3234 (Concat) -> 3149 (Slice)
  3234 (Concat) -> 3206 (Concat)
  3234 (Concat) -> 3152 (Concat)
  3234 (Concat) -> 3243 (Concat)
  3234 (Concat) -> 3139 (Concat)
  3234 (Concat) -> 3110 (Concat)
  3234 (Concat) -> 3216 (Concat)
  3234 (Concat) -> 3153 (Concat)
  3234 (Concat) -> 3156 (Concat)
  3234 (Concat) -> 3198 (Concat)
  3234 (Concat) -> 3255 (Concat)
  3234 (Concat) -> 3159 (Concat)
  3234 (Concat) -> 3145 (Concat)
  3234 (Concat) -> 3266 (Concat)
  3234 (Concat) -> 3162 (Slice)
  3234 (Concat) -> 3158 (Concat)
  3234 (Concat) -> 3253 (Concat)
  3234 (Concat) -> 3164 (Concat)
  3234 (Concat) -> 3238 (Concat)
  3234 (Concat) -> 3240 (Concat)
  3234 (Concat) -> 3237 (Concat)
  3234 (Concat) -> 3278 (Concat)
  3234 (Concat) -> 3245 (Slice)
  3234 (Concat) -> 3246 (Slice)
  3234 (Concat) -> 3247 (Slice)
  3234 (Concat) -> 3142 (Concat)
  3234 (Concat) -> 3248 (Concat)
  3234 (Concat) -> 3249 (Concat)
  3234 (Concat) -> 3250 (Concat)
  3234 (Concat) -> 3119 (Slice)
  3234 (Concat) -> 3251 (Concat)
  3234 (Concat) -> 3167 (Concat)
  3234 (Concat) -> 3224 (Concat)
  3234 (Concat) -> 3254 (Concat)
  3234 (Concat) -> 3202 (Concat)
  3234 (Concat) -> 3259 (Slice)
  3234 (Concat) -> 3260 (Slice)
  3234 (Concat) -> 3118 (Concat)
  3234 (Concat) -> 3261 (Slice)
  3234 (Concat) -> 3271 (Concat)
  3234 (Concat) -> 3262 (Concat)
  3234 (Concat) -> 3265 (Concat)
  3234 (Concat) -> 3268 (Concat)
  3234 (Concat) -> 3205 (Slice)
  3234 (Concat) -> 3269 (Concat)
  3234 (Concat) -> 3270 (Concat)
  3234 (Concat) -> 3272 (Concat)
  3234 (Concat) -> 3273 (Slice)
  3234 (Concat) -> 3275 (Slice)
  3234 (Concat) -> 3194 (Concat)
  3234 (Concat) -> 3274 (Slice)
  3234 (Concat) -> 3276 (Concat)
  3234 (Concat) -> 3277 (Concat)
  3234 (Concat) -> 3279 (Concat)
  3234 (Concat) -> 3280 (Concat)
  3234 (Concat) -> 3281 (Concat)
  3234 (Concat) -> 3252 (Concat)
  3234 (Concat) -> 3179 (Concat)
  3234 (Concat) -> 3115 (Concat)
  3234 (Concat) -> 3258 (Concat)
  3234 (Concat) -> 3166 (Concat)
  3234 (Concat) -> 3160 (Concat)
  3234 (Concat) -> 3239 (Concat)
  3234 (Concat) -> 3137 (Concat)
  3234 (Concat) -> 3183 (Concat)
  3234 (Concat) -> 3242 (Concat)
  3234 (Concat) -> 3181 (Concat)
  3234 (Concat) -> 3129 (Concat)
  3234 (Concat) -> 3161 (Slice)
  3234 (Concat) -> 3232 (Slice)
  3234 (Concat) -> 3213 (Concat)
  3234 (Concat) -> 3114 (Concat)
  3234 (Concat) -> 3263 (Concat)
  3190 (Slice) -> 3231 (Slice)
  3190 (Slice) -> 3219 (Slice)
  3190 (Slice) -> 3236 (Concat)
  3190 (Slice) -> 3225 (Concat)
  3190 (Slice) -> 3177 (Slice)
  3190 (Slice) -> 3234 (Concat)
  3190 (Slice) -> 3210 (Concat)
  3190 (Slice) -> 3218 (Slice)
  3190 (Slice) -> 3143 (Concat)
  3190 (Slice) -> 3168 (Concat)
  3190 (Slice) -> 3217 (Slice)
  3190 (Slice) -> 3222 (Concat)
  3190 (Slice) -> 3214 (Concat)
  3190 (Slice) -> 3211 (Concat)
  3190 (Slice) -> 3121 (Slice)
  3190 (Slice) -> 3226 (Concat)
  3190 (Slice) -> 3111 (Div)
  3190 (Slice) -> 3221 (Concat)
  3190 (Slice) -> 3241 (Concat)
  3190 (Slice) -> 3209 (Concat)
  3190 (Slice) -> 3208 (Concat)
  3190 (Slice) -> 3133 (Slice)
  3190 (Slice) -> 3207 (Concat)
  3190 (Slice) -> 3204 (Slice)
  3190 (Slice) -> 3203 (Slice)
  3190 (Slice) -> 3148 (Slice)
  3190 (Slice) -> 3215 (Concat)
  3190 (Slice) -> 3199 (Concat)
  3190 (Slice) -> 3171 (Concat)
  3190 (Slice) -> 3127 (Concat)
  3190 (Slice) -> 3244 (Concat)
  3190 (Slice) -> 3196 (Concat)
  3190 (Slice) -> 3200 (Concat)
  3190 (Slice) -> 3195 (Concat)
  3190 (Slice) -> 3144 (Concat)
  3190 (Slice) -> 3264 (Concat)
  3190 (Slice) -> 3193 (Concat)
  3190 (Slice) -> 3228 (Concat)
  3190 (Slice) -> 3192 (Concat)
  3190 (Slice) -> 3201 (Concat)
  3190 (Slice) -> 3141 (Concat)
  3190 (Slice) -> 3189 (Slice)
  3190 (Slice) -> 3188 (Concat)
  3190 (Slice) -> 3233 (Slice)
  3190 (Slice) -> 3132 (Concat)
  3190 (Slice) -> 3185 (Concat)
  3190 (Slice) -> 3134 (Slice)
  3190 (Slice) -> 3182 (Concat)
  3190 (Slice) -> 3180 (Concat)
  3190 (Slice) -> 3130 (Concat)
  3190 (Slice) -> 3165 (Concat)
  3190 (Slice) -> 3176 (Slice)
  3190 (Slice) -> 3191 (Slice)
  3190 (Slice) -> 3175 (Slice)
  3190 (Slice) -> 3172 (Concat)
  3190 (Slice) -> 3173 (Concat)
  3190 (Slice) -> 3169 (Concat)
  3190 (Slice) -> 3230 (Concat)
  3190 (Slice) -> 3116 (Concat)
  3190 (Slice) -> 3267 (Concat)
  3190 (Slice) -> 3235 (Concat)
  3190 (Slice) -> 3122 (Concat)
  3190 (Slice) -> 3163 (Slice)
  3190 (Slice) -> 3212 (Concat)
  3190 (Slice) -> 3136 (Concat)
  3190 (Slice) -> 3128 (Concat)
  3190 (Slice) -> 3174 (Concat)
  3190 (Slice) -> 3155 (Concat)
  3190 (Slice) -> 3229 (Concat)
  3190 (Slice) -> 3186 (Concat)
  3190 (Slice) -> 3126 (Concat)
  3190 (Slice) -> 3120 (Slice)
  3190 (Slice) -> 3257 (Concat)
  3190 (Slice) -> 3184 (Concat)
  3190 (Slice) -> 3124 (Concat)
  3190 (Slice) -> 3256 (Concat)
  3190 (Slice) -> 3112 (Sub)
  3190 (Slice) -> 3113 (Concat)
  3190 (Slice) -> 3223 (Concat)
  3190 (Slice) -> 3197 (Concat)
  3190 (Slice) -> 3123 (Concat)
  3190 (Slice) -> 3220 (Concat)
  3190 (Slice) -> 3187 (Concat)
  3190 (Slice) -> 3157 (Concat)
  3190 (Slice) -> 3117 (Concat)
  3190 (Slice) -> 3135 (Slice)
  3190 (Slice) -> 3151 (Concat)
  3190 (Slice) -> 3150 (Concat)
  3190 (Slice) -> 3170 (Concat)
  3190 (Slice) -> 3138 (Concat)
  3190 (Slice) -> 3154 (Concat)
  3190 (Slice) -> 3140 (Concat)
  3190 (Slice) -> 3146 (Concat)
  3190 (Slice) -> 3125 (Concat)
  3190 (Slice) -> 3147 (Slice)
  3190 (Slice) -> 3227 (Concat)
  3190 (Slice) -> 3131 (Concat)
  3190 (Slice) -> 3178 (Concat)
  3190 (Slice) -> 3149 (Slice)
  3190 (Slice) -> 3206 (Concat)
  3190 (Slice) -> 3152 (Concat)
  3190 (Slice) -> 3243 (Concat)
  3190 (Slice) -> 3139 (Concat)
  3190 (Slice) -> 3110 (Concat)
  3190 (Slice) -> 3216 (Concat)
  3190 (Slice) -> 3153 (Concat)
  3190 (Slice) -> 3156 (Concat)
  3190 (Slice) -> 3198 (Concat)
  3190 (Slice) -> 3255 (Concat)
  3190 (Slice) -> 3159 (Concat)
  3190 (Slice) -> 3145 (Concat)
  3190 (Slice) -> 3266 (Concat)
  3190 (Slice) -> 3162 (Slice)
  3190 (Slice) -> 3158 (Concat)
  3190 (Slice) -> 3253 (Concat)
  3190 (Slice) -> 3164 (Concat)
  3190 (Slice) -> 3238 (Concat)
  3190 (Slice) -> 3240 (Concat)
  3190 (Slice) -> 3237 (Concat)
  3190 (Slice) -> 3278 (Concat)
  3190 (Slice) -> 3245 (Slice)
  3190 (Slice) -> 3246 (Slice)
  3190 (Slice) -> 3247 (Slice)
  3190 (Slice) -> 3142 (Concat)
  3190 (Slice) -> 3248 (Concat)
  3190 (Slice) -> 3249 (Concat)
  3190 (Slice) -> 3250 (Concat)
  3190 (Slice) -> 3119 (Slice)
  3190 (Slice) -> 3251 (Concat)
  3190 (Slice) -> 3167 (Concat)
  3190 (Slice) -> 3224 (Concat)
  3190 (Slice) -> 3254 (Concat)
  3190 (Slice) -> 3202 (Concat)
  3190 (Slice) -> 3259 (Slice)
  3190 (Slice) -> 3260 (Slice)
  3190 (Slice) -> 3118 (Concat)
  3190 (Slice) -> 3261 (Slice)
  3190 (Slice) -> 3271 (Concat)
  3190 (Slice) -> 3262 (Concat)
  3190 (Slice) -> 3265 (Concat)
  3190 (Slice) -> 3268 (Concat)
  3190 (Slice) -> 3205 (Slice)
  3190 (Slice) -> 3269 (Concat)
  3190 (Slice) -> 3270 (Concat)
  3190 (Slice) -> 3272 (Concat)
  3190 (Slice) -> 3273 (Slice)
  3190 (Slice) -> 3275 (Slice)
  3190 (Slice) -> 3194 (Concat)
  3190 (Slice) -> 3274 (Slice)
  3190 (Slice) -> 3276 (Concat)
  3190 (Slice) -> 3277 (Concat)
  3190 (Slice) -> 3279 (Concat)
  3190 (Slice) -> 3280 (Concat)
  3190 (Slice) -> 3281 (Concat)
  3190 (Slice) -> 3252 (Concat)
  3190 (Slice) -> 3179 (Concat)
  3190 (Slice) -> 3115 (Concat)
  3190 (Slice) -> 3258 (Concat)
  3190 (Slice) -> 3166 (Concat)
  3190 (Slice) -> 3160 (Concat)
  3190 (Slice) -> 3239 (Concat)
  3190 (Slice) -> 3137 (Concat)
  3190 (Slice) -> 3183 (Concat)
  3190 (Slice) -> 3242 (Concat)
  3190 (Slice) -> 3181 (Concat)
  3190 (Slice) -> 3129 (Concat)
  3190 (Slice) -> 3161 (Slice)
  3190 (Slice) -> 3232 (Slice)
  3190 (Slice) -> 3213 (Concat)
  3190 (Slice) -> 3114 (Concat)
  3190 (Slice) -> 3263 (Concat)
  3210 (Concat) -> 3231 (Slice)
  3210 (Concat) -> 3219 (Slice)
  3210 (Concat) -> 3236 (Concat)
  3210 (Concat) -> 3225 (Concat)
  3210 (Concat) -> 3177 (Slice)
  3210 (Concat) -> 3234 (Concat)
  3210 (Concat) -> 3190 (Slice)
  3210 (Concat) -> 3218 (Slice)
  3210 (Concat) -> 3143 (Concat)
  3210 (Concat) -> 3168 (Concat)
  3210 (Concat) -> 3217 (Slice)
  3210 (Concat) -> 3222 (Concat)
  3210 (Concat) -> 3214 (Concat)
  3210 (Concat) -> 3211 (Concat)
  3210 (Concat) -> 3121 (Slice)
  3210 (Concat) -> 3226 (Concat)
  3210 (Concat) -> 3111 (Div)
  3210 (Concat) -> 3221 (Concat)
  3210 (Concat) -> 3241 (Concat)
  3210 (Concat) -> 3209 (Concat)
  3210 (Concat) -> 3208 (Concat)
  3210 (Concat) -> 3133 (Slice)
  3210 (Concat) -> 3207 (Concat)
  3210 (Concat) -> 3204 (Slice)
  3210 (Concat) -> 3203 (Slice)
  3210 (Concat) -> 3148 (Slice)
  3210 (Concat) -> 3215 (Concat)
  3210 (Concat) -> 3199 (Concat)
  3210 (Concat) -> 3171 (Concat)
  3210 (Concat) -> 3127 (Concat)
  3210 (Concat) -> 3244 (Concat)
  3210 (Concat) -> 3196 (Concat)
  3210 (Concat) -> 3200 (Concat)
  3210 (Concat) -> 3195 (Concat)
  3210 (Concat) -> 3144 (Concat)
  3210 (Concat) -> 3264 (Concat)
  3210 (Concat) -> 3193 (Concat)
  3210 (Concat) -> 3228 (Concat)
  3210 (Concat) -> 3192 (Concat)
  3210 (Concat) -> 3201 (Concat)
  3210 (Concat) -> 3141 (Concat)
  3210 (Concat) -> 3189 (Slice)
  3210 (Concat) -> 3188 (Concat)
  3210 (Concat) -> 3233 (Slice)
  3210 (Concat) -> 3132 (Concat)
  3210 (Concat) -> 3185 (Concat)
  3210 (Concat) -> 3134 (Slice)
  3210 (Concat) -> 3182 (Concat)
  3210 (Concat) -> 3180 (Concat)
  3210 (Concat) -> 3130 (Concat)
  3210 (Concat) -> 3165 (Concat)
  3210 (Concat) -> 3176 (Slice)
  3210 (Concat) -> 3191 (Slice)
  3210 (Concat) -> 3175 (Slice)
  3210 (Concat) -> 3172 (Concat)
  3210 (Concat) -> 3173 (Concat)
  3210 (Concat) -> 3169 (Concat)
  3210 (Concat) -> 3230 (Concat)
  3210 (Concat) -> 3116 (Concat)
  3210 (Concat) -> 3267 (Concat)
  3210 (Concat) -> 3235 (Concat)
  3210 (Concat) -> 3122 (Concat)
  3210 (Concat) -> 3163 (Slice)
  3210 (Concat) -> 3212 (Concat)
  3210 (Concat) -> 3136 (Concat)
  3210 (Concat) -> 3128 (Concat)
  3210 (Concat) -> 3174 (Concat)
  3210 (Concat) -> 3155 (Concat)
  3210 (Concat) -> 3229 (Concat)
  3210 (Concat) -> 3186 (Concat)
  3210 (Concat) -> 3126 (Concat)
  3210 (Concat) -> 3120 (Slice)
  3210 (Concat) -> 3257 (Concat)
  3210 (Concat) -> 3184 (Concat)
  3210 (Concat) -> 3124 (Concat)
  3210 (Concat) -> 3256 (Concat)
  3210 (Concat) -> 3112 (Sub)
  3210 (Concat) -> 3113 (Concat)
  3210 (Concat) -> 3223 (Concat)
  3210 (Concat) -> 3197 (Concat)
  3210 (Concat) -> 3123 (Concat)
  3210 (Concat) -> 3220 (Concat)
  3210 (Concat) -> 3187 (Concat)
  3210 (Concat) -> 3157 (Concat)
  3210 (Concat) -> 3117 (Concat)
  3210 (Concat) -> 3135 (Slice)
  3210 (Concat) -> 3151 (Concat)
  3210 (Concat) -> 3150 (Concat)
  3210 (Concat) -> 3170 (Concat)
  3210 (Concat) -> 3138 (Concat)
  3210 (Concat) -> 3154 (Concat)
  3210 (Concat) -> 3140 (Concat)
  3210 (Concat) -> 3146 (Concat)
  3210 (Concat) -> 3125 (Concat)
  3210 (Concat) -> 3147 (Slice)
  3210 (Concat) -> 3227 (Concat)
  3210 (Concat) -> 3131 (Concat)
  3210 (Concat) -> 3178 (Concat)
  3210 (Concat) -> 3149 (Slice)
  3210 (Concat) -> 3206 (Concat)
  3210 (Concat) -> 3152 (Concat)
  3210 (Concat) -> 3243 (Concat)
  3210 (Concat) -> 3139 (Concat)
  3210 (Concat) -> 3110 (Concat)
  3210 (Concat) -> 3216 (Concat)
  3210 (Concat) -> 3153 (Concat)
  3210 (Concat) -> 3156 (Concat)
  3210 (Concat) -> 3198 (Concat)
  3210 (Concat) -> 3255 (Concat)
  3210 (Concat) -> 3159 (Concat)
  3210 (Concat) -> 3145 (Concat)
  3210 (Concat) -> 3266 (Concat)
  3210 (Concat) -> 3162 (Slice)
  3210 (Concat) -> 3158 (Concat)
  3210 (Concat) -> 3253 (Concat)
  3210 (Concat) -> 3164 (Concat)
  3210 (Concat) -> 3238 (Concat)
  3210 (Concat) -> 3240 (Concat)
  3210 (Concat) -> 3237 (Concat)
  3210 (Concat) -> 3278 (Concat)
  3210 (Concat) -> 3245 (Slice)
  3210 (Concat) -> 3246 (Slice)
  3210 (Concat) -> 3247 (Slice)
  3210 (Concat) -> 3142 (Concat)
  3210 (Concat) -> 3248 (Concat)
  3210 (Concat) -> 3249 (Concat)
  3210 (Concat) -> 3250 (Concat)
  3210 (Concat) -> 3119 (Slice)
  3210 (Concat) -> 3251 (Concat)
  3210 (Concat) -> 3167 (Concat)
  3210 (Concat) -> 3224 (Concat)
  3210 (Concat) -> 3254 (Concat)
  3210 (Concat) -> 3202 (Concat)
  3210 (Concat) -> 3259 (Slice)
  3210 (Concat) -> 3260 (Slice)
  3210 (Concat) -> 3118 (Concat)
  3210 (Concat) -> 3261 (Slice)
  3210 (Concat) -> 3271 (Concat)
  3210 (Concat) -> 3262 (Concat)
  3210 (Concat) -> 3265 (Concat)
  3210 (Concat) -> 3268 (Concat)
  3210 (Concat) -> 3205 (Slice)
  3210 (Concat) -> 3269 (Concat)
  3210 (Concat) -> 3270 (Concat)
  3210 (Concat) -> 3272 (Concat)
  3210 (Concat) -> 3273 (Slice)
  3210 (Concat) -> 3275 (Slice)
  3210 (Concat) -> 3194 (Concat)
  3210 (Concat) -> 3274 (Slice)
  3210 (Concat) -> 3276 (Concat)
  3210 (Concat) -> 3277 (Concat)
  3210 (Concat) -> 3279 (Concat)
  3210 (Concat) -> 3280 (Concat)
  3210 (Concat) -> 3281 (Concat)
  3210 (Concat) -> 3252 (Concat)
  3210 (Concat) -> 3179 (Concat)
  3210 (Concat) -> 3115 (Concat)
  3210 (Concat) -> 3258 (Concat)
  3210 (Concat) -> 3166 (Concat)
  3210 (Concat) -> 3160 (Concat)
  3210 (Concat) -> 3239 (Concat)
  3210 (Concat) -> 3137 (Concat)
  3210 (Concat) -> 3183 (Concat)
  3210 (Concat) -> 3242 (Concat)
  3210 (Concat) -> 3181 (Concat)
  3210 (Concat) -> 3129 (Concat)
  3210 (Concat) -> 3161 (Slice)
  3210 (Concat) -> 3232 (Slice)
  3210 (Concat) -> 3213 (Concat)
  3210 (Concat) -> 3114 (Concat)
  3210 (Concat) -> 3263 (Concat)
  3218 (Slice) -> 3231 (Slice)
  3218 (Slice) -> 3219 (Slice)
  3218 (Slice) -> 3236 (Concat)
  3218 (Slice) -> 3225 (Concat)
  3218 (Slice) -> 3177 (Slice)
  3218 (Slice) -> 3234 (Concat)
  3218 (Slice) -> 3190 (Slice)
  3218 (Slice) -> 3210 (Concat)
  3218 (Slice) -> 3143 (Concat)
  3218 (Slice) -> 3168 (Concat)
  3218 (Slice) -> 3217 (Slice)
  3218 (Slice) -> 3222 (Concat)
  3218 (Slice) -> 3214 (Concat)
  3218 (Slice) -> 3211 (Concat)
  3218 (Slice) -> 3121 (Slice)
  3218 (Slice) -> 3226 (Concat)
  3218 (Slice) -> 3111 (Div)
  3218 (Slice) -> 3221 (Concat)
  3218 (Slice) -> 3241 (Concat)
  3218 (Slice) -> 3209 (Concat)
  3218 (Slice) -> 3208 (Concat)
  3218 (Slice) -> 3133 (Slice)
  3218 (Slice) -> 3207 (Concat)
  3218 (Slice) -> 3204 (Slice)
  3218 (Slice) -> 3203 (Slice)
  3218 (Slice) -> 3148 (Slice)
  3218 (Slice) -> 3215 (Concat)
  3218 (Slice) -> 3199 (Concat)
  3218 (Slice) -> 3171 (Concat)
  3218 (Slice) -> 3127 (Concat)
  3218 (Slice) -> 3244 (Concat)
  3218 (Slice) -> 3196 (Concat)
  3218 (Slice) -> 3200 (Concat)
  3218 (Slice) -> 3195 (Concat)
  3218 (Slice) -> 3144 (Concat)
  3218 (Slice) -> 3264 (Concat)
  3218 (Slice) -> 3193 (Concat)
  3218 (Slice) -> 3228 (Concat)
  3218 (Slice) -> 3192 (Concat)
  3218 (Slice) -> 3201 (Concat)
  3218 (Slice) -> 3141 (Concat)
  3218 (Slice) -> 3189 (Slice)
  3218 (Slice) -> 3188 (Concat)
  3218 (Slice) -> 3233 (Slice)
  3218 (Slice) -> 3132 (Concat)
  3218 (Slice) -> 3185 (Concat)
  3218 (Slice) -> 3134 (Slice)
  3218 (Slice) -> 3182 (Concat)
  3218 (Slice) -> 3180 (Concat)
  3218 (Slice) -> 3130 (Concat)
  3218 (Slice) -> 3165 (Concat)
  3218 (Slice) -> 3176 (Slice)
  3218 (Slice) -> 3191 (Slice)
  3218 (Slice) -> 3175 (Slice)
  3218 (Slice) -> 3172 (Concat)
  3218 (Slice) -> 3173 (Concat)
  3218 (Slice) -> 3169 (Concat)
  3218 (Slice) -> 3230 (Concat)
  3218 (Slice) -> 3116 (Concat)
  3218 (Slice) -> 3267 (Concat)
  3218 (Slice) -> 3235 (Concat)
  3218 (Slice) -> 3122 (Concat)
  3218 (Slice) -> 3163 (Slice)
  3218 (Slice) -> 3212 (Concat)
  3218 (Slice) -> 3136 (Concat)
  3218 (Slice) -> 3128 (Concat)
  3218 (Slice) -> 3174 (Concat)
  3218 (Slice) -> 3155 (Concat)
  3218 (Slice) -> 3229 (Concat)
  3218 (Slice) -> 3186 (Concat)
  3218 (Slice) -> 3126 (Concat)
  3218 (Slice) -> 3120 (Slice)
  3218 (Slice) -> 3257 (Concat)
  3218 (Slice) -> 3184 (Concat)
  3218 (Slice) -> 3124 (Concat)
  3218 (Slice) -> 3256 (Concat)
  3218 (Slice) -> 3112 (Sub)
  3218 (Slice) -> 3113 (Concat)
  3218 (Slice) -> 3223 (Concat)
  3218 (Slice) -> 3197 (Concat)
  3218 (Slice) -> 3123 (Concat)
  3218 (Slice) -> 3220 (Concat)
  3218 (Slice) -> 3187 (Concat)
  3218 (Slice) -> 3157 (Concat)
  3218 (Slice) -> 3117 (Concat)
  3218 (Slice) -> 3135 (Slice)
  3218 (Slice) -> 3151 (Concat)
  3218 (Slice) -> 3150 (Concat)
  3218 (Slice) -> 3170 (Concat)
  3218 (Slice) -> 3138 (Concat)
  3218 (Slice) -> 3154 (Concat)
  3218 (Slice) -> 3140 (Concat)
  3218 (Slice) -> 3146 (Concat)
  3218 (Slice) -> 3125 (Concat)
  3218 (Slice) -> 3147 (Slice)
  3218 (Slice) -> 3227 (Concat)
  3218 (Slice) -> 3131 (Concat)
  3218 (Slice) -> 3178 (Concat)
  3218 (Slice) -> 3149 (Slice)
  3218 (Slice) -> 3206 (Concat)
  3218 (Slice) -> 3152 (Concat)
  3218 (Slice) -> 3243 (Concat)
  3218 (Slice) -> 3139 (Concat)
  3218 (Slice) -> 3110 (Concat)
  3218 (Slice) -> 3216 (Concat)
  3218 (Slice) -> 3153 (Concat)
  3218 (Slice) -> 3156 (Concat)
  3218 (Slice) -> 3198 (Concat)
  3218 (Slice) -> 3255 (Concat)
  3218 (Slice) -> 3159 (Concat)
  3218 (Slice) -> 3145 (Concat)
  3218 (Slice) -> 3266 (Concat)
  3218 (Slice) -> 3162 (Slice)
  3218 (Slice) -> 3158 (Concat)
  3218 (Slice) -> 3253 (Concat)
  3218 (Slice) -> 3164 (Concat)
  3218 (Slice) -> 3238 (Concat)
  3218 (Slice) -> 3240 (Concat)
  3218 (Slice) -> 3237 (Concat)
  3218 (Slice) -> 3278 (Concat)
  3218 (Slice) -> 3245 (Slice)
  3218 (Slice) -> 3246 (Slice)
  3218 (Slice) -> 3247 (Slice)
  3218 (Slice) -> 3142 (Concat)
  3218 (Slice) -> 3248 (Concat)
  3218 (Slice) -> 3249 (Concat)
  3218 (Slice) -> 3250 (Concat)
  3218 (Slice) -> 3119 (Slice)
  3218 (Slice) -> 3251 (Concat)
  3218 (Slice) -> 3167 (Concat)
  3218 (Slice) -> 3224 (Concat)
  3218 (Slice) -> 3254 (Concat)
  3218 (Slice) -> 3202 (Concat)
  3218 (Slice) -> 3259 (Slice)
  3218 (Slice) -> 3260 (Slice)
  3218 (Slice) -> 3118 (Concat)
  3218 (Slice) -> 3261 (Slice)
  3218 (Slice) -> 3271 (Concat)
  3218 (Slice) -> 3262 (Concat)
  3218 (Slice) -> 3265 (Concat)
  3218 (Slice) -> 3268 (Concat)
  3218 (Slice) -> 3205 (Slice)
  3218 (Slice) -> 3269 (Concat)
  3218 (Slice) -> 3270 (Concat)
  3218 (Slice) -> 3272 (Concat)
  3218 (Slice) -> 3273 (Slice)
  3218 (Slice) -> 3275 (Slice)
  3218 (Slice) -> 3194 (Concat)
  3218 (Slice) -> 3274 (Slice)
  3218 (Slice) -> 3276 (Concat)
  3218 (Slice) -> 3277 (Concat)
  3218 (Slice) -> 3279 (Concat)
  3218 (Slice) -> 3280 (Concat)
  3218 (Slice) -> 3281 (Concat)
  3218 (Slice) -> 3252 (Concat)
  3218 (Slice) -> 3179 (Concat)
  3218 (Slice) -> 3115 (Concat)
  3218 (Slice) -> 3258 (Concat)
  3218 (Slice) -> 3166 (Concat)
  3218 (Slice) -> 3160 (Concat)
  3218 (Slice) -> 3239 (Concat)
  3218 (Slice) -> 3137 (Concat)
  3218 (Slice) -> 3183 (Concat)
  3218 (Slice) -> 3242 (Concat)
  3218 (Slice) -> 3181 (Concat)
  3218 (Slice) -> 3129 (Concat)
  3218 (Slice) -> 3161 (Slice)
  3218 (Slice) -> 3232 (Slice)
  3218 (Slice) -> 3213 (Concat)
  3218 (Slice) -> 3114 (Concat)
  3218 (Slice) -> 3263 (Concat)
  3143 (Concat) -> 3231 (Slice)
  3143 (Concat) -> 3219 (Slice)
  3143 (Concat) -> 3236 (Concat)
  3143 (Concat) -> 3225 (Concat)
  3143 (Concat) -> 3177 (Slice)
  3143 (Concat) -> 3234 (Concat)
  3143 (Concat) -> 3190 (Slice)
  3143 (Concat) -> 3210 (Concat)
  3143 (Concat) -> 3218 (Slice)
  3143 (Concat) -> 3168 (Concat)
  3143 (Concat) -> 3217 (Slice)
  3143 (Concat) -> 3222 (Concat)
  3143 (Concat) -> 3214 (Concat)
  3143 (Concat) -> 3211 (Concat)
  3143 (Concat) -> 3121 (Slice)
  3143 (Concat) -> 3226 (Concat)
  3143 (Concat) -> 3111 (Div)
  3143 (Concat) -> 3221 (Concat)
  3143 (Concat) -> 3241 (Concat)
  3143 (Concat) -> 3209 (Concat)
  3143 (Concat) -> 3208 (Concat)
  3143 (Concat) -> 3133 (Slice)
  3143 (Concat) -> 3207 (Concat)
  3143 (Concat) -> 3204 (Slice)
  3143 (Concat) -> 3203 (Slice)
  3143 (Concat) -> 3148 (Slice)
  3143 (Concat) -> 3215 (Concat)
  3143 (Concat) -> 3199 (Concat)
  3143 (Concat) -> 3171 (Concat)
  3143 (Concat) -> 3127 (Concat)
  3143 (Concat) -> 3244 (Concat)
  3143 (Concat) -> 3196 (Concat)
  3143 (Concat) -> 3200 (Concat)
  3143 (Concat) -> 3195 (Concat)
  3143 (Concat) -> 3144 (Concat)
  3143 (Concat) -> 3264 (Concat)
  3143 (Concat) -> 3193 (Concat)
  3143 (Concat) -> 3228 (Concat)
  3143 (Concat) -> 3192 (Concat)
  3143 (Concat) -> 3201 (Concat)
  3143 (Concat) -> 3141 (Concat)
  3143 (Concat) -> 3189 (Slice)
  3143 (Concat) -> 3188 (Concat)
  3143 (Concat) -> 3233 (Slice)
  3143 (Concat) -> 3132 (Concat)
  3143 (Concat) -> 3185 (Concat)
  3143 (Concat) -> 3134 (Slice)
  3143 (Concat) -> 3182 (Concat)
  3143 (Concat) -> 3180 (Concat)
  3143 (Concat) -> 3130 (Concat)
  3143 (Concat) -> 3165 (Concat)
  3143 (Concat) -> 3176 (Slice)
  3143 (Concat) -> 3191 (Slice)
  3143 (Concat) -> 3175 (Slice)
  3143 (Concat) -> 3172 (Concat)
  3143 (Concat) -> 3173 (Concat)
  3143 (Concat) -> 3169 (Concat)
  3143 (Concat) -> 3230 (Concat)
  3143 (Concat) -> 3116 (Concat)
  3143 (Concat) -> 3267 (Concat)
  3143 (Concat) -> 3235 (Concat)
  3143 (Concat) -> 3122 (Concat)
  3143 (Concat) -> 3163 (Slice)
  3143 (Concat) -> 3212 (Concat)
  3143 (Concat) -> 3136 (Concat)
  3143 (Concat) -> 3128 (Concat)
  3143 (Concat) -> 3174 (Concat)
  3143 (Concat) -> 3155 (Concat)
  3143 (Concat) -> 3229 (Concat)
  3143 (Concat) -> 3186 (Concat)
  3143 (Concat) -> 3126 (Concat)
  3143 (Concat) -> 3120 (Slice)
  3143 (Concat) -> 3257 (Concat)
  3143 (Concat) -> 3184 (Concat)
  3143 (Concat) -> 3124 (Concat)
  3143 (Concat) -> 3256 (Concat)
  3143 (Concat) -> 3112 (Sub)
  3143 (Concat) -> 3113 (Concat)
  3143 (Concat) -> 3223 (Concat)
  3143 (Concat) -> 3197 (Concat)
  3143 (Concat) -> 3123 (Concat)
  3143 (Concat) -> 3220 (Concat)
  3143 (Concat) -> 3187 (Concat)
  3143 (Concat) -> 3157 (Concat)
  3143 (Concat) -> 3117 (Concat)
  3143 (Concat) -> 3135 (Slice)
  3143 (Concat) -> 3151 (Concat)
  3143 (Concat) -> 3150 (Concat)
  3143 (Concat) -> 3170 (Concat)
  3143 (Concat) -> 3138 (Concat)
  3143 (Concat) -> 3154 (Concat)
  3143 (Concat) -> 3140 (Concat)
  3143 (Concat) -> 3146 (Concat)
  3143 (Concat) -> 3125 (Concat)
  3143 (Concat) -> 3147 (Slice)
  3143 (Concat) -> 3227 (Concat)
  3143 (Concat) -> 3131 (Concat)
  3143 (Concat) -> 3178 (Concat)
  3143 (Concat) -> 3149 (Slice)
  3143 (Concat) -> 3206 (Concat)
  3143 (Concat) -> 3152 (Concat)
  3143 (Concat) -> 3243 (Concat)
  3143 (Concat) -> 3139 (Concat)
  3143 (Concat) -> 3110 (Concat)
  3143 (Concat) -> 3216 (Concat)
  3143 (Concat) -> 3153 (Concat)
  3143 (Concat) -> 3156 (Concat)
  3143 (Concat) -> 3198 (Concat)
  3143 (Concat) -> 3255 (Concat)
  3143 (Concat) -> 3159 (Concat)
  3143 (Concat) -> 3145 (Concat)
  3143 (Concat) -> 3266 (Concat)
  3143 (Concat) -> 3162 (Slice)
  3143 (Concat) -> 3158 (Concat)
  3143 (Concat) -> 3253 (Concat)
  3143 (Concat) -> 3164 (Concat)
  3143 (Concat) -> 3238 (Concat)
  3143 (Concat) -> 3240 (Concat)
  3143 (Concat) -> 3237 (Concat)
  3143 (Concat) -> 3278 (Concat)
  3143 (Concat) -> 3245 (Slice)
  3143 (Concat) -> 3246 (Slice)
  3143 (Concat) -> 3247 (Slice)
  3143 (Concat) -> 3142 (Concat)
  3143 (Concat) -> 3248 (Concat)
  3143 (Concat) -> 3249 (Concat)
  3143 (Concat) -> 3250 (Concat)
  3143 (Concat) -> 3119 (Slice)
  3143 (Concat) -> 3251 (Concat)
  3143 (Concat) -> 3167 (Concat)
  3143 (Concat) -> 3224 (Concat)
  3143 (Concat) -> 3254 (Concat)
  3143 (Concat) -> 3202 (Concat)
  3143 (Concat) -> 3259 (Slice)
  3143 (Concat) -> 3260 (Slice)
  3143 (Concat) -> 3118 (Concat)
  3143 (Concat) -> 3261 (Slice)
  3143 (Concat) -> 3271 (Concat)
  3143 (Concat) -> 3262 (Concat)
  3143 (Concat) -> 3265 (Concat)
  3143 (Concat) -> 3268 (Concat)
  3143 (Concat) -> 3205 (Slice)
  3143 (Concat) -> 3269 (Concat)
  3143 (Concat) -> 3270 (Concat)
  3143 (Concat) -> 3272 (Concat)
  3143 (Concat) -> 3273 (Slice)
  3143 (Concat) -> 3275 (Slice)
  3143 (Concat) -> 3194 (Concat)
  3143 (Concat) -> 3274 (Slice)
  3143 (Concat) -> 3276 (Concat)
  3143 (Concat) -> 3277 (Concat)
  3143 (Concat) -> 3279 (Concat)
  3143 (Concat) -> 3280 (Concat)
  3143 (Concat) -> 3281 (Concat)
  3143 (Concat) -> 3252 (Concat)
  3143 (Concat) -> 3179 (Concat)
  3143 (Concat) -> 3115 (Concat)
  3143 (Concat) -> 3258 (Concat)
  3143 (Concat) -> 3166 (Concat)
  3143 (Concat) -> 3160 (Concat)
  3143 (Concat) -> 3239 (Concat)
  3143 (Concat) -> 3137 (Concat)
  3143 (Concat) -> 3183 (Concat)
  3143 (Concat) -> 3242 (Concat)
  3143 (Concat) -> 3181 (Concat)
  3143 (Concat) -> 3129 (Concat)
  3143 (Concat) -> 3161 (Slice)
  3143 (Concat) -> 3232 (Slice)
  3143 (Concat) -> 3213 (Concat)
  3143 (Concat) -> 3114 (Concat)
  3143 (Concat) -> 3263 (Concat)
  3168 (Concat) -> 3231 (Slice)
  3168 (Concat) -> 3219 (Slice)
  3168 (Concat) -> 3236 (Concat)
  3168 (Concat) -> 3225 (Concat)
  3168 (Concat) -> 3177 (Slice)
  3168 (Concat) -> 3234 (Concat)
  3168 (Concat) -> 3190 (Slice)
  3168 (Concat) -> 3210 (Concat)
  3168 (Concat) -> 3218 (Slice)
  3168 (Concat) -> 3143 (Concat)
  3168 (Concat) -> 3217 (Slice)
  3168 (Concat) -> 3222 (Concat)
  3168 (Concat) -> 3214 (Concat)
  3168 (Concat) -> 3211 (Concat)
  3168 (Concat) -> 3121 (Slice)
  3168 (Concat) -> 3226 (Concat)
  3168 (Concat) -> 3111 (Div)
  3168 (Concat) -> 3221 (Concat)
  3168 (Concat) -> 3241 (Concat)
  3168 (Concat) -> 3209 (Concat)
  3168 (Concat) -> 3208 (Concat)
  3168 (Concat) -> 3133 (Slice)
  3168 (Concat) -> 3207 (Concat)
  3168 (Concat) -> 3204 (Slice)
  3168 (Concat) -> 3203 (Slice)
  3168 (Concat) -> 3148 (Slice)
  3168 (Concat) -> 3215 (Concat)
  3168 (Concat) -> 3199 (Concat)
  3168 (Concat) -> 3171 (Concat)
  3168 (Concat) -> 3127 (Concat)
  3168 (Concat) -> 3244 (Concat)
  3168 (Concat) -> 3196 (Concat)
  3168 (Concat) -> 3200 (Concat)
  3168 (Concat) -> 3195 (Concat)
  3168 (Concat) -> 3144 (Concat)
  3168 (Concat) -> 3264 (Concat)
  3168 (Concat) -> 3193 (Concat)
  3168 (Concat) -> 3228 (Concat)
  3168 (Concat) -> 3192 (Concat)
  3168 (Concat) -> 3201 (Concat)
  3168 (Concat) -> 3141 (Concat)
  3168 (Concat) -> 3189 (Slice)
  3168 (Concat) -> 3188 (Concat)
  3168 (Concat) -> 3233 (Slice)
  3168 (Concat) -> 3132 (Concat)
  3168 (Concat) -> 3185 (Concat)
  3168 (Concat) -> 3134 (Slice)
  3168 (Concat) -> 3182 (Concat)
  3168 (Concat) -> 3180 (Concat)
  3168 (Concat) -> 3130 (Concat)
  3168 (Concat) -> 3165 (Concat)
  3168 (Concat) -> 3176 (Slice)
  3168 (Concat) -> 3191 (Slice)
  3168 (Concat) -> 3175 (Slice)
  3168 (Concat) -> 3172 (Concat)
  3168 (Concat) -> 3173 (Concat)
  3168 (Concat) -> 3169 (Concat)
  3168 (Concat) -> 3230 (Concat)
  3168 (Concat) -> 3116 (Concat)
  3168 (Concat) -> 3267 (Concat)
  3168 (Concat) -> 3235 (Concat)
  3168 (Concat) -> 3122 (Concat)
  3168 (Concat) -> 3163 (Slice)
  3168 (Concat) -> 3212 (Concat)
  3168 (Concat) -> 3136 (Concat)
  3168 (Concat) -> 3128 (Concat)
  3168 (Concat) -> 3174 (Concat)
  3168 (Concat) -> 3155 (Concat)
  3168 (Concat) -> 3229 (Concat)
  3168 (Concat) -> 3186 (Concat)
  3168 (Concat) -> 3126 (Concat)
  3168 (Concat) -> 3120 (Slice)
  3168 (Concat) -> 3257 (Concat)
  3168 (Concat) -> 3184 (Concat)
  3168 (Concat) -> 3124 (Concat)
  3168 (Concat) -> 3256 (Concat)
  3168 (Concat) -> 3112 (Sub)
  3168 (Concat) -> 3113 (Concat)
  3168 (Concat) -> 3223 (Concat)
  3168 (Concat) -> 3197 (Concat)
  3168 (Concat) -> 3123 (Concat)
  3168 (Concat) -> 3220 (Concat)
  3168 (Concat) -> 3187 (Concat)
  3168 (Concat) -> 3157 (Concat)
  3168 (Concat) -> 3117 (Concat)
  3168 (Concat) -> 3135 (Slice)
  3168 (Concat) -> 3151 (Concat)
  3168 (Concat) -> 3150 (Concat)
  3168 (Concat) -> 3170 (Concat)
  3168 (Concat) -> 3138 (Concat)
  3168 (Concat) -> 3154 (Concat)
  3168 (Concat) -> 3140 (Concat)
  3168 (Concat) -> 3146 (Concat)
  3168 (Concat) -> 3125 (Concat)
  3168 (Concat) -> 3147 (Slice)
  3168 (Concat) -> 3227 (Concat)
  3168 (Concat) -> 3131 (Concat)
  3168 (Concat) -> 3178 (Concat)
  3168 (Concat) -> 3149 (Slice)
  3168 (Concat) -> 3206 (Concat)
  3168 (Concat) -> 3152 (Concat)
  3168 (Concat) -> 3243 (Concat)
  3168 (Concat) -> 3139 (Concat)
  3168 (Concat) -> 3110 (Concat)
  3168 (Concat) -> 3216 (Concat)
  3168 (Concat) -> 3153 (Concat)
  3168 (Concat) -> 3156 (Concat)
  3168 (Concat) -> 3198 (Concat)
  3168 (Concat) -> 3255 (Concat)
  3168 (Concat) -> 3159 (Concat)
  3168 (Concat) -> 3145 (Concat)
  3168 (Concat) -> 3266 (Concat)
  3168 (Concat) -> 3162 (Slice)
  3168 (Concat) -> 3158 (Concat)
  3168 (Concat) -> 3253 (Concat)
  3168 (Concat) -> 3164 (Concat)
  3168 (Concat) -> 3238 (Concat)
  3168 (Concat) -> 3240 (Concat)
  3168 (Concat) -> 3237 (Concat)
  3168 (Concat) -> 3278 (Concat)
  3168 (Concat) -> 3245 (Slice)
  3168 (Concat) -> 3246 (Slice)
  3168 (Concat) -> 3247 (Slice)
  3168 (Concat) -> 3142 (Concat)
  3168 (Concat) -> 3248 (Concat)
  3168 (Concat) -> 3249 (Concat)
  3168 (Concat) -> 3250 (Concat)
  3168 (Concat) -> 3119 (Slice)
  3168 (Concat) -> 3251 (Concat)
  3168 (Concat) -> 3167 (Concat)
  3168 (Concat) -> 3224 (Concat)
  3168 (Concat) -> 3254 (Concat)
  3168 (Concat) -> 3202 (Concat)
  3168 (Concat) -> 3259 (Slice)
  3168 (Concat) -> 3260 (Slice)
  3168 (Concat) -> 3118 (Concat)
  3168 (Concat) -> 3261 (Slice)
  3168 (Concat) -> 3271 (Concat)
  3168 (Concat) -> 3262 (Concat)
  3168 (Concat) -> 3265 (Concat)
  3168 (Concat) -> 3268 (Concat)
  3168 (Concat) -> 3205 (Slice)
  3168 (Concat) -> 3269 (Concat)
  3168 (Concat) -> 3270 (Concat)
  3168 (Concat) -> 3272 (Concat)
  3168 (Concat) -> 3273 (Slice)
  3168 (Concat) -> 3275 (Slice)
  3168 (Concat) -> 3194 (Concat)
  3168 (Concat) -> 3274 (Slice)
  3168 (Concat) -> 3276 (Concat)
  3168 (Concat) -> 3277 (Concat)
  3168 (Concat) -> 3279 (Concat)
  3168 (Concat) -> 3280 (Concat)
  3168 (Concat) -> 3281 (Concat)
  3168 (Concat) -> 3252 (Concat)
  3168 (Concat) -> 3179 (Concat)
  3168 (Concat) -> 3115 (Concat)
  3168 (Concat) -> 3258 (Concat)
  3168 (Concat) -> 3166 (Concat)
  3168 (Concat) -> 3160 (Concat)
  3168 (Concat) -> 3239 (Concat)
  3168 (Concat) -> 3137 (Concat)
  3168 (Concat) -> 3183 (Concat)
  3168 (Concat) -> 3242 (Concat)
  3168 (Concat) -> 3181 (Concat)
  3168 (Concat) -> 3129 (Concat)
  3168 (Concat) -> 3161 (Slice)
  3168 (Concat) -> 3232 (Slice)
  3168 (Concat) -> 3213 (Concat)
  3168 (Concat) -> 3114 (Concat)
  3168 (Concat) -> 3263 (Concat)
  h.9.attn (Slice) -> h.8.attn (Slice)
  h.9.attn (Slice) -> h.4.attn (Slice)
  h.9.attn (Slice) -> h.1.attn (Slice)
  h.9.attn (Slice) -> h.11.attn (Slice)
  h.9.attn (Slice) -> h.7.attn (Slice)
  h.9.attn (Slice) -> h.0.attn (Slice)
  h.9.attn (Slice) -> h.2.attn (Slice)
  h.9.attn (Slice) -> h.3.attn (Slice)
  h.9.attn (Slice) -> h.10.attn (Slice)
  h.9.attn (Slice) -> h.5.attn (Slice)
  h.9.attn (Slice) -> h.6.attn (Slice)
  3217 (Slice) -> 3231 (Slice)
  3217 (Slice) -> 3219 (Slice)
  3217 (Slice) -> 3236 (Concat)
  3217 (Slice) -> 3225 (Concat)
  3217 (Slice) -> 3177 (Slice)
  3217 (Slice) -> 3234 (Concat)
  3217 (Slice) -> 3190 (Slice)
  3217 (Slice) -> 3210 (Concat)
  3217 (Slice) -> 3218 (Slice)
  3217 (Slice) -> 3143 (Concat)
  3217 (Slice) -> 3168 (Concat)
  3217 (Slice) -> 3222 (Concat)
  3217 (Slice) -> 3214 (Concat)
  3217 (Slice) -> 3211 (Concat)
  3217 (Slice) -> 3121 (Slice)
  3217 (Slice) -> 3226 (Concat)
  3217 (Slice) -> 3111 (Div)
  3217 (Slice) -> 3221 (Concat)
  3217 (Slice) -> 3241 (Concat)
  3217 (Slice) -> 3209 (Concat)
  3217 (Slice) -> 3208 (Concat)
  3217 (Slice) -> 3133 (Slice)
  3217 (Slice) -> 3207 (Concat)
  3217 (Slice) -> 3204 (Slice)
  3217 (Slice) -> 3203 (Slice)
  3217 (Slice) -> 3148 (Slice)
  3217 (Slice) -> 3215 (Concat)
  3217 (Slice) -> 3199 (Concat)
  3217 (Slice) -> 3171 (Concat)
  3217 (Slice) -> 3127 (Concat)
  3217 (Slice) -> 3244 (Concat)
  3217 (Slice) -> 3196 (Concat)
  3217 (Slice) -> 3200 (Concat)
  3217 (Slice) -> 3195 (Concat)
  3217 (Slice) -> 3144 (Concat)
  3217 (Slice) -> 3264 (Concat)
  3217 (Slice) -> 3193 (Concat)
  3217 (Slice) -> 3228 (Concat)
  3217 (Slice) -> 3192 (Concat)
  3217 (Slice) -> 3201 (Concat)
  3217 (Slice) -> 3141 (Concat)
  3217 (Slice) -> 3189 (Slice)
  3217 (Slice) -> 3188 (Concat)
  3217 (Slice) -> 3233 (Slice)
  3217 (Slice) -> 3132 (Concat)
  3217 (Slice) -> 3185 (Concat)
  3217 (Slice) -> 3134 (Slice)
  3217 (Slice) -> 3182 (Concat)
  3217 (Slice) -> 3180 (Concat)
  3217 (Slice) -> 3130 (Concat)
  3217 (Slice) -> 3165 (Concat)
  3217 (Slice) -> 3176 (Slice)
  3217 (Slice) -> 3191 (Slice)
  3217 (Slice) -> 3175 (Slice)
  3217 (Slice) -> 3172 (Concat)
  3217 (Slice) -> 3173 (Concat)
  3217 (Slice) -> 3169 (Concat)
  3217 (Slice) -> 3230 (Concat)
  3217 (Slice) -> 3116 (Concat)
  3217 (Slice) -> 3267 (Concat)
  3217 (Slice) -> 3235 (Concat)
  3217 (Slice) -> 3122 (Concat)
  3217 (Slice) -> 3163 (Slice)
  3217 (Slice) -> 3212 (Concat)
  3217 (Slice) -> 3136 (Concat)
  3217 (Slice) -> 3128 (Concat)
  3217 (Slice) -> 3174 (Concat)
  3217 (Slice) -> 3155 (Concat)
  3217 (Slice) -> 3229 (Concat)
  3217 (Slice) -> 3186 (Concat)
  3217 (Slice) -> 3126 (Concat)
  3217 (Slice) -> 3120 (Slice)
  3217 (Slice) -> 3257 (Concat)
  3217 (Slice) -> 3184 (Concat)
  3217 (Slice) -> 3124 (Concat)
  3217 (Slice) -> 3256 (Concat)
  3217 (Slice) -> 3112 (Sub)
  3217 (Slice) -> 3113 (Concat)
  3217 (Slice) -> 3223 (Concat)
  3217 (Slice) -> 3197 (Concat)
  3217 (Slice) -> 3123 (Concat)
  3217 (Slice) -> 3220 (Concat)
  3217 (Slice) -> 3187 (Concat)
  3217 (Slice) -> 3157 (Concat)
  3217 (Slice) -> 3117 (Concat)
  3217 (Slice) -> 3135 (Slice)
  3217 (Slice) -> 3151 (Concat)
  3217 (Slice) -> 3150 (Concat)
  3217 (Slice) -> 3170 (Concat)
  3217 (Slice) -> 3138 (Concat)
  3217 (Slice) -> 3154 (Concat)
  3217 (Slice) -> 3140 (Concat)
  3217 (Slice) -> 3146 (Concat)
  3217 (Slice) -> 3125 (Concat)
  3217 (Slice) -> 3147 (Slice)
  3217 (Slice) -> 3227 (Concat)
  3217 (Slice) -> 3131 (Concat)
  3217 (Slice) -> 3178 (Concat)
  3217 (Slice) -> 3149 (Slice)
  3217 (Slice) -> 3206 (Concat)
  3217 (Slice) -> 3152 (Concat)
  3217 (Slice) -> 3243 (Concat)
  3217 (Slice) -> 3139 (Concat)
  3217 (Slice) -> 3110 (Concat)
  3217 (Slice) -> 3216 (Concat)
  3217 (Slice) -> 3153 (Concat)
  3217 (Slice) -> 3156 (Concat)
  3217 (Slice) -> 3198 (Concat)
  3217 (Slice) -> 3255 (Concat)
  3217 (Slice) -> 3159 (Concat)
  3217 (Slice) -> 3145 (Concat)
  3217 (Slice) -> 3266 (Concat)
  3217 (Slice) -> 3162 (Slice)
  3217 (Slice) -> 3158 (Concat)
  3217 (Slice) -> 3253 (Concat)
  3217 (Slice) -> 3164 (Concat)
  3217 (Slice) -> 3238 (Concat)
  3217 (Slice) -> 3240 (Concat)
  3217 (Slice) -> 3237 (Concat)
  3217 (Slice) -> 3278 (Concat)
  3217 (Slice) -> 3245 (Slice)
  3217 (Slice) -> 3246 (Slice)
  3217 (Slice) -> 3247 (Slice)
  3217 (Slice) -> 3142 (Concat)
  3217 (Slice) -> 3248 (Concat)
  3217 (Slice) -> 3249 (Concat)
  3217 (Slice) -> 3250 (Concat)
  3217 (Slice) -> 3119 (Slice)
  3217 (Slice) -> 3251 (Concat)
  3217 (Slice) -> 3167 (Concat)
  3217 (Slice) -> 3224 (Concat)
  3217 (Slice) -> 3254 (Concat)
  3217 (Slice) -> 3202 (Concat)
  3217 (Slice) -> 3259 (Slice)
  3217 (Slice) -> 3260 (Slice)
  3217 (Slice) -> 3118 (Concat)
  3217 (Slice) -> 3261 (Slice)
  3217 (Slice) -> 3271 (Concat)
  3217 (Slice) -> 3262 (Concat)
  3217 (Slice) -> 3265 (Concat)
  3217 (Slice) -> 3268 (Concat)
  3217 (Slice) -> 3205 (Slice)
  3217 (Slice) -> 3269 (Concat)
  3217 (Slice) -> 3270 (Concat)
  3217 (Slice) -> 3272 (Concat)
  3217 (Slice) -> 3273 (Slice)
  3217 (Slice) -> 3275 (Slice)
  3217 (Slice) -> 3194 (Concat)
  3217 (Slice) -> 3274 (Slice)
  3217 (Slice) -> 3276 (Concat)
  3217 (Slice) -> 3277 (Concat)
  3217 (Slice) -> 3279 (Concat)
  3217 (Slice) -> 3280 (Concat)
  3217 (Slice) -> 3281 (Concat)
  3217 (Slice) -> 3252 (Concat)
  3217 (Slice) -> 3179 (Concat)
  3217 (Slice) -> 3115 (Concat)
  3217 (Slice) -> 3258 (Concat)
  3217 (Slice) -> 3166 (Concat)
  3217 (Slice) -> 3160 (Concat)
  3217 (Slice) -> 3239 (Concat)
  3217 (Slice) -> 3137 (Concat)
  3217 (Slice) -> 3183 (Concat)
  3217 (Slice) -> 3242 (Concat)
  3217 (Slice) -> 3181 (Concat)
  3217 (Slice) -> 3129 (Concat)
  3217 (Slice) -> 3161 (Slice)
  3217 (Slice) -> 3232 (Slice)
  3217 (Slice) -> 3213 (Concat)
  3217 (Slice) -> 3114 (Concat)
  3217 (Slice) -> 3263 (Concat)
  3222 (Concat) -> 3231 (Slice)
  3222 (Concat) -> 3219 (Slice)
  3222 (Concat) -> 3236 (Concat)
  3222 (Concat) -> 3225 (Concat)
  3222 (Concat) -> 3177 (Slice)
  3222 (Concat) -> 3234 (Concat)
  3222 (Concat) -> 3190 (Slice)
  3222 (Concat) -> 3210 (Concat)
  3222 (Concat) -> 3218 (Slice)
  3222 (Concat) -> 3143 (Concat)
  3222 (Concat) -> 3168 (Concat)
  3222 (Concat) -> 3217 (Slice)
  3222 (Concat) -> 3214 (Concat)
  3222 (Concat) -> 3211 (Concat)
  3222 (Concat) -> 3121 (Slice)
  3222 (Concat) -> 3226 (Concat)
  3222 (Concat) -> 3111 (Div)
  3222 (Concat) -> 3221 (Concat)
  3222 (Concat) -> 3241 (Concat)
  3222 (Concat) -> 3209 (Concat)
  3222 (Concat) -> 3208 (Concat)
  3222 (Concat) -> 3133 (Slice)
  3222 (Concat) -> 3207 (Concat)
  3222 (Concat) -> 3204 (Slice)
  3222 (Concat) -> 3203 (Slice)
  3222 (Concat) -> 3148 (Slice)
  3222 (Concat) -> 3215 (Concat)
  3222 (Concat) -> 3199 (Concat)
  3222 (Concat) -> 3171 (Concat)
  3222 (Concat) -> 3127 (Concat)
  3222 (Concat) -> 3244 (Concat)
  3222 (Concat) -> 3196 (Concat)
  3222 (Concat) -> 3200 (Concat)
  3222 (Concat) -> 3195 (Concat)
  3222 (Concat) -> 3144 (Concat)
  3222 (Concat) -> 3264 (Concat)
  3222 (Concat) -> 3193 (Concat)
  3222 (Concat) -> 3228 (Concat)
  3222 (Concat) -> 3192 (Concat)
  3222 (Concat) -> 3201 (Concat)
  3222 (Concat) -> 3141 (Concat)
  3222 (Concat) -> 3189 (Slice)
  3222 (Concat) -> 3188 (Concat)
  3222 (Concat) -> 3233 (Slice)
  3222 (Concat) -> 3132 (Concat)
  3222 (Concat) -> 3185 (Concat)
  3222 (Concat) -> 3134 (Slice)
  3222 (Concat) -> 3182 (Concat)
  3222 (Concat) -> 3180 (Concat)
  3222 (Concat) -> 3130 (Concat)
  3222 (Concat) -> 3165 (Concat)
  3222 (Concat) -> 3176 (Slice)
  3222 (Concat) -> 3191 (Slice)
  3222 (Concat) -> 3175 (Slice)
  3222 (Concat) -> 3172 (Concat)
  3222 (Concat) -> 3173 (Concat)
  3222 (Concat) -> 3169 (Concat)
  3222 (Concat) -> 3230 (Concat)
  3222 (Concat) -> 3116 (Concat)
  3222 (Concat) -> 3267 (Concat)
  3222 (Concat) -> 3235 (Concat)
  3222 (Concat) -> 3122 (Concat)
  3222 (Concat) -> 3163 (Slice)
  3222 (Concat) -> 3212 (Concat)
  3222 (Concat) -> 3136 (Concat)
  3222 (Concat) -> 3128 (Concat)
  3222 (Concat) -> 3174 (Concat)
  3222 (Concat) -> 3155 (Concat)
  3222 (Concat) -> 3229 (Concat)
  3222 (Concat) -> 3186 (Concat)
  3222 (Concat) -> 3126 (Concat)
  3222 (Concat) -> 3120 (Slice)
  3222 (Concat) -> 3257 (Concat)
  3222 (Concat) -> 3184 (Concat)
  3222 (Concat) -> 3124 (Concat)
  3222 (Concat) -> 3256 (Concat)
  3222 (Concat) -> 3112 (Sub)
  3222 (Concat) -> 3113 (Concat)
  3222 (Concat) -> 3223 (Concat)
  3222 (Concat) -> 3197 (Concat)
  3222 (Concat) -> 3123 (Concat)
  3222 (Concat) -> 3220 (Concat)
  3222 (Concat) -> 3187 (Concat)
  3222 (Concat) -> 3157 (Concat)
  3222 (Concat) -> 3117 (Concat)
  3222 (Concat) -> 3135 (Slice)
  3222 (Concat) -> 3151 (Concat)
  3222 (Concat) -> 3150 (Concat)
  3222 (Concat) -> 3170 (Concat)
  3222 (Concat) -> 3138 (Concat)
  3222 (Concat) -> 3154 (Concat)
  3222 (Concat) -> 3140 (Concat)
  3222 (Concat) -> 3146 (Concat)
  3222 (Concat) -> 3125 (Concat)
  3222 (Concat) -> 3147 (Slice)
  3222 (Concat) -> 3227 (Concat)
  3222 (Concat) -> 3131 (Concat)
  3222 (Concat) -> 3178 (Concat)
  3222 (Concat) -> 3149 (Slice)
  3222 (Concat) -> 3206 (Concat)
  3222 (Concat) -> 3152 (Concat)
  3222 (Concat) -> 3243 (Concat)
  3222 (Concat) -> 3139 (Concat)
  3222 (Concat) -> 3110 (Concat)
  3222 (Concat) -> 3216 (Concat)
  3222 (Concat) -> 3153 (Concat)
  3222 (Concat) -> 3156 (Concat)
  3222 (Concat) -> 3198 (Concat)
  3222 (Concat) -> 3255 (Concat)
  3222 (Concat) -> 3159 (Concat)
  3222 (Concat) -> 3145 (Concat)
  3222 (Concat) -> 3266 (Concat)
  3222 (Concat) -> 3162 (Slice)
  3222 (Concat) -> 3158 (Concat)
  3222 (Concat) -> 3253 (Concat)
  3222 (Concat) -> 3164 (Concat)
  3222 (Concat) -> 3238 (Concat)
  3222 (Concat) -> 3240 (Concat)
  3222 (Concat) -> 3237 (Concat)
  3222 (Concat) -> 3278 (Concat)
  3222 (Concat) -> 3245 (Slice)
  3222 (Concat) -> 3246 (Slice)
  3222 (Concat) -> 3247 (Slice)
  3222 (Concat) -> 3142 (Concat)
  3222 (Concat) -> 3248 (Concat)
  3222 (Concat) -> 3249 (Concat)
  3222 (Concat) -> 3250 (Concat)
  3222 (Concat) -> 3119 (Slice)
  3222 (Concat) -> 3251 (Concat)
  3222 (Concat) -> 3167 (Concat)
  3222 (Concat) -> 3224 (Concat)
  3222 (Concat) -> 3254 (Concat)
  3222 (Concat) -> 3202 (Concat)
  3222 (Concat) -> 3259 (Slice)
  3222 (Concat) -> 3260 (Slice)
  3222 (Concat) -> 3118 (Concat)
  3222 (Concat) -> 3261 (Slice)
  3222 (Concat) -> 3271 (Concat)
  3222 (Concat) -> 3262 (Concat)
  3222 (Concat) -> 3265 (Concat)
  3222 (Concat) -> 3268 (Concat)
  3222 (Concat) -> 3205 (Slice)
  3222 (Concat) -> 3269 (Concat)
  3222 (Concat) -> 3270 (Concat)
  3222 (Concat) -> 3272 (Concat)
  3222 (Concat) -> 3273 (Slice)
  3222 (Concat) -> 3275 (Slice)
  3222 (Concat) -> 3194 (Concat)
  3222 (Concat) -> 3274 (Slice)
  3222 (Concat) -> 3276 (Concat)
  3222 (Concat) -> 3277 (Concat)
  3222 (Concat) -> 3279 (Concat)
  3222 (Concat) -> 3280 (Concat)
  3222 (Concat) -> 3281 (Concat)
  3222 (Concat) -> 3252 (Concat)
  3222 (Concat) -> 3179 (Concat)
  3222 (Concat) -> 3115 (Concat)
  3222 (Concat) -> 3258 (Concat)
  3222 (Concat) -> 3166 (Concat)
  3222 (Concat) -> 3160 (Concat)
  3222 (Concat) -> 3239 (Concat)
  3222 (Concat) -> 3137 (Concat)
  3222 (Concat) -> 3183 (Concat)
  3222 (Concat) -> 3242 (Concat)
  3222 (Concat) -> 3181 (Concat)
  3222 (Concat) -> 3129 (Concat)
  3222 (Concat) -> 3161 (Slice)
  3222 (Concat) -> 3232 (Slice)
  3222 (Concat) -> 3213 (Concat)
  3222 (Concat) -> 3114 (Concat)
  3222 (Concat) -> 3263 (Concat)
  3214 (Concat) -> 3231 (Slice)
  3214 (Concat) -> 3219 (Slice)
  3214 (Concat) -> 3236 (Concat)
  3214 (Concat) -> 3225 (Concat)
  3214 (Concat) -> 3177 (Slice)
  3214 (Concat) -> 3234 (Concat)
  3214 (Concat) -> 3190 (Slice)
  3214 (Concat) -> 3210 (Concat)
  3214 (Concat) -> 3218 (Slice)
  3214 (Concat) -> 3143 (Concat)
  3214 (Concat) -> 3168 (Concat)
  3214 (Concat) -> 3217 (Slice)
  3214 (Concat) -> 3222 (Concat)
  3214 (Concat) -> 3211 (Concat)
  3214 (Concat) -> 3121 (Slice)
  3214 (Concat) -> 3226 (Concat)
  3214 (Concat) -> 3111 (Div)
  3214 (Concat) -> 3221 (Concat)
  3214 (Concat) -> 3241 (Concat)
  3214 (Concat) -> 3209 (Concat)
  3214 (Concat) -> 3208 (Concat)
  3214 (Concat) -> 3133 (Slice)
  3214 (Concat) -> 3207 (Concat)
  3214 (Concat) -> 3204 (Slice)
  3214 (Concat) -> 3203 (Slice)
  3214 (Concat) -> 3148 (Slice)
  3214 (Concat) -> 3215 (Concat)
  3214 (Concat) -> 3199 (Concat)
  3214 (Concat) -> 3171 (Concat)
  3214 (Concat) -> 3127 (Concat)
  3214 (Concat) -> 3244 (Concat)
  3214 (Concat) -> 3196 (Concat)
  3214 (Concat) -> 3200 (Concat)
  3214 (Concat) -> 3195 (Concat)
  3214 (Concat) -> 3144 (Concat)
  3214 (Concat) -> 3264 (Concat)
  3214 (Concat) -> 3193 (Concat)
  3214 (Concat) -> 3228 (Concat)
  3214 (Concat) -> 3192 (Concat)
  3214 (Concat) -> 3201 (Concat)
  3214 (Concat) -> 3141 (Concat)
  3214 (Concat) -> 3189 (Slice)
  3214 (Concat) -> 3188 (Concat)
  3214 (Concat) -> 3233 (Slice)
  3214 (Concat) -> 3132 (Concat)
  3214 (Concat) -> 3185 (Concat)
  3214 (Concat) -> 3134 (Slice)
  3214 (Concat) -> 3182 (Concat)
  3214 (Concat) -> 3180 (Concat)
  3214 (Concat) -> 3130 (Concat)
  3214 (Concat) -> 3165 (Concat)
  3214 (Concat) -> 3176 (Slice)
  3214 (Concat) -> 3191 (Slice)
  3214 (Concat) -> 3175 (Slice)
  3214 (Concat) -> 3172 (Concat)
  3214 (Concat) -> 3173 (Concat)
  3214 (Concat) -> 3169 (Concat)
  3214 (Concat) -> 3230 (Concat)
  3214 (Concat) -> 3116 (Concat)
  3214 (Concat) -> 3267 (Concat)
  3214 (Concat) -> 3235 (Concat)
  3214 (Concat) -> 3122 (Concat)
  3214 (Concat) -> 3163 (Slice)
  3214 (Concat) -> 3212 (Concat)
  3214 (Concat) -> 3136 (Concat)
  3214 (Concat) -> 3128 (Concat)
  3214 (Concat) -> 3174 (Concat)
  3214 (Concat) -> 3155 (Concat)
  3214 (Concat) -> 3229 (Concat)
  3214 (Concat) -> 3186 (Concat)
  3214 (Concat) -> 3126 (Concat)
  3214 (Concat) -> 3120 (Slice)
  3214 (Concat) -> 3257 (Concat)
  3214 (Concat) -> 3184 (Concat)
  3214 (Concat) -> 3124 (Concat)
  3214 (Concat) -> 3256 (Concat)
  3214 (Concat) -> 3112 (Sub)
  3214 (Concat) -> 3113 (Concat)
  3214 (Concat) -> 3223 (Concat)
  3214 (Concat) -> 3197 (Concat)
  3214 (Concat) -> 3123 (Concat)
  3214 (Concat) -> 3220 (Concat)
  3214 (Concat) -> 3187 (Concat)
  3214 (Concat) -> 3157 (Concat)
  3214 (Concat) -> 3117 (Concat)
  3214 (Concat) -> 3135 (Slice)
  3214 (Concat) -> 3151 (Concat)
  3214 (Concat) -> 3150 (Concat)
  3214 (Concat) -> 3170 (Concat)
  3214 (Concat) -> 3138 (Concat)
  3214 (Concat) -> 3154 (Concat)
  3214 (Concat) -> 3140 (Concat)
  3214 (Concat) -> 3146 (Concat)
  3214 (Concat) -> 3125 (Concat)
  3214 (Concat) -> 3147 (Slice)
  3214 (Concat) -> 3227 (Concat)
  3214 (Concat) -> 3131 (Concat)
  3214 (Concat) -> 3178 (Concat)
  3214 (Concat) -> 3149 (Slice)
  3214 (Concat) -> 3206 (Concat)
  3214 (Concat) -> 3152 (Concat)
  3214 (Concat) -> 3243 (Concat)
  3214 (Concat) -> 3139 (Concat)
  3214 (Concat) -> 3110 (Concat)
  3214 (Concat) -> 3216 (Concat)
  3214 (Concat) -> 3153 (Concat)
  3214 (Concat) -> 3156 (Concat)
  3214 (Concat) -> 3198 (Concat)
  3214 (Concat) -> 3255 (Concat)
  3214 (Concat) -> 3159 (Concat)
  3214 (Concat) -> 3145 (Concat)
  3214 (Concat) -> 3266 (Concat)
  3214 (Concat) -> 3162 (Slice)
  3214 (Concat) -> 3158 (Concat)
  3214 (Concat) -> 3253 (Concat)
  3214 (Concat) -> 3164 (Concat)
  3214 (Concat) -> 3238 (Concat)
  3214 (Concat) -> 3240 (Concat)
  3214 (Concat) -> 3237 (Concat)
  3214 (Concat) -> 3278 (Concat)
  3214 (Concat) -> 3245 (Slice)
  3214 (Concat) -> 3246 (Slice)
  3214 (Concat) -> 3247 (Slice)
  3214 (Concat) -> 3142 (Concat)
  3214 (Concat) -> 3248 (Concat)
  3214 (Concat) -> 3249 (Concat)
  3214 (Concat) -> 3250 (Concat)
  3214 (Concat) -> 3119 (Slice)
  3214 (Concat) -> 3251 (Concat)
  3214 (Concat) -> 3167 (Concat)
  3214 (Concat) -> 3224 (Concat)
  3214 (Concat) -> 3254 (Concat)
  3214 (Concat) -> 3202 (Concat)
  3214 (Concat) -> 3259 (Slice)
  3214 (Concat) -> 3260 (Slice)
  3214 (Concat) -> 3118 (Concat)
  3214 (Concat) -> 3261 (Slice)
  3214 (Concat) -> 3271 (Concat)
  3214 (Concat) -> 3262 (Concat)
  3214 (Concat) -> 3265 (Concat)
  3214 (Concat) -> 3268 (Concat)
  3214 (Concat) -> 3205 (Slice)
  3214 (Concat) -> 3269 (Concat)
  3214 (Concat) -> 3270 (Concat)
  3214 (Concat) -> 3272 (Concat)
  3214 (Concat) -> 3273 (Slice)
  3214 (Concat) -> 3275 (Slice)
  3214 (Concat) -> 3194 (Concat)
  3214 (Concat) -> 3274 (Slice)
  3214 (Concat) -> 3276 (Concat)
  3214 (Concat) -> 3277 (Concat)
  3214 (Concat) -> 3279 (Concat)
  3214 (Concat) -> 3280 (Concat)
  3214 (Concat) -> 3281 (Concat)
  3214 (Concat) -> 3252 (Concat)
  3214 (Concat) -> 3179 (Concat)
  3214 (Concat) -> 3115 (Concat)
  3214 (Concat) -> 3258 (Concat)
  3214 (Concat) -> 3166 (Concat)
  3214 (Concat) -> 3160 (Concat)
  3214 (Concat) -> 3239 (Concat)
  3214 (Concat) -> 3137 (Concat)
  3214 (Concat) -> 3183 (Concat)
  3214 (Concat) -> 3242 (Concat)
  3214 (Concat) -> 3181 (Concat)
  3214 (Concat) -> 3129 (Concat)
  3214 (Concat) -> 3161 (Slice)
  3214 (Concat) -> 3232 (Slice)
  3214 (Concat) -> 3213 (Concat)
  3214 (Concat) -> 3114 (Concat)
  3214 (Concat) -> 3263 (Concat)
  3211 (Concat) -> 3231 (Slice)
  3211 (Concat) -> 3219 (Slice)
  3211 (Concat) -> 3236 (Concat)
  3211 (Concat) -> 3225 (Concat)
  3211 (Concat) -> 3177 (Slice)
  3211 (Concat) -> 3234 (Concat)
  3211 (Concat) -> 3190 (Slice)
  3211 (Concat) -> 3210 (Concat)
  3211 (Concat) -> 3218 (Slice)
  3211 (Concat) -> 3143 (Concat)
  3211 (Concat) -> 3168 (Concat)
  3211 (Concat) -> 3217 (Slice)
  3211 (Concat) -> 3222 (Concat)
  3211 (Concat) -> 3214 (Concat)
  3211 (Concat) -> 3121 (Slice)
  3211 (Concat) -> 3226 (Concat)
  3211 (Concat) -> 3111 (Div)
  3211 (Concat) -> 3221 (Concat)
  3211 (Concat) -> 3241 (Concat)
  3211 (Concat) -> 3209 (Concat)
  3211 (Concat) -> 3208 (Concat)
  3211 (Concat) -> 3133 (Slice)
  3211 (Concat) -> 3207 (Concat)
  3211 (Concat) -> 3204 (Slice)
  3211 (Concat) -> 3203 (Slice)
  3211 (Concat) -> 3148 (Slice)
  3211 (Concat) -> 3215 (Concat)
  3211 (Concat) -> 3199 (Concat)
  3211 (Concat) -> 3171 (Concat)
  3211 (Concat) -> 3127 (Concat)
  3211 (Concat) -> 3244 (Concat)
  3211 (Concat) -> 3196 (Concat)
  3211 (Concat) -> 3200 (Concat)
  3211 (Concat) -> 3195 (Concat)
  3211 (Concat) -> 3144 (Concat)
  3211 (Concat) -> 3264 (Concat)
  3211 (Concat) -> 3193 (Concat)
  3211 (Concat) -> 3228 (Concat)
  3211 (Concat) -> 3192 (Concat)
  3211 (Concat) -> 3201 (Concat)
  3211 (Concat) -> 3141 (Concat)
  3211 (Concat) -> 3189 (Slice)
  3211 (Concat) -> 3188 (Concat)
  3211 (Concat) -> 3233 (Slice)
  3211 (Concat) -> 3132 (Concat)
  3211 (Concat) -> 3185 (Concat)
  3211 (Concat) -> 3134 (Slice)
  3211 (Concat) -> 3182 (Concat)
  3211 (Concat) -> 3180 (Concat)
  3211 (Concat) -> 3130 (Concat)
  3211 (Concat) -> 3165 (Concat)
  3211 (Concat) -> 3176 (Slice)
  3211 (Concat) -> 3191 (Slice)
  3211 (Concat) -> 3175 (Slice)
  3211 (Concat) -> 3172 (Concat)
  3211 (Concat) -> 3173 (Concat)
  3211 (Concat) -> 3169 (Concat)
  3211 (Concat) -> 3230 (Concat)
  3211 (Concat) -> 3116 (Concat)
  3211 (Concat) -> 3267 (Concat)
  3211 (Concat) -> 3235 (Concat)
  3211 (Concat) -> 3122 (Concat)
  3211 (Concat) -> 3163 (Slice)
  3211 (Concat) -> 3212 (Concat)
  3211 (Concat) -> 3136 (Concat)
  3211 (Concat) -> 3128 (Concat)
  3211 (Concat) -> 3174 (Concat)
  3211 (Concat) -> 3155 (Concat)
  3211 (Concat) -> 3229 (Concat)
  3211 (Concat) -> 3186 (Concat)
  3211 (Concat) -> 3126 (Concat)
  3211 (Concat) -> 3120 (Slice)
  3211 (Concat) -> 3257 (Concat)
  3211 (Concat) -> 3184 (Concat)
  3211 (Concat) -> 3124 (Concat)
  3211 (Concat) -> 3256 (Concat)
  3211 (Concat) -> 3112 (Sub)
  3211 (Concat) -> 3113 (Concat)
  3211 (Concat) -> 3223 (Concat)
  3211 (Concat) -> 3197 (Concat)
  3211 (Concat) -> 3123 (Concat)
  3211 (Concat) -> 3220 (Concat)
  3211 (Concat) -> 3187 (Concat)
  3211 (Concat) -> 3157 (Concat)
  3211 (Concat) -> 3117 (Concat)
  3211 (Concat) -> 3135 (Slice)
  3211 (Concat) -> 3151 (Concat)
  3211 (Concat) -> 3150 (Concat)
  3211 (Concat) -> 3170 (Concat)
  3211 (Concat) -> 3138 (Concat)
  3211 (Concat) -> 3154 (Concat)
  3211 (Concat) -> 3140 (Concat)
  3211 (Concat) -> 3146 (Concat)
  3211 (Concat) -> 3125 (Concat)
  3211 (Concat) -> 3147 (Slice)
  3211 (Concat) -> 3227 (Concat)
  3211 (Concat) -> 3131 (Concat)
  3211 (Concat) -> 3178 (Concat)
  3211 (Concat) -> 3149 (Slice)
  3211 (Concat) -> 3206 (Concat)
  3211 (Concat) -> 3152 (Concat)
  3211 (Concat) -> 3243 (Concat)
  3211 (Concat) -> 3139 (Concat)
  3211 (Concat) -> 3110 (Concat)
  3211 (Concat) -> 3216 (Concat)
  3211 (Concat) -> 3153 (Concat)
  3211 (Concat) -> 3156 (Concat)
  3211 (Concat) -> 3198 (Concat)
  3211 (Concat) -> 3255 (Concat)
  3211 (Concat) -> 3159 (Concat)
  3211 (Concat) -> 3145 (Concat)
  3211 (Concat) -> 3266 (Concat)
  3211 (Concat) -> 3162 (Slice)
  3211 (Concat) -> 3158 (Concat)
  3211 (Concat) -> 3253 (Concat)
  3211 (Concat) -> 3164 (Concat)
  3211 (Concat) -> 3238 (Concat)
  3211 (Concat) -> 3240 (Concat)
  3211 (Concat) -> 3237 (Concat)
  3211 (Concat) -> 3278 (Concat)
  3211 (Concat) -> 3245 (Slice)
  3211 (Concat) -> 3246 (Slice)
  3211 (Concat) -> 3247 (Slice)
  3211 (Concat) -> 3142 (Concat)
  3211 (Concat) -> 3248 (Concat)
  3211 (Concat) -> 3249 (Concat)
  3211 (Concat) -> 3250 (Concat)
  3211 (Concat) -> 3119 (Slice)
  3211 (Concat) -> 3251 (Concat)
  3211 (Concat) -> 3167 (Concat)
  3211 (Concat) -> 3224 (Concat)
  3211 (Concat) -> 3254 (Concat)
  3211 (Concat) -> 3202 (Concat)
  3211 (Concat) -> 3259 (Slice)
  3211 (Concat) -> 3260 (Slice)
  3211 (Concat) -> 3118 (Concat)
  3211 (Concat) -> 3261 (Slice)
  3211 (Concat) -> 3271 (Concat)
  3211 (Concat) -> 3262 (Concat)
  3211 (Concat) -> 3265 (Concat)
  3211 (Concat) -> 3268 (Concat)
  3211 (Concat) -> 3205 (Slice)
  3211 (Concat) -> 3269 (Concat)
  3211 (Concat) -> 3270 (Concat)
  3211 (Concat) -> 3272 (Concat)
  3211 (Concat) -> 3273 (Slice)
  3211 (Concat) -> 3275 (Slice)
  3211 (Concat) -> 3194 (Concat)
  3211 (Concat) -> 3274 (Slice)
  3211 (Concat) -> 3276 (Concat)
  3211 (Concat) -> 3277 (Concat)
  3211 (Concat) -> 3279 (Concat)
  3211 (Concat) -> 3280 (Concat)
  3211 (Concat) -> 3281 (Concat)
  3211 (Concat) -> 3252 (Concat)
  3211 (Concat) -> 3179 (Concat)
  3211 (Concat) -> 3115 (Concat)
  3211 (Concat) -> 3258 (Concat)
  3211 (Concat) -> 3166 (Concat)
  3211 (Concat) -> 3160 (Concat)
  3211 (Concat) -> 3239 (Concat)
  3211 (Concat) -> 3137 (Concat)
  3211 (Concat) -> 3183 (Concat)
  3211 (Concat) -> 3242 (Concat)
  3211 (Concat) -> 3181 (Concat)
  3211 (Concat) -> 3129 (Concat)
  3211 (Concat) -> 3161 (Slice)
  3211 (Concat) -> 3232 (Slice)
  3211 (Concat) -> 3213 (Concat)
  3211 (Concat) -> 3114 (Concat)
  3211 (Concat) -> 3263 (Concat)
  3121 (Slice) -> 3231 (Slice)
  3121 (Slice) -> 3219 (Slice)
  3121 (Slice) -> 3236 (Concat)
  3121 (Slice) -> 3225 (Concat)
  3121 (Slice) -> 3177 (Slice)
  3121 (Slice) -> 3234 (Concat)
  3121 (Slice) -> 3190 (Slice)
  3121 (Slice) -> 3210 (Concat)
  3121 (Slice) -> 3218 (Slice)
  3121 (Slice) -> 3143 (Concat)
  3121 (Slice) -> 3168 (Concat)
  3121 (Slice) -> 3217 (Slice)
  3121 (Slice) -> 3222 (Concat)
  3121 (Slice) -> 3214 (Concat)
  3121 (Slice) -> 3211 (Concat)
  3121 (Slice) -> 3226 (Concat)
  3121 (Slice) -> 3111 (Div)
  3121 (Slice) -> 3221 (Concat)
  3121 (Slice) -> 3241 (Concat)
  3121 (Slice) -> 3209 (Concat)
  3121 (Slice) -> 3208 (Concat)
  3121 (Slice) -> 3133 (Slice)
  3121 (Slice) -> 3207 (Concat)
  3121 (Slice) -> 3204 (Slice)
  3121 (Slice) -> 3203 (Slice)
  3121 (Slice) -> 3148 (Slice)
  3121 (Slice) -> 3215 (Concat)
  3121 (Slice) -> 3199 (Concat)
  3121 (Slice) -> 3171 (Concat)
  3121 (Slice) -> 3127 (Concat)
  3121 (Slice) -> 3244 (Concat)
  3121 (Slice) -> 3196 (Concat)
  3121 (Slice) -> 3200 (Concat)
  3121 (Slice) -> 3195 (Concat)
  3121 (Slice) -> 3144 (Concat)
  3121 (Slice) -> 3264 (Concat)
  3121 (Slice) -> 3193 (Concat)
  3121 (Slice) -> 3228 (Concat)
  3121 (Slice) -> 3192 (Concat)
  3121 (Slice) -> 3201 (Concat)
  3121 (Slice) -> 3141 (Concat)
  3121 (Slice) -> 3189 (Slice)
  3121 (Slice) -> 3188 (Concat)
  3121 (Slice) -> 3233 (Slice)
  3121 (Slice) -> 3132 (Concat)
  3121 (Slice) -> 3185 (Concat)
  3121 (Slice) -> 3134 (Slice)
  3121 (Slice) -> 3182 (Concat)
  3121 (Slice) -> 3180 (Concat)
  3121 (Slice) -> 3130 (Concat)
  3121 (Slice) -> 3165 (Concat)
  3121 (Slice) -> 3176 (Slice)
  3121 (Slice) -> 3191 (Slice)
  3121 (Slice) -> 3175 (Slice)
  3121 (Slice) -> 3172 (Concat)
  3121 (Slice) -> 3173 (Concat)
  3121 (Slice) -> 3169 (Concat)
  3121 (Slice) -> 3230 (Concat)
  3121 (Slice) -> 3116 (Concat)
  3121 (Slice) -> 3267 (Concat)
  3121 (Slice) -> 3235 (Concat)
  3121 (Slice) -> 3122 (Concat)
  3121 (Slice) -> 3163 (Slice)
  3121 (Slice) -> 3212 (Concat)
  3121 (Slice) -> 3136 (Concat)
  3121 (Slice) -> 3128 (Concat)
  3121 (Slice) -> 3174 (Concat)
  3121 (Slice) -> 3155 (Concat)
  3121 (Slice) -> 3229 (Concat)
  3121 (Slice) -> 3186 (Concat)
  3121 (Slice) -> 3126 (Concat)
  3121 (Slice) -> 3120 (Slice)
  3121 (Slice) -> 3257 (Concat)
  3121 (Slice) -> 3184 (Concat)
  3121 (Slice) -> 3124 (Concat)
  3121 (Slice) -> 3256 (Concat)
  3121 (Slice) -> 3112 (Sub)
  3121 (Slice) -> 3113 (Concat)
  3121 (Slice) -> 3223 (Concat)
  3121 (Slice) -> 3197 (Concat)
  3121 (Slice) -> 3123 (Concat)
  3121 (Slice) -> 3220 (Concat)
  3121 (Slice) -> 3187 (Concat)
  3121 (Slice) -> 3157 (Concat)
  3121 (Slice) -> 3117 (Concat)
  3121 (Slice) -> 3135 (Slice)
  3121 (Slice) -> 3151 (Concat)
  3121 (Slice) -> 3150 (Concat)
  3121 (Slice) -> 3170 (Concat)
  3121 (Slice) -> 3138 (Concat)
  3121 (Slice) -> 3154 (Concat)
  3121 (Slice) -> 3140 (Concat)
  3121 (Slice) -> 3146 (Concat)
  3121 (Slice) -> 3125 (Concat)
  3121 (Slice) -> 3147 (Slice)
  3121 (Slice) -> 3227 (Concat)
  3121 (Slice) -> 3131 (Concat)
  3121 (Slice) -> 3178 (Concat)
  3121 (Slice) -> 3149 (Slice)
  3121 (Slice) -> 3206 (Concat)
  3121 (Slice) -> 3152 (Concat)
  3121 (Slice) -> 3243 (Concat)
  3121 (Slice) -> 3139 (Concat)
  3121 (Slice) -> 3110 (Concat)
  3121 (Slice) -> 3216 (Concat)
  3121 (Slice) -> 3153 (Concat)
  3121 (Slice) -> 3156 (Concat)
  3121 (Slice) -> 3198 (Concat)
  3121 (Slice) -> 3255 (Concat)
  3121 (Slice) -> 3159 (Concat)
  3121 (Slice) -> 3145 (Concat)
  3121 (Slice) -> 3266 (Concat)
  3121 (Slice) -> 3162 (Slice)
  3121 (Slice) -> 3158 (Concat)
  3121 (Slice) -> 3253 (Concat)
  3121 (Slice) -> 3164 (Concat)
  3121 (Slice) -> 3238 (Concat)
  3121 (Slice) -> 3240 (Concat)
  3121 (Slice) -> 3237 (Concat)
  3121 (Slice) -> 3278 (Concat)
  3121 (Slice) -> 3245 (Slice)
  3121 (Slice) -> 3246 (Slice)
  3121 (Slice) -> 3247 (Slice)
  3121 (Slice) -> 3142 (Concat)
  3121 (Slice) -> 3248 (Concat)
  3121 (Slice) -> 3249 (Concat)
  3121 (Slice) -> 3250 (Concat)
  3121 (Slice) -> 3119 (Slice)
  3121 (Slice) -> 3251 (Concat)
  3121 (Slice) -> 3167 (Concat)
  3121 (Slice) -> 3224 (Concat)
  3121 (Slice) -> 3254 (Concat)
  3121 (Slice) -> 3202 (Concat)
  3121 (Slice) -> 3259 (Slice)
  3121 (Slice) -> 3260 (Slice)
  3121 (Slice) -> 3118 (Concat)
  3121 (Slice) -> 3261 (Slice)
  3121 (Slice) -> 3271 (Concat)
  3121 (Slice) -> 3262 (Concat)
  3121 (Slice) -> 3265 (Concat)
  3121 (Slice) -> 3268 (Concat)
  3121 (Slice) -> 3205 (Slice)
  3121 (Slice) -> 3269 (Concat)
  3121 (Slice) -> 3270 (Concat)
  3121 (Slice) -> 3272 (Concat)
  3121 (Slice) -> 3273 (Slice)
  3121 (Slice) -> 3275 (Slice)
  3121 (Slice) -> 3194 (Concat)
  3121 (Slice) -> 3274 (Slice)
  3121 (Slice) -> 3276 (Concat)
  3121 (Slice) -> 3277 (Concat)
  3121 (Slice) -> 3279 (Concat)
  3121 (Slice) -> 3280 (Concat)
  3121 (Slice) -> 3281 (Concat)
  3121 (Slice) -> 3252 (Concat)
  3121 (Slice) -> 3179 (Concat)
  3121 (Slice) -> 3115 (Concat)
  3121 (Slice) -> 3258 (Concat)
  3121 (Slice) -> 3166 (Concat)
  3121 (Slice) -> 3160 (Concat)
  3121 (Slice) -> 3239 (Concat)
  3121 (Slice) -> 3137 (Concat)
  3121 (Slice) -> 3183 (Concat)
  3121 (Slice) -> 3242 (Concat)
  3121 (Slice) -> 3181 (Concat)
  3121 (Slice) -> 3129 (Concat)
  3121 (Slice) -> 3161 (Slice)
  3121 (Slice) -> 3232 (Slice)
  3121 (Slice) -> 3213 (Concat)
  3121 (Slice) -> 3114 (Concat)
  3121 (Slice) -> 3263 (Concat)
  3226 (Concat) -> 3231 (Slice)
  3226 (Concat) -> 3219 (Slice)
  3226 (Concat) -> 3236 (Concat)
  3226 (Concat) -> 3225 (Concat)
  3226 (Concat) -> 3177 (Slice)
  3226 (Concat) -> 3234 (Concat)
  3226 (Concat) -> 3190 (Slice)
  3226 (Concat) -> 3210 (Concat)
  3226 (Concat) -> 3218 (Slice)
  3226 (Concat) -> 3143 (Concat)
  3226 (Concat) -> 3168 (Concat)
  3226 (Concat) -> 3217 (Slice)
  3226 (Concat) -> 3222 (Concat)
  3226 (Concat) -> 3214 (Concat)
  3226 (Concat) -> 3211 (Concat)
  3226 (Concat) -> 3121 (Slice)
  3226 (Concat) -> 3111 (Div)
  3226 (Concat) -> 3221 (Concat)
  3226 (Concat) -> 3241 (Concat)
  3226 (Concat) -> 3209 (Concat)
  3226 (Concat) -> 3208 (Concat)
  3226 (Concat) -> 3133 (Slice)
  3226 (Concat) -> 3207 (Concat)
  3226 (Concat) -> 3204 (Slice)
  3226 (Concat) -> 3203 (Slice)
  3226 (Concat) -> 3148 (Slice)
  3226 (Concat) -> 3215 (Concat)
  3226 (Concat) -> 3199 (Concat)
  3226 (Concat) -> 3171 (Concat)
  3226 (Concat) -> 3127 (Concat)
  3226 (Concat) -> 3244 (Concat)
  3226 (Concat) -> 3196 (Concat)
  3226 (Concat) -> 3200 (Concat)
  3226 (Concat) -> 3195 (Concat)
  3226 (Concat) -> 3144 (Concat)
  3226 (Concat) -> 3264 (Concat)
  3226 (Concat) -> 3193 (Concat)
  3226 (Concat) -> 3228 (Concat)
  3226 (Concat) -> 3192 (Concat)
  3226 (Concat) -> 3201 (Concat)
  3226 (Concat) -> 3141 (Concat)
  3226 (Concat) -> 3189 (Slice)
  3226 (Concat) -> 3188 (Concat)
  3226 (Concat) -> 3233 (Slice)
  3226 (Concat) -> 3132 (Concat)
  3226 (Concat) -> 3185 (Concat)
  3226 (Concat) -> 3134 (Slice)
  3226 (Concat) -> 3182 (Concat)
  3226 (Concat) -> 3180 (Concat)
  3226 (Concat) -> 3130 (Concat)
  3226 (Concat) -> 3165 (Concat)
  3226 (Concat) -> 3176 (Slice)
  3226 (Concat) -> 3191 (Slice)
  3226 (Concat) -> 3175 (Slice)
  3226 (Concat) -> 3172 (Concat)
  3226 (Concat) -> 3173 (Concat)
  3226 (Concat) -> 3169 (Concat)
  3226 (Concat) -> 3230 (Concat)
  3226 (Concat) -> 3116 (Concat)
  3226 (Concat) -> 3267 (Concat)
  3226 (Concat) -> 3235 (Concat)
  3226 (Concat) -> 3122 (Concat)
  3226 (Concat) -> 3163 (Slice)
  3226 (Concat) -> 3212 (Concat)
  3226 (Concat) -> 3136 (Concat)
  3226 (Concat) -> 3128 (Concat)
  3226 (Concat) -> 3174 (Concat)
  3226 (Concat) -> 3155 (Concat)
  3226 (Concat) -> 3229 (Concat)
  3226 (Concat) -> 3186 (Concat)
  3226 (Concat) -> 3126 (Concat)
  3226 (Concat) -> 3120 (Slice)
  3226 (Concat) -> 3257 (Concat)
  3226 (Concat) -> 3184 (Concat)
  3226 (Concat) -> 3124 (Concat)
  3226 (Concat) -> 3256 (Concat)
  3226 (Concat) -> 3112 (Sub)
  3226 (Concat) -> 3113 (Concat)
  3226 (Concat) -> 3223 (Concat)
  3226 (Concat) -> 3197 (Concat)
  3226 (Concat) -> 3123 (Concat)
  3226 (Concat) -> 3220 (Concat)
  3226 (Concat) -> 3187 (Concat)
  3226 (Concat) -> 3157 (Concat)
  3226 (Concat) -> 3117 (Concat)
  3226 (Concat) -> 3135 (Slice)
  3226 (Concat) -> 3151 (Concat)
  3226 (Concat) -> 3150 (Concat)
  3226 (Concat) -> 3170 (Concat)
  3226 (Concat) -> 3138 (Concat)
  3226 (Concat) -> 3154 (Concat)
  3226 (Concat) -> 3140 (Concat)
  3226 (Concat) -> 3146 (Concat)
  3226 (Concat) -> 3125 (Concat)
  3226 (Concat) -> 3147 (Slice)
  3226 (Concat) -> 3227 (Concat)
  3226 (Concat) -> 3131 (Concat)
  3226 (Concat) -> 3178 (Concat)
  3226 (Concat) -> 3149 (Slice)
  3226 (Concat) -> 3206 (Concat)
  3226 (Concat) -> 3152 (Concat)
  3226 (Concat) -> 3243 (Concat)
  3226 (Concat) -> 3139 (Concat)
  3226 (Concat) -> 3110 (Concat)
  3226 (Concat) -> 3216 (Concat)
  3226 (Concat) -> 3153 (Concat)
  3226 (Concat) -> 3156 (Concat)
  3226 (Concat) -> 3198 (Concat)
  3226 (Concat) -> 3255 (Concat)
  3226 (Concat) -> 3159 (Concat)
  3226 (Concat) -> 3145 (Concat)
  3226 (Concat) -> 3266 (Concat)
  3226 (Concat) -> 3162 (Slice)
  3226 (Concat) -> 3158 (Concat)
  3226 (Concat) -> 3253 (Concat)
  3226 (Concat) -> 3164 (Concat)
  3226 (Concat) -> 3238 (Concat)
  3226 (Concat) -> 3240 (Concat)
  3226 (Concat) -> 3237 (Concat)
  3226 (Concat) -> 3278 (Concat)
  3226 (Concat) -> 3245 (Slice)
  3226 (Concat) -> 3246 (Slice)
  3226 (Concat) -> 3247 (Slice)
  3226 (Concat) -> 3142 (Concat)
  3226 (Concat) -> 3248 (Concat)
  3226 (Concat) -> 3249 (Concat)
  3226 (Concat) -> 3250 (Concat)
  3226 (Concat) -> 3119 (Slice)
  3226 (Concat) -> 3251 (Concat)
  3226 (Concat) -> 3167 (Concat)
  3226 (Concat) -> 3224 (Concat)
  3226 (Concat) -> 3254 (Concat)
  3226 (Concat) -> 3202 (Concat)
  3226 (Concat) -> 3259 (Slice)
  3226 (Concat) -> 3260 (Slice)
  3226 (Concat) -> 3118 (Concat)
  3226 (Concat) -> 3261 (Slice)
  3226 (Concat) -> 3271 (Concat)
  3226 (Concat) -> 3262 (Concat)
  3226 (Concat) -> 3265 (Concat)
  3226 (Concat) -> 3268 (Concat)
  3226 (Concat) -> 3205 (Slice)
  3226 (Concat) -> 3269 (Concat)
  3226 (Concat) -> 3270 (Concat)
  3226 (Concat) -> 3272 (Concat)
  3226 (Concat) -> 3273 (Slice)
  3226 (Concat) -> 3275 (Slice)
  3226 (Concat) -> 3194 (Concat)
  3226 (Concat) -> 3274 (Slice)
  3226 (Concat) -> 3276 (Concat)
  3226 (Concat) -> 3277 (Concat)
  3226 (Concat) -> 3279 (Concat)
  3226 (Concat) -> 3280 (Concat)
  3226 (Concat) -> 3281 (Concat)
  3226 (Concat) -> 3252 (Concat)
  3226 (Concat) -> 3179 (Concat)
  3226 (Concat) -> 3115 (Concat)
  3226 (Concat) -> 3258 (Concat)
  3226 (Concat) -> 3166 (Concat)
  3226 (Concat) -> 3160 (Concat)
  3226 (Concat) -> 3239 (Concat)
  3226 (Concat) -> 3137 (Concat)
  3226 (Concat) -> 3183 (Concat)
  3226 (Concat) -> 3242 (Concat)
  3226 (Concat) -> 3181 (Concat)
  3226 (Concat) -> 3129 (Concat)
  3226 (Concat) -> 3161 (Slice)
  3226 (Concat) -> 3232 (Slice)
  3226 (Concat) -> 3213 (Concat)
  3226 (Concat) -> 3114 (Concat)
  3226 (Concat) -> 3263 (Concat)
  3111 (Div) -> 3231 (Slice)
  3111 (Div) -> 3219 (Slice)
  3111 (Div) -> 3236 (Concat)
  3111 (Div) -> 3225 (Concat)
  3111 (Div) -> 3177 (Slice)
  3111 (Div) -> 3234 (Concat)
  3111 (Div) -> 3190 (Slice)
  3111 (Div) -> 3210 (Concat)
  3111 (Div) -> 3218 (Slice)
  3111 (Div) -> 3143 (Concat)
  3111 (Div) -> 3168 (Concat)
  3111 (Div) -> 3217 (Slice)
  3111 (Div) -> 3222 (Concat)
  3111 (Div) -> 3214 (Concat)
  3111 (Div) -> 3211 (Concat)
  3111 (Div) -> 3121 (Slice)
  3111 (Div) -> 3226 (Concat)
  3111 (Div) -> 3221 (Concat)
  3111 (Div) -> 3241 (Concat)
  3111 (Div) -> 3209 (Concat)
  3111 (Div) -> 3208 (Concat)
  3111 (Div) -> 3133 (Slice)
  3111 (Div) -> 3207 (Concat)
  3111 (Div) -> 3204 (Slice)
  3111 (Div) -> 3203 (Slice)
  3111 (Div) -> 3148 (Slice)
  3111 (Div) -> 3215 (Concat)
  3111 (Div) -> 3199 (Concat)
  3111 (Div) -> 3171 (Concat)
  3111 (Div) -> 3127 (Concat)
  3111 (Div) -> 3244 (Concat)
  3111 (Div) -> 3196 (Concat)
  3111 (Div) -> 3200 (Concat)
  3111 (Div) -> 3195 (Concat)
  3111 (Div) -> 3144 (Concat)
  3111 (Div) -> 3264 (Concat)
  3111 (Div) -> 3193 (Concat)
  3111 (Div) -> 3228 (Concat)
  3111 (Div) -> 3192 (Concat)
  3111 (Div) -> 3201 (Concat)
  3111 (Div) -> 3141 (Concat)
  3111 (Div) -> 3189 (Slice)
  3111 (Div) -> 3188 (Concat)
  3111 (Div) -> 3233 (Slice)
  3111 (Div) -> 3132 (Concat)
  3111 (Div) -> 3185 (Concat)
  3111 (Div) -> 3134 (Slice)
  3111 (Div) -> 3182 (Concat)
  3111 (Div) -> 3180 (Concat)
  3111 (Div) -> 3130 (Concat)
  3111 (Div) -> 3165 (Concat)
  3111 (Div) -> 3176 (Slice)
  3111 (Div) -> 3191 (Slice)
  3111 (Div) -> 3175 (Slice)
  3111 (Div) -> 3172 (Concat)
  3111 (Div) -> 3173 (Concat)
  3111 (Div) -> 3169 (Concat)
  3111 (Div) -> 3230 (Concat)
  3111 (Div) -> 3116 (Concat)
  3111 (Div) -> 3267 (Concat)
  3111 (Div) -> 3235 (Concat)
  3111 (Div) -> 3122 (Concat)
  3111 (Div) -> 3163 (Slice)
  3111 (Div) -> 3212 (Concat)
  3111 (Div) -> 3136 (Concat)
  3111 (Div) -> 3128 (Concat)
  3111 (Div) -> 3174 (Concat)
  3111 (Div) -> 3155 (Concat)
  3111 (Div) -> 3229 (Concat)
  3111 (Div) -> 3186 (Concat)
  3111 (Div) -> 3126 (Concat)
  3111 (Div) -> 3120 (Slice)
  3111 (Div) -> 3257 (Concat)
  3111 (Div) -> 3184 (Concat)
  3111 (Div) -> 3124 (Concat)
  3111 (Div) -> 3256 (Concat)
  3111 (Div) -> 3112 (Sub)
  3111 (Div) -> 3113 (Concat)
  3111 (Div) -> 3223 (Concat)
  3111 (Div) -> 3197 (Concat)
  3111 (Div) -> 3123 (Concat)
  3111 (Div) -> 3220 (Concat)
  3111 (Div) -> 3187 (Concat)
  3111 (Div) -> 3157 (Concat)
  3111 (Div) -> 3117 (Concat)
  3111 (Div) -> 3135 (Slice)
  3111 (Div) -> 3151 (Concat)
  3111 (Div) -> 3150 (Concat)
  3111 (Div) -> 3170 (Concat)
  3111 (Div) -> 3138 (Concat)
  3111 (Div) -> 3154 (Concat)
  3111 (Div) -> 3140 (Concat)
  3111 (Div) -> 3146 (Concat)
  3111 (Div) -> 3125 (Concat)
  3111 (Div) -> 3147 (Slice)
  3111 (Div) -> 3227 (Concat)
  3111 (Div) -> 3131 (Concat)
  3111 (Div) -> 3178 (Concat)
  3111 (Div) -> 3149 (Slice)
  3111 (Div) -> 3206 (Concat)
  3111 (Div) -> 3152 (Concat)
  3111 (Div) -> 3243 (Concat)
  3111 (Div) -> 3139 (Concat)
  3111 (Div) -> 3110 (Concat)
  3111 (Div) -> 3216 (Concat)
  3111 (Div) -> 3153 (Concat)
  3111 (Div) -> 3156 (Concat)
  3111 (Div) -> 3198 (Concat)
  3111 (Div) -> 3255 (Concat)
  3111 (Div) -> 3159 (Concat)
  3111 (Div) -> 3145 (Concat)
  3111 (Div) -> 3266 (Concat)
  3111 (Div) -> 3162 (Slice)
  3111 (Div) -> 3158 (Concat)
  3111 (Div) -> 3253 (Concat)
  3111 (Div) -> 3164 (Concat)
  3111 (Div) -> 3238 (Concat)
  3111 (Div) -> 3240 (Concat)
  3111 (Div) -> 3237 (Concat)
  3111 (Div) -> 3278 (Concat)
  3111 (Div) -> 3245 (Slice)
  3111 (Div) -> 3246 (Slice)
  3111 (Div) -> 3247 (Slice)
  3111 (Div) -> 3142 (Concat)
  3111 (Div) -> 3248 (Concat)
  3111 (Div) -> 3249 (Concat)
  3111 (Div) -> 3250 (Concat)
  3111 (Div) -> 3119 (Slice)
  3111 (Div) -> 3251 (Concat)
  3111 (Div) -> 3167 (Concat)
  3111 (Div) -> 3224 (Concat)
  3111 (Div) -> 3254 (Concat)
  3111 (Div) -> 3202 (Concat)
  3111 (Div) -> 3259 (Slice)
  3111 (Div) -> 3260 (Slice)
  3111 (Div) -> 3118 (Concat)
  3111 (Div) -> 3261 (Slice)
  3111 (Div) -> 3271 (Concat)
  3111 (Div) -> 3262 (Concat)
  3111 (Div) -> 3265 (Concat)
  3111 (Div) -> 3268 (Concat)
  3111 (Div) -> 3205 (Slice)
  3111 (Div) -> 3269 (Concat)
  3111 (Div) -> 3270 (Concat)
  3111 (Div) -> 3272 (Concat)
  3111 (Div) -> 3273 (Slice)
  3111 (Div) -> 3275 (Slice)
  3111 (Div) -> 3194 (Concat)
  3111 (Div) -> 3274 (Slice)
  3111 (Div) -> 3276 (Concat)
  3111 (Div) -> 3277 (Concat)
  3111 (Div) -> 3279 (Concat)
  3111 (Div) -> 3280 (Concat)
  3111 (Div) -> 3281 (Concat)
  3111 (Div) -> 3252 (Concat)
  3111 (Div) -> 3179 (Concat)
  3111 (Div) -> 3115 (Concat)
  3111 (Div) -> 3258 (Concat)
  3111 (Div) -> 3166 (Concat)
  3111 (Div) -> 3160 (Concat)
  3111 (Div) -> 3239 (Concat)
  3111 (Div) -> 3137 (Concat)
  3111 (Div) -> 3183 (Concat)
  3111 (Div) -> 3242 (Concat)
  3111 (Div) -> 3181 (Concat)
  3111 (Div) -> 3129 (Concat)
  3111 (Div) -> 3161 (Slice)
  3111 (Div) -> 3232 (Slice)
  3111 (Div) -> 3213 (Concat)
  3111 (Div) -> 3114 (Concat)
  3111 (Div) -> 3263 (Concat)
  3221 (Concat) -> 3231 (Slice)
  3221 (Concat) -> 3219 (Slice)
  3221 (Concat) -> 3236 (Concat)
  3221 (Concat) -> 3225 (Concat)
  3221 (Concat) -> 3177 (Slice)
  3221 (Concat) -> 3234 (Concat)
  3221 (Concat) -> 3190 (Slice)
  3221 (Concat) -> 3210 (Concat)
  3221 (Concat) -> 3218 (Slice)
  3221 (Concat) -> 3143 (Concat)
  3221 (Concat) -> 3168 (Concat)
  3221 (Concat) -> 3217 (Slice)
  3221 (Concat) -> 3222 (Concat)
  3221 (Concat) -> 3214 (Concat)
  3221 (Concat) -> 3211 (Concat)
  3221 (Concat) -> 3121 (Slice)
  3221 (Concat) -> 3226 (Concat)
  3221 (Concat) -> 3111 (Div)
  3221 (Concat) -> 3241 (Concat)
  3221 (Concat) -> 3209 (Concat)
  3221 (Concat) -> 3208 (Concat)
  3221 (Concat) -> 3133 (Slice)
  3221 (Concat) -> 3207 (Concat)
  3221 (Concat) -> 3204 (Slice)
  3221 (Concat) -> 3203 (Slice)
  3221 (Concat) -> 3148 (Slice)
  3221 (Concat) -> 3215 (Concat)
  3221 (Concat) -> 3199 (Concat)
  3221 (Concat) -> 3171 (Concat)
  3221 (Concat) -> 3127 (Concat)
  3221 (Concat) -> 3244 (Concat)
  3221 (Concat) -> 3196 (Concat)
  3221 (Concat) -> 3200 (Concat)
  3221 (Concat) -> 3195 (Concat)
  3221 (Concat) -> 3144 (Concat)
  3221 (Concat) -> 3264 (Concat)
  3221 (Concat) -> 3193 (Concat)
  3221 (Concat) -> 3228 (Concat)
  3221 (Concat) -> 3192 (Concat)
  3221 (Concat) -> 3201 (Concat)
  3221 (Concat) -> 3141 (Concat)
  3221 (Concat) -> 3189 (Slice)
  3221 (Concat) -> 3188 (Concat)
  3221 (Concat) -> 3233 (Slice)
  3221 (Concat) -> 3132 (Concat)
  3221 (Concat) -> 3185 (Concat)
  3221 (Concat) -> 3134 (Slice)
  3221 (Concat) -> 3182 (Concat)
  3221 (Concat) -> 3180 (Concat)
  3221 (Concat) -> 3130 (Concat)
  3221 (Concat) -> 3165 (Concat)
  3221 (Concat) -> 3176 (Slice)
  3221 (Concat) -> 3191 (Slice)
  3221 (Concat) -> 3175 (Slice)
  3221 (Concat) -> 3172 (Concat)
  3221 (Concat) -> 3173 (Concat)
  3221 (Concat) -> 3169 (Concat)
  3221 (Concat) -> 3230 (Concat)
  3221 (Concat) -> 3116 (Concat)
  3221 (Concat) -> 3267 (Concat)
  3221 (Concat) -> 3235 (Concat)
  3221 (Concat) -> 3122 (Concat)
  3221 (Concat) -> 3163 (Slice)
  3221 (Concat) -> 3212 (Concat)
  3221 (Concat) -> 3136 (Concat)
  3221 (Concat) -> 3128 (Concat)
  3221 (Concat) -> 3174 (Concat)
  3221 (Concat) -> 3155 (Concat)
  3221 (Concat) -> 3229 (Concat)
  3221 (Concat) -> 3186 (Concat)
  3221 (Concat) -> 3126 (Concat)
  3221 (Concat) -> 3120 (Slice)
  3221 (Concat) -> 3257 (Concat)
  3221 (Concat) -> 3184 (Concat)
  3221 (Concat) -> 3124 (Concat)
  3221 (Concat) -> 3256 (Concat)
  3221 (Concat) -> 3112 (Sub)
  3221 (Concat) -> 3113 (Concat)
  3221 (Concat) -> 3223 (Concat)
  3221 (Concat) -> 3197 (Concat)
  3221 (Concat) -> 3123 (Concat)
  3221 (Concat) -> 3220 (Concat)
  3221 (Concat) -> 3187 (Concat)
  3221 (Concat) -> 3157 (Concat)
  3221 (Concat) -> 3117 (Concat)
  3221 (Concat) -> 3135 (Slice)
  3221 (Concat) -> 3151 (Concat)
  3221 (Concat) -> 3150 (Concat)
  3221 (Concat) -> 3170 (Concat)
  3221 (Concat) -> 3138 (Concat)
  3221 (Concat) -> 3154 (Concat)
  3221 (Concat) -> 3140 (Concat)
  3221 (Concat) -> 3146 (Concat)
  3221 (Concat) -> 3125 (Concat)
  3221 (Concat) -> 3147 (Slice)
  3221 (Concat) -> 3227 (Concat)
  3221 (Concat) -> 3131 (Concat)
  3221 (Concat) -> 3178 (Concat)
  3221 (Concat) -> 3149 (Slice)
  3221 (Concat) -> 3206 (Concat)
  3221 (Concat) -> 3152 (Concat)
  3221 (Concat) -> 3243 (Concat)
  3221 (Concat) -> 3139 (Concat)
  3221 (Concat) -> 3110 (Concat)
  3221 (Concat) -> 3216 (Concat)
  3221 (Concat) -> 3153 (Concat)
  3221 (Concat) -> 3156 (Concat)
  3221 (Concat) -> 3198 (Concat)
  3221 (Concat) -> 3255 (Concat)
  3221 (Concat) -> 3159 (Concat)
  3221 (Concat) -> 3145 (Concat)
  3221 (Concat) -> 3266 (Concat)
  3221 (Concat) -> 3162 (Slice)
  3221 (Concat) -> 3158 (Concat)
  3221 (Concat) -> 3253 (Concat)
  3221 (Concat) -> 3164 (Concat)
  3221 (Concat) -> 3238 (Concat)
  3221 (Concat) -> 3240 (Concat)
  3221 (Concat) -> 3237 (Concat)
  3221 (Concat) -> 3278 (Concat)
  3221 (Concat) -> 3245 (Slice)
  3221 (Concat) -> 3246 (Slice)
  3221 (Concat) -> 3247 (Slice)
  3221 (Concat) -> 3142 (Concat)
  3221 (Concat) -> 3248 (Concat)
  3221 (Concat) -> 3249 (Concat)
  3221 (Concat) -> 3250 (Concat)
  3221 (Concat) -> 3119 (Slice)
  3221 (Concat) -> 3251 (Concat)
  3221 (Concat) -> 3167 (Concat)
  3221 (Concat) -> 3224 (Concat)
  3221 (Concat) -> 3254 (Concat)
  3221 (Concat) -> 3202 (Concat)
  3221 (Concat) -> 3259 (Slice)
  3221 (Concat) -> 3260 (Slice)
  3221 (Concat) -> 3118 (Concat)
  3221 (Concat) -> 3261 (Slice)
  3221 (Concat) -> 3271 (Concat)
  3221 (Concat) -> 3262 (Concat)
  3221 (Concat) -> 3265 (Concat)
  3221 (Concat) -> 3268 (Concat)
  3221 (Concat) -> 3205 (Slice)
  3221 (Concat) -> 3269 (Concat)
  3221 (Concat) -> 3270 (Concat)
  3221 (Concat) -> 3272 (Concat)
  3221 (Concat) -> 3273 (Slice)
  3221 (Concat) -> 3275 (Slice)
  3221 (Concat) -> 3194 (Concat)
  3221 (Concat) -> 3274 (Slice)
  3221 (Concat) -> 3276 (Concat)
  3221 (Concat) -> 3277 (Concat)
  3221 (Concat) -> 3279 (Concat)
  3221 (Concat) -> 3280 (Concat)
  3221 (Concat) -> 3281 (Concat)
  3221 (Concat) -> 3252 (Concat)
  3221 (Concat) -> 3179 (Concat)
  3221 (Concat) -> 3115 (Concat)
  3221 (Concat) -> 3258 (Concat)
  3221 (Concat) -> 3166 (Concat)
  3221 (Concat) -> 3160 (Concat)
  3221 (Concat) -> 3239 (Concat)
  3221 (Concat) -> 3137 (Concat)
  3221 (Concat) -> 3183 (Concat)
  3221 (Concat) -> 3242 (Concat)
  3221 (Concat) -> 3181 (Concat)
  3221 (Concat) -> 3129 (Concat)
  3221 (Concat) -> 3161 (Slice)
  3221 (Concat) -> 3232 (Slice)
  3221 (Concat) -> 3213 (Concat)
  3221 (Concat) -> 3114 (Concat)
  3221 (Concat) -> 3263 (Concat)
  3241 (Concat) -> 3231 (Slice)
  3241 (Concat) -> 3219 (Slice)
  3241 (Concat) -> 3236 (Concat)
  3241 (Concat) -> 3225 (Concat)
  3241 (Concat) -> 3177 (Slice)
  3241 (Concat) -> 3234 (Concat)
  3241 (Concat) -> 3190 (Slice)
  3241 (Concat) -> 3210 (Concat)
  3241 (Concat) -> 3218 (Slice)
  3241 (Concat) -> 3143 (Concat)
  3241 (Concat) -> 3168 (Concat)
  3241 (Concat) -> 3217 (Slice)
  3241 (Concat) -> 3222 (Concat)
  3241 (Concat) -> 3214 (Concat)
  3241 (Concat) -> 3211 (Concat)
  3241 (Concat) -> 3121 (Slice)
  3241 (Concat) -> 3226 (Concat)
  3241 (Concat) -> 3111 (Div)
  3241 (Concat) -> 3221 (Concat)
  3241 (Concat) -> 3209 (Concat)
  3241 (Concat) -> 3208 (Concat)
  3241 (Concat) -> 3133 (Slice)
  3241 (Concat) -> 3207 (Concat)
  3241 (Concat) -> 3204 (Slice)
  3241 (Concat) -> 3203 (Slice)
  3241 (Concat) -> 3148 (Slice)
  3241 (Concat) -> 3215 (Concat)
  3241 (Concat) -> 3199 (Concat)
  3241 (Concat) -> 3171 (Concat)
  3241 (Concat) -> 3127 (Concat)
  3241 (Concat) -> 3244 (Concat)
  3241 (Concat) -> 3196 (Concat)
  3241 (Concat) -> 3200 (Concat)
  3241 (Concat) -> 3195 (Concat)
  3241 (Concat) -> 3144 (Concat)
  3241 (Concat) -> 3264 (Concat)
  3241 (Concat) -> 3193 (Concat)
  3241 (Concat) -> 3228 (Concat)
  3241 (Concat) -> 3192 (Concat)
  3241 (Concat) -> 3201 (Concat)
  3241 (Concat) -> 3141 (Concat)
  3241 (Concat) -> 3189 (Slice)
  3241 (Concat) -> 3188 (Concat)
  3241 (Concat) -> 3233 (Slice)
  3241 (Concat) -> 3132 (Concat)
  3241 (Concat) -> 3185 (Concat)
  3241 (Concat) -> 3134 (Slice)
  3241 (Concat) -> 3182 (Concat)
  3241 (Concat) -> 3180 (Concat)
  3241 (Concat) -> 3130 (Concat)
  3241 (Concat) -> 3165 (Concat)
  3241 (Concat) -> 3176 (Slice)
  3241 (Concat) -> 3191 (Slice)
  3241 (Concat) -> 3175 (Slice)
  3241 (Concat) -> 3172 (Concat)
  3241 (Concat) -> 3173 (Concat)
  3241 (Concat) -> 3169 (Concat)
  3241 (Concat) -> 3230 (Concat)
  3241 (Concat) -> 3116 (Concat)
  3241 (Concat) -> 3267 (Concat)
  3241 (Concat) -> 3235 (Concat)
  3241 (Concat) -> 3122 (Concat)
  3241 (Concat) -> 3163 (Slice)
  3241 (Concat) -> 3212 (Concat)
  3241 (Concat) -> 3136 (Concat)
  3241 (Concat) -> 3128 (Concat)
  3241 (Concat) -> 3174 (Concat)
  3241 (Concat) -> 3155 (Concat)
  3241 (Concat) -> 3229 (Concat)
  3241 (Concat) -> 3186 (Concat)
  3241 (Concat) -> 3126 (Concat)
  3241 (Concat) -> 3120 (Slice)
  3241 (Concat) -> 3257 (Concat)
  3241 (Concat) -> 3184 (Concat)
  3241 (Concat) -> 3124 (Concat)
  3241 (Concat) -> 3256 (Concat)
  3241 (Concat) -> 3112 (Sub)
  3241 (Concat) -> 3113 (Concat)
  3241 (Concat) -> 3223 (Concat)
  3241 (Concat) -> 3197 (Concat)
  3241 (Concat) -> 3123 (Concat)
  3241 (Concat) -> 3220 (Concat)
  3241 (Concat) -> 3187 (Concat)
  3241 (Concat) -> 3157 (Concat)
  3241 (Concat) -> 3117 (Concat)
  3241 (Concat) -> 3135 (Slice)
  3241 (Concat) -> 3151 (Concat)
  3241 (Concat) -> 3150 (Concat)
  3241 (Concat) -> 3170 (Concat)
  3241 (Concat) -> 3138 (Concat)
  3241 (Concat) -> 3154 (Concat)
  3241 (Concat) -> 3140 (Concat)
  3241 (Concat) -> 3146 (Concat)
  3241 (Concat) -> 3125 (Concat)
  3241 (Concat) -> 3147 (Slice)
  3241 (Concat) -> 3227 (Concat)
  3241 (Concat) -> 3131 (Concat)
  3241 (Concat) -> 3178 (Concat)
  3241 (Concat) -> 3149 (Slice)
  3241 (Concat) -> 3206 (Concat)
  3241 (Concat) -> 3152 (Concat)
  3241 (Concat) -> 3243 (Concat)
  3241 (Concat) -> 3139 (Concat)
  3241 (Concat) -> 3110 (Concat)
  3241 (Concat) -> 3216 (Concat)
  3241 (Concat) -> 3153 (Concat)
  3241 (Concat) -> 3156 (Concat)
  3241 (Concat) -> 3198 (Concat)
  3241 (Concat) -> 3255 (Concat)
  3241 (Concat) -> 3159 (Concat)
  3241 (Concat) -> 3145 (Concat)
  3241 (Concat) -> 3266 (Concat)
  3241 (Concat) -> 3162 (Slice)
  3241 (Concat) -> 3158 (Concat)
  3241 (Concat) -> 3253 (Concat)
  3241 (Concat) -> 3164 (Concat)
  3241 (Concat) -> 3238 (Concat)
  3241 (Concat) -> 3240 (Concat)
  3241 (Concat) -> 3237 (Concat)
  3241 (Concat) -> 3278 (Concat)
  3241 (Concat) -> 3245 (Slice)
  3241 (Concat) -> 3246 (Slice)
  3241 (Concat) -> 3247 (Slice)
  3241 (Concat) -> 3142 (Concat)
  3241 (Concat) -> 3248 (Concat)
  3241 (Concat) -> 3249 (Concat)
  3241 (Concat) -> 3250 (Concat)
  3241 (Concat) -> 3119 (Slice)
  3241 (Concat) -> 3251 (Concat)
  3241 (Concat) -> 3167 (Concat)
  3241 (Concat) -> 3224 (Concat)
  3241 (Concat) -> 3254 (Concat)
  3241 (Concat) -> 3202 (Concat)
  3241 (Concat) -> 3259 (Slice)
  3241 (Concat) -> 3260 (Slice)
  3241 (Concat) -> 3118 (Concat)
  3241 (Concat) -> 3261 (Slice)
  3241 (Concat) -> 3271 (Concat)
  3241 (Concat) -> 3262 (Concat)
  3241 (Concat) -> 3265 (Concat)
  3241 (Concat) -> 3268 (Concat)
  3241 (Concat) -> 3205 (Slice)
  3241 (Concat) -> 3269 (Concat)
  3241 (Concat) -> 3270 (Concat)
  3241 (Concat) -> 3272 (Concat)
  3241 (Concat) -> 3273 (Slice)
  3241 (Concat) -> 3275 (Slice)
  3241 (Concat) -> 3194 (Concat)
  3241 (Concat) -> 3274 (Slice)
  3241 (Concat) -> 3276 (Concat)
  3241 (Concat) -> 3277 (Concat)
  3241 (Concat) -> 3279 (Concat)
  3241 (Concat) -> 3280 (Concat)
  3241 (Concat) -> 3281 (Concat)
  3241 (Concat) -> 3252 (Concat)
  3241 (Concat) -> 3179 (Concat)
  3241 (Concat) -> 3115 (Concat)
  3241 (Concat) -> 3258 (Concat)
  3241 (Concat) -> 3166 (Concat)
  3241 (Concat) -> 3160 (Concat)
  3241 (Concat) -> 3239 (Concat)
  3241 (Concat) -> 3137 (Concat)
  3241 (Concat) -> 3183 (Concat)
  3241 (Concat) -> 3242 (Concat)
  3241 (Concat) -> 3181 (Concat)
  3241 (Concat) -> 3129 (Concat)
  3241 (Concat) -> 3161 (Slice)
  3241 (Concat) -> 3232 (Slice)
  3241 (Concat) -> 3213 (Concat)
  3241 (Concat) -> 3114 (Concat)
  3241 (Concat) -> 3263 (Concat)
  h.8.attn (Slice) -> h.9.attn (Slice)
  h.8.attn (Slice) -> h.4.attn (Slice)
  h.8.attn (Slice) -> h.1.attn (Slice)
  h.8.attn (Slice) -> h.11.attn (Slice)
  h.8.attn (Slice) -> h.7.attn (Slice)
  h.8.attn (Slice) -> h.0.attn (Slice)
  h.8.attn (Slice) -> h.2.attn (Slice)
  h.8.attn (Slice) -> h.3.attn (Slice)
  h.8.attn (Slice) -> h.10.attn (Slice)
  h.8.attn (Slice) -> h.5.attn (Slice)
  h.8.attn (Slice) -> h.6.attn (Slice)
  3209 (Concat) -> 3231 (Slice)
  3209 (Concat) -> 3219 (Slice)
  3209 (Concat) -> 3236 (Concat)
  3209 (Concat) -> 3225 (Concat)
  3209 (Concat) -> 3177 (Slice)
  3209 (Concat) -> 3234 (Concat)
  3209 (Concat) -> 3190 (Slice)
  3209 (Concat) -> 3210 (Concat)
  3209 (Concat) -> 3218 (Slice)
  3209 (Concat) -> 3143 (Concat)
  3209 (Concat) -> 3168 (Concat)
  3209 (Concat) -> 3217 (Slice)
  3209 (Concat) -> 3222 (Concat)
  3209 (Concat) -> 3214 (Concat)
  3209 (Concat) -> 3211 (Concat)
  3209 (Concat) -> 3121 (Slice)
  3209 (Concat) -> 3226 (Concat)
  3209 (Concat) -> 3111 (Div)
  3209 (Concat) -> 3221 (Concat)
  3209 (Concat) -> 3241 (Concat)
  3209 (Concat) -> 3208 (Concat)
  3209 (Concat) -> 3133 (Slice)
  3209 (Concat) -> 3207 (Concat)
  3209 (Concat) -> 3204 (Slice)
  3209 (Concat) -> 3203 (Slice)
  3209 (Concat) -> 3148 (Slice)
  3209 (Concat) -> 3215 (Concat)
  3209 (Concat) -> 3199 (Concat)
  3209 (Concat) -> 3171 (Concat)
  3209 (Concat) -> 3127 (Concat)
  3209 (Concat) -> 3244 (Concat)
  3209 (Concat) -> 3196 (Concat)
  3209 (Concat) -> 3200 (Concat)
  3209 (Concat) -> 3195 (Concat)
  3209 (Concat) -> 3144 (Concat)
  3209 (Concat) -> 3264 (Concat)
  3209 (Concat) -> 3193 (Concat)
  3209 (Concat) -> 3228 (Concat)
  3209 (Concat) -> 3192 (Concat)
  3209 (Concat) -> 3201 (Concat)
  3209 (Concat) -> 3141 (Concat)
  3209 (Concat) -> 3189 (Slice)
  3209 (Concat) -> 3188 (Concat)
  3209 (Concat) -> 3233 (Slice)
  3209 (Concat) -> 3132 (Concat)
  3209 (Concat) -> 3185 (Concat)
  3209 (Concat) -> 3134 (Slice)
  3209 (Concat) -> 3182 (Concat)
  3209 (Concat) -> 3180 (Concat)
  3209 (Concat) -> 3130 (Concat)
  3209 (Concat) -> 3165 (Concat)
  3209 (Concat) -> 3176 (Slice)
  3209 (Concat) -> 3191 (Slice)
  3209 (Concat) -> 3175 (Slice)
  3209 (Concat) -> 3172 (Concat)
  3209 (Concat) -> 3173 (Concat)
  3209 (Concat) -> 3169 (Concat)
  3209 (Concat) -> 3230 (Concat)
  3209 (Concat) -> 3116 (Concat)
  3209 (Concat) -> 3267 (Concat)
  3209 (Concat) -> 3235 (Concat)
  3209 (Concat) -> 3122 (Concat)
  3209 (Concat) -> 3163 (Slice)
  3209 (Concat) -> 3212 (Concat)
  3209 (Concat) -> 3136 (Concat)
  3209 (Concat) -> 3128 (Concat)
  3209 (Concat) -> 3174 (Concat)
  3209 (Concat) -> 3155 (Concat)
  3209 (Concat) -> 3229 (Concat)
  3209 (Concat) -> 3186 (Concat)
  3209 (Concat) -> 3126 (Concat)
  3209 (Concat) -> 3120 (Slice)
  3209 (Concat) -> 3257 (Concat)
  3209 (Concat) -> 3184 (Concat)
  3209 (Concat) -> 3124 (Concat)
  3209 (Concat) -> 3256 (Concat)
  3209 (Concat) -> 3112 (Sub)
  3209 (Concat) -> 3113 (Concat)
  3209 (Concat) -> 3223 (Concat)
  3209 (Concat) -> 3197 (Concat)
  3209 (Concat) -> 3123 (Concat)
  3209 (Concat) -> 3220 (Concat)
  3209 (Concat) -> 3187 (Concat)
  3209 (Concat) -> 3157 (Concat)
  3209 (Concat) -> 3117 (Concat)
  3209 (Concat) -> 3135 (Slice)
  3209 (Concat) -> 3151 (Concat)
  3209 (Concat) -> 3150 (Concat)
  3209 (Concat) -> 3170 (Concat)
  3209 (Concat) -> 3138 (Concat)
  3209 (Concat) -> 3154 (Concat)
  3209 (Concat) -> 3140 (Concat)
  3209 (Concat) -> 3146 (Concat)
  3209 (Concat) -> 3125 (Concat)
  3209 (Concat) -> 3147 (Slice)
  3209 (Concat) -> 3227 (Concat)
  3209 (Concat) -> 3131 (Concat)
  3209 (Concat) -> 3178 (Concat)
  3209 (Concat) -> 3149 (Slice)
  3209 (Concat) -> 3206 (Concat)
  3209 (Concat) -> 3152 (Concat)
  3209 (Concat) -> 3243 (Concat)
  3209 (Concat) -> 3139 (Concat)
  3209 (Concat) -> 3110 (Concat)
  3209 (Concat) -> 3216 (Concat)
  3209 (Concat) -> 3153 (Concat)
  3209 (Concat) -> 3156 (Concat)
  3209 (Concat) -> 3198 (Concat)
  3209 (Concat) -> 3255 (Concat)
  3209 (Concat) -> 3159 (Concat)
  3209 (Concat) -> 3145 (Concat)
  3209 (Concat) -> 3266 (Concat)
  3209 (Concat) -> 3162 (Slice)
  3209 (Concat) -> 3158 (Concat)
  3209 (Concat) -> 3253 (Concat)
  3209 (Concat) -> 3164 (Concat)
  3209 (Concat) -> 3238 (Concat)
  3209 (Concat) -> 3240 (Concat)
  3209 (Concat) -> 3237 (Concat)
  3209 (Concat) -> 3278 (Concat)
  3209 (Concat) -> 3245 (Slice)
  3209 (Concat) -> 3246 (Slice)
  3209 (Concat) -> 3247 (Slice)
  3209 (Concat) -> 3142 (Concat)
  3209 (Concat) -> 3248 (Concat)
  3209 (Concat) -> 3249 (Concat)
  3209 (Concat) -> 3250 (Concat)
  3209 (Concat) -> 3119 (Slice)
  3209 (Concat) -> 3251 (Concat)
  3209 (Concat) -> 3167 (Concat)
  3209 (Concat) -> 3224 (Concat)
  3209 (Concat) -> 3254 (Concat)
  3209 (Concat) -> 3202 (Concat)
  3209 (Concat) -> 3259 (Slice)
  3209 (Concat) -> 3260 (Slice)
  3209 (Concat) -> 3118 (Concat)
  3209 (Concat) -> 3261 (Slice)
  3209 (Concat) -> 3271 (Concat)
  3209 (Concat) -> 3262 (Concat)
  3209 (Concat) -> 3265 (Concat)
  3209 (Concat) -> 3268 (Concat)
  3209 (Concat) -> 3205 (Slice)
  3209 (Concat) -> 3269 (Concat)
  3209 (Concat) -> 3270 (Concat)
  3209 (Concat) -> 3272 (Concat)
  3209 (Concat) -> 3273 (Slice)
  3209 (Concat) -> 3275 (Slice)
  3209 (Concat) -> 3194 (Concat)
  3209 (Concat) -> 3274 (Slice)
  3209 (Concat) -> 3276 (Concat)
  3209 (Concat) -> 3277 (Concat)
  3209 (Concat) -> 3279 (Concat)
  3209 (Concat) -> 3280 (Concat)
  3209 (Concat) -> 3281 (Concat)
  3209 (Concat) -> 3252 (Concat)
  3209 (Concat) -> 3179 (Concat)
  3209 (Concat) -> 3115 (Concat)
  3209 (Concat) -> 3258 (Concat)
  3209 (Concat) -> 3166 (Concat)
  3209 (Concat) -> 3160 (Concat)
  3209 (Concat) -> 3239 (Concat)
  3209 (Concat) -> 3137 (Concat)
  3209 (Concat) -> 3183 (Concat)
  3209 (Concat) -> 3242 (Concat)
  3209 (Concat) -> 3181 (Concat)
  3209 (Concat) -> 3129 (Concat)
  3209 (Concat) -> 3161 (Slice)
  3209 (Concat) -> 3232 (Slice)
  3209 (Concat) -> 3213 (Concat)
  3209 (Concat) -> 3114 (Concat)
  3209 (Concat) -> 3263 (Concat)
  3208 (Concat) -> 3231 (Slice)
  3208 (Concat) -> 3219 (Slice)
  3208 (Concat) -> 3236 (Concat)
  3208 (Concat) -> 3225 (Concat)
  3208 (Concat) -> 3177 (Slice)
  3208 (Concat) -> 3234 (Concat)
  3208 (Concat) -> 3190 (Slice)
  3208 (Concat) -> 3210 (Concat)
  3208 (Concat) -> 3218 (Slice)
  3208 (Concat) -> 3143 (Concat)
  3208 (Concat) -> 3168 (Concat)
  3208 (Concat) -> 3217 (Slice)
  3208 (Concat) -> 3222 (Concat)
  3208 (Concat) -> 3214 (Concat)
  3208 (Concat) -> 3211 (Concat)
  3208 (Concat) -> 3121 (Slice)
  3208 (Concat) -> 3226 (Concat)
  3208 (Concat) -> 3111 (Div)
  3208 (Concat) -> 3221 (Concat)
  3208 (Concat) -> 3241 (Concat)
  3208 (Concat) -> 3209 (Concat)
  3208 (Concat) -> 3133 (Slice)
  3208 (Concat) -> 3207 (Concat)
  3208 (Concat) -> 3204 (Slice)
  3208 (Concat) -> 3203 (Slice)
  3208 (Concat) -> 3148 (Slice)
  3208 (Concat) -> 3215 (Concat)
  3208 (Concat) -> 3199 (Concat)
  3208 (Concat) -> 3171 (Concat)
  3208 (Concat) -> 3127 (Concat)
  3208 (Concat) -> 3244 (Concat)
  3208 (Concat) -> 3196 (Concat)
  3208 (Concat) -> 3200 (Concat)
  3208 (Concat) -> 3195 (Concat)
  3208 (Concat) -> 3144 (Concat)
  3208 (Concat) -> 3264 (Concat)
  3208 (Concat) -> 3193 (Concat)
  3208 (Concat) -> 3228 (Concat)
  3208 (Concat) -> 3192 (Concat)
  3208 (Concat) -> 3201 (Concat)
  3208 (Concat) -> 3141 (Concat)
  3208 (Concat) -> 3189 (Slice)
  3208 (Concat) -> 3188 (Concat)
  3208 (Concat) -> 3233 (Slice)
  3208 (Concat) -> 3132 (Concat)
  3208 (Concat) -> 3185 (Concat)
  3208 (Concat) -> 3134 (Slice)
  3208 (Concat) -> 3182 (Concat)
  3208 (Concat) -> 3180 (Concat)
  3208 (Concat) -> 3130 (Concat)
  3208 (Concat) -> 3165 (Concat)
  3208 (Concat) -> 3176 (Slice)
  3208 (Concat) -> 3191 (Slice)
  3208 (Concat) -> 3175 (Slice)
  3208 (Concat) -> 3172 (Concat)
  3208 (Concat) -> 3173 (Concat)
  3208 (Concat) -> 3169 (Concat)
  3208 (Concat) -> 3230 (Concat)
  3208 (Concat) -> 3116 (Concat)
  3208 (Concat) -> 3267 (Concat)
  3208 (Concat) -> 3235 (Concat)
  3208 (Concat) -> 3122 (Concat)
  3208 (Concat) -> 3163 (Slice)
  3208 (Concat) -> 3212 (Concat)
  3208 (Concat) -> 3136 (Concat)
  3208 (Concat) -> 3128 (Concat)
  3208 (Concat) -> 3174 (Concat)
  3208 (Concat) -> 3155 (Concat)
  3208 (Concat) -> 3229 (Concat)
  3208 (Concat) -> 3186 (Concat)
  3208 (Concat) -> 3126 (Concat)
  3208 (Concat) -> 3120 (Slice)
  3208 (Concat) -> 3257 (Concat)
  3208 (Concat) -> 3184 (Concat)
  3208 (Concat) -> 3124 (Concat)
  3208 (Concat) -> 3256 (Concat)
  3208 (Concat) -> 3112 (Sub)
  3208 (Concat) -> 3113 (Concat)
  3208 (Concat) -> 3223 (Concat)
  3208 (Concat) -> 3197 (Concat)
  3208 (Concat) -> 3123 (Concat)
  3208 (Concat) -> 3220 (Concat)
  3208 (Concat) -> 3187 (Concat)
  3208 (Concat) -> 3157 (Concat)
  3208 (Concat) -> 3117 (Concat)
  3208 (Concat) -> 3135 (Slice)
  3208 (Concat) -> 3151 (Concat)
  3208 (Concat) -> 3150 (Concat)
  3208 (Concat) -> 3170 (Concat)
  3208 (Concat) -> 3138 (Concat)
  3208 (Concat) -> 3154 (Concat)
  3208 (Concat) -> 3140 (Concat)
  3208 (Concat) -> 3146 (Concat)
  3208 (Concat) -> 3125 (Concat)
  3208 (Concat) -> 3147 (Slice)
  3208 (Concat) -> 3227 (Concat)
  3208 (Concat) -> 3131 (Concat)
  3208 (Concat) -> 3178 (Concat)
  3208 (Concat) -> 3149 (Slice)
  3208 (Concat) -> 3206 (Concat)
  3208 (Concat) -> 3152 (Concat)
  3208 (Concat) -> 3243 (Concat)
  3208 (Concat) -> 3139 (Concat)
  3208 (Concat) -> 3110 (Concat)
  3208 (Concat) -> 3216 (Concat)
  3208 (Concat) -> 3153 (Concat)
  3208 (Concat) -> 3156 (Concat)
  3208 (Concat) -> 3198 (Concat)
  3208 (Concat) -> 3255 (Concat)
  3208 (Concat) -> 3159 (Concat)
  3208 (Concat) -> 3145 (Concat)
  3208 (Concat) -> 3266 (Concat)
  3208 (Concat) -> 3162 (Slice)
  3208 (Concat) -> 3158 (Concat)
  3208 (Concat) -> 3253 (Concat)
  3208 (Concat) -> 3164 (Concat)
  3208 (Concat) -> 3238 (Concat)
  3208 (Concat) -> 3240 (Concat)
  3208 (Concat) -> 3237 (Concat)
  3208 (Concat) -> 3278 (Concat)
  3208 (Concat) -> 3245 (Slice)
  3208 (Concat) -> 3246 (Slice)
  3208 (Concat) -> 3247 (Slice)
  3208 (Concat) -> 3142 (Concat)
  3208 (Concat) -> 3248 (Concat)
  3208 (Concat) -> 3249 (Concat)
  3208 (Concat) -> 3250 (Concat)
  3208 (Concat) -> 3119 (Slice)
  3208 (Concat) -> 3251 (Concat)
  3208 (Concat) -> 3167 (Concat)
  3208 (Concat) -> 3224 (Concat)
  3208 (Concat) -> 3254 (Concat)
  3208 (Concat) -> 3202 (Concat)
  3208 (Concat) -> 3259 (Slice)
  3208 (Concat) -> 3260 (Slice)
  3208 (Concat) -> 3118 (Concat)
  3208 (Concat) -> 3261 (Slice)
  3208 (Concat) -> 3271 (Concat)
  3208 (Concat) -> 3262 (Concat)
  3208 (Concat) -> 3265 (Concat)
  3208 (Concat) -> 3268 (Concat)
  3208 (Concat) -> 3205 (Slice)
  3208 (Concat) -> 3269 (Concat)
  3208 (Concat) -> 3270 (Concat)
  3208 (Concat) -> 3272 (Concat)
  3208 (Concat) -> 3273 (Slice)
  3208 (Concat) -> 3275 (Slice)
  3208 (Concat) -> 3194 (Concat)
  3208 (Concat) -> 3274 (Slice)
  3208 (Concat) -> 3276 (Concat)
  3208 (Concat) -> 3277 (Concat)
  3208 (Concat) -> 3279 (Concat)
  3208 (Concat) -> 3280 (Concat)
  3208 (Concat) -> 3281 (Concat)
  3208 (Concat) -> 3252 (Concat)
  3208 (Concat) -> 3179 (Concat)
  3208 (Concat) -> 3115 (Concat)
  3208 (Concat) -> 3258 (Concat)
  3208 (Concat) -> 3166 (Concat)
  3208 (Concat) -> 3160 (Concat)
  3208 (Concat) -> 3239 (Concat)
  3208 (Concat) -> 3137 (Concat)
  3208 (Concat) -> 3183 (Concat)
  3208 (Concat) -> 3242 (Concat)
  3208 (Concat) -> 3181 (Concat)
  3208 (Concat) -> 3129 (Concat)
  3208 (Concat) -> 3161 (Slice)
  3208 (Concat) -> 3232 (Slice)
  3208 (Concat) -> 3213 (Concat)
  3208 (Concat) -> 3114 (Concat)
  3208 (Concat) -> 3263 (Concat)
  3133 (Slice) -> 3231 (Slice)
  3133 (Slice) -> 3219 (Slice)
  3133 (Slice) -> 3236 (Concat)
  3133 (Slice) -> 3225 (Concat)
  3133 (Slice) -> 3177 (Slice)
  3133 (Slice) -> 3234 (Concat)
  3133 (Slice) -> 3190 (Slice)
  3133 (Slice) -> 3210 (Concat)
  3133 (Slice) -> 3218 (Slice)
  3133 (Slice) -> 3143 (Concat)
  3133 (Slice) -> 3168 (Concat)
  3133 (Slice) -> 3217 (Slice)
  3133 (Slice) -> 3222 (Concat)
  3133 (Slice) -> 3214 (Concat)
  3133 (Slice) -> 3211 (Concat)
  3133 (Slice) -> 3121 (Slice)
  3133 (Slice) -> 3226 (Concat)
  3133 (Slice) -> 3111 (Div)
  3133 (Slice) -> 3221 (Concat)
  3133 (Slice) -> 3241 (Concat)
  3133 (Slice) -> 3209 (Concat)
  3133 (Slice) -> 3208 (Concat)
  3133 (Slice) -> 3207 (Concat)
  3133 (Slice) -> 3204 (Slice)
  3133 (Slice) -> 3203 (Slice)
  3133 (Slice) -> 3148 (Slice)
  3133 (Slice) -> 3215 (Concat)
  3133 (Slice) -> 3199 (Concat)
  3133 (Slice) -> 3171 (Concat)
  3133 (Slice) -> 3127 (Concat)
  3133 (Slice) -> 3244 (Concat)
  3133 (Slice) -> 3196 (Concat)
  3133 (Slice) -> 3200 (Concat)
  3133 (Slice) -> 3195 (Concat)
  3133 (Slice) -> 3144 (Concat)
  3133 (Slice) -> 3264 (Concat)
  3133 (Slice) -> 3193 (Concat)
  3133 (Slice) -> 3228 (Concat)
  3133 (Slice) -> 3192 (Concat)
  3133 (Slice) -> 3201 (Concat)
  3133 (Slice) -> 3141 (Concat)
  3133 (Slice) -> 3189 (Slice)
  3133 (Slice) -> 3188 (Concat)
  3133 (Slice) -> 3233 (Slice)
  3133 (Slice) -> 3132 (Concat)
  3133 (Slice) -> 3185 (Concat)
  3133 (Slice) -> 3134 (Slice)
  3133 (Slice) -> 3182 (Concat)
  3133 (Slice) -> 3180 (Concat)
  3133 (Slice) -> 3130 (Concat)
  3133 (Slice) -> 3165 (Concat)
  3133 (Slice) -> 3176 (Slice)
  3133 (Slice) -> 3191 (Slice)
  3133 (Slice) -> 3175 (Slice)
  3133 (Slice) -> 3172 (Concat)
  3133 (Slice) -> 3173 (Concat)
  3133 (Slice) -> 3169 (Concat)
  3133 (Slice) -> 3230 (Concat)
  3133 (Slice) -> 3116 (Concat)
  3133 (Slice) -> 3267 (Concat)
  3133 (Slice) -> 3235 (Concat)
  3133 (Slice) -> 3122 (Concat)
  3133 (Slice) -> 3163 (Slice)
  3133 (Slice) -> 3212 (Concat)
  3133 (Slice) -> 3136 (Concat)
  3133 (Slice) -> 3128 (Concat)
  3133 (Slice) -> 3174 (Concat)
  3133 (Slice) -> 3155 (Concat)
  3133 (Slice) -> 3229 (Concat)
  3133 (Slice) -> 3186 (Concat)
  3133 (Slice) -> 3126 (Concat)
  3133 (Slice) -> 3120 (Slice)
  3133 (Slice) -> 3257 (Concat)
  3133 (Slice) -> 3184 (Concat)
  3133 (Slice) -> 3124 (Concat)
  3133 (Slice) -> 3256 (Concat)
  3133 (Slice) -> 3112 (Sub)
  3133 (Slice) -> 3113 (Concat)
  3133 (Slice) -> 3223 (Concat)
  3133 (Slice) -> 3197 (Concat)
  3133 (Slice) -> 3123 (Concat)
  3133 (Slice) -> 3220 (Concat)
  3133 (Slice) -> 3187 (Concat)
  3133 (Slice) -> 3157 (Concat)
  3133 (Slice) -> 3117 (Concat)
  3133 (Slice) -> 3135 (Slice)
  3133 (Slice) -> 3151 (Concat)
  3133 (Slice) -> 3150 (Concat)
  3133 (Slice) -> 3170 (Concat)
  3133 (Slice) -> 3138 (Concat)
  3133 (Slice) -> 3154 (Concat)
  3133 (Slice) -> 3140 (Concat)
  3133 (Slice) -> 3146 (Concat)
  3133 (Slice) -> 3125 (Concat)
  3133 (Slice) -> 3147 (Slice)
  3133 (Slice) -> 3227 (Concat)
  3133 (Slice) -> 3131 (Concat)
  3133 (Slice) -> 3178 (Concat)
  3133 (Slice) -> 3149 (Slice)
  3133 (Slice) -> 3206 (Concat)
  3133 (Slice) -> 3152 (Concat)
  3133 (Slice) -> 3243 (Concat)
  3133 (Slice) -> 3139 (Concat)
  3133 (Slice) -> 3110 (Concat)
  3133 (Slice) -> 3216 (Concat)
  3133 (Slice) -> 3153 (Concat)
  3133 (Slice) -> 3156 (Concat)
  3133 (Slice) -> 3198 (Concat)
  3133 (Slice) -> 3255 (Concat)
  3133 (Slice) -> 3159 (Concat)
  3133 (Slice) -> 3145 (Concat)
  3133 (Slice) -> 3266 (Concat)
  3133 (Slice) -> 3162 (Slice)
  3133 (Slice) -> 3158 (Concat)
  3133 (Slice) -> 3253 (Concat)
  3133 (Slice) -> 3164 (Concat)
  3133 (Slice) -> 3238 (Concat)
  3133 (Slice) -> 3240 (Concat)
  3133 (Slice) -> 3237 (Concat)
  3133 (Slice) -> 3278 (Concat)
  3133 (Slice) -> 3245 (Slice)
  3133 (Slice) -> 3246 (Slice)
  3133 (Slice) -> 3247 (Slice)
  3133 (Slice) -> 3142 (Concat)
  3133 (Slice) -> 3248 (Concat)
  3133 (Slice) -> 3249 (Concat)
  3133 (Slice) -> 3250 (Concat)
  3133 (Slice) -> 3119 (Slice)
  3133 (Slice) -> 3251 (Concat)
  3133 (Slice) -> 3167 (Concat)
  3133 (Slice) -> 3224 (Concat)
  3133 (Slice) -> 3254 (Concat)
  3133 (Slice) -> 3202 (Concat)
  3133 (Slice) -> 3259 (Slice)
  3133 (Slice) -> 3260 (Slice)
  3133 (Slice) -> 3118 (Concat)
  3133 (Slice) -> 3261 (Slice)
  3133 (Slice) -> 3271 (Concat)
  3133 (Slice) -> 3262 (Concat)
  3133 (Slice) -> 3265 (Concat)
  3133 (Slice) -> 3268 (Concat)
  3133 (Slice) -> 3205 (Slice)
  3133 (Slice) -> 3269 (Concat)
  3133 (Slice) -> 3270 (Concat)
  3133 (Slice) -> 3272 (Concat)
  3133 (Slice) -> 3273 (Slice)
  3133 (Slice) -> 3275 (Slice)
  3133 (Slice) -> 3194 (Concat)
  3133 (Slice) -> 3274 (Slice)
  3133 (Slice) -> 3276 (Concat)
  3133 (Slice) -> 3277 (Concat)
  3133 (Slice) -> 3279 (Concat)
  3133 (Slice) -> 3280 (Concat)
  3133 (Slice) -> 3281 (Concat)
  3133 (Slice) -> 3252 (Concat)
  3133 (Slice) -> 3179 (Concat)
  3133 (Slice) -> 3115 (Concat)
  3133 (Slice) -> 3258 (Concat)
  3133 (Slice) -> 3166 (Concat)
  3133 (Slice) -> 3160 (Concat)
  3133 (Slice) -> 3239 (Concat)
  3133 (Slice) -> 3137 (Concat)
  3133 (Slice) -> 3183 (Concat)
  3133 (Slice) -> 3242 (Concat)
  3133 (Slice) -> 3181 (Concat)
  3133 (Slice) -> 3129 (Concat)
  3133 (Slice) -> 3161 (Slice)
  3133 (Slice) -> 3232 (Slice)
  3133 (Slice) -> 3213 (Concat)
  3133 (Slice) -> 3114 (Concat)
  3133 (Slice) -> 3263 (Concat)
  3207 (Concat) -> 3231 (Slice)
  3207 (Concat) -> 3219 (Slice)
  3207 (Concat) -> 3236 (Concat)
  3207 (Concat) -> 3225 (Concat)
  3207 (Concat) -> 3177 (Slice)
  3207 (Concat) -> 3234 (Concat)
  3207 (Concat) -> 3190 (Slice)
  3207 (Concat) -> 3210 (Concat)
  3207 (Concat) -> 3218 (Slice)
  3207 (Concat) -> 3143 (Concat)
  3207 (Concat) -> 3168 (Concat)
  3207 (Concat) -> 3217 (Slice)
  3207 (Concat) -> 3222 (Concat)
  3207 (Concat) -> 3214 (Concat)
  3207 (Concat) -> 3211 (Concat)
  3207 (Concat) -> 3121 (Slice)
  3207 (Concat) -> 3226 (Concat)
  3207 (Concat) -> 3111 (Div)
  3207 (Concat) -> 3221 (Concat)
  3207 (Concat) -> 3241 (Concat)
  3207 (Concat) -> 3209 (Concat)
  3207 (Concat) -> 3208 (Concat)
  3207 (Concat) -> 3133 (Slice)
  3207 (Concat) -> 3204 (Slice)
  3207 (Concat) -> 3203 (Slice)
  3207 (Concat) -> 3148 (Slice)
  3207 (Concat) -> 3215 (Concat)
  3207 (Concat) -> 3199 (Concat)
  3207 (Concat) -> 3171 (Concat)
  3207 (Concat) -> 3127 (Concat)
  3207 (Concat) -> 3244 (Concat)
  3207 (Concat) -> 3196 (Concat)
  3207 (Concat) -> 3200 (Concat)
  3207 (Concat) -> 3195 (Concat)
  3207 (Concat) -> 3144 (Concat)
  3207 (Concat) -> 3264 (Concat)
  3207 (Concat) -> 3193 (Concat)
  3207 (Concat) -> 3228 (Concat)
  3207 (Concat) -> 3192 (Concat)
  3207 (Concat) -> 3201 (Concat)
  3207 (Concat) -> 3141 (Concat)
  3207 (Concat) -> 3189 (Slice)
  3207 (Concat) -> 3188 (Concat)
  3207 (Concat) -> 3233 (Slice)
  3207 (Concat) -> 3132 (Concat)
  3207 (Concat) -> 3185 (Concat)
  3207 (Concat) -> 3134 (Slice)
  3207 (Concat) -> 3182 (Concat)
  3207 (Concat) -> 3180 (Concat)
  3207 (Concat) -> 3130 (Concat)
  3207 (Concat) -> 3165 (Concat)
  3207 (Concat) -> 3176 (Slice)
  3207 (Concat) -> 3191 (Slice)
  3207 (Concat) -> 3175 (Slice)
  3207 (Concat) -> 3172 (Concat)
  3207 (Concat) -> 3173 (Concat)
  3207 (Concat) -> 3169 (Concat)
  3207 (Concat) -> 3230 (Concat)
  3207 (Concat) -> 3116 (Concat)
  3207 (Concat) -> 3267 (Concat)
  3207 (Concat) -> 3235 (Concat)
  3207 (Concat) -> 3122 (Concat)
  3207 (Concat) -> 3163 (Slice)
  3207 (Concat) -> 3212 (Concat)
  3207 (Concat) -> 3136 (Concat)
  3207 (Concat) -> 3128 (Concat)
  3207 (Concat) -> 3174 (Concat)
  3207 (Concat) -> 3155 (Concat)
  3207 (Concat) -> 3229 (Concat)
  3207 (Concat) -> 3186 (Concat)
  3207 (Concat) -> 3126 (Concat)
  3207 (Concat) -> 3120 (Slice)
  3207 (Concat) -> 3257 (Concat)
  3207 (Concat) -> 3184 (Concat)
  3207 (Concat) -> 3124 (Concat)
  3207 (Concat) -> 3256 (Concat)
  3207 (Concat) -> 3112 (Sub)
  3207 (Concat) -> 3113 (Concat)
  3207 (Concat) -> 3223 (Concat)
  3207 (Concat) -> 3197 (Concat)
  3207 (Concat) -> 3123 (Concat)
  3207 (Concat) -> 3220 (Concat)
  3207 (Concat) -> 3187 (Concat)
  3207 (Concat) -> 3157 (Concat)
  3207 (Concat) -> 3117 (Concat)
  3207 (Concat) -> 3135 (Slice)
  3207 (Concat) -> 3151 (Concat)
  3207 (Concat) -> 3150 (Concat)
  3207 (Concat) -> 3170 (Concat)
  3207 (Concat) -> 3138 (Concat)
  3207 (Concat) -> 3154 (Concat)
  3207 (Concat) -> 3140 (Concat)
  3207 (Concat) -> 3146 (Concat)
  3207 (Concat) -> 3125 (Concat)
  3207 (Concat) -> 3147 (Slice)
  3207 (Concat) -> 3227 (Concat)
  3207 (Concat) -> 3131 (Concat)
  3207 (Concat) -> 3178 (Concat)
  3207 (Concat) -> 3149 (Slice)
  3207 (Concat) -> 3206 (Concat)
  3207 (Concat) -> 3152 (Concat)
  3207 (Concat) -> 3243 (Concat)
  3207 (Concat) -> 3139 (Concat)
  3207 (Concat) -> 3110 (Concat)
  3207 (Concat) -> 3216 (Concat)
  3207 (Concat) -> 3153 (Concat)
  3207 (Concat) -> 3156 (Concat)
  3207 (Concat) -> 3198 (Concat)
  3207 (Concat) -> 3255 (Concat)
  3207 (Concat) -> 3159 (Concat)
  3207 (Concat) -> 3145 (Concat)
  3207 (Concat) -> 3266 (Concat)
  3207 (Concat) -> 3162 (Slice)
  3207 (Concat) -> 3158 (Concat)
  3207 (Concat) -> 3253 (Concat)
  3207 (Concat) -> 3164 (Concat)
  3207 (Concat) -> 3238 (Concat)
  3207 (Concat) -> 3240 (Concat)
  3207 (Concat) -> 3237 (Concat)
  3207 (Concat) -> 3278 (Concat)
  3207 (Concat) -> 3245 (Slice)
  3207 (Concat) -> 3246 (Slice)
  3207 (Concat) -> 3247 (Slice)
  3207 (Concat) -> 3142 (Concat)
  3207 (Concat) -> 3248 (Concat)
  3207 (Concat) -> 3249 (Concat)
  3207 (Concat) -> 3250 (Concat)
  3207 (Concat) -> 3119 (Slice)
  3207 (Concat) -> 3251 (Concat)
  3207 (Concat) -> 3167 (Concat)
  3207 (Concat) -> 3224 (Concat)
  3207 (Concat) -> 3254 (Concat)
  3207 (Concat) -> 3202 (Concat)
  3207 (Concat) -> 3259 (Slice)
  3207 (Concat) -> 3260 (Slice)
  3207 (Concat) -> 3118 (Concat)
  3207 (Concat) -> 3261 (Slice)
  3207 (Concat) -> 3271 (Concat)
  3207 (Concat) -> 3262 (Concat)
  3207 (Concat) -> 3265 (Concat)
  3207 (Concat) -> 3268 (Concat)
  3207 (Concat) -> 3205 (Slice)
  3207 (Concat) -> 3269 (Concat)
  3207 (Concat) -> 3270 (Concat)
  3207 (Concat) -> 3272 (Concat)
  3207 (Concat) -> 3273 (Slice)
  3207 (Concat) -> 3275 (Slice)
  3207 (Concat) -> 3194 (Concat)
  3207 (Concat) -> 3274 (Slice)
  3207 (Concat) -> 3276 (Concat)
  3207 (Concat) -> 3277 (Concat)
  3207 (Concat) -> 3279 (Concat)
  3207 (Concat) -> 3280 (Concat)
  3207 (Concat) -> 3281 (Concat)
  3207 (Concat) -> 3252 (Concat)
  3207 (Concat) -> 3179 (Concat)
  3207 (Concat) -> 3115 (Concat)
  3207 (Concat) -> 3258 (Concat)
  3207 (Concat) -> 3166 (Concat)
  3207 (Concat) -> 3160 (Concat)
  3207 (Concat) -> 3239 (Concat)
  3207 (Concat) -> 3137 (Concat)
  3207 (Concat) -> 3183 (Concat)
  3207 (Concat) -> 3242 (Concat)
  3207 (Concat) -> 3181 (Concat)
  3207 (Concat) -> 3129 (Concat)
  3207 (Concat) -> 3161 (Slice)
  3207 (Concat) -> 3232 (Slice)
  3207 (Concat) -> 3213 (Concat)
  3207 (Concat) -> 3114 (Concat)
  3207 (Concat) -> 3263 (Concat)
  3204 (Slice) -> 3231 (Slice)
  3204 (Slice) -> 3219 (Slice)
  3204 (Slice) -> 3236 (Concat)
  3204 (Slice) -> 3225 (Concat)
  3204 (Slice) -> 3177 (Slice)
  3204 (Slice) -> 3234 (Concat)
  3204 (Slice) -> 3190 (Slice)
  3204 (Slice) -> 3210 (Concat)
  3204 (Slice) -> 3218 (Slice)
  3204 (Slice) -> 3143 (Concat)
  3204 (Slice) -> 3168 (Concat)
  3204 (Slice) -> 3217 (Slice)
  3204 (Slice) -> 3222 (Concat)
  3204 (Slice) -> 3214 (Concat)
  3204 (Slice) -> 3211 (Concat)
  3204 (Slice) -> 3121 (Slice)
  3204 (Slice) -> 3226 (Concat)
  3204 (Slice) -> 3111 (Div)
  3204 (Slice) -> 3221 (Concat)
  3204 (Slice) -> 3241 (Concat)
  3204 (Slice) -> 3209 (Concat)
  3204 (Slice) -> 3208 (Concat)
  3204 (Slice) -> 3133 (Slice)
  3204 (Slice) -> 3207 (Concat)
  3204 (Slice) -> 3203 (Slice)
  3204 (Slice) -> 3148 (Slice)
  3204 (Slice) -> 3215 (Concat)
  3204 (Slice) -> 3199 (Concat)
  3204 (Slice) -> 3171 (Concat)
  3204 (Slice) -> 3127 (Concat)
  3204 (Slice) -> 3244 (Concat)
  3204 (Slice) -> 3196 (Concat)
  3204 (Slice) -> 3200 (Concat)
  3204 (Slice) -> 3195 (Concat)
  3204 (Slice) -> 3144 (Concat)
  3204 (Slice) -> 3264 (Concat)
  3204 (Slice) -> 3193 (Concat)
  3204 (Slice) -> 3228 (Concat)
  3204 (Slice) -> 3192 (Concat)
  3204 (Slice) -> 3201 (Concat)
  3204 (Slice) -> 3141 (Concat)
  3204 (Slice) -> 3189 (Slice)
  3204 (Slice) -> 3188 (Concat)
  3204 (Slice) -> 3233 (Slice)
  3204 (Slice) -> 3132 (Concat)
  3204 (Slice) -> 3185 (Concat)
  3204 (Slice) -> 3134 (Slice)
  3204 (Slice) -> 3182 (Concat)
  3204 (Slice) -> 3180 (Concat)
  3204 (Slice) -> 3130 (Concat)
  3204 (Slice) -> 3165 (Concat)
  3204 (Slice) -> 3176 (Slice)
  3204 (Slice) -> 3191 (Slice)
  3204 (Slice) -> 3175 (Slice)
  3204 (Slice) -> 3172 (Concat)
  3204 (Slice) -> 3173 (Concat)
  3204 (Slice) -> 3169 (Concat)
  3204 (Slice) -> 3230 (Concat)
  3204 (Slice) -> 3116 (Concat)
  3204 (Slice) -> 3267 (Concat)
  3204 (Slice) -> 3235 (Concat)
  3204 (Slice) -> 3122 (Concat)
  3204 (Slice) -> 3163 (Slice)
  3204 (Slice) -> 3212 (Concat)
  3204 (Slice) -> 3136 (Concat)
  3204 (Slice) -> 3128 (Concat)
  3204 (Slice) -> 3174 (Concat)
  3204 (Slice) -> 3155 (Concat)
  3204 (Slice) -> 3229 (Concat)
  3204 (Slice) -> 3186 (Concat)
  3204 (Slice) -> 3126 (Concat)
  3204 (Slice) -> 3120 (Slice)
  3204 (Slice) -> 3257 (Concat)
  3204 (Slice) -> 3184 (Concat)
  3204 (Slice) -> 3124 (Concat)
  3204 (Slice) -> 3256 (Concat)
  3204 (Slice) -> 3112 (Sub)
  3204 (Slice) -> 3113 (Concat)
  3204 (Slice) -> 3223 (Concat)
  3204 (Slice) -> 3197 (Concat)
  3204 (Slice) -> 3123 (Concat)
  3204 (Slice) -> 3220 (Concat)
  3204 (Slice) -> 3187 (Concat)
  3204 (Slice) -> 3157 (Concat)
  3204 (Slice) -> 3117 (Concat)
  3204 (Slice) -> 3135 (Slice)
  3204 (Slice) -> 3151 (Concat)
  3204 (Slice) -> 3150 (Concat)
  3204 (Slice) -> 3170 (Concat)
  3204 (Slice) -> 3138 (Concat)
  3204 (Slice) -> 3154 (Concat)
  3204 (Slice) -> 3140 (Concat)
  3204 (Slice) -> 3146 (Concat)
  3204 (Slice) -> 3125 (Concat)
  3204 (Slice) -> 3147 (Slice)
  3204 (Slice) -> 3227 (Concat)
  3204 (Slice) -> 3131 (Concat)
  3204 (Slice) -> 3178 (Concat)
  3204 (Slice) -> 3149 (Slice)
  3204 (Slice) -> 3206 (Concat)
  3204 (Slice) -> 3152 (Concat)
  3204 (Slice) -> 3243 (Concat)
  3204 (Slice) -> 3139 (Concat)
  3204 (Slice) -> 3110 (Concat)
  3204 (Slice) -> 3216 (Concat)
  3204 (Slice) -> 3153 (Concat)
  3204 (Slice) -> 3156 (Concat)
  3204 (Slice) -> 3198 (Concat)
  3204 (Slice) -> 3255 (Concat)
  3204 (Slice) -> 3159 (Concat)
  3204 (Slice) -> 3145 (Concat)
  3204 (Slice) -> 3266 (Concat)
  3204 (Slice) -> 3162 (Slice)
  3204 (Slice) -> 3158 (Concat)
  3204 (Slice) -> 3253 (Concat)
  3204 (Slice) -> 3164 (Concat)
  3204 (Slice) -> 3238 (Concat)
  3204 (Slice) -> 3240 (Concat)
  3204 (Slice) -> 3237 (Concat)
  3204 (Slice) -> 3278 (Concat)
  3204 (Slice) -> 3245 (Slice)
  3204 (Slice) -> 3246 (Slice)
  3204 (Slice) -> 3247 (Slice)
  3204 (Slice) -> 3142 (Concat)
  3204 (Slice) -> 3248 (Concat)
  3204 (Slice) -> 3249 (Concat)
  3204 (Slice) -> 3250 (Concat)
  3204 (Slice) -> 3119 (Slice)
  3204 (Slice) -> 3251 (Concat)
  3204 (Slice) -> 3167 (Concat)
  3204 (Slice) -> 3224 (Concat)
  3204 (Slice) -> 3254 (Concat)
  3204 (Slice) -> 3202 (Concat)
  3204 (Slice) -> 3259 (Slice)
  3204 (Slice) -> 3260 (Slice)
  3204 (Slice) -> 3118 (Concat)
  3204 (Slice) -> 3261 (Slice)
  3204 (Slice) -> 3271 (Concat)
  3204 (Slice) -> 3262 (Concat)
  3204 (Slice) -> 3265 (Concat)
  3204 (Slice) -> 3268 (Concat)
  3204 (Slice) -> 3205 (Slice)
  3204 (Slice) -> 3269 (Concat)
  3204 (Slice) -> 3270 (Concat)
  3204 (Slice) -> 3272 (Concat)
  3204 (Slice) -> 3273 (Slice)
  3204 (Slice) -> 3275 (Slice)
  3204 (Slice) -> 3194 (Concat)
  3204 (Slice) -> 3274 (Slice)
  3204 (Slice) -> 3276 (Concat)
  3204 (Slice) -> 3277 (Concat)
  3204 (Slice) -> 3279 (Concat)
  3204 (Slice) -> 3280 (Concat)
  3204 (Slice) -> 3281 (Concat)
  3204 (Slice) -> 3252 (Concat)
  3204 (Slice) -> 3179 (Concat)
  3204 (Slice) -> 3115 (Concat)
  3204 (Slice) -> 3258 (Concat)
  3204 (Slice) -> 3166 (Concat)
  3204 (Slice) -> 3160 (Concat)
  3204 (Slice) -> 3239 (Concat)
  3204 (Slice) -> 3137 (Concat)
  3204 (Slice) -> 3183 (Concat)
  3204 (Slice) -> 3242 (Concat)
  3204 (Slice) -> 3181 (Concat)
  3204 (Slice) -> 3129 (Concat)
  3204 (Slice) -> 3161 (Slice)
  3204 (Slice) -> 3232 (Slice)
  3204 (Slice) -> 3213 (Concat)
  3204 (Slice) -> 3114 (Concat)
  3204 (Slice) -> 3263 (Concat)
  h.3.ln_2 (Add) -> h.6.attn.c_proj (Gemm)
  h.3.ln_2 (Add) -> h.5.mlp.c_proj (Gemm)
  h.3.ln_2 (Add) -> h.6.mlp.c_proj (Gemm)
  h.3.ln_2 (Add) -> h.0.ln_1 (Add)
  h.3.ln_2 (Add) -> h.9.mlp.c_proj (Gemm)
  h.3.ln_2 (Add) -> h.6.ln_1 (Add)
  h.3.ln_2 (Add) -> h.2.ln_1 (Add)
  h.3.ln_2 (Add) -> h.11.attn.c_proj (Gemm)
  h.3.ln_2 (Add) -> h.5.attn.c_proj (Gemm)
  h.3.ln_2 (Add) -> h.10.ln_1 (Add)
  h.3.ln_2 (Add) -> h.1.attn.c_proj (Gemm)
  h.3.ln_2 (Add) -> h.1.ln_1 (Add)
  h.3.ln_2 (Add) -> h.0.attn.c_proj (Gemm)
  h.3.ln_2 (Add) -> h.8.ln_1 (Add)
  h.3.ln_2 (Add) -> h.11.mlp.c_proj (Gemm)
  h.3.ln_2 (Add) -> h.6.ln_2 (Add)
  h.3.ln_2 (Add) -> h.0.ln_2 (Add)
  h.3.ln_2 (Add) -> h.9.attn.c_proj (Gemm)
  h.3.ln_2 (Add) -> h.0.mlp.c_proj (Gemm)
  h.3.ln_2 (Add) -> h.10.ln_2 (Add)
  h.3.ln_2 (Add) -> h.1.ln_2 (Add)
  h.3.ln_2 (Add) -> h.4.ln_2 (Add)
  h.3.ln_2 (Add) -> h.1.mlp.c_proj (Gemm)
  h.3.ln_2 (Add) -> h.11.ln_1 (Add)
  h.3.ln_2 (Add) -> h.8.attn.c_proj (Gemm)
  h.3.ln_2 (Add) -> h.10.attn.c_proj (Gemm)
  h.3.ln_2 (Add) -> h.10.mlp.c_proj (Gemm)
  h.3.ln_2 (Add) -> h.11.ln_2 (Add)
  h.3.ln_2 (Add) -> h.3.ln_1 (Add)
  h.3.ln_2 (Add) -> h.8.ln_2 (Add)
  h.3.ln_2 (Add) -> h.3.mlp.c_proj (Gemm)
  h.3.ln_2 (Add) -> h.2.attn.c_proj (Gemm)
  h.3.ln_2 (Add) -> h.2.ln_2 (Add)
  h.3.ln_2 (Add) -> h.2.mlp.c_proj (Gemm)
  h.3.ln_2 (Add) -> h.7.mlp.c_proj (Gemm)
  h.3.ln_2 (Add) -> h.3.attn.c_proj (Gemm)
  h.3.ln_2 (Add) -> h.7.attn.c_proj (Gemm)
  h.3.ln_2 (Add) -> h.4.attn.c_proj (Gemm)
  h.3.ln_2 (Add) -> h.4.ln_1 (Add)
  h.3.ln_2 (Add) -> h.4.mlp.c_proj (Gemm)
  h.3.ln_2 (Add) -> h.5.ln_2 (Add)
  h.3.ln_2 (Add) -> h.7.ln_1 (Add)
  h.3.ln_2 (Add) -> h.5.ln_1 (Add)
  h.3.ln_2 (Add) -> h.7.ln_2 (Add)
  h.3.ln_2 (Add) -> h.8.mlp.c_proj (Gemm)
  h.3.ln_2 (Add) -> h.9.ln_1 (Add)
  h.3.ln_2 (Add) -> h.9.ln_2 (Add)
  h.3.ln_2 (Add) -> ln_f (Add)
  3203 (Slice) -> 3231 (Slice)
  3203 (Slice) -> 3219 (Slice)
  3203 (Slice) -> 3236 (Concat)
  3203 (Slice) -> 3225 (Concat)
  3203 (Slice) -> 3177 (Slice)
  3203 (Slice) -> 3234 (Concat)
  3203 (Slice) -> 3190 (Slice)
  3203 (Slice) -> 3210 (Concat)
  3203 (Slice) -> 3218 (Slice)
  3203 (Slice) -> 3143 (Concat)
  3203 (Slice) -> 3168 (Concat)
  3203 (Slice) -> 3217 (Slice)
  3203 (Slice) -> 3222 (Concat)
  3203 (Slice) -> 3214 (Concat)
  3203 (Slice) -> 3211 (Concat)
  3203 (Slice) -> 3121 (Slice)
  3203 (Slice) -> 3226 (Concat)
  3203 (Slice) -> 3111 (Div)
  3203 (Slice) -> 3221 (Concat)
  3203 (Slice) -> 3241 (Concat)
  3203 (Slice) -> 3209 (Concat)
  3203 (Slice) -> 3208 (Concat)
  3203 (Slice) -> 3133 (Slice)
  3203 (Slice) -> 3207 (Concat)
  3203 (Slice) -> 3204 (Slice)
  3203 (Slice) -> 3148 (Slice)
  3203 (Slice) -> 3215 (Concat)
  3203 (Slice) -> 3199 (Concat)
  3203 (Slice) -> 3171 (Concat)
  3203 (Slice) -> 3127 (Concat)
  3203 (Slice) -> 3244 (Concat)
  3203 (Slice) -> 3196 (Concat)
  3203 (Slice) -> 3200 (Concat)
  3203 (Slice) -> 3195 (Concat)
  3203 (Slice) -> 3144 (Concat)
  3203 (Slice) -> 3264 (Concat)
  3203 (Slice) -> 3193 (Concat)
  3203 (Slice) -> 3228 (Concat)
  3203 (Slice) -> 3192 (Concat)
  3203 (Slice) -> 3201 (Concat)
  3203 (Slice) -> 3141 (Concat)
  3203 (Slice) -> 3189 (Slice)
  3203 (Slice) -> 3188 (Concat)
  3203 (Slice) -> 3233 (Slice)
  3203 (Slice) -> 3132 (Concat)
  3203 (Slice) -> 3185 (Concat)
  3203 (Slice) -> 3134 (Slice)
  3203 (Slice) -> 3182 (Concat)
  3203 (Slice) -> 3180 (Concat)
  3203 (Slice) -> 3130 (Concat)
  3203 (Slice) -> 3165 (Concat)
  3203 (Slice) -> 3176 (Slice)
  3203 (Slice) -> 3191 (Slice)
  3203 (Slice) -> 3175 (Slice)
  3203 (Slice) -> 3172 (Concat)
  3203 (Slice) -> 3173 (Concat)
  3203 (Slice) -> 3169 (Concat)
  3203 (Slice) -> 3230 (Concat)
  3203 (Slice) -> 3116 (Concat)
  3203 (Slice) -> 3267 (Concat)
  3203 (Slice) -> 3235 (Concat)
  3203 (Slice) -> 3122 (Concat)
  3203 (Slice) -> 3163 (Slice)
  3203 (Slice) -> 3212 (Concat)
  3203 (Slice) -> 3136 (Concat)
  3203 (Slice) -> 3128 (Concat)
  3203 (Slice) -> 3174 (Concat)
  3203 (Slice) -> 3155 (Concat)
  3203 (Slice) -> 3229 (Concat)
  3203 (Slice) -> 3186 (Concat)
  3203 (Slice) -> 3126 (Concat)
  3203 (Slice) -> 3120 (Slice)
  3203 (Slice) -> 3257 (Concat)
  3203 (Slice) -> 3184 (Concat)
  3203 (Slice) -> 3124 (Concat)
  3203 (Slice) -> 3256 (Concat)
  3203 (Slice) -> 3112 (Sub)
  3203 (Slice) -> 3113 (Concat)
  3203 (Slice) -> 3223 (Concat)
  3203 (Slice) -> 3197 (Concat)
  3203 (Slice) -> 3123 (Concat)
  3203 (Slice) -> 3220 (Concat)
  3203 (Slice) -> 3187 (Concat)
  3203 (Slice) -> 3157 (Concat)
  3203 (Slice) -> 3117 (Concat)
  3203 (Slice) -> 3135 (Slice)
  3203 (Slice) -> 3151 (Concat)
  3203 (Slice) -> 3150 (Concat)
  3203 (Slice) -> 3170 (Concat)
  3203 (Slice) -> 3138 (Concat)
  3203 (Slice) -> 3154 (Concat)
  3203 (Slice) -> 3140 (Concat)
  3203 (Slice) -> 3146 (Concat)
  3203 (Slice) -> 3125 (Concat)
  3203 (Slice) -> 3147 (Slice)
  3203 (Slice) -> 3227 (Concat)
  3203 (Slice) -> 3131 (Concat)
  3203 (Slice) -> 3178 (Concat)
  3203 (Slice) -> 3149 (Slice)
  3203 (Slice) -> 3206 (Concat)
  3203 (Slice) -> 3152 (Concat)
  3203 (Slice) -> 3243 (Concat)
  3203 (Slice) -> 3139 (Concat)
  3203 (Slice) -> 3110 (Concat)
  3203 (Slice) -> 3216 (Concat)
  3203 (Slice) -> 3153 (Concat)
  3203 (Slice) -> 3156 (Concat)
  3203 (Slice) -> 3198 (Concat)
  3203 (Slice) -> 3255 (Concat)
  3203 (Slice) -> 3159 (Concat)
  3203 (Slice) -> 3145 (Concat)
  3203 (Slice) -> 3266 (Concat)
  3203 (Slice) -> 3162 (Slice)
  3203 (Slice) -> 3158 (Concat)
  3203 (Slice) -> 3253 (Concat)
  3203 (Slice) -> 3164 (Concat)
  3203 (Slice) -> 3238 (Concat)
  3203 (Slice) -> 3240 (Concat)
  3203 (Slice) -> 3237 (Concat)
  3203 (Slice) -> 3278 (Concat)
  3203 (Slice) -> 3245 (Slice)
  3203 (Slice) -> 3246 (Slice)
  3203 (Slice) -> 3247 (Slice)
  3203 (Slice) -> 3142 (Concat)
  3203 (Slice) -> 3248 (Concat)
  3203 (Slice) -> 3249 (Concat)
  3203 (Slice) -> 3250 (Concat)
  3203 (Slice) -> 3119 (Slice)
  3203 (Slice) -> 3251 (Concat)
  3203 (Slice) -> 3167 (Concat)
  3203 (Slice) -> 3224 (Concat)
  3203 (Slice) -> 3254 (Concat)
  3203 (Slice) -> 3202 (Concat)
  3203 (Slice) -> 3259 (Slice)
  3203 (Slice) -> 3260 (Slice)
  3203 (Slice) -> 3118 (Concat)
  3203 (Slice) -> 3261 (Slice)
  3203 (Slice) -> 3271 (Concat)
  3203 (Slice) -> 3262 (Concat)
  3203 (Slice) -> 3265 (Concat)
  3203 (Slice) -> 3268 (Concat)
  3203 (Slice) -> 3205 (Slice)
  3203 (Slice) -> 3269 (Concat)
  3203 (Slice) -> 3270 (Concat)
  3203 (Slice) -> 3272 (Concat)
  3203 (Slice) -> 3273 (Slice)
  3203 (Slice) -> 3275 (Slice)
  3203 (Slice) -> 3194 (Concat)
  3203 (Slice) -> 3274 (Slice)
  3203 (Slice) -> 3276 (Concat)
  3203 (Slice) -> 3277 (Concat)
  3203 (Slice) -> 3279 (Concat)
  3203 (Slice) -> 3280 (Concat)
  3203 (Slice) -> 3281 (Concat)
  3203 (Slice) -> 3252 (Concat)
  3203 (Slice) -> 3179 (Concat)
  3203 (Slice) -> 3115 (Concat)
  3203 (Slice) -> 3258 (Concat)
  3203 (Slice) -> 3166 (Concat)
  3203 (Slice) -> 3160 (Concat)
  3203 (Slice) -> 3239 (Concat)
  3203 (Slice) -> 3137 (Concat)
  3203 (Slice) -> 3183 (Concat)
  3203 (Slice) -> 3242 (Concat)
  3203 (Slice) -> 3181 (Concat)
  3203 (Slice) -> 3129 (Concat)
  3203 (Slice) -> 3161 (Slice)
  3203 (Slice) -> 3232 (Slice)
  3203 (Slice) -> 3213 (Concat)
  3203 (Slice) -> 3114 (Concat)
  3203 (Slice) -> 3263 (Concat)
  3148 (Slice) -> 3231 (Slice)
  3148 (Slice) -> 3219 (Slice)
  3148 (Slice) -> 3236 (Concat)
  3148 (Slice) -> 3225 (Concat)
  3148 (Slice) -> 3177 (Slice)
  3148 (Slice) -> 3234 (Concat)
  3148 (Slice) -> 3190 (Slice)
  3148 (Slice) -> 3210 (Concat)
  3148 (Slice) -> 3218 (Slice)
  3148 (Slice) -> 3143 (Concat)
  3148 (Slice) -> 3168 (Concat)
  3148 (Slice) -> 3217 (Slice)
  3148 (Slice) -> 3222 (Concat)
  3148 (Slice) -> 3214 (Concat)
  3148 (Slice) -> 3211 (Concat)
  3148 (Slice) -> 3121 (Slice)
  3148 (Slice) -> 3226 (Concat)
  3148 (Slice) -> 3111 (Div)
  3148 (Slice) -> 3221 (Concat)
  3148 (Slice) -> 3241 (Concat)
  3148 (Slice) -> 3209 (Concat)
  3148 (Slice) -> 3208 (Concat)
  3148 (Slice) -> 3133 (Slice)
  3148 (Slice) -> 3207 (Concat)
  3148 (Slice) -> 3204 (Slice)
  3148 (Slice) -> 3203 (Slice)
  3148 (Slice) -> 3215 (Concat)
  3148 (Slice) -> 3199 (Concat)
  3148 (Slice) -> 3171 (Concat)
  3148 (Slice) -> 3127 (Concat)
  3148 (Slice) -> 3244 (Concat)
  3148 (Slice) -> 3196 (Concat)
  3148 (Slice) -> 3200 (Concat)
  3148 (Slice) -> 3195 (Concat)
  3148 (Slice) -> 3144 (Concat)
  3148 (Slice) -> 3264 (Concat)
  3148 (Slice) -> 3193 (Concat)
  3148 (Slice) -> 3228 (Concat)
  3148 (Slice) -> 3192 (Concat)
  3148 (Slice) -> 3201 (Concat)
  3148 (Slice) -> 3141 (Concat)
  3148 (Slice) -> 3189 (Slice)
  3148 (Slice) -> 3188 (Concat)
  3148 (Slice) -> 3233 (Slice)
  3148 (Slice) -> 3132 (Concat)
  3148 (Slice) -> 3185 (Concat)
  3148 (Slice) -> 3134 (Slice)
  3148 (Slice) -> 3182 (Concat)
  3148 (Slice) -> 3180 (Concat)
  3148 (Slice) -> 3130 (Concat)
  3148 (Slice) -> 3165 (Concat)
  3148 (Slice) -> 3176 (Slice)
  3148 (Slice) -> 3191 (Slice)
  3148 (Slice) -> 3175 (Slice)
  3148 (Slice) -> 3172 (Concat)
  3148 (Slice) -> 3173 (Concat)
  3148 (Slice) -> 3169 (Concat)
  3148 (Slice) -> 3230 (Concat)
  3148 (Slice) -> 3116 (Concat)
  3148 (Slice) -> 3267 (Concat)
  3148 (Slice) -> 3235 (Concat)
  3148 (Slice) -> 3122 (Concat)
  3148 (Slice) -> 3163 (Slice)
  3148 (Slice) -> 3212 (Concat)
  3148 (Slice) -> 3136 (Concat)
  3148 (Slice) -> 3128 (Concat)
  3148 (Slice) -> 3174 (Concat)
  3148 (Slice) -> 3155 (Concat)
  3148 (Slice) -> 3229 (Concat)
  3148 (Slice) -> 3186 (Concat)
  3148 (Slice) -> 3126 (Concat)
  3148 (Slice) -> 3120 (Slice)
  3148 (Slice) -> 3257 (Concat)
  3148 (Slice) -> 3184 (Concat)
  3148 (Slice) -> 3124 (Concat)
  3148 (Slice) -> 3256 (Concat)
  3148 (Slice) -> 3112 (Sub)
  3148 (Slice) -> 3113 (Concat)
  3148 (Slice) -> 3223 (Concat)
  3148 (Slice) -> 3197 (Concat)
  3148 (Slice) -> 3123 (Concat)
  3148 (Slice) -> 3220 (Concat)
  3148 (Slice) -> 3187 (Concat)
  3148 (Slice) -> 3157 (Concat)
  3148 (Slice) -> 3117 (Concat)
  3148 (Slice) -> 3135 (Slice)
  3148 (Slice) -> 3151 (Concat)
  3148 (Slice) -> 3150 (Concat)
  3148 (Slice) -> 3170 (Concat)
  3148 (Slice) -> 3138 (Concat)
  3148 (Slice) -> 3154 (Concat)
  3148 (Slice) -> 3140 (Concat)
  3148 (Slice) -> 3146 (Concat)
  3148 (Slice) -> 3125 (Concat)
  3148 (Slice) -> 3147 (Slice)
  3148 (Slice) -> 3227 (Concat)
  3148 (Slice) -> 3131 (Concat)
  3148 (Slice) -> 3178 (Concat)
  3148 (Slice) -> 3149 (Slice)
  3148 (Slice) -> 3206 (Concat)
  3148 (Slice) -> 3152 (Concat)
  3148 (Slice) -> 3243 (Concat)
  3148 (Slice) -> 3139 (Concat)
  3148 (Slice) -> 3110 (Concat)
  3148 (Slice) -> 3216 (Concat)
  3148 (Slice) -> 3153 (Concat)
  3148 (Slice) -> 3156 (Concat)
  3148 (Slice) -> 3198 (Concat)
  3148 (Slice) -> 3255 (Concat)
  3148 (Slice) -> 3159 (Concat)
  3148 (Slice) -> 3145 (Concat)
  3148 (Slice) -> 3266 (Concat)
  3148 (Slice) -> 3162 (Slice)
  3148 (Slice) -> 3158 (Concat)
  3148 (Slice) -> 3253 (Concat)
  3148 (Slice) -> 3164 (Concat)
  3148 (Slice) -> 3238 (Concat)
  3148 (Slice) -> 3240 (Concat)
  3148 (Slice) -> 3237 (Concat)
  3148 (Slice) -> 3278 (Concat)
  3148 (Slice) -> 3245 (Slice)
  3148 (Slice) -> 3246 (Slice)
  3148 (Slice) -> 3247 (Slice)
  3148 (Slice) -> 3142 (Concat)
  3148 (Slice) -> 3248 (Concat)
  3148 (Slice) -> 3249 (Concat)
  3148 (Slice) -> 3250 (Concat)
  3148 (Slice) -> 3119 (Slice)
  3148 (Slice) -> 3251 (Concat)
  3148 (Slice) -> 3167 (Concat)
  3148 (Slice) -> 3224 (Concat)
  3148 (Slice) -> 3254 (Concat)
  3148 (Slice) -> 3202 (Concat)
  3148 (Slice) -> 3259 (Slice)
  3148 (Slice) -> 3260 (Slice)
  3148 (Slice) -> 3118 (Concat)
  3148 (Slice) -> 3261 (Slice)
  3148 (Slice) -> 3271 (Concat)
  3148 (Slice) -> 3262 (Concat)
  3148 (Slice) -> 3265 (Concat)
  3148 (Slice) -> 3268 (Concat)
  3148 (Slice) -> 3205 (Slice)
  3148 (Slice) -> 3269 (Concat)
  3148 (Slice) -> 3270 (Concat)
  3148 (Slice) -> 3272 (Concat)
  3148 (Slice) -> 3273 (Slice)
  3148 (Slice) -> 3275 (Slice)
  3148 (Slice) -> 3194 (Concat)
  3148 (Slice) -> 3274 (Slice)
  3148 (Slice) -> 3276 (Concat)
  3148 (Slice) -> 3277 (Concat)
  3148 (Slice) -> 3279 (Concat)
  3148 (Slice) -> 3280 (Concat)
  3148 (Slice) -> 3281 (Concat)
  3148 (Slice) -> 3252 (Concat)
  3148 (Slice) -> 3179 (Concat)
  3148 (Slice) -> 3115 (Concat)
  3148 (Slice) -> 3258 (Concat)
  3148 (Slice) -> 3166 (Concat)
  3148 (Slice) -> 3160 (Concat)
  3148 (Slice) -> 3239 (Concat)
  3148 (Slice) -> 3137 (Concat)
  3148 (Slice) -> 3183 (Concat)
  3148 (Slice) -> 3242 (Concat)
  3148 (Slice) -> 3181 (Concat)
  3148 (Slice) -> 3129 (Concat)
  3148 (Slice) -> 3161 (Slice)
  3148 (Slice) -> 3232 (Slice)
  3148 (Slice) -> 3213 (Concat)
  3148 (Slice) -> 3114 (Concat)
  3148 (Slice) -> 3263 (Concat)
  3215 (Concat) -> 3231 (Slice)
  3215 (Concat) -> 3219 (Slice)
  3215 (Concat) -> 3236 (Concat)
  3215 (Concat) -> 3225 (Concat)
  3215 (Concat) -> 3177 (Slice)
  3215 (Concat) -> 3234 (Concat)
  3215 (Concat) -> 3190 (Slice)
  3215 (Concat) -> 3210 (Concat)
  3215 (Concat) -> 3218 (Slice)
  3215 (Concat) -> 3143 (Concat)
  3215 (Concat) -> 3168 (Concat)
  3215 (Concat) -> 3217 (Slice)
  3215 (Concat) -> 3222 (Concat)
  3215 (Concat) -> 3214 (Concat)
  3215 (Concat) -> 3211 (Concat)
  3215 (Concat) -> 3121 (Slice)
  3215 (Concat) -> 3226 (Concat)
  3215 (Concat) -> 3111 (Div)
  3215 (Concat) -> 3221 (Concat)
  3215 (Concat) -> 3241 (Concat)
  3215 (Concat) -> 3209 (Concat)
  3215 (Concat) -> 3208 (Concat)
  3215 (Concat) -> 3133 (Slice)
  3215 (Concat) -> 3207 (Concat)
  3215 (Concat) -> 3204 (Slice)
  3215 (Concat) -> 3203 (Slice)
  3215 (Concat) -> 3148 (Slice)
  3215 (Concat) -> 3199 (Concat)
  3215 (Concat) -> 3171 (Concat)
  3215 (Concat) -> 3127 (Concat)
  3215 (Concat) -> 3244 (Concat)
  3215 (Concat) -> 3196 (Concat)
  3215 (Concat) -> 3200 (Concat)
  3215 (Concat) -> 3195 (Concat)
  3215 (Concat) -> 3144 (Concat)
  3215 (Concat) -> 3264 (Concat)
  3215 (Concat) -> 3193 (Concat)
  3215 (Concat) -> 3228 (Concat)
  3215 (Concat) -> 3192 (Concat)
  3215 (Concat) -> 3201 (Concat)
  3215 (Concat) -> 3141 (Concat)
  3215 (Concat) -> 3189 (Slice)
  3215 (Concat) -> 3188 (Concat)
  3215 (Concat) -> 3233 (Slice)
  3215 (Concat) -> 3132 (Concat)
  3215 (Concat) -> 3185 (Concat)
  3215 (Concat) -> 3134 (Slice)
  3215 (Concat) -> 3182 (Concat)
  3215 (Concat) -> 3180 (Concat)
  3215 (Concat) -> 3130 (Concat)
  3215 (Concat) -> 3165 (Concat)
  3215 (Concat) -> 3176 (Slice)
  3215 (Concat) -> 3191 (Slice)
  3215 (Concat) -> 3175 (Slice)
  3215 (Concat) -> 3172 (Concat)
  3215 (Concat) -> 3173 (Concat)
  3215 (Concat) -> 3169 (Concat)
  3215 (Concat) -> 3230 (Concat)
  3215 (Concat) -> 3116 (Concat)
  3215 (Concat) -> 3267 (Concat)
  3215 (Concat) -> 3235 (Concat)
  3215 (Concat) -> 3122 (Concat)
  3215 (Concat) -> 3163 (Slice)
  3215 (Concat) -> 3212 (Concat)
  3215 (Concat) -> 3136 (Concat)
  3215 (Concat) -> 3128 (Concat)
  3215 (Concat) -> 3174 (Concat)
  3215 (Concat) -> 3155 (Concat)
  3215 (Concat) -> 3229 (Concat)
  3215 (Concat) -> 3186 (Concat)
  3215 (Concat) -> 3126 (Concat)
  3215 (Concat) -> 3120 (Slice)
  3215 (Concat) -> 3257 (Concat)
  3215 (Concat) -> 3184 (Concat)
  3215 (Concat) -> 3124 (Concat)
  3215 (Concat) -> 3256 (Concat)
  3215 (Concat) -> 3112 (Sub)
  3215 (Concat) -> 3113 (Concat)
  3215 (Concat) -> 3223 (Concat)
  3215 (Concat) -> 3197 (Concat)
  3215 (Concat) -> 3123 (Concat)
  3215 (Concat) -> 3220 (Concat)
  3215 (Concat) -> 3187 (Concat)
  3215 (Concat) -> 3157 (Concat)
  3215 (Concat) -> 3117 (Concat)
  3215 (Concat) -> 3135 (Slice)
  3215 (Concat) -> 3151 (Concat)
  3215 (Concat) -> 3150 (Concat)
  3215 (Concat) -> 3170 (Concat)
  3215 (Concat) -> 3138 (Concat)
  3215 (Concat) -> 3154 (Concat)
  3215 (Concat) -> 3140 (Concat)
  3215 (Concat) -> 3146 (Concat)
  3215 (Concat) -> 3125 (Concat)
  3215 (Concat) -> 3147 (Slice)
  3215 (Concat) -> 3227 (Concat)
  3215 (Concat) -> 3131 (Concat)
  3215 (Concat) -> 3178 (Concat)
  3215 (Concat) -> 3149 (Slice)
  3215 (Concat) -> 3206 (Concat)
  3215 (Concat) -> 3152 (Concat)
  3215 (Concat) -> 3243 (Concat)
  3215 (Concat) -> 3139 (Concat)
  3215 (Concat) -> 3110 (Concat)
  3215 (Concat) -> 3216 (Concat)
  3215 (Concat) -> 3153 (Concat)
  3215 (Concat) -> 3156 (Concat)
  3215 (Concat) -> 3198 (Concat)
  3215 (Concat) -> 3255 (Concat)
  3215 (Concat) -> 3159 (Concat)
  3215 (Concat) -> 3145 (Concat)
  3215 (Concat) -> 3266 (Concat)
  3215 (Concat) -> 3162 (Slice)
  3215 (Concat) -> 3158 (Concat)
  3215 (Concat) -> 3253 (Concat)
  3215 (Concat) -> 3164 (Concat)
  3215 (Concat) -> 3238 (Concat)
  3215 (Concat) -> 3240 (Concat)
  3215 (Concat) -> 3237 (Concat)
  3215 (Concat) -> 3278 (Concat)
  3215 (Concat) -> 3245 (Slice)
  3215 (Concat) -> 3246 (Slice)
  3215 (Concat) -> 3247 (Slice)
  3215 (Concat) -> 3142 (Concat)
  3215 (Concat) -> 3248 (Concat)
  3215 (Concat) -> 3249 (Concat)
  3215 (Concat) -> 3250 (Concat)
  3215 (Concat) -> 3119 (Slice)
  3215 (Concat) -> 3251 (Concat)
  3215 (Concat) -> 3167 (Concat)
  3215 (Concat) -> 3224 (Concat)
  3215 (Concat) -> 3254 (Concat)
  3215 (Concat) -> 3202 (Concat)
  3215 (Concat) -> 3259 (Slice)
  3215 (Concat) -> 3260 (Slice)
  3215 (Concat) -> 3118 (Concat)
  3215 (Concat) -> 3261 (Slice)
  3215 (Concat) -> 3271 (Concat)
  3215 (Concat) -> 3262 (Concat)
  3215 (Concat) -> 3265 (Concat)
  3215 (Concat) -> 3268 (Concat)
  3215 (Concat) -> 3205 (Slice)
  3215 (Concat) -> 3269 (Concat)
  3215 (Concat) -> 3270 (Concat)
  3215 (Concat) -> 3272 (Concat)
  3215 (Concat) -> 3273 (Slice)
  3215 (Concat) -> 3275 (Slice)
  3215 (Concat) -> 3194 (Concat)
  3215 (Concat) -> 3274 (Slice)
  3215 (Concat) -> 3276 (Concat)
  3215 (Concat) -> 3277 (Concat)
  3215 (Concat) -> 3279 (Concat)
  3215 (Concat) -> 3280 (Concat)
  3215 (Concat) -> 3281 (Concat)
  3215 (Concat) -> 3252 (Concat)
  3215 (Concat) -> 3179 (Concat)
  3215 (Concat) -> 3115 (Concat)
  3215 (Concat) -> 3258 (Concat)
  3215 (Concat) -> 3166 (Concat)
  3215 (Concat) -> 3160 (Concat)
  3215 (Concat) -> 3239 (Concat)
  3215 (Concat) -> 3137 (Concat)
  3215 (Concat) -> 3183 (Concat)
  3215 (Concat) -> 3242 (Concat)
  3215 (Concat) -> 3181 (Concat)
  3215 (Concat) -> 3129 (Concat)
  3215 (Concat) -> 3161 (Slice)
  3215 (Concat) -> 3232 (Slice)
  3215 (Concat) -> 3213 (Concat)
  3215 (Concat) -> 3114 (Concat)
  3215 (Concat) -> 3263 (Concat)
  3199 (Concat) -> 3231 (Slice)
  3199 (Concat) -> 3219 (Slice)
  3199 (Concat) -> 3236 (Concat)
  3199 (Concat) -> 3225 (Concat)
  3199 (Concat) -> 3177 (Slice)
  3199 (Concat) -> 3234 (Concat)
  3199 (Concat) -> 3190 (Slice)
  3199 (Concat) -> 3210 (Concat)
  3199 (Concat) -> 3218 (Slice)
  3199 (Concat) -> 3143 (Concat)
  3199 (Concat) -> 3168 (Concat)
  3199 (Concat) -> 3217 (Slice)
  3199 (Concat) -> 3222 (Concat)
  3199 (Concat) -> 3214 (Concat)
  3199 (Concat) -> 3211 (Concat)
  3199 (Concat) -> 3121 (Slice)
  3199 (Concat) -> 3226 (Concat)
  3199 (Concat) -> 3111 (Div)
  3199 (Concat) -> 3221 (Concat)
  3199 (Concat) -> 3241 (Concat)
  3199 (Concat) -> 3209 (Concat)
  3199 (Concat) -> 3208 (Concat)
  3199 (Concat) -> 3133 (Slice)
  3199 (Concat) -> 3207 (Concat)
  3199 (Concat) -> 3204 (Slice)
  3199 (Concat) -> 3203 (Slice)
  3199 (Concat) -> 3148 (Slice)
  3199 (Concat) -> 3215 (Concat)
  3199 (Concat) -> 3171 (Concat)
  3199 (Concat) -> 3127 (Concat)
  3199 (Concat) -> 3244 (Concat)
  3199 (Concat) -> 3196 (Concat)
  3199 (Concat) -> 3200 (Concat)
  3199 (Concat) -> 3195 (Concat)
  3199 (Concat) -> 3144 (Concat)
  3199 (Concat) -> 3264 (Concat)
  3199 (Concat) -> 3193 (Concat)
  3199 (Concat) -> 3228 (Concat)
  3199 (Concat) -> 3192 (Concat)
  3199 (Concat) -> 3201 (Concat)
  3199 (Concat) -> 3141 (Concat)
  3199 (Concat) -> 3189 (Slice)
  3199 (Concat) -> 3188 (Concat)
  3199 (Concat) -> 3233 (Slice)
  3199 (Concat) -> 3132 (Concat)
  3199 (Concat) -> 3185 (Concat)
  3199 (Concat) -> 3134 (Slice)
  3199 (Concat) -> 3182 (Concat)
  3199 (Concat) -> 3180 (Concat)
  3199 (Concat) -> 3130 (Concat)
  3199 (Concat) -> 3165 (Concat)
  3199 (Concat) -> 3176 (Slice)
  3199 (Concat) -> 3191 (Slice)
  3199 (Concat) -> 3175 (Slice)
  3199 (Concat) -> 3172 (Concat)
  3199 (Concat) -> 3173 (Concat)
  3199 (Concat) -> 3169 (Concat)
  3199 (Concat) -> 3230 (Concat)
  3199 (Concat) -> 3116 (Concat)
  3199 (Concat) -> 3267 (Concat)
  3199 (Concat) -> 3235 (Concat)
  3199 (Concat) -> 3122 (Concat)
  3199 (Concat) -> 3163 (Slice)
  3199 (Concat) -> 3212 (Concat)
  3199 (Concat) -> 3136 (Concat)
  3199 (Concat) -> 3128 (Concat)
  3199 (Concat) -> 3174 (Concat)
  3199 (Concat) -> 3155 (Concat)
  3199 (Concat) -> 3229 (Concat)
  3199 (Concat) -> 3186 (Concat)
  3199 (Concat) -> 3126 (Concat)
  3199 (Concat) -> 3120 (Slice)
  3199 (Concat) -> 3257 (Concat)
  3199 (Concat) -> 3184 (Concat)
  3199 (Concat) -> 3124 (Concat)
  3199 (Concat) -> 3256 (Concat)
  3199 (Concat) -> 3112 (Sub)
  3199 (Concat) -> 3113 (Concat)
  3199 (Concat) -> 3223 (Concat)
  3199 (Concat) -> 3197 (Concat)
  3199 (Concat) -> 3123 (Concat)
  3199 (Concat) -> 3220 (Concat)
  3199 (Concat) -> 3187 (Concat)
  3199 (Concat) -> 3157 (Concat)
  3199 (Concat) -> 3117 (Concat)
  3199 (Concat) -> 3135 (Slice)
  3199 (Concat) -> 3151 (Concat)
  3199 (Concat) -> 3150 (Concat)
  3199 (Concat) -> 3170 (Concat)
  3199 (Concat) -> 3138 (Concat)
  3199 (Concat) -> 3154 (Concat)
  3199 (Concat) -> 3140 (Concat)
  3199 (Concat) -> 3146 (Concat)
  3199 (Concat) -> 3125 (Concat)
  3199 (Concat) -> 3147 (Slice)
  3199 (Concat) -> 3227 (Concat)
  3199 (Concat) -> 3131 (Concat)
  3199 (Concat) -> 3178 (Concat)
  3199 (Concat) -> 3149 (Slice)
  3199 (Concat) -> 3206 (Concat)
  3199 (Concat) -> 3152 (Concat)
  3199 (Concat) -> 3243 (Concat)
  3199 (Concat) -> 3139 (Concat)
  3199 (Concat) -> 3110 (Concat)
  3199 (Concat) -> 3216 (Concat)
  3199 (Concat) -> 3153 (Concat)
  3199 (Concat) -> 3156 (Concat)
  3199 (Concat) -> 3198 (Concat)
  3199 (Concat) -> 3255 (Concat)
  3199 (Concat) -> 3159 (Concat)
  3199 (Concat) -> 3145 (Concat)
  3199 (Concat) -> 3266 (Concat)
  3199 (Concat) -> 3162 (Slice)
  3199 (Concat) -> 3158 (Concat)
  3199 (Concat) -> 3253 (Concat)
  3199 (Concat) -> 3164 (Concat)
  3199 (Concat) -> 3238 (Concat)
  3199 (Concat) -> 3240 (Concat)
  3199 (Concat) -> 3237 (Concat)
  3199 (Concat) -> 3278 (Concat)
  3199 (Concat) -> 3245 (Slice)
  3199 (Concat) -> 3246 (Slice)
  3199 (Concat) -> 3247 (Slice)
  3199 (Concat) -> 3142 (Concat)
  3199 (Concat) -> 3248 (Concat)
  3199 (Concat) -> 3249 (Concat)
  3199 (Concat) -> 3250 (Concat)
  3199 (Concat) -> 3119 (Slice)
  3199 (Concat) -> 3251 (Concat)
  3199 (Concat) -> 3167 (Concat)
  3199 (Concat) -> 3224 (Concat)
  3199 (Concat) -> 3254 (Concat)
  3199 (Concat) -> 3202 (Concat)
  3199 (Concat) -> 3259 (Slice)
  3199 (Concat) -> 3260 (Slice)
  3199 (Concat) -> 3118 (Concat)
  3199 (Concat) -> 3261 (Slice)
  3199 (Concat) -> 3271 (Concat)
  3199 (Concat) -> 3262 (Concat)
  3199 (Concat) -> 3265 (Concat)
  3199 (Concat) -> 3268 (Concat)
  3199 (Concat) -> 3205 (Slice)
  3199 (Concat) -> 3269 (Concat)
  3199 (Concat) -> 3270 (Concat)
  3199 (Concat) -> 3272 (Concat)
  3199 (Concat) -> 3273 (Slice)
  3199 (Concat) -> 3275 (Slice)
  3199 (Concat) -> 3194 (Concat)
  3199 (Concat) -> 3274 (Slice)
  3199 (Concat) -> 3276 (Concat)
  3199 (Concat) -> 3277 (Concat)
  3199 (Concat) -> 3279 (Concat)
  3199 (Concat) -> 3280 (Concat)
  3199 (Concat) -> 3281 (Concat)
  3199 (Concat) -> 3252 (Concat)
  3199 (Concat) -> 3179 (Concat)
  3199 (Concat) -> 3115 (Concat)
  3199 (Concat) -> 3258 (Concat)
  3199 (Concat) -> 3166 (Concat)
  3199 (Concat) -> 3160 (Concat)
  3199 (Concat) -> 3239 (Concat)
  3199 (Concat) -> 3137 (Concat)
  3199 (Concat) -> 3183 (Concat)
  3199 (Concat) -> 3242 (Concat)
  3199 (Concat) -> 3181 (Concat)
  3199 (Concat) -> 3129 (Concat)
  3199 (Concat) -> 3161 (Slice)
  3199 (Concat) -> 3232 (Slice)
  3199 (Concat) -> 3213 (Concat)
  3199 (Concat) -> 3114 (Concat)
  3199 (Concat) -> 3263 (Concat)
  3171 (Concat) -> 3231 (Slice)
  3171 (Concat) -> 3219 (Slice)
  3171 (Concat) -> 3236 (Concat)
  3171 (Concat) -> 3225 (Concat)
  3171 (Concat) -> 3177 (Slice)
  3171 (Concat) -> 3234 (Concat)
  3171 (Concat) -> 3190 (Slice)
  3171 (Concat) -> 3210 (Concat)
  3171 (Concat) -> 3218 (Slice)
  3171 (Concat) -> 3143 (Concat)
  3171 (Concat) -> 3168 (Concat)
  3171 (Concat) -> 3217 (Slice)
  3171 (Concat) -> 3222 (Concat)
  3171 (Concat) -> 3214 (Concat)
  3171 (Concat) -> 3211 (Concat)
  3171 (Concat) -> 3121 (Slice)
  3171 (Concat) -> 3226 (Concat)
  3171 (Concat) -> 3111 (Div)
  3171 (Concat) -> 3221 (Concat)
  3171 (Concat) -> 3241 (Concat)
  3171 (Concat) -> 3209 (Concat)
  3171 (Concat) -> 3208 (Concat)
  3171 (Concat) -> 3133 (Slice)
  3171 (Concat) -> 3207 (Concat)
  3171 (Concat) -> 3204 (Slice)
  3171 (Concat) -> 3203 (Slice)
  3171 (Concat) -> 3148 (Slice)
  3171 (Concat) -> 3215 (Concat)
  3171 (Concat) -> 3199 (Concat)
  3171 (Concat) -> 3127 (Concat)
  3171 (Concat) -> 3244 (Concat)
  3171 (Concat) -> 3196 (Concat)
  3171 (Concat) -> 3200 (Concat)
  3171 (Concat) -> 3195 (Concat)
  3171 (Concat) -> 3144 (Concat)
  3171 (Concat) -> 3264 (Concat)
  3171 (Concat) -> 3193 (Concat)
  3171 (Concat) -> 3228 (Concat)
  3171 (Concat) -> 3192 (Concat)
  3171 (Concat) -> 3201 (Concat)
  3171 (Concat) -> 3141 (Concat)
  3171 (Concat) -> 3189 (Slice)
  3171 (Concat) -> 3188 (Concat)
  3171 (Concat) -> 3233 (Slice)
  3171 (Concat) -> 3132 (Concat)
  3171 (Concat) -> 3185 (Concat)
  3171 (Concat) -> 3134 (Slice)
  3171 (Concat) -> 3182 (Concat)
  3171 (Concat) -> 3180 (Concat)
  3171 (Concat) -> 3130 (Concat)
  3171 (Concat) -> 3165 (Concat)
  3171 (Concat) -> 3176 (Slice)
  3171 (Concat) -> 3191 (Slice)
  3171 (Concat) -> 3175 (Slice)
  3171 (Concat) -> 3172 (Concat)
  3171 (Concat) -> 3173 (Concat)
  3171 (Concat) -> 3169 (Concat)
  3171 (Concat) -> 3230 (Concat)
  3171 (Concat) -> 3116 (Concat)
  3171 (Concat) -> 3267 (Concat)
  3171 (Concat) -> 3235 (Concat)
  3171 (Concat) -> 3122 (Concat)
  3171 (Concat) -> 3163 (Slice)
  3171 (Concat) -> 3212 (Concat)
  3171 (Concat) -> 3136 (Concat)
  3171 (Concat) -> 3128 (Concat)
  3171 (Concat) -> 3174 (Concat)
  3171 (Concat) -> 3155 (Concat)
  3171 (Concat) -> 3229 (Concat)
  3171 (Concat) -> 3186 (Concat)
  3171 (Concat) -> 3126 (Concat)
  3171 (Concat) -> 3120 (Slice)
  3171 (Concat) -> 3257 (Concat)
  3171 (Concat) -> 3184 (Concat)
  3171 (Concat) -> 3124 (Concat)
  3171 (Concat) -> 3256 (Concat)
  3171 (Concat) -> 3112 (Sub)
  3171 (Concat) -> 3113 (Concat)
  3171 (Concat) -> 3223 (Concat)
  3171 (Concat) -> 3197 (Concat)
  3171 (Concat) -> 3123 (Concat)
  3171 (Concat) -> 3220 (Concat)
  3171 (Concat) -> 3187 (Concat)
  3171 (Concat) -> 3157 (Concat)
  3171 (Concat) -> 3117 (Concat)
  3171 (Concat) -> 3135 (Slice)
  3171 (Concat) -> 3151 (Concat)
  3171 (Concat) -> 3150 (Concat)
  3171 (Concat) -> 3170 (Concat)
  3171 (Concat) -> 3138 (Concat)
  3171 (Concat) -> 3154 (Concat)
  3171 (Concat) -> 3140 (Concat)
  3171 (Concat) -> 3146 (Concat)
  3171 (Concat) -> 3125 (Concat)
  3171 (Concat) -> 3147 (Slice)
  3171 (Concat) -> 3227 (Concat)
  3171 (Concat) -> 3131 (Concat)
  3171 (Concat) -> 3178 (Concat)
  3171 (Concat) -> 3149 (Slice)
  3171 (Concat) -> 3206 (Concat)
  3171 (Concat) -> 3152 (Concat)
  3171 (Concat) -> 3243 (Concat)
  3171 (Concat) -> 3139 (Concat)
  3171 (Concat) -> 3110 (Concat)
  3171 (Concat) -> 3216 (Concat)
  3171 (Concat) -> 3153 (Concat)
  3171 (Concat) -> 3156 (Concat)
  3171 (Concat) -> 3198 (Concat)
  3171 (Concat) -> 3255 (Concat)
  3171 (Concat) -> 3159 (Concat)
  3171 (Concat) -> 3145 (Concat)
  3171 (Concat) -> 3266 (Concat)
  3171 (Concat) -> 3162 (Slice)
  3171 (Concat) -> 3158 (Concat)
  3171 (Concat) -> 3253 (Concat)
  3171 (Concat) -> 3164 (Concat)
  3171 (Concat) -> 3238 (Concat)
  3171 (Concat) -> 3240 (Concat)
  3171 (Concat) -> 3237 (Concat)
  3171 (Concat) -> 3278 (Concat)
  3171 (Concat) -> 3245 (Slice)
  3171 (Concat) -> 3246 (Slice)
  3171 (Concat) -> 3247 (Slice)
  3171 (Concat) -> 3142 (Concat)
  3171 (Concat) -> 3248 (Concat)
  3171 (Concat) -> 3249 (Concat)
  3171 (Concat) -> 3250 (Concat)
  3171 (Concat) -> 3119 (Slice)
  3171 (Concat) -> 3251 (Concat)
  3171 (Concat) -> 3167 (Concat)
  3171 (Concat) -> 3224 (Concat)
  3171 (Concat) -> 3254 (Concat)
  3171 (Concat) -> 3202 (Concat)
  3171 (Concat) -> 3259 (Slice)
  3171 (Concat) -> 3260 (Slice)
  3171 (Concat) -> 3118 (Concat)
  3171 (Concat) -> 3261 (Slice)
  3171 (Concat) -> 3271 (Concat)
  3171 (Concat) -> 3262 (Concat)
  3171 (Concat) -> 3265 (Concat)
  3171 (Concat) -> 3268 (Concat)
  3171 (Concat) -> 3205 (Slice)
  3171 (Concat) -> 3269 (Concat)
  3171 (Concat) -> 3270 (Concat)
  3171 (Concat) -> 3272 (Concat)
  3171 (Concat) -> 3273 (Slice)
  3171 (Concat) -> 3275 (Slice)
  3171 (Concat) -> 3194 (Concat)
  3171 (Concat) -> 3274 (Slice)
  3171 (Concat) -> 3276 (Concat)
  3171 (Concat) -> 3277 (Concat)
  3171 (Concat) -> 3279 (Concat)
  3171 (Concat) -> 3280 (Concat)
  3171 (Concat) -> 3281 (Concat)
  3171 (Concat) -> 3252 (Concat)
  3171 (Concat) -> 3179 (Concat)
  3171 (Concat) -> 3115 (Concat)
  3171 (Concat) -> 3258 (Concat)
  3171 (Concat) -> 3166 (Concat)
  3171 (Concat) -> 3160 (Concat)
  3171 (Concat) -> 3239 (Concat)
  3171 (Concat) -> 3137 (Concat)
  3171 (Concat) -> 3183 (Concat)
  3171 (Concat) -> 3242 (Concat)
  3171 (Concat) -> 3181 (Concat)
  3171 (Concat) -> 3129 (Concat)
  3171 (Concat) -> 3161 (Slice)
  3171 (Concat) -> 3232 (Slice)
  3171 (Concat) -> 3213 (Concat)
  3171 (Concat) -> 3114 (Concat)
  3171 (Concat) -> 3263 (Concat)
  3127 (Concat) -> 3231 (Slice)
  3127 (Concat) -> 3219 (Slice)
  3127 (Concat) -> 3236 (Concat)
  3127 (Concat) -> 3225 (Concat)
  3127 (Concat) -> 3177 (Slice)
  3127 (Concat) -> 3234 (Concat)
  3127 (Concat) -> 3190 (Slice)
  3127 (Concat) -> 3210 (Concat)
  3127 (Concat) -> 3218 (Slice)
  3127 (Concat) -> 3143 (Concat)
  3127 (Concat) -> 3168 (Concat)
  3127 (Concat) -> 3217 (Slice)
  3127 (Concat) -> 3222 (Concat)
  3127 (Concat) -> 3214 (Concat)
  3127 (Concat) -> 3211 (Concat)
  3127 (Concat) -> 3121 (Slice)
  3127 (Concat) -> 3226 (Concat)
  3127 (Concat) -> 3111 (Div)
  3127 (Concat) -> 3221 (Concat)
  3127 (Concat) -> 3241 (Concat)
  3127 (Concat) -> 3209 (Concat)
  3127 (Concat) -> 3208 (Concat)
  3127 (Concat) -> 3133 (Slice)
  3127 (Concat) -> 3207 (Concat)
  3127 (Concat) -> 3204 (Slice)
  3127 (Concat) -> 3203 (Slice)
  3127 (Concat) -> 3148 (Slice)
  3127 (Concat) -> 3215 (Concat)
  3127 (Concat) -> 3199 (Concat)
  3127 (Concat) -> 3171 (Concat)
  3127 (Concat) -> 3244 (Concat)
  3127 (Concat) -> 3196 (Concat)
  3127 (Concat) -> 3200 (Concat)
  3127 (Concat) -> 3195 (Concat)
  3127 (Concat) -> 3144 (Concat)
  3127 (Concat) -> 3264 (Concat)
  3127 (Concat) -> 3193 (Concat)
  3127 (Concat) -> 3228 (Concat)
  3127 (Concat) -> 3192 (Concat)
  3127 (Concat) -> 3201 (Concat)
  3127 (Concat) -> 3141 (Concat)
  3127 (Concat) -> 3189 (Slice)
  3127 (Concat) -> 3188 (Concat)
  3127 (Concat) -> 3233 (Slice)
  3127 (Concat) -> 3132 (Concat)
  3127 (Concat) -> 3185 (Concat)
  3127 (Concat) -> 3134 (Slice)
  3127 (Concat) -> 3182 (Concat)
  3127 (Concat) -> 3180 (Concat)
  3127 (Concat) -> 3130 (Concat)
  3127 (Concat) -> 3165 (Concat)
  3127 (Concat) -> 3176 (Slice)
  3127 (Concat) -> 3191 (Slice)
  3127 (Concat) -> 3175 (Slice)
  3127 (Concat) -> 3172 (Concat)
  3127 (Concat) -> 3173 (Concat)
  3127 (Concat) -> 3169 (Concat)
  3127 (Concat) -> 3230 (Concat)
  3127 (Concat) -> 3116 (Concat)
  3127 (Concat) -> 3267 (Concat)
  3127 (Concat) -> 3235 (Concat)
  3127 (Concat) -> 3122 (Concat)
  3127 (Concat) -> 3163 (Slice)
  3127 (Concat) -> 3212 (Concat)
  3127 (Concat) -> 3136 (Concat)
  3127 (Concat) -> 3128 (Concat)
  3127 (Concat) -> 3174 (Concat)
  3127 (Concat) -> 3155 (Concat)
  3127 (Concat) -> 3229 (Concat)
  3127 (Concat) -> 3186 (Concat)
  3127 (Concat) -> 3126 (Concat)
  3127 (Concat) -> 3120 (Slice)
  3127 (Concat) -> 3257 (Concat)
  3127 (Concat) -> 3184 (Concat)
  3127 (Concat) -> 3124 (Concat)
  3127 (Concat) -> 3256 (Concat)
  3127 (Concat) -> 3112 (Sub)
  3127 (Concat) -> 3113 (Concat)
  3127 (Concat) -> 3223 (Concat)
  3127 (Concat) -> 3197 (Concat)
  3127 (Concat) -> 3123 (Concat)
  3127 (Concat) -> 3220 (Concat)
  3127 (Concat) -> 3187 (Concat)
  3127 (Concat) -> 3157 (Concat)
  3127 (Concat) -> 3117 (Concat)
  3127 (Concat) -> 3135 (Slice)
  3127 (Concat) -> 3151 (Concat)
  3127 (Concat) -> 3150 (Concat)
  3127 (Concat) -> 3170 (Concat)
  3127 (Concat) -> 3138 (Concat)
  3127 (Concat) -> 3154 (Concat)
  3127 (Concat) -> 3140 (Concat)
  3127 (Concat) -> 3146 (Concat)
  3127 (Concat) -> 3125 (Concat)
  3127 (Concat) -> 3147 (Slice)
  3127 (Concat) -> 3227 (Concat)
  3127 (Concat) -> 3131 (Concat)
  3127 (Concat) -> 3178 (Concat)
  3127 (Concat) -> 3149 (Slice)
  3127 (Concat) -> 3206 (Concat)
  3127 (Concat) -> 3152 (Concat)
  3127 (Concat) -> 3243 (Concat)
  3127 (Concat) -> 3139 (Concat)
  3127 (Concat) -> 3110 (Concat)
  3127 (Concat) -> 3216 (Concat)
  3127 (Concat) -> 3153 (Concat)
  3127 (Concat) -> 3156 (Concat)
  3127 (Concat) -> 3198 (Concat)
  3127 (Concat) -> 3255 (Concat)
  3127 (Concat) -> 3159 (Concat)
  3127 (Concat) -> 3145 (Concat)
  3127 (Concat) -> 3266 (Concat)
  3127 (Concat) -> 3162 (Slice)
  3127 (Concat) -> 3158 (Concat)
  3127 (Concat) -> 3253 (Concat)
  3127 (Concat) -> 3164 (Concat)
  3127 (Concat) -> 3238 (Concat)
  3127 (Concat) -> 3240 (Concat)
  3127 (Concat) -> 3237 (Concat)
  3127 (Concat) -> 3278 (Concat)
  3127 (Concat) -> 3245 (Slice)
  3127 (Concat) -> 3246 (Slice)
  3127 (Concat) -> 3247 (Slice)
  3127 (Concat) -> 3142 (Concat)
  3127 (Concat) -> 3248 (Concat)
  3127 (Concat) -> 3249 (Concat)
  3127 (Concat) -> 3250 (Concat)
  3127 (Concat) -> 3119 (Slice)
  3127 (Concat) -> 3251 (Concat)
  3127 (Concat) -> 3167 (Concat)
  3127 (Concat) -> 3224 (Concat)
  3127 (Concat) -> 3254 (Concat)
  3127 (Concat) -> 3202 (Concat)
  3127 (Concat) -> 3259 (Slice)
  3127 (Concat) -> 3260 (Slice)
  3127 (Concat) -> 3118 (Concat)
  3127 (Concat) -> 3261 (Slice)
  3127 (Concat) -> 3271 (Concat)
  3127 (Concat) -> 3262 (Concat)
  3127 (Concat) -> 3265 (Concat)
  3127 (Concat) -> 3268 (Concat)
  3127 (Concat) -> 3205 (Slice)
  3127 (Concat) -> 3269 (Concat)
  3127 (Concat) -> 3270 (Concat)
  3127 (Concat) -> 3272 (Concat)
  3127 (Concat) -> 3273 (Slice)
  3127 (Concat) -> 3275 (Slice)
  3127 (Concat) -> 3194 (Concat)
  3127 (Concat) -> 3274 (Slice)
  3127 (Concat) -> 3276 (Concat)
  3127 (Concat) -> 3277 (Concat)
  3127 (Concat) -> 3279 (Concat)
  3127 (Concat) -> 3280 (Concat)
  3127 (Concat) -> 3281 (Concat)
  3127 (Concat) -> 3252 (Concat)
  3127 (Concat) -> 3179 (Concat)
  3127 (Concat) -> 3115 (Concat)
  3127 (Concat) -> 3258 (Concat)
  3127 (Concat) -> 3166 (Concat)
  3127 (Concat) -> 3160 (Concat)
  3127 (Concat) -> 3239 (Concat)
  3127 (Concat) -> 3137 (Concat)
  3127 (Concat) -> 3183 (Concat)
  3127 (Concat) -> 3242 (Concat)
  3127 (Concat) -> 3181 (Concat)
  3127 (Concat) -> 3129 (Concat)
  3127 (Concat) -> 3161 (Slice)
  3127 (Concat) -> 3232 (Slice)
  3127 (Concat) -> 3213 (Concat)
  3127 (Concat) -> 3114 (Concat)
  3127 (Concat) -> 3263 (Concat)
  3244 (Concat) -> 3231 (Slice)
  3244 (Concat) -> 3219 (Slice)
  3244 (Concat) -> 3236 (Concat)
  3244 (Concat) -> 3225 (Concat)
  3244 (Concat) -> 3177 (Slice)
  3244 (Concat) -> 3234 (Concat)
  3244 (Concat) -> 3190 (Slice)
  3244 (Concat) -> 3210 (Concat)
  3244 (Concat) -> 3218 (Slice)
  3244 (Concat) -> 3143 (Concat)
  3244 (Concat) -> 3168 (Concat)
  3244 (Concat) -> 3217 (Slice)
  3244 (Concat) -> 3222 (Concat)
  3244 (Concat) -> 3214 (Concat)
  3244 (Concat) -> 3211 (Concat)
  3244 (Concat) -> 3121 (Slice)
  3244 (Concat) -> 3226 (Concat)
  3244 (Concat) -> 3111 (Div)
  3244 (Concat) -> 3221 (Concat)
  3244 (Concat) -> 3241 (Concat)
  3244 (Concat) -> 3209 (Concat)
  3244 (Concat) -> 3208 (Concat)
  3244 (Concat) -> 3133 (Slice)
  3244 (Concat) -> 3207 (Concat)
  3244 (Concat) -> 3204 (Slice)
  3244 (Concat) -> 3203 (Slice)
  3244 (Concat) -> 3148 (Slice)
  3244 (Concat) -> 3215 (Concat)
  3244 (Concat) -> 3199 (Concat)
  3244 (Concat) -> 3171 (Concat)
  3244 (Concat) -> 3127 (Concat)
  3244 (Concat) -> 3196 (Concat)
  3244 (Concat) -> 3200 (Concat)
  3244 (Concat) -> 3195 (Concat)
  3244 (Concat) -> 3144 (Concat)
  3244 (Concat) -> 3264 (Concat)
  3244 (Concat) -> 3193 (Concat)
  3244 (Concat) -> 3228 (Concat)
  3244 (Concat) -> 3192 (Concat)
  3244 (Concat) -> 3201 (Concat)
  3244 (Concat) -> 3141 (Concat)
  3244 (Concat) -> 3189 (Slice)
  3244 (Concat) -> 3188 (Concat)
  3244 (Concat) -> 3233 (Slice)
  3244 (Concat) -> 3132 (Concat)
  3244 (Concat) -> 3185 (Concat)
  3244 (Concat) -> 3134 (Slice)
  3244 (Concat) -> 3182 (Concat)
  3244 (Concat) -> 3180 (Concat)
  3244 (Concat) -> 3130 (Concat)
  3244 (Concat) -> 3165 (Concat)
  3244 (Concat) -> 3176 (Slice)
  3244 (Concat) -> 3191 (Slice)
  3244 (Concat) -> 3175 (Slice)
  3244 (Concat) -> 3172 (Concat)
  3244 (Concat) -> 3173 (Concat)
  3244 (Concat) -> 3169 (Concat)
  3244 (Concat) -> 3230 (Concat)
  3244 (Concat) -> 3116 (Concat)
  3244 (Concat) -> 3267 (Concat)
  3244 (Concat) -> 3235 (Concat)
  3244 (Concat) -> 3122 (Concat)
  3244 (Concat) -> 3163 (Slice)
  3244 (Concat) -> 3212 (Concat)
  3244 (Concat) -> 3136 (Concat)
  3244 (Concat) -> 3128 (Concat)
  3244 (Concat) -> 3174 (Concat)
  3244 (Concat) -> 3155 (Concat)
  3244 (Concat) -> 3229 (Concat)
  3244 (Concat) -> 3186 (Concat)
  3244 (Concat) -> 3126 (Concat)
  3244 (Concat) -> 3120 (Slice)
  3244 (Concat) -> 3257 (Concat)
  3244 (Concat) -> 3184 (Concat)
  3244 (Concat) -> 3124 (Concat)
  3244 (Concat) -> 3256 (Concat)
  3244 (Concat) -> 3112 (Sub)
  3244 (Concat) -> 3113 (Concat)
  3244 (Concat) -> 3223 (Concat)
  3244 (Concat) -> 3197 (Concat)
  3244 (Concat) -> 3123 (Concat)
  3244 (Concat) -> 3220 (Concat)
  3244 (Concat) -> 3187 (Concat)
  3244 (Concat) -> 3157 (Concat)
  3244 (Concat) -> 3117 (Concat)
  3244 (Concat) -> 3135 (Slice)
  3244 (Concat) -> 3151 (Concat)
  3244 (Concat) -> 3150 (Concat)
  3244 (Concat) -> 3170 (Concat)
  3244 (Concat) -> 3138 (Concat)
  3244 (Concat) -> 3154 (Concat)
  3244 (Concat) -> 3140 (Concat)
  3244 (Concat) -> 3146 (Concat)
  3244 (Concat) -> 3125 (Concat)
  3244 (Concat) -> 3147 (Slice)
  3244 (Concat) -> 3227 (Concat)
  3244 (Concat) -> 3131 (Concat)
  3244 (Concat) -> 3178 (Concat)
  3244 (Concat) -> 3149 (Slice)
  3244 (Concat) -> 3206 (Concat)
  3244 (Concat) -> 3152 (Concat)
  3244 (Concat) -> 3243 (Concat)
  3244 (Concat) -> 3139 (Concat)
  3244 (Concat) -> 3110 (Concat)
  3244 (Concat) -> 3216 (Concat)
  3244 (Concat) -> 3153 (Concat)
  3244 (Concat) -> 3156 (Concat)
  3244 (Concat) -> 3198 (Concat)
  3244 (Concat) -> 3255 (Concat)
  3244 (Concat) -> 3159 (Concat)
  3244 (Concat) -> 3145 (Concat)
  3244 (Concat) -> 3266 (Concat)
  3244 (Concat) -> 3162 (Slice)
  3244 (Concat) -> 3158 (Concat)
  3244 (Concat) -> 3253 (Concat)
  3244 (Concat) -> 3164 (Concat)
  3244 (Concat) -> 3238 (Concat)
  3244 (Concat) -> 3240 (Concat)
  3244 (Concat) -> 3237 (Concat)
  3244 (Concat) -> 3278 (Concat)
  3244 (Concat) -> 3245 (Slice)
  3244 (Concat) -> 3246 (Slice)
  3244 (Concat) -> 3247 (Slice)
  3244 (Concat) -> 3142 (Concat)
  3244 (Concat) -> 3248 (Concat)
  3244 (Concat) -> 3249 (Concat)
  3244 (Concat) -> 3250 (Concat)
  3244 (Concat) -> 3119 (Slice)
  3244 (Concat) -> 3251 (Concat)
  3244 (Concat) -> 3167 (Concat)
  3244 (Concat) -> 3224 (Concat)
  3244 (Concat) -> 3254 (Concat)
  3244 (Concat) -> 3202 (Concat)
  3244 (Concat) -> 3259 (Slice)
  3244 (Concat) -> 3260 (Slice)
  3244 (Concat) -> 3118 (Concat)
  3244 (Concat) -> 3261 (Slice)
  3244 (Concat) -> 3271 (Concat)
  3244 (Concat) -> 3262 (Concat)
  3244 (Concat) -> 3265 (Concat)
  3244 (Concat) -> 3268 (Concat)
  3244 (Concat) -> 3205 (Slice)
  3244 (Concat) -> 3269 (Concat)
  3244 (Concat) -> 3270 (Concat)
  3244 (Concat) -> 3272 (Concat)
  3244 (Concat) -> 3273 (Slice)
  3244 (Concat) -> 3275 (Slice)
  3244 (Concat) -> 3194 (Concat)
  3244 (Concat) -> 3274 (Slice)
  3244 (Concat) -> 3276 (Concat)
  3244 (Concat) -> 3277 (Concat)
  3244 (Concat) -> 3279 (Concat)
  3244 (Concat) -> 3280 (Concat)
  3244 (Concat) -> 3281 (Concat)
  3244 (Concat) -> 3252 (Concat)
  3244 (Concat) -> 3179 (Concat)
  3244 (Concat) -> 3115 (Concat)
  3244 (Concat) -> 3258 (Concat)
  3244 (Concat) -> 3166 (Concat)
  3244 (Concat) -> 3160 (Concat)
  3244 (Concat) -> 3239 (Concat)
  3244 (Concat) -> 3137 (Concat)
  3244 (Concat) -> 3183 (Concat)
  3244 (Concat) -> 3242 (Concat)
  3244 (Concat) -> 3181 (Concat)
  3244 (Concat) -> 3129 (Concat)
  3244 (Concat) -> 3161 (Slice)
  3244 (Concat) -> 3232 (Slice)
  3244 (Concat) -> 3213 (Concat)
  3244 (Concat) -> 3114 (Concat)
  3244 (Concat) -> 3263 (Concat)
  3196 (Concat) -> 3231 (Slice)
  3196 (Concat) -> 3219 (Slice)
  3196 (Concat) -> 3236 (Concat)
  3196 (Concat) -> 3225 (Concat)
  3196 (Concat) -> 3177 (Slice)
  3196 (Concat) -> 3234 (Concat)
  3196 (Concat) -> 3190 (Slice)
  3196 (Concat) -> 3210 (Concat)
  3196 (Concat) -> 3218 (Slice)
  3196 (Concat) -> 3143 (Concat)
  3196 (Concat) -> 3168 (Concat)
  3196 (Concat) -> 3217 (Slice)
  3196 (Concat) -> 3222 (Concat)
  3196 (Concat) -> 3214 (Concat)
  3196 (Concat) -> 3211 (Concat)
  3196 (Concat) -> 3121 (Slice)
  3196 (Concat) -> 3226 (Concat)
  3196 (Concat) -> 3111 (Div)
  3196 (Concat) -> 3221 (Concat)
  3196 (Concat) -> 3241 (Concat)
  3196 (Concat) -> 3209 (Concat)
  3196 (Concat) -> 3208 (Concat)
  3196 (Concat) -> 3133 (Slice)
  3196 (Concat) -> 3207 (Concat)
  3196 (Concat) -> 3204 (Slice)
  3196 (Concat) -> 3203 (Slice)
  3196 (Concat) -> 3148 (Slice)
  3196 (Concat) -> 3215 (Concat)
  3196 (Concat) -> 3199 (Concat)
  3196 (Concat) -> 3171 (Concat)
  3196 (Concat) -> 3127 (Concat)
  3196 (Concat) -> 3244 (Concat)
  3196 (Concat) -> 3200 (Concat)
  3196 (Concat) -> 3195 (Concat)
  3196 (Concat) -> 3144 (Concat)
  3196 (Concat) -> 3264 (Concat)
  3196 (Concat) -> 3193 (Concat)
  3196 (Concat) -> 3228 (Concat)
  3196 (Concat) -> 3192 (Concat)
  3196 (Concat) -> 3201 (Concat)
  3196 (Concat) -> 3141 (Concat)
  3196 (Concat) -> 3189 (Slice)
  3196 (Concat) -> 3188 (Concat)
  3196 (Concat) -> 3233 (Slice)
  3196 (Concat) -> 3132 (Concat)
  3196 (Concat) -> 3185 (Concat)
  3196 (Concat) -> 3134 (Slice)
  3196 (Concat) -> 3182 (Concat)
  3196 (Concat) -> 3180 (Concat)
  3196 (Concat) -> 3130 (Concat)
  3196 (Concat) -> 3165 (Concat)
  3196 (Concat) -> 3176 (Slice)
  3196 (Concat) -> 3191 (Slice)
  3196 (Concat) -> 3175 (Slice)
  3196 (Concat) -> 3172 (Concat)
  3196 (Concat) -> 3173 (Concat)
  3196 (Concat) -> 3169 (Concat)
  3196 (Concat) -> 3230 (Concat)
  3196 (Concat) -> 3116 (Concat)
  3196 (Concat) -> 3267 (Concat)
  3196 (Concat) -> 3235 (Concat)
  3196 (Concat) -> 3122 (Concat)
  3196 (Concat) -> 3163 (Slice)
  3196 (Concat) -> 3212 (Concat)
  3196 (Concat) -> 3136 (Concat)
  3196 (Concat) -> 3128 (Concat)
  3196 (Concat) -> 3174 (Concat)
  3196 (Concat) -> 3155 (Concat)
  3196 (Concat) -> 3229 (Concat)
  3196 (Concat) -> 3186 (Concat)
  3196 (Concat) -> 3126 (Concat)
  3196 (Concat) -> 3120 (Slice)
  3196 (Concat) -> 3257 (Concat)
  3196 (Concat) -> 3184 (Concat)
  3196 (Concat) -> 3124 (Concat)
  3196 (Concat) -> 3256 (Concat)
  3196 (Concat) -> 3112 (Sub)
  3196 (Concat) -> 3113 (Concat)
  3196 (Concat) -> 3223 (Concat)
  3196 (Concat) -> 3197 (Concat)
  3196 (Concat) -> 3123 (Concat)
  3196 (Concat) -> 3220 (Concat)
  3196 (Concat) -> 3187 (Concat)
  3196 (Concat) -> 3157 (Concat)
  3196 (Concat) -> 3117 (Concat)
  3196 (Concat) -> 3135 (Slice)
  3196 (Concat) -> 3151 (Concat)
  3196 (Concat) -> 3150 (Concat)
  3196 (Concat) -> 3170 (Concat)
  3196 (Concat) -> 3138 (Concat)
  3196 (Concat) -> 3154 (Concat)
  3196 (Concat) -> 3140 (Concat)
  3196 (Concat) -> 3146 (Concat)
  3196 (Concat) -> 3125 (Concat)
  3196 (Concat) -> 3147 (Slice)
  3196 (Concat) -> 3227 (Concat)
  3196 (Concat) -> 3131 (Concat)
  3196 (Concat) -> 3178 (Concat)
  3196 (Concat) -> 3149 (Slice)
  3196 (Concat) -> 3206 (Concat)
  3196 (Concat) -> 3152 (Concat)
  3196 (Concat) -> 3243 (Concat)
  3196 (Concat) -> 3139 (Concat)
  3196 (Concat) -> 3110 (Concat)
  3196 (Concat) -> 3216 (Concat)
  3196 (Concat) -> 3153 (Concat)
  3196 (Concat) -> 3156 (Concat)
  3196 (Concat) -> 3198 (Concat)
  3196 (Concat) -> 3255 (Concat)
  3196 (Concat) -> 3159 (Concat)
  3196 (Concat) -> 3145 (Concat)
  3196 (Concat) -> 3266 (Concat)
  3196 (Concat) -> 3162 (Slice)
  3196 (Concat) -> 3158 (Concat)
  3196 (Concat) -> 3253 (Concat)
  3196 (Concat) -> 3164 (Concat)
  3196 (Concat) -> 3238 (Concat)
  3196 (Concat) -> 3240 (Concat)
  3196 (Concat) -> 3237 (Concat)
  3196 (Concat) -> 3278 (Concat)
  3196 (Concat) -> 3245 (Slice)
  3196 (Concat) -> 3246 (Slice)
  3196 (Concat) -> 3247 (Slice)
  3196 (Concat) -> 3142 (Concat)
  3196 (Concat) -> 3248 (Concat)
  3196 (Concat) -> 3249 (Concat)
  3196 (Concat) -> 3250 (Concat)
  3196 (Concat) -> 3119 (Slice)
  3196 (Concat) -> 3251 (Concat)
  3196 (Concat) -> 3167 (Concat)
  3196 (Concat) -> 3224 (Concat)
  3196 (Concat) -> 3254 (Concat)
  3196 (Concat) -> 3202 (Concat)
  3196 (Concat) -> 3259 (Slice)
  3196 (Concat) -> 3260 (Slice)
  3196 (Concat) -> 3118 (Concat)
  3196 (Concat) -> 3261 (Slice)
  3196 (Concat) -> 3271 (Concat)
  3196 (Concat) -> 3262 (Concat)
  3196 (Concat) -> 3265 (Concat)
  3196 (Concat) -> 3268 (Concat)
  3196 (Concat) -> 3205 (Slice)
  3196 (Concat) -> 3269 (Concat)
  3196 (Concat) -> 3270 (Concat)
  3196 (Concat) -> 3272 (Concat)
  3196 (Concat) -> 3273 (Slice)
  3196 (Concat) -> 3275 (Slice)
  3196 (Concat) -> 3194 (Concat)
  3196 (Concat) -> 3274 (Slice)
  3196 (Concat) -> 3276 (Concat)
  3196 (Concat) -> 3277 (Concat)
  3196 (Concat) -> 3279 (Concat)
  3196 (Concat) -> 3280 (Concat)
  3196 (Concat) -> 3281 (Concat)
  3196 (Concat) -> 3252 (Concat)
  3196 (Concat) -> 3179 (Concat)
  3196 (Concat) -> 3115 (Concat)
  3196 (Concat) -> 3258 (Concat)
  3196 (Concat) -> 3166 (Concat)
  3196 (Concat) -> 3160 (Concat)
  3196 (Concat) -> 3239 (Concat)
  3196 (Concat) -> 3137 (Concat)
  3196 (Concat) -> 3183 (Concat)
  3196 (Concat) -> 3242 (Concat)
  3196 (Concat) -> 3181 (Concat)
  3196 (Concat) -> 3129 (Concat)
  3196 (Concat) -> 3161 (Slice)
  3196 (Concat) -> 3232 (Slice)
  3196 (Concat) -> 3213 (Concat)
  3196 (Concat) -> 3114 (Concat)
  3196 (Concat) -> 3263 (Concat)
  3200 (Concat) -> 3231 (Slice)
  3200 (Concat) -> 3219 (Slice)
  3200 (Concat) -> 3236 (Concat)
  3200 (Concat) -> 3225 (Concat)
  3200 (Concat) -> 3177 (Slice)
  3200 (Concat) -> 3234 (Concat)
  3200 (Concat) -> 3190 (Slice)
  3200 (Concat) -> 3210 (Concat)
  3200 (Concat) -> 3218 (Slice)
  3200 (Concat) -> 3143 (Concat)
  3200 (Concat) -> 3168 (Concat)
  3200 (Concat) -> 3217 (Slice)
  3200 (Concat) -> 3222 (Concat)
  3200 (Concat) -> 3214 (Concat)
  3200 (Concat) -> 3211 (Concat)
  3200 (Concat) -> 3121 (Slice)
  3200 (Concat) -> 3226 (Concat)
  3200 (Concat) -> 3111 (Div)
  3200 (Concat) -> 3221 (Concat)
  3200 (Concat) -> 3241 (Concat)
  3200 (Concat) -> 3209 (Concat)
  3200 (Concat) -> 3208 (Concat)
  3200 (Concat) -> 3133 (Slice)
  3200 (Concat) -> 3207 (Concat)
  3200 (Concat) -> 3204 (Slice)
  3200 (Concat) -> 3203 (Slice)
  3200 (Concat) -> 3148 (Slice)
  3200 (Concat) -> 3215 (Concat)
  3200 (Concat) -> 3199 (Concat)
  3200 (Concat) -> 3171 (Concat)
  3200 (Concat) -> 3127 (Concat)
  3200 (Concat) -> 3244 (Concat)
  3200 (Concat) -> 3196 (Concat)
  3200 (Concat) -> 3195 (Concat)
  3200 (Concat) -> 3144 (Concat)
  3200 (Concat) -> 3264 (Concat)
  3200 (Concat) -> 3193 (Concat)
  3200 (Concat) -> 3228 (Concat)
  3200 (Concat) -> 3192 (Concat)
  3200 (Concat) -> 3201 (Concat)
  3200 (Concat) -> 3141 (Concat)
  3200 (Concat) -> 3189 (Slice)
  3200 (Concat) -> 3188 (Concat)
  3200 (Concat) -> 3233 (Slice)
  3200 (Concat) -> 3132 (Concat)
  3200 (Concat) -> 3185 (Concat)
  3200 (Concat) -> 3134 (Slice)
  3200 (Concat) -> 3182 (Concat)
  3200 (Concat) -> 3180 (Concat)
  3200 (Concat) -> 3130 (Concat)
  3200 (Concat) -> 3165 (Concat)
  3200 (Concat) -> 3176 (Slice)
  3200 (Concat) -> 3191 (Slice)
  3200 (Concat) -> 3175 (Slice)
  3200 (Concat) -> 3172 (Concat)
  3200 (Concat) -> 3173 (Concat)
  3200 (Concat) -> 3169 (Concat)
  3200 (Concat) -> 3230 (Concat)
  3200 (Concat) -> 3116 (Concat)
  3200 (Concat) -> 3267 (Concat)
  3200 (Concat) -> 3235 (Concat)
  3200 (Concat) -> 3122 (Concat)
  3200 (Concat) -> 3163 (Slice)
  3200 (Concat) -> 3212 (Concat)
  3200 (Concat) -> 3136 (Concat)
  3200 (Concat) -> 3128 (Concat)
  3200 (Concat) -> 3174 (Concat)
  3200 (Concat) -> 3155 (Concat)
  3200 (Concat) -> 3229 (Concat)
  3200 (Concat) -> 3186 (Concat)
  3200 (Concat) -> 3126 (Concat)
  3200 (Concat) -> 3120 (Slice)
  3200 (Concat) -> 3257 (Concat)
  3200 (Concat) -> 3184 (Concat)
  3200 (Concat) -> 3124 (Concat)
  3200 (Concat) -> 3256 (Concat)
  3200 (Concat) -> 3112 (Sub)
  3200 (Concat) -> 3113 (Concat)
  3200 (Concat) -> 3223 (Concat)
  3200 (Concat) -> 3197 (Concat)
  3200 (Concat) -> 3123 (Concat)
  3200 (Concat) -> 3220 (Concat)
  3200 (Concat) -> 3187 (Concat)
  3200 (Concat) -> 3157 (Concat)
  3200 (Concat) -> 3117 (Concat)
  3200 (Concat) -> 3135 (Slice)
  3200 (Concat) -> 3151 (Concat)
  3200 (Concat) -> 3150 (Concat)
  3200 (Concat) -> 3170 (Concat)
  3200 (Concat) -> 3138 (Concat)
  3200 (Concat) -> 3154 (Concat)
  3200 (Concat) -> 3140 (Concat)
  3200 (Concat) -> 3146 (Concat)
  3200 (Concat) -> 3125 (Concat)
  3200 (Concat) -> 3147 (Slice)
  3200 (Concat) -> 3227 (Concat)
  3200 (Concat) -> 3131 (Concat)
  3200 (Concat) -> 3178 (Concat)
  3200 (Concat) -> 3149 (Slice)
  3200 (Concat) -> 3206 (Concat)
  3200 (Concat) -> 3152 (Concat)
  3200 (Concat) -> 3243 (Concat)
  3200 (Concat) -> 3139 (Concat)
  3200 (Concat) -> 3110 (Concat)
  3200 (Concat) -> 3216 (Concat)
  3200 (Concat) -> 3153 (Concat)
  3200 (Concat) -> 3156 (Concat)
  3200 (Concat) -> 3198 (Concat)
  3200 (Concat) -> 3255 (Concat)
  3200 (Concat) -> 3159 (Concat)
  3200 (Concat) -> 3145 (Concat)
  3200 (Concat) -> 3266 (Concat)
  3200 (Concat) -> 3162 (Slice)
  3200 (Concat) -> 3158 (Concat)
  3200 (Concat) -> 3253 (Concat)
  3200 (Concat) -> 3164 (Concat)
  3200 (Concat) -> 3238 (Concat)
  3200 (Concat) -> 3240 (Concat)
  3200 (Concat) -> 3237 (Concat)
  3200 (Concat) -> 3278 (Concat)
  3200 (Concat) -> 3245 (Slice)
  3200 (Concat) -> 3246 (Slice)
  3200 (Concat) -> 3247 (Slice)
  3200 (Concat) -> 3142 (Concat)
  3200 (Concat) -> 3248 (Concat)
  3200 (Concat) -> 3249 (Concat)
  3200 (Concat) -> 3250 (Concat)
  3200 (Concat) -> 3119 (Slice)
  3200 (Concat) -> 3251 (Concat)
  3200 (Concat) -> 3167 (Concat)
  3200 (Concat) -> 3224 (Concat)
  3200 (Concat) -> 3254 (Concat)
  3200 (Concat) -> 3202 (Concat)
  3200 (Concat) -> 3259 (Slice)
  3200 (Concat) -> 3260 (Slice)
  3200 (Concat) -> 3118 (Concat)
  3200 (Concat) -> 3261 (Slice)
  3200 (Concat) -> 3271 (Concat)
  3200 (Concat) -> 3262 (Concat)
  3200 (Concat) -> 3265 (Concat)
  3200 (Concat) -> 3268 (Concat)
  3200 (Concat) -> 3205 (Slice)
  3200 (Concat) -> 3269 (Concat)
  3200 (Concat) -> 3270 (Concat)
  3200 (Concat) -> 3272 (Concat)
  3200 (Concat) -> 3273 (Slice)
  3200 (Concat) -> 3275 (Slice)
  3200 (Concat) -> 3194 (Concat)
  3200 (Concat) -> 3274 (Slice)
  3200 (Concat) -> 3276 (Concat)
  3200 (Concat) -> 3277 (Concat)
  3200 (Concat) -> 3279 (Concat)
  3200 (Concat) -> 3280 (Concat)
  3200 (Concat) -> 3281 (Concat)
  3200 (Concat) -> 3252 (Concat)
  3200 (Concat) -> 3179 (Concat)
  3200 (Concat) -> 3115 (Concat)
  3200 (Concat) -> 3258 (Concat)
  3200 (Concat) -> 3166 (Concat)
  3200 (Concat) -> 3160 (Concat)
  3200 (Concat) -> 3239 (Concat)
  3200 (Concat) -> 3137 (Concat)
  3200 (Concat) -> 3183 (Concat)
  3200 (Concat) -> 3242 (Concat)
  3200 (Concat) -> 3181 (Concat)
  3200 (Concat) -> 3129 (Concat)
  3200 (Concat) -> 3161 (Slice)
  3200 (Concat) -> 3232 (Slice)
  3200 (Concat) -> 3213 (Concat)
  3200 (Concat) -> 3114 (Concat)
  3200 (Concat) -> 3263 (Concat)
  3195 (Concat) -> 3231 (Slice)
  3195 (Concat) -> 3219 (Slice)
  3195 (Concat) -> 3236 (Concat)
  3195 (Concat) -> 3225 (Concat)
  3195 (Concat) -> 3177 (Slice)
  3195 (Concat) -> 3234 (Concat)
  3195 (Concat) -> 3190 (Slice)
  3195 (Concat) -> 3210 (Concat)
  3195 (Concat) -> 3218 (Slice)
  3195 (Concat) -> 3143 (Concat)
  3195 (Concat) -> 3168 (Concat)
  3195 (Concat) -> 3217 (Slice)
  3195 (Concat) -> 3222 (Concat)
  3195 (Concat) -> 3214 (Concat)
  3195 (Concat) -> 3211 (Concat)
  3195 (Concat) -> 3121 (Slice)
  3195 (Concat) -> 3226 (Concat)
  3195 (Concat) -> 3111 (Div)
  3195 (Concat) -> 3221 (Concat)
  3195 (Concat) -> 3241 (Concat)
  3195 (Concat) -> 3209 (Concat)
  3195 (Concat) -> 3208 (Concat)
  3195 (Concat) -> 3133 (Slice)
  3195 (Concat) -> 3207 (Concat)
  3195 (Concat) -> 3204 (Slice)
  3195 (Concat) -> 3203 (Slice)
  3195 (Concat) -> 3148 (Slice)
  3195 (Concat) -> 3215 (Concat)
  3195 (Concat) -> 3199 (Concat)
  3195 (Concat) -> 3171 (Concat)
  3195 (Concat) -> 3127 (Concat)
  3195 (Concat) -> 3244 (Concat)
  3195 (Concat) -> 3196 (Concat)
  3195 (Concat) -> 3200 (Concat)
  3195 (Concat) -> 3144 (Concat)
  3195 (Concat) -> 3264 (Concat)
  3195 (Concat) -> 3193 (Concat)
  3195 (Concat) -> 3228 (Concat)
  3195 (Concat) -> 3192 (Concat)
  3195 (Concat) -> 3201 (Concat)
  3195 (Concat) -> 3141 (Concat)
  3195 (Concat) -> 3189 (Slice)
  3195 (Concat) -> 3188 (Concat)
  3195 (Concat) -> 3233 (Slice)
  3195 (Concat) -> 3132 (Concat)
  3195 (Concat) -> 3185 (Concat)
  3195 (Concat) -> 3134 (Slice)
  3195 (Concat) -> 3182 (Concat)
  3195 (Concat) -> 3180 (Concat)
  3195 (Concat) -> 3130 (Concat)
  3195 (Concat) -> 3165 (Concat)
  3195 (Concat) -> 3176 (Slice)
  3195 (Concat) -> 3191 (Slice)
  3195 (Concat) -> 3175 (Slice)
  3195 (Concat) -> 3172 (Concat)
  3195 (Concat) -> 3173 (Concat)
  3195 (Concat) -> 3169 (Concat)
  3195 (Concat) -> 3230 (Concat)
  3195 (Concat) -> 3116 (Concat)
  3195 (Concat) -> 3267 (Concat)
  3195 (Concat) -> 3235 (Concat)
  3195 (Concat) -> 3122 (Concat)
  3195 (Concat) -> 3163 (Slice)
  3195 (Concat) -> 3212 (Concat)
  3195 (Concat) -> 3136 (Concat)
  3195 (Concat) -> 3128 (Concat)
  3195 (Concat) -> 3174 (Concat)
  3195 (Concat) -> 3155 (Concat)
  3195 (Concat) -> 3229 (Concat)
  3195 (Concat) -> 3186 (Concat)
  3195 (Concat) -> 3126 (Concat)
  3195 (Concat) -> 3120 (Slice)
  3195 (Concat) -> 3257 (Concat)
  3195 (Concat) -> 3184 (Concat)
  3195 (Concat) -> 3124 (Concat)
  3195 (Concat) -> 3256 (Concat)
  3195 (Concat) -> 3112 (Sub)
  3195 (Concat) -> 3113 (Concat)
  3195 (Concat) -> 3223 (Concat)
  3195 (Concat) -> 3197 (Concat)
  3195 (Concat) -> 3123 (Concat)
  3195 (Concat) -> 3220 (Concat)
  3195 (Concat) -> 3187 (Concat)
  3195 (Concat) -> 3157 (Concat)
  3195 (Concat) -> 3117 (Concat)
  3195 (Concat) -> 3135 (Slice)
  3195 (Concat) -> 3151 (Concat)
  3195 (Concat) -> 3150 (Concat)
  3195 (Concat) -> 3170 (Concat)
  3195 (Concat) -> 3138 (Concat)
  3195 (Concat) -> 3154 (Concat)
  3195 (Concat) -> 3140 (Concat)
  3195 (Concat) -> 3146 (Concat)
  3195 (Concat) -> 3125 (Concat)
  3195 (Concat) -> 3147 (Slice)
  3195 (Concat) -> 3227 (Concat)
  3195 (Concat) -> 3131 (Concat)
  3195 (Concat) -> 3178 (Concat)
  3195 (Concat) -> 3149 (Slice)
  3195 (Concat) -> 3206 (Concat)
  3195 (Concat) -> 3152 (Concat)
  3195 (Concat) -> 3243 (Concat)
  3195 (Concat) -> 3139 (Concat)
  3195 (Concat) -> 3110 (Concat)
  3195 (Concat) -> 3216 (Concat)
  3195 (Concat) -> 3153 (Concat)
  3195 (Concat) -> 3156 (Concat)
  3195 (Concat) -> 3198 (Concat)
  3195 (Concat) -> 3255 (Concat)
  3195 (Concat) -> 3159 (Concat)
  3195 (Concat) -> 3145 (Concat)
  3195 (Concat) -> 3266 (Concat)
  3195 (Concat) -> 3162 (Slice)
  3195 (Concat) -> 3158 (Concat)
  3195 (Concat) -> 3253 (Concat)
  3195 (Concat) -> 3164 (Concat)
  3195 (Concat) -> 3238 (Concat)
  3195 (Concat) -> 3240 (Concat)
  3195 (Concat) -> 3237 (Concat)
  3195 (Concat) -> 3278 (Concat)
  3195 (Concat) -> 3245 (Slice)
  3195 (Concat) -> 3246 (Slice)
  3195 (Concat) -> 3247 (Slice)
  3195 (Concat) -> 3142 (Concat)
  3195 (Concat) -> 3248 (Concat)
  3195 (Concat) -> 3249 (Concat)
  3195 (Concat) -> 3250 (Concat)
  3195 (Concat) -> 3119 (Slice)
  3195 (Concat) -> 3251 (Concat)
  3195 (Concat) -> 3167 (Concat)
  3195 (Concat) -> 3224 (Concat)
  3195 (Concat) -> 3254 (Concat)
  3195 (Concat) -> 3202 (Concat)
  3195 (Concat) -> 3259 (Slice)
  3195 (Concat) -> 3260 (Slice)
  3195 (Concat) -> 3118 (Concat)
  3195 (Concat) -> 3261 (Slice)
  3195 (Concat) -> 3271 (Concat)
  3195 (Concat) -> 3262 (Concat)
  3195 (Concat) -> 3265 (Concat)
  3195 (Concat) -> 3268 (Concat)
  3195 (Concat) -> 3205 (Slice)
  3195 (Concat) -> 3269 (Concat)
  3195 (Concat) -> 3270 (Concat)
  3195 (Concat) -> 3272 (Concat)
  3195 (Concat) -> 3273 (Slice)
  3195 (Concat) -> 3275 (Slice)
  3195 (Concat) -> 3194 (Concat)
  3195 (Concat) -> 3274 (Slice)
  3195 (Concat) -> 3276 (Concat)
  3195 (Concat) -> 3277 (Concat)
  3195 (Concat) -> 3279 (Concat)
  3195 (Concat) -> 3280 (Concat)
  3195 (Concat) -> 3281 (Concat)
  3195 (Concat) -> 3252 (Concat)
  3195 (Concat) -> 3179 (Concat)
  3195 (Concat) -> 3115 (Concat)
  3195 (Concat) -> 3258 (Concat)
  3195 (Concat) -> 3166 (Concat)
  3195 (Concat) -> 3160 (Concat)
  3195 (Concat) -> 3239 (Concat)
  3195 (Concat) -> 3137 (Concat)
  3195 (Concat) -> 3183 (Concat)
  3195 (Concat) -> 3242 (Concat)
  3195 (Concat) -> 3181 (Concat)
  3195 (Concat) -> 3129 (Concat)
  3195 (Concat) -> 3161 (Slice)
  3195 (Concat) -> 3232 (Slice)
  3195 (Concat) -> 3213 (Concat)
  3195 (Concat) -> 3114 (Concat)
  3195 (Concat) -> 3263 (Concat)
  3144 (Concat) -> 3231 (Slice)
  3144 (Concat) -> 3219 (Slice)
  3144 (Concat) -> 3236 (Concat)
  3144 (Concat) -> 3225 (Concat)
  3144 (Concat) -> 3177 (Slice)
  3144 (Concat) -> 3234 (Concat)
  3144 (Concat) -> 3190 (Slice)
  3144 (Concat) -> 3210 (Concat)
  3144 (Concat) -> 3218 (Slice)
  3144 (Concat) -> 3143 (Concat)
  3144 (Concat) -> 3168 (Concat)
  3144 (Concat) -> 3217 (Slice)
  3144 (Concat) -> 3222 (Concat)
  3144 (Concat) -> 3214 (Concat)
  3144 (Concat) -> 3211 (Concat)
  3144 (Concat) -> 3121 (Slice)
  3144 (Concat) -> 3226 (Concat)
  3144 (Concat) -> 3111 (Div)
  3144 (Concat) -> 3221 (Concat)
  3144 (Concat) -> 3241 (Concat)
  3144 (Concat) -> 3209 (Concat)
  3144 (Concat) -> 3208 (Concat)
  3144 (Concat) -> 3133 (Slice)
  3144 (Concat) -> 3207 (Concat)
  3144 (Concat) -> 3204 (Slice)
  3144 (Concat) -> 3203 (Slice)
  3144 (Concat) -> 3148 (Slice)
  3144 (Concat) -> 3215 (Concat)
  3144 (Concat) -> 3199 (Concat)
  3144 (Concat) -> 3171 (Concat)
  3144 (Concat) -> 3127 (Concat)
  3144 (Concat) -> 3244 (Concat)
  3144 (Concat) -> 3196 (Concat)
  3144 (Concat) -> 3200 (Concat)
  3144 (Concat) -> 3195 (Concat)
  3144 (Concat) -> 3264 (Concat)
  3144 (Concat) -> 3193 (Concat)
  3144 (Concat) -> 3228 (Concat)
  3144 (Concat) -> 3192 (Concat)
  3144 (Concat) -> 3201 (Concat)
  3144 (Concat) -> 3141 (Concat)
  3144 (Concat) -> 3189 (Slice)
  3144 (Concat) -> 3188 (Concat)
  3144 (Concat) -> 3233 (Slice)
  3144 (Concat) -> 3132 (Concat)
  3144 (Concat) -> 3185 (Concat)
  3144 (Concat) -> 3134 (Slice)
  3144 (Concat) -> 3182 (Concat)
  3144 (Concat) -> 3180 (Concat)
  3144 (Concat) -> 3130 (Concat)
  3144 (Concat) -> 3165 (Concat)
  3144 (Concat) -> 3176 (Slice)
  3144 (Concat) -> 3191 (Slice)
  3144 (Concat) -> 3175 (Slice)
  3144 (Concat) -> 3172 (Concat)
  3144 (Concat) -> 3173 (Concat)
  3144 (Concat) -> 3169 (Concat)
  3144 (Concat) -> 3230 (Concat)
  3144 (Concat) -> 3116 (Concat)
  3144 (Concat) -> 3267 (Concat)
  3144 (Concat) -> 3235 (Concat)
  3144 (Concat) -> 3122 (Concat)
  3144 (Concat) -> 3163 (Slice)
  3144 (Concat) -> 3212 (Concat)
  3144 (Concat) -> 3136 (Concat)
  3144 (Concat) -> 3128 (Concat)
  3144 (Concat) -> 3174 (Concat)
  3144 (Concat) -> 3155 (Concat)
  3144 (Concat) -> 3229 (Concat)
  3144 (Concat) -> 3186 (Concat)
  3144 (Concat) -> 3126 (Concat)
  3144 (Concat) -> 3120 (Slice)
  3144 (Concat) -> 3257 (Concat)
  3144 (Concat) -> 3184 (Concat)
  3144 (Concat) -> 3124 (Concat)
  3144 (Concat) -> 3256 (Concat)
  3144 (Concat) -> 3112 (Sub)
  3144 (Concat) -> 3113 (Concat)
  3144 (Concat) -> 3223 (Concat)
  3144 (Concat) -> 3197 (Concat)
  3144 (Concat) -> 3123 (Concat)
  3144 (Concat) -> 3220 (Concat)
  3144 (Concat) -> 3187 (Concat)
  3144 (Concat) -> 3157 (Concat)
  3144 (Concat) -> 3117 (Concat)
  3144 (Concat) -> 3135 (Slice)
  3144 (Concat) -> 3151 (Concat)
  3144 (Concat) -> 3150 (Concat)
  3144 (Concat) -> 3170 (Concat)
  3144 (Concat) -> 3138 (Concat)
  3144 (Concat) -> 3154 (Concat)
  3144 (Concat) -> 3140 (Concat)
  3144 (Concat) -> 3146 (Concat)
  3144 (Concat) -> 3125 (Concat)
  3144 (Concat) -> 3147 (Slice)
  3144 (Concat) -> 3227 (Concat)
  3144 (Concat) -> 3131 (Concat)
  3144 (Concat) -> 3178 (Concat)
  3144 (Concat) -> 3149 (Slice)
  3144 (Concat) -> 3206 (Concat)
  3144 (Concat) -> 3152 (Concat)
  3144 (Concat) -> 3243 (Concat)
  3144 (Concat) -> 3139 (Concat)
  3144 (Concat) -> 3110 (Concat)
  3144 (Concat) -> 3216 (Concat)
  3144 (Concat) -> 3153 (Concat)
  3144 (Concat) -> 3156 (Concat)
  3144 (Concat) -> 3198 (Concat)
  3144 (Concat) -> 3255 (Concat)
  3144 (Concat) -> 3159 (Concat)
  3144 (Concat) -> 3145 (Concat)
  3144 (Concat) -> 3266 (Concat)
  3144 (Concat) -> 3162 (Slice)
  3144 (Concat) -> 3158 (Concat)
  3144 (Concat) -> 3253 (Concat)
  3144 (Concat) -> 3164 (Concat)
  3144 (Concat) -> 3238 (Concat)
  3144 (Concat) -> 3240 (Concat)
  3144 (Concat) -> 3237 (Concat)
  3144 (Concat) -> 3278 (Concat)
  3144 (Concat) -> 3245 (Slice)
  3144 (Concat) -> 3246 (Slice)
  3144 (Concat) -> 3247 (Slice)
  3144 (Concat) -> 3142 (Concat)
  3144 (Concat) -> 3248 (Concat)
  3144 (Concat) -> 3249 (Concat)
  3144 (Concat) -> 3250 (Concat)
  3144 (Concat) -> 3119 (Slice)
  3144 (Concat) -> 3251 (Concat)
  3144 (Concat) -> 3167 (Concat)
  3144 (Concat) -> 3224 (Concat)
  3144 (Concat) -> 3254 (Concat)
  3144 (Concat) -> 3202 (Concat)
  3144 (Concat) -> 3259 (Slice)
  3144 (Concat) -> 3260 (Slice)
  3144 (Concat) -> 3118 (Concat)
  3144 (Concat) -> 3261 (Slice)
  3144 (Concat) -> 3271 (Concat)
  3144 (Concat) -> 3262 (Concat)
  3144 (Concat) -> 3265 (Concat)
  3144 (Concat) -> 3268 (Concat)
  3144 (Concat) -> 3205 (Slice)
  3144 (Concat) -> 3269 (Concat)
  3144 (Concat) -> 3270 (Concat)
  3144 (Concat) -> 3272 (Concat)
  3144 (Concat) -> 3273 (Slice)
  3144 (Concat) -> 3275 (Slice)
  3144 (Concat) -> 3194 (Concat)
  3144 (Concat) -> 3274 (Slice)
  3144 (Concat) -> 3276 (Concat)
  3144 (Concat) -> 3277 (Concat)
  3144 (Concat) -> 3279 (Concat)
  3144 (Concat) -> 3280 (Concat)
  3144 (Concat) -> 3281 (Concat)
  3144 (Concat) -> 3252 (Concat)
  3144 (Concat) -> 3179 (Concat)
  3144 (Concat) -> 3115 (Concat)
  3144 (Concat) -> 3258 (Concat)
  3144 (Concat) -> 3166 (Concat)
  3144 (Concat) -> 3160 (Concat)
  3144 (Concat) -> 3239 (Concat)
  3144 (Concat) -> 3137 (Concat)
  3144 (Concat) -> 3183 (Concat)
  3144 (Concat) -> 3242 (Concat)
  3144 (Concat) -> 3181 (Concat)
  3144 (Concat) -> 3129 (Concat)
  3144 (Concat) -> 3161 (Slice)
  3144 (Concat) -> 3232 (Slice)
  3144 (Concat) -> 3213 (Concat)
  3144 (Concat) -> 3114 (Concat)
  3144 (Concat) -> 3263 (Concat)
  3264 (Concat) -> 3231 (Slice)
  3264 (Concat) -> 3219 (Slice)
  3264 (Concat) -> 3236 (Concat)
  3264 (Concat) -> 3225 (Concat)
  3264 (Concat) -> 3177 (Slice)
  3264 (Concat) -> 3234 (Concat)
  3264 (Concat) -> 3190 (Slice)
  3264 (Concat) -> 3210 (Concat)
  3264 (Concat) -> 3218 (Slice)
  3264 (Concat) -> 3143 (Concat)
  3264 (Concat) -> 3168 (Concat)
  3264 (Concat) -> 3217 (Slice)
  3264 (Concat) -> 3222 (Concat)
  3264 (Concat) -> 3214 (Concat)
  3264 (Concat) -> 3211 (Concat)
  3264 (Concat) -> 3121 (Slice)
  3264 (Concat) -> 3226 (Concat)
  3264 (Concat) -> 3111 (Div)
  3264 (Concat) -> 3221 (Concat)
  3264 (Concat) -> 3241 (Concat)
  3264 (Concat) -> 3209 (Concat)
  3264 (Concat) -> 3208 (Concat)
  3264 (Concat) -> 3133 (Slice)
  3264 (Concat) -> 3207 (Concat)
  3264 (Concat) -> 3204 (Slice)
  3264 (Concat) -> 3203 (Slice)
  3264 (Concat) -> 3148 (Slice)
  3264 (Concat) -> 3215 (Concat)
  3264 (Concat) -> 3199 (Concat)
  3264 (Concat) -> 3171 (Concat)
  3264 (Concat) -> 3127 (Concat)
  3264 (Concat) -> 3244 (Concat)
  3264 (Concat) -> 3196 (Concat)
  3264 (Concat) -> 3200 (Concat)
  3264 (Concat) -> 3195 (Concat)
  3264 (Concat) -> 3144 (Concat)
  3264 (Concat) -> 3193 (Concat)
  3264 (Concat) -> 3228 (Concat)
  3264 (Concat) -> 3192 (Concat)
  3264 (Concat) -> 3201 (Concat)
  3264 (Concat) -> 3141 (Concat)
  3264 (Concat) -> 3189 (Slice)
  3264 (Concat) -> 3188 (Concat)
  3264 (Concat) -> 3233 (Slice)
  3264 (Concat) -> 3132 (Concat)
  3264 (Concat) -> 3185 (Concat)
  3264 (Concat) -> 3134 (Slice)
  3264 (Concat) -> 3182 (Concat)
  3264 (Concat) -> 3180 (Concat)
  3264 (Concat) -> 3130 (Concat)
  3264 (Concat) -> 3165 (Concat)
  3264 (Concat) -> 3176 (Slice)
  3264 (Concat) -> 3191 (Slice)
  3264 (Concat) -> 3175 (Slice)
  3264 (Concat) -> 3172 (Concat)
  3264 (Concat) -> 3173 (Concat)
  3264 (Concat) -> 3169 (Concat)
  3264 (Concat) -> 3230 (Concat)
  3264 (Concat) -> 3116 (Concat)
  3264 (Concat) -> 3267 (Concat)
  3264 (Concat) -> 3235 (Concat)
  3264 (Concat) -> 3122 (Concat)
  3264 (Concat) -> 3163 (Slice)
  3264 (Concat) -> 3212 (Concat)
  3264 (Concat) -> 3136 (Concat)
  3264 (Concat) -> 3128 (Concat)
  3264 (Concat) -> 3174 (Concat)
  3264 (Concat) -> 3155 (Concat)
  3264 (Concat) -> 3229 (Concat)
  3264 (Concat) -> 3186 (Concat)
  3264 (Concat) -> 3126 (Concat)
  3264 (Concat) -> 3120 (Slice)
  3264 (Concat) -> 3257 (Concat)
  3264 (Concat) -> 3184 (Concat)
  3264 (Concat) -> 3124 (Concat)
  3264 (Concat) -> 3256 (Concat)
  3264 (Concat) -> 3112 (Sub)
  3264 (Concat) -> 3113 (Concat)
  3264 (Concat) -> 3223 (Concat)
  3264 (Concat) -> 3197 (Concat)
  3264 (Concat) -> 3123 (Concat)
  3264 (Concat) -> 3220 (Concat)
  3264 (Concat) -> 3187 (Concat)
  3264 (Concat) -> 3157 (Concat)
  3264 (Concat) -> 3117 (Concat)
  3264 (Concat) -> 3135 (Slice)
  3264 (Concat) -> 3151 (Concat)
  3264 (Concat) -> 3150 (Concat)
  3264 (Concat) -> 3170 (Concat)
  3264 (Concat) -> 3138 (Concat)
  3264 (Concat) -> 3154 (Concat)
  3264 (Concat) -> 3140 (Concat)
  3264 (Concat) -> 3146 (Concat)
  3264 (Concat) -> 3125 (Concat)
  3264 (Concat) -> 3147 (Slice)
  3264 (Concat) -> 3227 (Concat)
  3264 (Concat) -> 3131 (Concat)
  3264 (Concat) -> 3178 (Concat)
  3264 (Concat) -> 3149 (Slice)
  3264 (Concat) -> 3206 (Concat)
  3264 (Concat) -> 3152 (Concat)
  3264 (Concat) -> 3243 (Concat)
  3264 (Concat) -> 3139 (Concat)
  3264 (Concat) -> 3110 (Concat)
  3264 (Concat) -> 3216 (Concat)
  3264 (Concat) -> 3153 (Concat)
  3264 (Concat) -> 3156 (Concat)
  3264 (Concat) -> 3198 (Concat)
  3264 (Concat) -> 3255 (Concat)
  3264 (Concat) -> 3159 (Concat)
  3264 (Concat) -> 3145 (Concat)
  3264 (Concat) -> 3266 (Concat)
  3264 (Concat) -> 3162 (Slice)
  3264 (Concat) -> 3158 (Concat)
  3264 (Concat) -> 3253 (Concat)
  3264 (Concat) -> 3164 (Concat)
  3264 (Concat) -> 3238 (Concat)
  3264 (Concat) -> 3240 (Concat)
  3264 (Concat) -> 3237 (Concat)
  3264 (Concat) -> 3278 (Concat)
  3264 (Concat) -> 3245 (Slice)
  3264 (Concat) -> 3246 (Slice)
  3264 (Concat) -> 3247 (Slice)
  3264 (Concat) -> 3142 (Concat)
  3264 (Concat) -> 3248 (Concat)
  3264 (Concat) -> 3249 (Concat)
  3264 (Concat) -> 3250 (Concat)
  3264 (Concat) -> 3119 (Slice)
  3264 (Concat) -> 3251 (Concat)
  3264 (Concat) -> 3167 (Concat)
  3264 (Concat) -> 3224 (Concat)
  3264 (Concat) -> 3254 (Concat)
  3264 (Concat) -> 3202 (Concat)
  3264 (Concat) -> 3259 (Slice)
  3264 (Concat) -> 3260 (Slice)
  3264 (Concat) -> 3118 (Concat)
  3264 (Concat) -> 3261 (Slice)
  3264 (Concat) -> 3271 (Concat)
  3264 (Concat) -> 3262 (Concat)
  3264 (Concat) -> 3265 (Concat)
  3264 (Concat) -> 3268 (Concat)
  3264 (Concat) -> 3205 (Slice)
  3264 (Concat) -> 3269 (Concat)
  3264 (Concat) -> 3270 (Concat)
  3264 (Concat) -> 3272 (Concat)
  3264 (Concat) -> 3273 (Slice)
  3264 (Concat) -> 3275 (Slice)
  3264 (Concat) -> 3194 (Concat)
  3264 (Concat) -> 3274 (Slice)
  3264 (Concat) -> 3276 (Concat)
  3264 (Concat) -> 3277 (Concat)
  3264 (Concat) -> 3279 (Concat)
  3264 (Concat) -> 3280 (Concat)
  3264 (Concat) -> 3281 (Concat)
  3264 (Concat) -> 3252 (Concat)
  3264 (Concat) -> 3179 (Concat)
  3264 (Concat) -> 3115 (Concat)
  3264 (Concat) -> 3258 (Concat)
  3264 (Concat) -> 3166 (Concat)
  3264 (Concat) -> 3160 (Concat)
  3264 (Concat) -> 3239 (Concat)
  3264 (Concat) -> 3137 (Concat)
  3264 (Concat) -> 3183 (Concat)
  3264 (Concat) -> 3242 (Concat)
  3264 (Concat) -> 3181 (Concat)
  3264 (Concat) -> 3129 (Concat)
  3264 (Concat) -> 3161 (Slice)
  3264 (Concat) -> 3232 (Slice)
  3264 (Concat) -> 3213 (Concat)
  3264 (Concat) -> 3114 (Concat)
  3264 (Concat) -> 3263 (Concat)
  3193 (Concat) -> 3231 (Slice)
  3193 (Concat) -> 3219 (Slice)
  3193 (Concat) -> 3236 (Concat)
  3193 (Concat) -> 3225 (Concat)
  3193 (Concat) -> 3177 (Slice)
  3193 (Concat) -> 3234 (Concat)
  3193 (Concat) -> 3190 (Slice)
  3193 (Concat) -> 3210 (Concat)
  3193 (Concat) -> 3218 (Slice)
  3193 (Concat) -> 3143 (Concat)
  3193 (Concat) -> 3168 (Concat)
  3193 (Concat) -> 3217 (Slice)
  3193 (Concat) -> 3222 (Concat)
  3193 (Concat) -> 3214 (Concat)
  3193 (Concat) -> 3211 (Concat)
  3193 (Concat) -> 3121 (Slice)
  3193 (Concat) -> 3226 (Concat)
  3193 (Concat) -> 3111 (Div)
  3193 (Concat) -> 3221 (Concat)
  3193 (Concat) -> 3241 (Concat)
  3193 (Concat) -> 3209 (Concat)
  3193 (Concat) -> 3208 (Concat)
  3193 (Concat) -> 3133 (Slice)
  3193 (Concat) -> 3207 (Concat)
  3193 (Concat) -> 3204 (Slice)
  3193 (Concat) -> 3203 (Slice)
  3193 (Concat) -> 3148 (Slice)
  3193 (Concat) -> 3215 (Concat)
  3193 (Concat) -> 3199 (Concat)
  3193 (Concat) -> 3171 (Concat)
  3193 (Concat) -> 3127 (Concat)
  3193 (Concat) -> 3244 (Concat)
  3193 (Concat) -> 3196 (Concat)
  3193 (Concat) -> 3200 (Concat)
  3193 (Concat) -> 3195 (Concat)
  3193 (Concat) -> 3144 (Concat)
  3193 (Concat) -> 3264 (Concat)
  3193 (Concat) -> 3228 (Concat)
  3193 (Concat) -> 3192 (Concat)
  3193 (Concat) -> 3201 (Concat)
  3193 (Concat) -> 3141 (Concat)
  3193 (Concat) -> 3189 (Slice)
  3193 (Concat) -> 3188 (Concat)
  3193 (Concat) -> 3233 (Slice)
  3193 (Concat) -> 3132 (Concat)
  3193 (Concat) -> 3185 (Concat)
  3193 (Concat) -> 3134 (Slice)
  3193 (Concat) -> 3182 (Concat)
  3193 (Concat) -> 3180 (Concat)
  3193 (Concat) -> 3130 (Concat)
  3193 (Concat) -> 3165 (Concat)
  3193 (Concat) -> 3176 (Slice)
  3193 (Concat) -> 3191 (Slice)
  3193 (Concat) -> 3175 (Slice)
  3193 (Concat) -> 3172 (Concat)
  3193 (Concat) -> 3173 (Concat)
  3193 (Concat) -> 3169 (Concat)
  3193 (Concat) -> 3230 (Concat)
  3193 (Concat) -> 3116 (Concat)
  3193 (Concat) -> 3267 (Concat)
  3193 (Concat) -> 3235 (Concat)
  3193 (Concat) -> 3122 (Concat)
  3193 (Concat) -> 3163 (Slice)
  3193 (Concat) -> 3212 (Concat)
  3193 (Concat) -> 3136 (Concat)
  3193 (Concat) -> 3128 (Concat)
  3193 (Concat) -> 3174 (Concat)
  3193 (Concat) -> 3155 (Concat)
  3193 (Concat) -> 3229 (Concat)
  3193 (Concat) -> 3186 (Concat)
  3193 (Concat) -> 3126 (Concat)
  3193 (Concat) -> 3120 (Slice)
  3193 (Concat) -> 3257 (Concat)
  3193 (Concat) -> 3184 (Concat)
  3193 (Concat) -> 3124 (Concat)
  3193 (Concat) -> 3256 (Concat)
  3193 (Concat) -> 3112 (Sub)
  3193 (Concat) -> 3113 (Concat)
  3193 (Concat) -> 3223 (Concat)
  3193 (Concat) -> 3197 (Concat)
  3193 (Concat) -> 3123 (Concat)
  3193 (Concat) -> 3220 (Concat)
  3193 (Concat) -> 3187 (Concat)
  3193 (Concat) -> 3157 (Concat)
  3193 (Concat) -> 3117 (Concat)
  3193 (Concat) -> 3135 (Slice)
  3193 (Concat) -> 3151 (Concat)
  3193 (Concat) -> 3150 (Concat)
  3193 (Concat) -> 3170 (Concat)
  3193 (Concat) -> 3138 (Concat)
  3193 (Concat) -> 3154 (Concat)
  3193 (Concat) -> 3140 (Concat)
  3193 (Concat) -> 3146 (Concat)
  3193 (Concat) -> 3125 (Concat)
  3193 (Concat) -> 3147 (Slice)
  3193 (Concat) -> 3227 (Concat)
  3193 (Concat) -> 3131 (Concat)
  3193 (Concat) -> 3178 (Concat)
  3193 (Concat) -> 3149 (Slice)
  3193 (Concat) -> 3206 (Concat)
  3193 (Concat) -> 3152 (Concat)
  3193 (Concat) -> 3243 (Concat)
  3193 (Concat) -> 3139 (Concat)
  3193 (Concat) -> 3110 (Concat)
  3193 (Concat) -> 3216 (Concat)
  3193 (Concat) -> 3153 (Concat)
  3193 (Concat) -> 3156 (Concat)
  3193 (Concat) -> 3198 (Concat)
  3193 (Concat) -> 3255 (Concat)
  3193 (Concat) -> 3159 (Concat)
  3193 (Concat) -> 3145 (Concat)
  3193 (Concat) -> 3266 (Concat)
  3193 (Concat) -> 3162 (Slice)
  3193 (Concat) -> 3158 (Concat)
  3193 (Concat) -> 3253 (Concat)
  3193 (Concat) -> 3164 (Concat)
  3193 (Concat) -> 3238 (Concat)
  3193 (Concat) -> 3240 (Concat)
  3193 (Concat) -> 3237 (Concat)
  3193 (Concat) -> 3278 (Concat)
  3193 (Concat) -> 3245 (Slice)
  3193 (Concat) -> 3246 (Slice)
  3193 (Concat) -> 3247 (Slice)
  3193 (Concat) -> 3142 (Concat)
  3193 (Concat) -> 3248 (Concat)
  3193 (Concat) -> 3249 (Concat)
  3193 (Concat) -> 3250 (Concat)
  3193 (Concat) -> 3119 (Slice)
  3193 (Concat) -> 3251 (Concat)
  3193 (Concat) -> 3167 (Concat)
  3193 (Concat) -> 3224 (Concat)
  3193 (Concat) -> 3254 (Concat)
  3193 (Concat) -> 3202 (Concat)
  3193 (Concat) -> 3259 (Slice)
  3193 (Concat) -> 3260 (Slice)
  3193 (Concat) -> 3118 (Concat)
  3193 (Concat) -> 3261 (Slice)
  3193 (Concat) -> 3271 (Concat)
  3193 (Concat) -> 3262 (Concat)
  3193 (Concat) -> 3265 (Concat)
  3193 (Concat) -> 3268 (Concat)
  3193 (Concat) -> 3205 (Slice)
  3193 (Concat) -> 3269 (Concat)
  3193 (Concat) -> 3270 (Concat)
  3193 (Concat) -> 3272 (Concat)
  3193 (Concat) -> 3273 (Slice)
  3193 (Concat) -> 3275 (Slice)
  3193 (Concat) -> 3194 (Concat)
  3193 (Concat) -> 3274 (Slice)
  3193 (Concat) -> 3276 (Concat)
  3193 (Concat) -> 3277 (Concat)
  3193 (Concat) -> 3279 (Concat)
  3193 (Concat) -> 3280 (Concat)
  3193 (Concat) -> 3281 (Concat)
  3193 (Concat) -> 3252 (Concat)
  3193 (Concat) -> 3179 (Concat)
  3193 (Concat) -> 3115 (Concat)
  3193 (Concat) -> 3258 (Concat)
  3193 (Concat) -> 3166 (Concat)
  3193 (Concat) -> 3160 (Concat)
  3193 (Concat) -> 3239 (Concat)
  3193 (Concat) -> 3137 (Concat)
  3193 (Concat) -> 3183 (Concat)
  3193 (Concat) -> 3242 (Concat)
  3193 (Concat) -> 3181 (Concat)
  3193 (Concat) -> 3129 (Concat)
  3193 (Concat) -> 3161 (Slice)
  3193 (Concat) -> 3232 (Slice)
  3193 (Concat) -> 3213 (Concat)
  3193 (Concat) -> 3114 (Concat)
  3193 (Concat) -> 3263 (Concat)
  3228 (Concat) -> 3231 (Slice)
  3228 (Concat) -> 3219 (Slice)
  3228 (Concat) -> 3236 (Concat)
  3228 (Concat) -> 3225 (Concat)
  3228 (Concat) -> 3177 (Slice)
  3228 (Concat) -> 3234 (Concat)
  3228 (Concat) -> 3190 (Slice)
  3228 (Concat) -> 3210 (Concat)
  3228 (Concat) -> 3218 (Slice)
  3228 (Concat) -> 3143 (Concat)
  3228 (Concat) -> 3168 (Concat)
  3228 (Concat) -> 3217 (Slice)
  3228 (Concat) -> 3222 (Concat)
  3228 (Concat) -> 3214 (Concat)
  3228 (Concat) -> 3211 (Concat)
  3228 (Concat) -> 3121 (Slice)
  3228 (Concat) -> 3226 (Concat)
  3228 (Concat) -> 3111 (Div)
  3228 (Concat) -> 3221 (Concat)
  3228 (Concat) -> 3241 (Concat)
  3228 (Concat) -> 3209 (Concat)
  3228 (Concat) -> 3208 (Concat)
  3228 (Concat) -> 3133 (Slice)
  3228 (Concat) -> 3207 (Concat)
  3228 (Concat) -> 3204 (Slice)
  3228 (Concat) -> 3203 (Slice)
  3228 (Concat) -> 3148 (Slice)
  3228 (Concat) -> 3215 (Concat)
  3228 (Concat) -> 3199 (Concat)
  3228 (Concat) -> 3171 (Concat)
  3228 (Concat) -> 3127 (Concat)
  3228 (Concat) -> 3244 (Concat)
  3228 (Concat) -> 3196 (Concat)
  3228 (Concat) -> 3200 (Concat)
  3228 (Concat) -> 3195 (Concat)
  3228 (Concat) -> 3144 (Concat)
  3228 (Concat) -> 3264 (Concat)
  3228 (Concat) -> 3193 (Concat)
  3228 (Concat) -> 3192 (Concat)
  3228 (Concat) -> 3201 (Concat)
  3228 (Concat) -> 3141 (Concat)
  3228 (Concat) -> 3189 (Slice)
  3228 (Concat) -> 3188 (Concat)
  3228 (Concat) -> 3233 (Slice)
  3228 (Concat) -> 3132 (Concat)
  3228 (Concat) -> 3185 (Concat)
  3228 (Concat) -> 3134 (Slice)
  3228 (Concat) -> 3182 (Concat)
  3228 (Concat) -> 3180 (Concat)
  3228 (Concat) -> 3130 (Concat)
  3228 (Concat) -> 3165 (Concat)
  3228 (Concat) -> 3176 (Slice)
  3228 (Concat) -> 3191 (Slice)
  3228 (Concat) -> 3175 (Slice)
  3228 (Concat) -> 3172 (Concat)
  3228 (Concat) -> 3173 (Concat)
  3228 (Concat) -> 3169 (Concat)
  3228 (Concat) -> 3230 (Concat)
  3228 (Concat) -> 3116 (Concat)
  3228 (Concat) -> 3267 (Concat)
  3228 (Concat) -> 3235 (Concat)
  3228 (Concat) -> 3122 (Concat)
  3228 (Concat) -> 3163 (Slice)
  3228 (Concat) -> 3212 (Concat)
  3228 (Concat) -> 3136 (Concat)
  3228 (Concat) -> 3128 (Concat)
  3228 (Concat) -> 3174 (Concat)
  3228 (Concat) -> 3155 (Concat)
  3228 (Concat) -> 3229 (Concat)
  3228 (Concat) -> 3186 (Concat)
  3228 (Concat) -> 3126 (Concat)
  3228 (Concat) -> 3120 (Slice)
  3228 (Concat) -> 3257 (Concat)
  3228 (Concat) -> 3184 (Concat)
  3228 (Concat) -> 3124 (Concat)
  3228 (Concat) -> 3256 (Concat)
  3228 (Concat) -> 3112 (Sub)
  3228 (Concat) -> 3113 (Concat)
  3228 (Concat) -> 3223 (Concat)
  3228 (Concat) -> 3197 (Concat)
  3228 (Concat) -> 3123 (Concat)
  3228 (Concat) -> 3220 (Concat)
  3228 (Concat) -> 3187 (Concat)
  3228 (Concat) -> 3157 (Concat)
  3228 (Concat) -> 3117 (Concat)
  3228 (Concat) -> 3135 (Slice)
  3228 (Concat) -> 3151 (Concat)
  3228 (Concat) -> 3150 (Concat)
  3228 (Concat) -> 3170 (Concat)
  3228 (Concat) -> 3138 (Concat)
  3228 (Concat) -> 3154 (Concat)
  3228 (Concat) -> 3140 (Concat)
  3228 (Concat) -> 3146 (Concat)
  3228 (Concat) -> 3125 (Concat)
  3228 (Concat) -> 3147 (Slice)
  3228 (Concat) -> 3227 (Concat)
  3228 (Concat) -> 3131 (Concat)
  3228 (Concat) -> 3178 (Concat)
  3228 (Concat) -> 3149 (Slice)
  3228 (Concat) -> 3206 (Concat)
  3228 (Concat) -> 3152 (Concat)
  3228 (Concat) -> 3243 (Concat)
  3228 (Concat) -> 3139 (Concat)
  3228 (Concat) -> 3110 (Concat)
  3228 (Concat) -> 3216 (Concat)
  3228 (Concat) -> 3153 (Concat)
  3228 (Concat) -> 3156 (Concat)
  3228 (Concat) -> 3198 (Concat)
  3228 (Concat) -> 3255 (Concat)
  3228 (Concat) -> 3159 (Concat)
  3228 (Concat) -> 3145 (Concat)
  3228 (Concat) -> 3266 (Concat)
  3228 (Concat) -> 3162 (Slice)
  3228 (Concat) -> 3158 (Concat)
  3228 (Concat) -> 3253 (Concat)
  3228 (Concat) -> 3164 (Concat)
  3228 (Concat) -> 3238 (Concat)
  3228 (Concat) -> 3240 (Concat)
  3228 (Concat) -> 3237 (Concat)
  3228 (Concat) -> 3278 (Concat)
  3228 (Concat) -> 3245 (Slice)
  3228 (Concat) -> 3246 (Slice)
  3228 (Concat) -> 3247 (Slice)
  3228 (Concat) -> 3142 (Concat)
  3228 (Concat) -> 3248 (Concat)
  3228 (Concat) -> 3249 (Concat)
  3228 (Concat) -> 3250 (Concat)
  3228 (Concat) -> 3119 (Slice)
  3228 (Concat) -> 3251 (Concat)
  3228 (Concat) -> 3167 (Concat)
  3228 (Concat) -> 3224 (Concat)
  3228 (Concat) -> 3254 (Concat)
  3228 (Concat) -> 3202 (Concat)
  3228 (Concat) -> 3259 (Slice)
  3228 (Concat) -> 3260 (Slice)
  3228 (Concat) -> 3118 (Concat)
  3228 (Concat) -> 3261 (Slice)
  3228 (Concat) -> 3271 (Concat)
  3228 (Concat) -> 3262 (Concat)
  3228 (Concat) -> 3265 (Concat)
  3228 (Concat) -> 3268 (Concat)
  3228 (Concat) -> 3205 (Slice)
  3228 (Concat) -> 3269 (Concat)
  3228 (Concat) -> 3270 (Concat)
  3228 (Concat) -> 3272 (Concat)
  3228 (Concat) -> 3273 (Slice)
  3228 (Concat) -> 3275 (Slice)
  3228 (Concat) -> 3194 (Concat)
  3228 (Concat) -> 3274 (Slice)
  3228 (Concat) -> 3276 (Concat)
  3228 (Concat) -> 3277 (Concat)
  3228 (Concat) -> 3279 (Concat)
  3228 (Concat) -> 3280 (Concat)
  3228 (Concat) -> 3281 (Concat)
  3228 (Concat) -> 3252 (Concat)
  3228 (Concat) -> 3179 (Concat)
  3228 (Concat) -> 3115 (Concat)
  3228 (Concat) -> 3258 (Concat)
  3228 (Concat) -> 3166 (Concat)
  3228 (Concat) -> 3160 (Concat)
  3228 (Concat) -> 3239 (Concat)
  3228 (Concat) -> 3137 (Concat)
  3228 (Concat) -> 3183 (Concat)
  3228 (Concat) -> 3242 (Concat)
  3228 (Concat) -> 3181 (Concat)
  3228 (Concat) -> 3129 (Concat)
  3228 (Concat) -> 3161 (Slice)
  3228 (Concat) -> 3232 (Slice)
  3228 (Concat) -> 3213 (Concat)
  3228 (Concat) -> 3114 (Concat)
  3228 (Concat) -> 3263 (Concat)
  3192 (Concat) -> 3231 (Slice)
  3192 (Concat) -> 3219 (Slice)
  3192 (Concat) -> 3236 (Concat)
  3192 (Concat) -> 3225 (Concat)
  3192 (Concat) -> 3177 (Slice)
  3192 (Concat) -> 3234 (Concat)
  3192 (Concat) -> 3190 (Slice)
  3192 (Concat) -> 3210 (Concat)
  3192 (Concat) -> 3218 (Slice)
  3192 (Concat) -> 3143 (Concat)
  3192 (Concat) -> 3168 (Concat)
  3192 (Concat) -> 3217 (Slice)
  3192 (Concat) -> 3222 (Concat)
  3192 (Concat) -> 3214 (Concat)
  3192 (Concat) -> 3211 (Concat)
  3192 (Concat) -> 3121 (Slice)
  3192 (Concat) -> 3226 (Concat)
  3192 (Concat) -> 3111 (Div)
  3192 (Concat) -> 3221 (Concat)
  3192 (Concat) -> 3241 (Concat)
  3192 (Concat) -> 3209 (Concat)
  3192 (Concat) -> 3208 (Concat)
  3192 (Concat) -> 3133 (Slice)
  3192 (Concat) -> 3207 (Concat)
  3192 (Concat) -> 3204 (Slice)
  3192 (Concat) -> 3203 (Slice)
  3192 (Concat) -> 3148 (Slice)
  3192 (Concat) -> 3215 (Concat)
  3192 (Concat) -> 3199 (Concat)
  3192 (Concat) -> 3171 (Concat)
  3192 (Concat) -> 3127 (Concat)
  3192 (Concat) -> 3244 (Concat)
  3192 (Concat) -> 3196 (Concat)
  3192 (Concat) -> 3200 (Concat)
  3192 (Concat) -> 3195 (Concat)
  3192 (Concat) -> 3144 (Concat)
  3192 (Concat) -> 3264 (Concat)
  3192 (Concat) -> 3193 (Concat)
  3192 (Concat) -> 3228 (Concat)
  3192 (Concat) -> 3201 (Concat)
  3192 (Concat) -> 3141 (Concat)
  3192 (Concat) -> 3189 (Slice)
  3192 (Concat) -> 3188 (Concat)
  3192 (Concat) -> 3233 (Slice)
  3192 (Concat) -> 3132 (Concat)
  3192 (Concat) -> 3185 (Concat)
  3192 (Concat) -> 3134 (Slice)
  3192 (Concat) -> 3182 (Concat)
  3192 (Concat) -> 3180 (Concat)
  3192 (Concat) -> 3130 (Concat)
  3192 (Concat) -> 3165 (Concat)
  3192 (Concat) -> 3176 (Slice)
  3192 (Concat) -> 3191 (Slice)
  3192 (Concat) -> 3175 (Slice)
  3192 (Concat) -> 3172 (Concat)
  3192 (Concat) -> 3173 (Concat)
  3192 (Concat) -> 3169 (Concat)
  3192 (Concat) -> 3230 (Concat)
  3192 (Concat) -> 3116 (Concat)
  3192 (Concat) -> 3267 (Concat)
  3192 (Concat) -> 3235 (Concat)
  3192 (Concat) -> 3122 (Concat)
  3192 (Concat) -> 3163 (Slice)
  3192 (Concat) -> 3212 (Concat)
  3192 (Concat) -> 3136 (Concat)
  3192 (Concat) -> 3128 (Concat)
  3192 (Concat) -> 3174 (Concat)
  3192 (Concat) -> 3155 (Concat)
  3192 (Concat) -> 3229 (Concat)
  3192 (Concat) -> 3186 (Concat)
  3192 (Concat) -> 3126 (Concat)
  3192 (Concat) -> 3120 (Slice)
  3192 (Concat) -> 3257 (Concat)
  3192 (Concat) -> 3184 (Concat)
  3192 (Concat) -> 3124 (Concat)
  3192 (Concat) -> 3256 (Concat)
  3192 (Concat) -> 3112 (Sub)
  3192 (Concat) -> 3113 (Concat)
  3192 (Concat) -> 3223 (Concat)
  3192 (Concat) -> 3197 (Concat)
  3192 (Concat) -> 3123 (Concat)
  3192 (Concat) -> 3220 (Concat)
  3192 (Concat) -> 3187 (Concat)
  3192 (Concat) -> 3157 (Concat)
  3192 (Concat) -> 3117 (Concat)
  3192 (Concat) -> 3135 (Slice)
  3192 (Concat) -> 3151 (Concat)
  3192 (Concat) -> 3150 (Concat)
  3192 (Concat) -> 3170 (Concat)
  3192 (Concat) -> 3138 (Concat)
  3192 (Concat) -> 3154 (Concat)
  3192 (Concat) -> 3140 (Concat)
  3192 (Concat) -> 3146 (Concat)
  3192 (Concat) -> 3125 (Concat)
  3192 (Concat) -> 3147 (Slice)
  3192 (Concat) -> 3227 (Concat)
  3192 (Concat) -> 3131 (Concat)
  3192 (Concat) -> 3178 (Concat)
  3192 (Concat) -> 3149 (Slice)
  3192 (Concat) -> 3206 (Concat)
  3192 (Concat) -> 3152 (Concat)
  3192 (Concat) -> 3243 (Concat)
  3192 (Concat) -> 3139 (Concat)
  3192 (Concat) -> 3110 (Concat)
  3192 (Concat) -> 3216 (Concat)
  3192 (Concat) -> 3153 (Concat)
  3192 (Concat) -> 3156 (Concat)
  3192 (Concat) -> 3198 (Concat)
  3192 (Concat) -> 3255 (Concat)
  3192 (Concat) -> 3159 (Concat)
  3192 (Concat) -> 3145 (Concat)
  3192 (Concat) -> 3266 (Concat)
  3192 (Concat) -> 3162 (Slice)
  3192 (Concat) -> 3158 (Concat)
  3192 (Concat) -> 3253 (Concat)
  3192 (Concat) -> 3164 (Concat)
  3192 (Concat) -> 3238 (Concat)
  3192 (Concat) -> 3240 (Concat)
  3192 (Concat) -> 3237 (Concat)
  3192 (Concat) -> 3278 (Concat)
  3192 (Concat) -> 3245 (Slice)
  3192 (Concat) -> 3246 (Slice)
  3192 (Concat) -> 3247 (Slice)
  3192 (Concat) -> 3142 (Concat)
  3192 (Concat) -> 3248 (Concat)
  3192 (Concat) -> 3249 (Concat)
  3192 (Concat) -> 3250 (Concat)
  3192 (Concat) -> 3119 (Slice)
  3192 (Concat) -> 3251 (Concat)
  3192 (Concat) -> 3167 (Concat)
  3192 (Concat) -> 3224 (Concat)
  3192 (Concat) -> 3254 (Concat)
  3192 (Concat) -> 3202 (Concat)
  3192 (Concat) -> 3259 (Slice)
  3192 (Concat) -> 3260 (Slice)
  3192 (Concat) -> 3118 (Concat)
  3192 (Concat) -> 3261 (Slice)
  3192 (Concat) -> 3271 (Concat)
  3192 (Concat) -> 3262 (Concat)
  3192 (Concat) -> 3265 (Concat)
  3192 (Concat) -> 3268 (Concat)
  3192 (Concat) -> 3205 (Slice)
  3192 (Concat) -> 3269 (Concat)
  3192 (Concat) -> 3270 (Concat)
  3192 (Concat) -> 3272 (Concat)
  3192 (Concat) -> 3273 (Slice)
  3192 (Concat) -> 3275 (Slice)
  3192 (Concat) -> 3194 (Concat)
  3192 (Concat) -> 3274 (Slice)
  3192 (Concat) -> 3276 (Concat)
  3192 (Concat) -> 3277 (Concat)
  3192 (Concat) -> 3279 (Concat)
  3192 (Concat) -> 3280 (Concat)
  3192 (Concat) -> 3281 (Concat)
  3192 (Concat) -> 3252 (Concat)
  3192 (Concat) -> 3179 (Concat)
  3192 (Concat) -> 3115 (Concat)
  3192 (Concat) -> 3258 (Concat)
  3192 (Concat) -> 3166 (Concat)
  3192 (Concat) -> 3160 (Concat)
  3192 (Concat) -> 3239 (Concat)
  3192 (Concat) -> 3137 (Concat)
  3192 (Concat) -> 3183 (Concat)
  3192 (Concat) -> 3242 (Concat)
  3192 (Concat) -> 3181 (Concat)
  3192 (Concat) -> 3129 (Concat)
  3192 (Concat) -> 3161 (Slice)
  3192 (Concat) -> 3232 (Slice)
  3192 (Concat) -> 3213 (Concat)
  3192 (Concat) -> 3114 (Concat)
  3192 (Concat) -> 3263 (Concat)
  3201 (Concat) -> 3231 (Slice)
  3201 (Concat) -> 3219 (Slice)
  3201 (Concat) -> 3236 (Concat)
  3201 (Concat) -> 3225 (Concat)
  3201 (Concat) -> 3177 (Slice)
  3201 (Concat) -> 3234 (Concat)
  3201 (Concat) -> 3190 (Slice)
  3201 (Concat) -> 3210 (Concat)
  3201 (Concat) -> 3218 (Slice)
  3201 (Concat) -> 3143 (Concat)
  3201 (Concat) -> 3168 (Concat)
  3201 (Concat) -> 3217 (Slice)
  3201 (Concat) -> 3222 (Concat)
  3201 (Concat) -> 3214 (Concat)
  3201 (Concat) -> 3211 (Concat)
  3201 (Concat) -> 3121 (Slice)
  3201 (Concat) -> 3226 (Concat)
  3201 (Concat) -> 3111 (Div)
  3201 (Concat) -> 3221 (Concat)
  3201 (Concat) -> 3241 (Concat)
  3201 (Concat) -> 3209 (Concat)
  3201 (Concat) -> 3208 (Concat)
  3201 (Concat) -> 3133 (Slice)
  3201 (Concat) -> 3207 (Concat)
  3201 (Concat) -> 3204 (Slice)
  3201 (Concat) -> 3203 (Slice)
  3201 (Concat) -> 3148 (Slice)
  3201 (Concat) -> 3215 (Concat)
  3201 (Concat) -> 3199 (Concat)
  3201 (Concat) -> 3171 (Concat)
  3201 (Concat) -> 3127 (Concat)
  3201 (Concat) -> 3244 (Concat)
  3201 (Concat) -> 3196 (Concat)
  3201 (Concat) -> 3200 (Concat)
  3201 (Concat) -> 3195 (Concat)
  3201 (Concat) -> 3144 (Concat)
  3201 (Concat) -> 3264 (Concat)
  3201 (Concat) -> 3193 (Concat)
  3201 (Concat) -> 3228 (Concat)
  3201 (Concat) -> 3192 (Concat)
  3201 (Concat) -> 3141 (Concat)
  3201 (Concat) -> 3189 (Slice)
  3201 (Concat) -> 3188 (Concat)
  3201 (Concat) -> 3233 (Slice)
  3201 (Concat) -> 3132 (Concat)
  3201 (Concat) -> 3185 (Concat)
  3201 (Concat) -> 3134 (Slice)
  3201 (Concat) -> 3182 (Concat)
  3201 (Concat) -> 3180 (Concat)
  3201 (Concat) -> 3130 (Concat)
  3201 (Concat) -> 3165 (Concat)
  3201 (Concat) -> 3176 (Slice)
  3201 (Concat) -> 3191 (Slice)
  3201 (Concat) -> 3175 (Slice)
  3201 (Concat) -> 3172 (Concat)
  3201 (Concat) -> 3173 (Concat)
  3201 (Concat) -> 3169 (Concat)
  3201 (Concat) -> 3230 (Concat)
  3201 (Concat) -> 3116 (Concat)
  3201 (Concat) -> 3267 (Concat)
  3201 (Concat) -> 3235 (Concat)
  3201 (Concat) -> 3122 (Concat)
  3201 (Concat) -> 3163 (Slice)
  3201 (Concat) -> 3212 (Concat)
  3201 (Concat) -> 3136 (Concat)
  3201 (Concat) -> 3128 (Concat)
  3201 (Concat) -> 3174 (Concat)
  3201 (Concat) -> 3155 (Concat)
  3201 (Concat) -> 3229 (Concat)
  3201 (Concat) -> 3186 (Concat)
  3201 (Concat) -> 3126 (Concat)
  3201 (Concat) -> 3120 (Slice)
  3201 (Concat) -> 3257 (Concat)
  3201 (Concat) -> 3184 (Concat)
  3201 (Concat) -> 3124 (Concat)
  3201 (Concat) -> 3256 (Concat)
  3201 (Concat) -> 3112 (Sub)
  3201 (Concat) -> 3113 (Concat)
  3201 (Concat) -> 3223 (Concat)
  3201 (Concat) -> 3197 (Concat)
  3201 (Concat) -> 3123 (Concat)
  3201 (Concat) -> 3220 (Concat)
  3201 (Concat) -> 3187 (Concat)
  3201 (Concat) -> 3157 (Concat)
  3201 (Concat) -> 3117 (Concat)
  3201 (Concat) -> 3135 (Slice)
  3201 (Concat) -> 3151 (Concat)
  3201 (Concat) -> 3150 (Concat)
  3201 (Concat) -> 3170 (Concat)
  3201 (Concat) -> 3138 (Concat)
  3201 (Concat) -> 3154 (Concat)
  3201 (Concat) -> 3140 (Concat)
  3201 (Concat) -> 3146 (Concat)
  3201 (Concat) -> 3125 (Concat)
  3201 (Concat) -> 3147 (Slice)
  3201 (Concat) -> 3227 (Concat)
  3201 (Concat) -> 3131 (Concat)
  3201 (Concat) -> 3178 (Concat)
  3201 (Concat) -> 3149 (Slice)
  3201 (Concat) -> 3206 (Concat)
  3201 (Concat) -> 3152 (Concat)
  3201 (Concat) -> 3243 (Concat)
  3201 (Concat) -> 3139 (Concat)
  3201 (Concat) -> 3110 (Concat)
  3201 (Concat) -> 3216 (Concat)
  3201 (Concat) -> 3153 (Concat)
  3201 (Concat) -> 3156 (Concat)
  3201 (Concat) -> 3198 (Concat)
  3201 (Concat) -> 3255 (Concat)
  3201 (Concat) -> 3159 (Concat)
  3201 (Concat) -> 3145 (Concat)
  3201 (Concat) -> 3266 (Concat)
  3201 (Concat) -> 3162 (Slice)
  3201 (Concat) -> 3158 (Concat)
  3201 (Concat) -> 3253 (Concat)
  3201 (Concat) -> 3164 (Concat)
  3201 (Concat) -> 3238 (Concat)
  3201 (Concat) -> 3240 (Concat)
  3201 (Concat) -> 3237 (Concat)
  3201 (Concat) -> 3278 (Concat)
  3201 (Concat) -> 3245 (Slice)
  3201 (Concat) -> 3246 (Slice)
  3201 (Concat) -> 3247 (Slice)
  3201 (Concat) -> 3142 (Concat)
  3201 (Concat) -> 3248 (Concat)
  3201 (Concat) -> 3249 (Concat)
  3201 (Concat) -> 3250 (Concat)
  3201 (Concat) -> 3119 (Slice)
  3201 (Concat) -> 3251 (Concat)
  3201 (Concat) -> 3167 (Concat)
  3201 (Concat) -> 3224 (Concat)
  3201 (Concat) -> 3254 (Concat)
  3201 (Concat) -> 3202 (Concat)
  3201 (Concat) -> 3259 (Slice)
  3201 (Concat) -> 3260 (Slice)
  3201 (Concat) -> 3118 (Concat)
  3201 (Concat) -> 3261 (Slice)
  3201 (Concat) -> 3271 (Concat)
  3201 (Concat) -> 3262 (Concat)
  3201 (Concat) -> 3265 (Concat)
  3201 (Concat) -> 3268 (Concat)
  3201 (Concat) -> 3205 (Slice)
  3201 (Concat) -> 3269 (Concat)
  3201 (Concat) -> 3270 (Concat)
  3201 (Concat) -> 3272 (Concat)
  3201 (Concat) -> 3273 (Slice)
  3201 (Concat) -> 3275 (Slice)
  3201 (Concat) -> 3194 (Concat)
  3201 (Concat) -> 3274 (Slice)
  3201 (Concat) -> 3276 (Concat)
  3201 (Concat) -> 3277 (Concat)
  3201 (Concat) -> 3279 (Concat)
  3201 (Concat) -> 3280 (Concat)
  3201 (Concat) -> 3281 (Concat)
  3201 (Concat) -> 3252 (Concat)
  3201 (Concat) -> 3179 (Concat)
  3201 (Concat) -> 3115 (Concat)
  3201 (Concat) -> 3258 (Concat)
  3201 (Concat) -> 3166 (Concat)
  3201 (Concat) -> 3160 (Concat)
  3201 (Concat) -> 3239 (Concat)
  3201 (Concat) -> 3137 (Concat)
  3201 (Concat) -> 3183 (Concat)
  3201 (Concat) -> 3242 (Concat)
  3201 (Concat) -> 3181 (Concat)
  3201 (Concat) -> 3129 (Concat)
  3201 (Concat) -> 3161 (Slice)
  3201 (Concat) -> 3232 (Slice)
  3201 (Concat) -> 3213 (Concat)
  3201 (Concat) -> 3114 (Concat)
  3201 (Concat) -> 3263 (Concat)
  3141 (Concat) -> 3231 (Slice)
  3141 (Concat) -> 3219 (Slice)
  3141 (Concat) -> 3236 (Concat)
  3141 (Concat) -> 3225 (Concat)
  3141 (Concat) -> 3177 (Slice)
  3141 (Concat) -> 3234 (Concat)
  3141 (Concat) -> 3190 (Slice)
  3141 (Concat) -> 3210 (Concat)
  3141 (Concat) -> 3218 (Slice)
  3141 (Concat) -> 3143 (Concat)
  3141 (Concat) -> 3168 (Concat)
  3141 (Concat) -> 3217 (Slice)
  3141 (Concat) -> 3222 (Concat)
  3141 (Concat) -> 3214 (Concat)
  3141 (Concat) -> 3211 (Concat)
  3141 (Concat) -> 3121 (Slice)
  3141 (Concat) -> 3226 (Concat)
  3141 (Concat) -> 3111 (Div)
  3141 (Concat) -> 3221 (Concat)
  3141 (Concat) -> 3241 (Concat)
  3141 (Concat) -> 3209 (Concat)
  3141 (Concat) -> 3208 (Concat)
  3141 (Concat) -> 3133 (Slice)
  3141 (Concat) -> 3207 (Concat)
  3141 (Concat) -> 3204 (Slice)
  3141 (Concat) -> 3203 (Slice)
  3141 (Concat) -> 3148 (Slice)
  3141 (Concat) -> 3215 (Concat)
  3141 (Concat) -> 3199 (Concat)
  3141 (Concat) -> 3171 (Concat)
  3141 (Concat) -> 3127 (Concat)
  3141 (Concat) -> 3244 (Concat)
  3141 (Concat) -> 3196 (Concat)
  3141 (Concat) -> 3200 (Concat)
  3141 (Concat) -> 3195 (Concat)
  3141 (Concat) -> 3144 (Concat)
  3141 (Concat) -> 3264 (Concat)
  3141 (Concat) -> 3193 (Concat)
  3141 (Concat) -> 3228 (Concat)
  3141 (Concat) -> 3192 (Concat)
  3141 (Concat) -> 3201 (Concat)
  3141 (Concat) -> 3189 (Slice)
  3141 (Concat) -> 3188 (Concat)
  3141 (Concat) -> 3233 (Slice)
  3141 (Concat) -> 3132 (Concat)
  3141 (Concat) -> 3185 (Concat)
  3141 (Concat) -> 3134 (Slice)
  3141 (Concat) -> 3182 (Concat)
  3141 (Concat) -> 3180 (Concat)
  3141 (Concat) -> 3130 (Concat)
  3141 (Concat) -> 3165 (Concat)
  3141 (Concat) -> 3176 (Slice)
  3141 (Concat) -> 3191 (Slice)
  3141 (Concat) -> 3175 (Slice)
  3141 (Concat) -> 3172 (Concat)
  3141 (Concat) -> 3173 (Concat)
  3141 (Concat) -> 3169 (Concat)
  3141 (Concat) -> 3230 (Concat)
  3141 (Concat) -> 3116 (Concat)
  3141 (Concat) -> 3267 (Concat)
  3141 (Concat) -> 3235 (Concat)
  3141 (Concat) -> 3122 (Concat)
  3141 (Concat) -> 3163 (Slice)
  3141 (Concat) -> 3212 (Concat)
  3141 (Concat) -> 3136 (Concat)
  3141 (Concat) -> 3128 (Concat)
  3141 (Concat) -> 3174 (Concat)
  3141 (Concat) -> 3155 (Concat)
  3141 (Concat) -> 3229 (Concat)
  3141 (Concat) -> 3186 (Concat)
  3141 (Concat) -> 3126 (Concat)
  3141 (Concat) -> 3120 (Slice)
  3141 (Concat) -> 3257 (Concat)
  3141 (Concat) -> 3184 (Concat)
  3141 (Concat) -> 3124 (Concat)
  3141 (Concat) -> 3256 (Concat)
  3141 (Concat) -> 3112 (Sub)
  3141 (Concat) -> 3113 (Concat)
  3141 (Concat) -> 3223 (Concat)
  3141 (Concat) -> 3197 (Concat)
  3141 (Concat) -> 3123 (Concat)
  3141 (Concat) -> 3220 (Concat)
  3141 (Concat) -> 3187 (Concat)
  3141 (Concat) -> 3157 (Concat)
  3141 (Concat) -> 3117 (Concat)
  3141 (Concat) -> 3135 (Slice)
  3141 (Concat) -> 3151 (Concat)
  3141 (Concat) -> 3150 (Concat)
  3141 (Concat) -> 3170 (Concat)
  3141 (Concat) -> 3138 (Concat)
  3141 (Concat) -> 3154 (Concat)
  3141 (Concat) -> 3140 (Concat)
  3141 (Concat) -> 3146 (Concat)
  3141 (Concat) -> 3125 (Concat)
  3141 (Concat) -> 3147 (Slice)
  3141 (Concat) -> 3227 (Concat)
  3141 (Concat) -> 3131 (Concat)
  3141 (Concat) -> 3178 (Concat)
  3141 (Concat) -> 3149 (Slice)
  3141 (Concat) -> 3206 (Concat)
  3141 (Concat) -> 3152 (Concat)
  3141 (Concat) -> 3243 (Concat)
  3141 (Concat) -> 3139 (Concat)
  3141 (Concat) -> 3110 (Concat)
  3141 (Concat) -> 3216 (Concat)
  3141 (Concat) -> 3153 (Concat)
  3141 (Concat) -> 3156 (Concat)
  3141 (Concat) -> 3198 (Concat)
  3141 (Concat) -> 3255 (Concat)
  3141 (Concat) -> 3159 (Concat)
  3141 (Concat) -> 3145 (Concat)
  3141 (Concat) -> 3266 (Concat)
  3141 (Concat) -> 3162 (Slice)
  3141 (Concat) -> 3158 (Concat)
  3141 (Concat) -> 3253 (Concat)
  3141 (Concat) -> 3164 (Concat)
  3141 (Concat) -> 3238 (Concat)
  3141 (Concat) -> 3240 (Concat)
  3141 (Concat) -> 3237 (Concat)
  3141 (Concat) -> 3278 (Concat)
  3141 (Concat) -> 3245 (Slice)
  3141 (Concat) -> 3246 (Slice)
  3141 (Concat) -> 3247 (Slice)
  3141 (Concat) -> 3142 (Concat)
  3141 (Concat) -> 3248 (Concat)
  3141 (Concat) -> 3249 (Concat)
  3141 (Concat) -> 3250 (Concat)
  3141 (Concat) -> 3119 (Slice)
  3141 (Concat) -> 3251 (Concat)
  3141 (Concat) -> 3167 (Concat)
  3141 (Concat) -> 3224 (Concat)
  3141 (Concat) -> 3254 (Concat)
  3141 (Concat) -> 3202 (Concat)
  3141 (Concat) -> 3259 (Slice)
  3141 (Concat) -> 3260 (Slice)
  3141 (Concat) -> 3118 (Concat)
  3141 (Concat) -> 3261 (Slice)
  3141 (Concat) -> 3271 (Concat)
  3141 (Concat) -> 3262 (Concat)
  3141 (Concat) -> 3265 (Concat)
  3141 (Concat) -> 3268 (Concat)
  3141 (Concat) -> 3205 (Slice)
  3141 (Concat) -> 3269 (Concat)
  3141 (Concat) -> 3270 (Concat)
  3141 (Concat) -> 3272 (Concat)
  3141 (Concat) -> 3273 (Slice)
  3141 (Concat) -> 3275 (Slice)
  3141 (Concat) -> 3194 (Concat)
  3141 (Concat) -> 3274 (Slice)
  3141 (Concat) -> 3276 (Concat)
  3141 (Concat) -> 3277 (Concat)
  3141 (Concat) -> 3279 (Concat)
  3141 (Concat) -> 3280 (Concat)
  3141 (Concat) -> 3281 (Concat)
  3141 (Concat) -> 3252 (Concat)
  3141 (Concat) -> 3179 (Concat)
  3141 (Concat) -> 3115 (Concat)
  3141 (Concat) -> 3258 (Concat)
  3141 (Concat) -> 3166 (Concat)
  3141 (Concat) -> 3160 (Concat)
  3141 (Concat) -> 3239 (Concat)
  3141 (Concat) -> 3137 (Concat)
  3141 (Concat) -> 3183 (Concat)
  3141 (Concat) -> 3242 (Concat)
  3141 (Concat) -> 3181 (Concat)
  3141 (Concat) -> 3129 (Concat)
  3141 (Concat) -> 3161 (Slice)
  3141 (Concat) -> 3232 (Slice)
  3141 (Concat) -> 3213 (Concat)
  3141 (Concat) -> 3114 (Concat)
  3141 (Concat) -> 3263 (Concat)
  3189 (Slice) -> 3231 (Slice)
  3189 (Slice) -> 3219 (Slice)
  3189 (Slice) -> 3236 (Concat)
  3189 (Slice) -> 3225 (Concat)
  3189 (Slice) -> 3177 (Slice)
  3189 (Slice) -> 3234 (Concat)
  3189 (Slice) -> 3190 (Slice)
  3189 (Slice) -> 3210 (Concat)
  3189 (Slice) -> 3218 (Slice)
  3189 (Slice) -> 3143 (Concat)
  3189 (Slice) -> 3168 (Concat)
  3189 (Slice) -> 3217 (Slice)
  3189 (Slice) -> 3222 (Concat)
  3189 (Slice) -> 3214 (Concat)
  3189 (Slice) -> 3211 (Concat)
  3189 (Slice) -> 3121 (Slice)
  3189 (Slice) -> 3226 (Concat)
  3189 (Slice) -> 3111 (Div)
  3189 (Slice) -> 3221 (Concat)
  3189 (Slice) -> 3241 (Concat)
  3189 (Slice) -> 3209 (Concat)
  3189 (Slice) -> 3208 (Concat)
  3189 (Slice) -> 3133 (Slice)
  3189 (Slice) -> 3207 (Concat)
  3189 (Slice) -> 3204 (Slice)
  3189 (Slice) -> 3203 (Slice)
  3189 (Slice) -> 3148 (Slice)
  3189 (Slice) -> 3215 (Concat)
  3189 (Slice) -> 3199 (Concat)
  3189 (Slice) -> 3171 (Concat)
  3189 (Slice) -> 3127 (Concat)
  3189 (Slice) -> 3244 (Concat)
  3189 (Slice) -> 3196 (Concat)
  3189 (Slice) -> 3200 (Concat)
  3189 (Slice) -> 3195 (Concat)
  3189 (Slice) -> 3144 (Concat)
  3189 (Slice) -> 3264 (Concat)
  3189 (Slice) -> 3193 (Concat)
  3189 (Slice) -> 3228 (Concat)
  3189 (Slice) -> 3192 (Concat)
  3189 (Slice) -> 3201 (Concat)
  3189 (Slice) -> 3141 (Concat)
  3189 (Slice) -> 3188 (Concat)
  3189 (Slice) -> 3233 (Slice)
  3189 (Slice) -> 3132 (Concat)
  3189 (Slice) -> 3185 (Concat)
  3189 (Slice) -> 3134 (Slice)
  3189 (Slice) -> 3182 (Concat)
  3189 (Slice) -> 3180 (Concat)
  3189 (Slice) -> 3130 (Concat)
  3189 (Slice) -> 3165 (Concat)
  3189 (Slice) -> 3176 (Slice)
  3189 (Slice) -> 3191 (Slice)
  3189 (Slice) -> 3175 (Slice)
  3189 (Slice) -> 3172 (Concat)
  3189 (Slice) -> 3173 (Concat)
  3189 (Slice) -> 3169 (Concat)
  3189 (Slice) -> 3230 (Concat)
  3189 (Slice) -> 3116 (Concat)
  3189 (Slice) -> 3267 (Concat)
  3189 (Slice) -> 3235 (Concat)
  3189 (Slice) -> 3122 (Concat)
  3189 (Slice) -> 3163 (Slice)
  3189 (Slice) -> 3212 (Concat)
  3189 (Slice) -> 3136 (Concat)
  3189 (Slice) -> 3128 (Concat)
  3189 (Slice) -> 3174 (Concat)
  3189 (Slice) -> 3155 (Concat)
  3189 (Slice) -> 3229 (Concat)
  3189 (Slice) -> 3186 (Concat)
  3189 (Slice) -> 3126 (Concat)
  3189 (Slice) -> 3120 (Slice)
  3189 (Slice) -> 3257 (Concat)
  3189 (Slice) -> 3184 (Concat)
  3189 (Slice) -> 3124 (Concat)
  3189 (Slice) -> 3256 (Concat)
  3189 (Slice) -> 3112 (Sub)
  3189 (Slice) -> 3113 (Concat)
  3189 (Slice) -> 3223 (Concat)
  3189 (Slice) -> 3197 (Concat)
  3189 (Slice) -> 3123 (Concat)
  3189 (Slice) -> 3220 (Concat)
  3189 (Slice) -> 3187 (Concat)
  3189 (Slice) -> 3157 (Concat)
  3189 (Slice) -> 3117 (Concat)
  3189 (Slice) -> 3135 (Slice)
  3189 (Slice) -> 3151 (Concat)
  3189 (Slice) -> 3150 (Concat)
  3189 (Slice) -> 3170 (Concat)
  3189 (Slice) -> 3138 (Concat)
  3189 (Slice) -> 3154 (Concat)
  3189 (Slice) -> 3140 (Concat)
  3189 (Slice) -> 3146 (Concat)
  3189 (Slice) -> 3125 (Concat)
  3189 (Slice) -> 3147 (Slice)
  3189 (Slice) -> 3227 (Concat)
  3189 (Slice) -> 3131 (Concat)
  3189 (Slice) -> 3178 (Concat)
  3189 (Slice) -> 3149 (Slice)
  3189 (Slice) -> 3206 (Concat)
  3189 (Slice) -> 3152 (Concat)
  3189 (Slice) -> 3243 (Concat)
  3189 (Slice) -> 3139 (Concat)
  3189 (Slice) -> 3110 (Concat)
  3189 (Slice) -> 3216 (Concat)
  3189 (Slice) -> 3153 (Concat)
  3189 (Slice) -> 3156 (Concat)
  3189 (Slice) -> 3198 (Concat)
  3189 (Slice) -> 3255 (Concat)
  3189 (Slice) -> 3159 (Concat)
  3189 (Slice) -> 3145 (Concat)
  3189 (Slice) -> 3266 (Concat)
  3189 (Slice) -> 3162 (Slice)
  3189 (Slice) -> 3158 (Concat)
  3189 (Slice) -> 3253 (Concat)
  3189 (Slice) -> 3164 (Concat)
  3189 (Slice) -> 3238 (Concat)
  3189 (Slice) -> 3240 (Concat)
  3189 (Slice) -> 3237 (Concat)
  3189 (Slice) -> 3278 (Concat)
  3189 (Slice) -> 3245 (Slice)
  3189 (Slice) -> 3246 (Slice)
  3189 (Slice) -> 3247 (Slice)
  3189 (Slice) -> 3142 (Concat)
  3189 (Slice) -> 3248 (Concat)
  3189 (Slice) -> 3249 (Concat)
  3189 (Slice) -> 3250 (Concat)
  3189 (Slice) -> 3119 (Slice)
  3189 (Slice) -> 3251 (Concat)
  3189 (Slice) -> 3167 (Concat)
  3189 (Slice) -> 3224 (Concat)
  3189 (Slice) -> 3254 (Concat)
  3189 (Slice) -> 3202 (Concat)
  3189 (Slice) -> 3259 (Slice)
  3189 (Slice) -> 3260 (Slice)
  3189 (Slice) -> 3118 (Concat)
  3189 (Slice) -> 3261 (Slice)
  3189 (Slice) -> 3271 (Concat)
  3189 (Slice) -> 3262 (Concat)
  3189 (Slice) -> 3265 (Concat)
  3189 (Slice) -> 3268 (Concat)
  3189 (Slice) -> 3205 (Slice)
  3189 (Slice) -> 3269 (Concat)
  3189 (Slice) -> 3270 (Concat)
  3189 (Slice) -> 3272 (Concat)
  3189 (Slice) -> 3273 (Slice)
  3189 (Slice) -> 3275 (Slice)
  3189 (Slice) -> 3194 (Concat)
  3189 (Slice) -> 3274 (Slice)
  3189 (Slice) -> 3276 (Concat)
  3189 (Slice) -> 3277 (Concat)
  3189 (Slice) -> 3279 (Concat)
  3189 (Slice) -> 3280 (Concat)
  3189 (Slice) -> 3281 (Concat)
  3189 (Slice) -> 3252 (Concat)
  3189 (Slice) -> 3179 (Concat)
  3189 (Slice) -> 3115 (Concat)
  3189 (Slice) -> 3258 (Concat)
  3189 (Slice) -> 3166 (Concat)
  3189 (Slice) -> 3160 (Concat)
  3189 (Slice) -> 3239 (Concat)
  3189 (Slice) -> 3137 (Concat)
  3189 (Slice) -> 3183 (Concat)
  3189 (Slice) -> 3242 (Concat)
  3189 (Slice) -> 3181 (Concat)
  3189 (Slice) -> 3129 (Concat)
  3189 (Slice) -> 3161 (Slice)
  3189 (Slice) -> 3232 (Slice)
  3189 (Slice) -> 3213 (Concat)
  3189 (Slice) -> 3114 (Concat)
  3189 (Slice) -> 3263 (Concat)
  3188 (Concat) -> 3231 (Slice)
  3188 (Concat) -> 3219 (Slice)
  3188 (Concat) -> 3236 (Concat)
  3188 (Concat) -> 3225 (Concat)
  3188 (Concat) -> 3177 (Slice)
  3188 (Concat) -> 3234 (Concat)
  3188 (Concat) -> 3190 (Slice)
  3188 (Concat) -> 3210 (Concat)
  3188 (Concat) -> 3218 (Slice)
  3188 (Concat) -> 3143 (Concat)
  3188 (Concat) -> 3168 (Concat)
  3188 (Concat) -> 3217 (Slice)
  3188 (Concat) -> 3222 (Concat)
  3188 (Concat) -> 3214 (Concat)
  3188 (Concat) -> 3211 (Concat)
  3188 (Concat) -> 3121 (Slice)
  3188 (Concat) -> 3226 (Concat)
  3188 (Concat) -> 3111 (Div)
  3188 (Concat) -> 3221 (Concat)
  3188 (Concat) -> 3241 (Concat)
  3188 (Concat) -> 3209 (Concat)
  3188 (Concat) -> 3208 (Concat)
  3188 (Concat) -> 3133 (Slice)
  3188 (Concat) -> 3207 (Concat)
  3188 (Concat) -> 3204 (Slice)
  3188 (Concat) -> 3203 (Slice)
  3188 (Concat) -> 3148 (Slice)
  3188 (Concat) -> 3215 (Concat)
  3188 (Concat) -> 3199 (Concat)
  3188 (Concat) -> 3171 (Concat)
  3188 (Concat) -> 3127 (Concat)
  3188 (Concat) -> 3244 (Concat)
  3188 (Concat) -> 3196 (Concat)
  3188 (Concat) -> 3200 (Concat)
  3188 (Concat) -> 3195 (Concat)
  3188 (Concat) -> 3144 (Concat)
  3188 (Concat) -> 3264 (Concat)
  3188 (Concat) -> 3193 (Concat)
  3188 (Concat) -> 3228 (Concat)
  3188 (Concat) -> 3192 (Concat)
  3188 (Concat) -> 3201 (Concat)
  3188 (Concat) -> 3141 (Concat)
  3188 (Concat) -> 3189 (Slice)
  3188 (Concat) -> 3233 (Slice)
  3188 (Concat) -> 3132 (Concat)
  3188 (Concat) -> 3185 (Concat)
  3188 (Concat) -> 3134 (Slice)
  3188 (Concat) -> 3182 (Concat)
  3188 (Concat) -> 3180 (Concat)
  3188 (Concat) -> 3130 (Concat)
  3188 (Concat) -> 3165 (Concat)
  3188 (Concat) -> 3176 (Slice)
  3188 (Concat) -> 3191 (Slice)
  3188 (Concat) -> 3175 (Slice)
  3188 (Concat) -> 3172 (Concat)
  3188 (Concat) -> 3173 (Concat)
  3188 (Concat) -> 3169 (Concat)
  3188 (Concat) -> 3230 (Concat)
  3188 (Concat) -> 3116 (Concat)
  3188 (Concat) -> 3267 (Concat)
  3188 (Concat) -> 3235 (Concat)
  3188 (Concat) -> 3122 (Concat)
  3188 (Concat) -> 3163 (Slice)
  3188 (Concat) -> 3212 (Concat)
  3188 (Concat) -> 3136 (Concat)
  3188 (Concat) -> 3128 (Concat)
  3188 (Concat) -> 3174 (Concat)
  3188 (Concat) -> 3155 (Concat)
  3188 (Concat) -> 3229 (Concat)
  3188 (Concat) -> 3186 (Concat)
  3188 (Concat) -> 3126 (Concat)
  3188 (Concat) -> 3120 (Slice)
  3188 (Concat) -> 3257 (Concat)
  3188 (Concat) -> 3184 (Concat)
  3188 (Concat) -> 3124 (Concat)
  3188 (Concat) -> 3256 (Concat)
  3188 (Concat) -> 3112 (Sub)
  3188 (Concat) -> 3113 (Concat)
  3188 (Concat) -> 3223 (Concat)
  3188 (Concat) -> 3197 (Concat)
  3188 (Concat) -> 3123 (Concat)
  3188 (Concat) -> 3220 (Concat)
  3188 (Concat) -> 3187 (Concat)
  3188 (Concat) -> 3157 (Concat)
  3188 (Concat) -> 3117 (Concat)
  3188 (Concat) -> 3135 (Slice)
  3188 (Concat) -> 3151 (Concat)
  3188 (Concat) -> 3150 (Concat)
  3188 (Concat) -> 3170 (Concat)
  3188 (Concat) -> 3138 (Concat)
  3188 (Concat) -> 3154 (Concat)
  3188 (Concat) -> 3140 (Concat)
  3188 (Concat) -> 3146 (Concat)
  3188 (Concat) -> 3125 (Concat)
  3188 (Concat) -> 3147 (Slice)
  3188 (Concat) -> 3227 (Concat)
  3188 (Concat) -> 3131 (Concat)
  3188 (Concat) -> 3178 (Concat)
  3188 (Concat) -> 3149 (Slice)
  3188 (Concat) -> 3206 (Concat)
  3188 (Concat) -> 3152 (Concat)
  3188 (Concat) -> 3243 (Concat)
  3188 (Concat) -> 3139 (Concat)
  3188 (Concat) -> 3110 (Concat)
  3188 (Concat) -> 3216 (Concat)
  3188 (Concat) -> 3153 (Concat)
  3188 (Concat) -> 3156 (Concat)
  3188 (Concat) -> 3198 (Concat)
  3188 (Concat) -> 3255 (Concat)
  3188 (Concat) -> 3159 (Concat)
  3188 (Concat) -> 3145 (Concat)
  3188 (Concat) -> 3266 (Concat)
  3188 (Concat) -> 3162 (Slice)
  3188 (Concat) -> 3158 (Concat)
  3188 (Concat) -> 3253 (Concat)
  3188 (Concat) -> 3164 (Concat)
  3188 (Concat) -> 3238 (Concat)
  3188 (Concat) -> 3240 (Concat)
  3188 (Concat) -> 3237 (Concat)
  3188 (Concat) -> 3278 (Concat)
  3188 (Concat) -> 3245 (Slice)
  3188 (Concat) -> 3246 (Slice)
  3188 (Concat) -> 3247 (Slice)
  3188 (Concat) -> 3142 (Concat)
  3188 (Concat) -> 3248 (Concat)
  3188 (Concat) -> 3249 (Concat)
  3188 (Concat) -> 3250 (Concat)
  3188 (Concat) -> 3119 (Slice)
  3188 (Concat) -> 3251 (Concat)
  3188 (Concat) -> 3167 (Concat)
  3188 (Concat) -> 3224 (Concat)
  3188 (Concat) -> 3254 (Concat)
  3188 (Concat) -> 3202 (Concat)
  3188 (Concat) -> 3259 (Slice)
  3188 (Concat) -> 3260 (Slice)
  3188 (Concat) -> 3118 (Concat)
  3188 (Concat) -> 3261 (Slice)
  3188 (Concat) -> 3271 (Concat)
  3188 (Concat) -> 3262 (Concat)
  3188 (Concat) -> 3265 (Concat)
  3188 (Concat) -> 3268 (Concat)
  3188 (Concat) -> 3205 (Slice)
  3188 (Concat) -> 3269 (Concat)
  3188 (Concat) -> 3270 (Concat)
  3188 (Concat) -> 3272 (Concat)
  3188 (Concat) -> 3273 (Slice)
  3188 (Concat) -> 3275 (Slice)
  3188 (Concat) -> 3194 (Concat)
  3188 (Concat) -> 3274 (Slice)
  3188 (Concat) -> 3276 (Concat)
  3188 (Concat) -> 3277 (Concat)
  3188 (Concat) -> 3279 (Concat)
  3188 (Concat) -> 3280 (Concat)
  3188 (Concat) -> 3281 (Concat)
  3188 (Concat) -> 3252 (Concat)
  3188 (Concat) -> 3179 (Concat)
  3188 (Concat) -> 3115 (Concat)
  3188 (Concat) -> 3258 (Concat)
  3188 (Concat) -> 3166 (Concat)
  3188 (Concat) -> 3160 (Concat)
  3188 (Concat) -> 3239 (Concat)
  3188 (Concat) -> 3137 (Concat)
  3188 (Concat) -> 3183 (Concat)
  3188 (Concat) -> 3242 (Concat)
  3188 (Concat) -> 3181 (Concat)
  3188 (Concat) -> 3129 (Concat)
  3188 (Concat) -> 3161 (Slice)
  3188 (Concat) -> 3232 (Slice)
  3188 (Concat) -> 3213 (Concat)
  3188 (Concat) -> 3114 (Concat)
  3188 (Concat) -> 3263 (Concat)
  3233 (Slice) -> 3231 (Slice)
  3233 (Slice) -> 3219 (Slice)
  3233 (Slice) -> 3236 (Concat)
  3233 (Slice) -> 3225 (Concat)
  3233 (Slice) -> 3177 (Slice)
  3233 (Slice) -> 3234 (Concat)
  3233 (Slice) -> 3190 (Slice)
  3233 (Slice) -> 3210 (Concat)
  3233 (Slice) -> 3218 (Slice)
  3233 (Slice) -> 3143 (Concat)
  3233 (Slice) -> 3168 (Concat)
  3233 (Slice) -> 3217 (Slice)
  3233 (Slice) -> 3222 (Concat)
  3233 (Slice) -> 3214 (Concat)
  3233 (Slice) -> 3211 (Concat)
  3233 (Slice) -> 3121 (Slice)
  3233 (Slice) -> 3226 (Concat)
  3233 (Slice) -> 3111 (Div)
  3233 (Slice) -> 3221 (Concat)
  3233 (Slice) -> 3241 (Concat)
  3233 (Slice) -> 3209 (Concat)
  3233 (Slice) -> 3208 (Concat)
  3233 (Slice) -> 3133 (Slice)
  3233 (Slice) -> 3207 (Concat)
  3233 (Slice) -> 3204 (Slice)
  3233 (Slice) -> 3203 (Slice)
  3233 (Slice) -> 3148 (Slice)
  3233 (Slice) -> 3215 (Concat)
  3233 (Slice) -> 3199 (Concat)
  3233 (Slice) -> 3171 (Concat)
  3233 (Slice) -> 3127 (Concat)
  3233 (Slice) -> 3244 (Concat)
  3233 (Slice) -> 3196 (Concat)
  3233 (Slice) -> 3200 (Concat)
  3233 (Slice) -> 3195 (Concat)
  3233 (Slice) -> 3144 (Concat)
  3233 (Slice) -> 3264 (Concat)
  3233 (Slice) -> 3193 (Concat)
  3233 (Slice) -> 3228 (Concat)
  3233 (Slice) -> 3192 (Concat)
  3233 (Slice) -> 3201 (Concat)
  3233 (Slice) -> 3141 (Concat)
  3233 (Slice) -> 3189 (Slice)
  3233 (Slice) -> 3188 (Concat)
  3233 (Slice) -> 3132 (Concat)
  3233 (Slice) -> 3185 (Concat)
  3233 (Slice) -> 3134 (Slice)
  3233 (Slice) -> 3182 (Concat)
  3233 (Slice) -> 3180 (Concat)
  3233 (Slice) -> 3130 (Concat)
  3233 (Slice) -> 3165 (Concat)
  3233 (Slice) -> 3176 (Slice)
  3233 (Slice) -> 3191 (Slice)
  3233 (Slice) -> 3175 (Slice)
  3233 (Slice) -> 3172 (Concat)
  3233 (Slice) -> 3173 (Concat)
  3233 (Slice) -> 3169 (Concat)
  3233 (Slice) -> 3230 (Concat)
  3233 (Slice) -> 3116 (Concat)
  3233 (Slice) -> 3267 (Concat)
  3233 (Slice) -> 3235 (Concat)
  3233 (Slice) -> 3122 (Concat)
  3233 (Slice) -> 3163 (Slice)
  3233 (Slice) -> 3212 (Concat)
  3233 (Slice) -> 3136 (Concat)
  3233 (Slice) -> 3128 (Concat)
  3233 (Slice) -> 3174 (Concat)
  3233 (Slice) -> 3155 (Concat)
  3233 (Slice) -> 3229 (Concat)
  3233 (Slice) -> 3186 (Concat)
  3233 (Slice) -> 3126 (Concat)
  3233 (Slice) -> 3120 (Slice)
  3233 (Slice) -> 3257 (Concat)
  3233 (Slice) -> 3184 (Concat)
  3233 (Slice) -> 3124 (Concat)
  3233 (Slice) -> 3256 (Concat)
  3233 (Slice) -> 3112 (Sub)
  3233 (Slice) -> 3113 (Concat)
  3233 (Slice) -> 3223 (Concat)
  3233 (Slice) -> 3197 (Concat)
  3233 (Slice) -> 3123 (Concat)
  3233 (Slice) -> 3220 (Concat)
  3233 (Slice) -> 3187 (Concat)
  3233 (Slice) -> 3157 (Concat)
  3233 (Slice) -> 3117 (Concat)
  3233 (Slice) -> 3135 (Slice)
  3233 (Slice) -> 3151 (Concat)
  3233 (Slice) -> 3150 (Concat)
  3233 (Slice) -> 3170 (Concat)
  3233 (Slice) -> 3138 (Concat)
  3233 (Slice) -> 3154 (Concat)
  3233 (Slice) -> 3140 (Concat)
  3233 (Slice) -> 3146 (Concat)
  3233 (Slice) -> 3125 (Concat)
  3233 (Slice) -> 3147 (Slice)
  3233 (Slice) -> 3227 (Concat)
  3233 (Slice) -> 3131 (Concat)
  3233 (Slice) -> 3178 (Concat)
  3233 (Slice) -> 3149 (Slice)
  3233 (Slice) -> 3206 (Concat)
  3233 (Slice) -> 3152 (Concat)
  3233 (Slice) -> 3243 (Concat)
  3233 (Slice) -> 3139 (Concat)
  3233 (Slice) -> 3110 (Concat)
  3233 (Slice) -> 3216 (Concat)
  3233 (Slice) -> 3153 (Concat)
  3233 (Slice) -> 3156 (Concat)
  3233 (Slice) -> 3198 (Concat)
  3233 (Slice) -> 3255 (Concat)
  3233 (Slice) -> 3159 (Concat)
  3233 (Slice) -> 3145 (Concat)
  3233 (Slice) -> 3266 (Concat)
  3233 (Slice) -> 3162 (Slice)
  3233 (Slice) -> 3158 (Concat)
  3233 (Slice) -> 3253 (Concat)
  3233 (Slice) -> 3164 (Concat)
  3233 (Slice) -> 3238 (Concat)
  3233 (Slice) -> 3240 (Concat)
  3233 (Slice) -> 3237 (Concat)
  3233 (Slice) -> 3278 (Concat)
  3233 (Slice) -> 3245 (Slice)
  3233 (Slice) -> 3246 (Slice)
  3233 (Slice) -> 3247 (Slice)
  3233 (Slice) -> 3142 (Concat)
  3233 (Slice) -> 3248 (Concat)
  3233 (Slice) -> 3249 (Concat)
  3233 (Slice) -> 3250 (Concat)
  3233 (Slice) -> 3119 (Slice)
  3233 (Slice) -> 3251 (Concat)
  3233 (Slice) -> 3167 (Concat)
  3233 (Slice) -> 3224 (Concat)
  3233 (Slice) -> 3254 (Concat)
  3233 (Slice) -> 3202 (Concat)
  3233 (Slice) -> 3259 (Slice)
  3233 (Slice) -> 3260 (Slice)
  3233 (Slice) -> 3118 (Concat)
  3233 (Slice) -> 3261 (Slice)
  3233 (Slice) -> 3271 (Concat)
  3233 (Slice) -> 3262 (Concat)
  3233 (Slice) -> 3265 (Concat)
  3233 (Slice) -> 3268 (Concat)
  3233 (Slice) -> 3205 (Slice)
  3233 (Slice) -> 3269 (Concat)
  3233 (Slice) -> 3270 (Concat)
  3233 (Slice) -> 3272 (Concat)
  3233 (Slice) -> 3273 (Slice)
  3233 (Slice) -> 3275 (Slice)
  3233 (Slice) -> 3194 (Concat)
  3233 (Slice) -> 3274 (Slice)
  3233 (Slice) -> 3276 (Concat)
  3233 (Slice) -> 3277 (Concat)
  3233 (Slice) -> 3279 (Concat)
  3233 (Slice) -> 3280 (Concat)
  3233 (Slice) -> 3281 (Concat)
  3233 (Slice) -> 3252 (Concat)
  3233 (Slice) -> 3179 (Concat)
  3233 (Slice) -> 3115 (Concat)
  3233 (Slice) -> 3258 (Concat)
  3233 (Slice) -> 3166 (Concat)
  3233 (Slice) -> 3160 (Concat)
  3233 (Slice) -> 3239 (Concat)
  3233 (Slice) -> 3137 (Concat)
  3233 (Slice) -> 3183 (Concat)
  3233 (Slice) -> 3242 (Concat)
  3233 (Slice) -> 3181 (Concat)
  3233 (Slice) -> 3129 (Concat)
  3233 (Slice) -> 3161 (Slice)
  3233 (Slice) -> 3232 (Slice)
  3233 (Slice) -> 3213 (Concat)
  3233 (Slice) -> 3114 (Concat)
  3233 (Slice) -> 3263 (Concat)
  3132 (Concat) -> 3231 (Slice)
  3132 (Concat) -> 3219 (Slice)
  3132 (Concat) -> 3236 (Concat)
  3132 (Concat) -> 3225 (Concat)
  3132 (Concat) -> 3177 (Slice)
  3132 (Concat) -> 3234 (Concat)
  3132 (Concat) -> 3190 (Slice)
  3132 (Concat) -> 3210 (Concat)
  3132 (Concat) -> 3218 (Slice)
  3132 (Concat) -> 3143 (Concat)
  3132 (Concat) -> 3168 (Concat)
  3132 (Concat) -> 3217 (Slice)
  3132 (Concat) -> 3222 (Concat)
  3132 (Concat) -> 3214 (Concat)
  3132 (Concat) -> 3211 (Concat)
  3132 (Concat) -> 3121 (Slice)
  3132 (Concat) -> 3226 (Concat)
  3132 (Concat) -> 3111 (Div)
  3132 (Concat) -> 3221 (Concat)
  3132 (Concat) -> 3241 (Concat)
  3132 (Concat) -> 3209 (Concat)
  3132 (Concat) -> 3208 (Concat)
  3132 (Concat) -> 3133 (Slice)
  3132 (Concat) -> 3207 (Concat)
  3132 (Concat) -> 3204 (Slice)
  3132 (Concat) -> 3203 (Slice)
  3132 (Concat) -> 3148 (Slice)
  3132 (Concat) -> 3215 (Concat)
  3132 (Concat) -> 3199 (Concat)
  3132 (Concat) -> 3171 (Concat)
  3132 (Concat) -> 3127 (Concat)
  3132 (Concat) -> 3244 (Concat)
  3132 (Concat) -> 3196 (Concat)
  3132 (Concat) -> 3200 (Concat)
  3132 (Concat) -> 3195 (Concat)
  3132 (Concat) -> 3144 (Concat)
  3132 (Concat) -> 3264 (Concat)
  3132 (Concat) -> 3193 (Concat)
  3132 (Concat) -> 3228 (Concat)
  3132 (Concat) -> 3192 (Concat)
  3132 (Concat) -> 3201 (Concat)
  3132 (Concat) -> 3141 (Concat)
  3132 (Concat) -> 3189 (Slice)
  3132 (Concat) -> 3188 (Concat)
  3132 (Concat) -> 3233 (Slice)
  3132 (Concat) -> 3185 (Concat)
  3132 (Concat) -> 3134 (Slice)
  3132 (Concat) -> 3182 (Concat)
  3132 (Concat) -> 3180 (Concat)
  3132 (Concat) -> 3130 (Concat)
  3132 (Concat) -> 3165 (Concat)
  3132 (Concat) -> 3176 (Slice)
  3132 (Concat) -> 3191 (Slice)
  3132 (Concat) -> 3175 (Slice)
  3132 (Concat) -> 3172 (Concat)
  3132 (Concat) -> 3173 (Concat)
  3132 (Concat) -> 3169 (Concat)
  3132 (Concat) -> 3230 (Concat)
  3132 (Concat) -> 3116 (Concat)
  3132 (Concat) -> 3267 (Concat)
  3132 (Concat) -> 3235 (Concat)
  3132 (Concat) -> 3122 (Concat)
  3132 (Concat) -> 3163 (Slice)
  3132 (Concat) -> 3212 (Concat)
  3132 (Concat) -> 3136 (Concat)
  3132 (Concat) -> 3128 (Concat)
  3132 (Concat) -> 3174 (Concat)
  3132 (Concat) -> 3155 (Concat)
  3132 (Concat) -> 3229 (Concat)
  3132 (Concat) -> 3186 (Concat)
  3132 (Concat) -> 3126 (Concat)
  3132 (Concat) -> 3120 (Slice)
  3132 (Concat) -> 3257 (Concat)
  3132 (Concat) -> 3184 (Concat)
  3132 (Concat) -> 3124 (Concat)
  3132 (Concat) -> 3256 (Concat)
  3132 (Concat) -> 3112 (Sub)
  3132 (Concat) -> 3113 (Concat)
  3132 (Concat) -> 3223 (Concat)
  3132 (Concat) -> 3197 (Concat)
  3132 (Concat) -> 3123 (Concat)
  3132 (Concat) -> 3220 (Concat)
  3132 (Concat) -> 3187 (Concat)
  3132 (Concat) -> 3157 (Concat)
  3132 (Concat) -> 3117 (Concat)
  3132 (Concat) -> 3135 (Slice)
  3132 (Concat) -> 3151 (Concat)
  3132 (Concat) -> 3150 (Concat)
  3132 (Concat) -> 3170 (Concat)
  3132 (Concat) -> 3138 (Concat)
  3132 (Concat) -> 3154 (Concat)
  3132 (Concat) -> 3140 (Concat)
  3132 (Concat) -> 3146 (Concat)
  3132 (Concat) -> 3125 (Concat)
  3132 (Concat) -> 3147 (Slice)
  3132 (Concat) -> 3227 (Concat)
  3132 (Concat) -> 3131 (Concat)
  3132 (Concat) -> 3178 (Concat)
  3132 (Concat) -> 3149 (Slice)
  3132 (Concat) -> 3206 (Concat)
  3132 (Concat) -> 3152 (Concat)
  3132 (Concat) -> 3243 (Concat)
  3132 (Concat) -> 3139 (Concat)
  3132 (Concat) -> 3110 (Concat)
  3132 (Concat) -> 3216 (Concat)
  3132 (Concat) -> 3153 (Concat)
  3132 (Concat) -> 3156 (Concat)
  3132 (Concat) -> 3198 (Concat)
  3132 (Concat) -> 3255 (Concat)
  3132 (Concat) -> 3159 (Concat)
  3132 (Concat) -> 3145 (Concat)
  3132 (Concat) -> 3266 (Concat)
  3132 (Concat) -> 3162 (Slice)
  3132 (Concat) -> 3158 (Concat)
  3132 (Concat) -> 3253 (Concat)
  3132 (Concat) -> 3164 (Concat)
  3132 (Concat) -> 3238 (Concat)
  3132 (Concat) -> 3240 (Concat)
  3132 (Concat) -> 3237 (Concat)
  3132 (Concat) -> 3278 (Concat)
  3132 (Concat) -> 3245 (Slice)
  3132 (Concat) -> 3246 (Slice)
  3132 (Concat) -> 3247 (Slice)
  3132 (Concat) -> 3142 (Concat)
  3132 (Concat) -> 3248 (Concat)
  3132 (Concat) -> 3249 (Concat)
  3132 (Concat) -> 3250 (Concat)
  3132 (Concat) -> 3119 (Slice)
  3132 (Concat) -> 3251 (Concat)
  3132 (Concat) -> 3167 (Concat)
  3132 (Concat) -> 3224 (Concat)
  3132 (Concat) -> 3254 (Concat)
  3132 (Concat) -> 3202 (Concat)
  3132 (Concat) -> 3259 (Slice)
  3132 (Concat) -> 3260 (Slice)
  3132 (Concat) -> 3118 (Concat)
  3132 (Concat) -> 3261 (Slice)
  3132 (Concat) -> 3271 (Concat)
  3132 (Concat) -> 3262 (Concat)
  3132 (Concat) -> 3265 (Concat)
  3132 (Concat) -> 3268 (Concat)
  3132 (Concat) -> 3205 (Slice)
  3132 (Concat) -> 3269 (Concat)
  3132 (Concat) -> 3270 (Concat)
  3132 (Concat) -> 3272 (Concat)
  3132 (Concat) -> 3273 (Slice)
  3132 (Concat) -> 3275 (Slice)
  3132 (Concat) -> 3194 (Concat)
  3132 (Concat) -> 3274 (Slice)
  3132 (Concat) -> 3276 (Concat)
  3132 (Concat) -> 3277 (Concat)
  3132 (Concat) -> 3279 (Concat)
  3132 (Concat) -> 3280 (Concat)
  3132 (Concat) -> 3281 (Concat)
  3132 (Concat) -> 3252 (Concat)
  3132 (Concat) -> 3179 (Concat)
  3132 (Concat) -> 3115 (Concat)
  3132 (Concat) -> 3258 (Concat)
  3132 (Concat) -> 3166 (Concat)
  3132 (Concat) -> 3160 (Concat)
  3132 (Concat) -> 3239 (Concat)
  3132 (Concat) -> 3137 (Concat)
  3132 (Concat) -> 3183 (Concat)
  3132 (Concat) -> 3242 (Concat)
  3132 (Concat) -> 3181 (Concat)
  3132 (Concat) -> 3129 (Concat)
  3132 (Concat) -> 3161 (Slice)
  3132 (Concat) -> 3232 (Slice)
  3132 (Concat) -> 3213 (Concat)
  3132 (Concat) -> 3114 (Concat)
  3132 (Concat) -> 3263 (Concat)
  h.0.ln_1 (Add) -> h.6.attn.c_proj (Gemm)
  h.0.ln_1 (Add) -> h.5.mlp.c_proj (Gemm)
  h.0.ln_1 (Add) -> h.6.mlp.c_proj (Gemm)
  h.0.ln_1 (Add) -> h.3.ln_2 (Add)
  h.0.ln_1 (Add) -> h.9.mlp.c_proj (Gemm)
  h.0.ln_1 (Add) -> h.6.ln_1 (Add)
  h.0.ln_1 (Add) -> h.2.ln_1 (Add)
  h.0.ln_1 (Add) -> h.11.attn.c_proj (Gemm)
  h.0.ln_1 (Add) -> h.5.attn.c_proj (Gemm)
  h.0.ln_1 (Add) -> h.10.ln_1 (Add)
  h.0.ln_1 (Add) -> h.1.attn.c_proj (Gemm)
  h.0.ln_1 (Add) -> h.1.ln_1 (Add)
  h.0.ln_1 (Add) -> h.0.attn.c_proj (Gemm)
  h.0.ln_1 (Add) -> h.8.ln_1 (Add)
  h.0.ln_1 (Add) -> h.11.mlp.c_proj (Gemm)
  h.0.ln_1 (Add) -> h.6.ln_2 (Add)
  h.0.ln_1 (Add) -> h.0.ln_2 (Add)
  h.0.ln_1 (Add) -> h.9.attn.c_proj (Gemm)
  h.0.ln_1 (Add) -> h.0.mlp.c_proj (Gemm)
  h.0.ln_1 (Add) -> h.10.ln_2 (Add)
  h.0.ln_1 (Add) -> h.1.ln_2 (Add)
  h.0.ln_1 (Add) -> h.4.ln_2 (Add)
  h.0.ln_1 (Add) -> h.1.mlp.c_proj (Gemm)
  h.0.ln_1 (Add) -> h.11.ln_1 (Add)
  h.0.ln_1 (Add) -> h.8.attn.c_proj (Gemm)
  h.0.ln_1 (Add) -> h.10.attn.c_proj (Gemm)
  h.0.ln_1 (Add) -> h.10.mlp.c_proj (Gemm)
  h.0.ln_1 (Add) -> h.11.ln_2 (Add)
  h.0.ln_1 (Add) -> h.3.ln_1 (Add)
  h.0.ln_1 (Add) -> h.8.ln_2 (Add)
  h.0.ln_1 (Add) -> h.3.mlp.c_proj (Gemm)
  h.0.ln_1 (Add) -> h.2.attn.c_proj (Gemm)
  h.0.ln_1 (Add) -> h.2.ln_2 (Add)
  h.0.ln_1 (Add) -> h.2.mlp.c_proj (Gemm)
  h.0.ln_1 (Add) -> h.7.mlp.c_proj (Gemm)
  h.0.ln_1 (Add) -> h.3.attn.c_proj (Gemm)
  h.0.ln_1 (Add) -> h.7.attn.c_proj (Gemm)
  h.0.ln_1 (Add) -> h.4.attn.c_proj (Gemm)
  h.0.ln_1 (Add) -> h.4.ln_1 (Add)
  h.0.ln_1 (Add) -> h.4.mlp.c_proj (Gemm)
  h.0.ln_1 (Add) -> h.5.ln_2 (Add)
  h.0.ln_1 (Add) -> h.7.ln_1 (Add)
  h.0.ln_1 (Add) -> h.5.ln_1 (Add)
  h.0.ln_1 (Add) -> h.7.ln_2 (Add)
  h.0.ln_1 (Add) -> h.8.mlp.c_proj (Gemm)
  h.0.ln_1 (Add) -> h.9.ln_1 (Add)
  h.0.ln_1 (Add) -> h.9.ln_2 (Add)
  h.0.ln_1 (Add) -> ln_f (Add)
  3185 (Concat) -> 3231 (Slice)
  3185 (Concat) -> 3219 (Slice)
  3185 (Concat) -> 3236 (Concat)
  3185 (Concat) -> 3225 (Concat)
  3185 (Concat) -> 3177 (Slice)
  3185 (Concat) -> 3234 (Concat)
  3185 (Concat) -> 3190 (Slice)
  3185 (Concat) -> 3210 (Concat)
  3185 (Concat) -> 3218 (Slice)
  3185 (Concat) -> 3143 (Concat)
  3185 (Concat) -> 3168 (Concat)
  3185 (Concat) -> 3217 (Slice)
  3185 (Concat) -> 3222 (Concat)
  3185 (Concat) -> 3214 (Concat)
  3185 (Concat) -> 3211 (Concat)
  3185 (Concat) -> 3121 (Slice)
  3185 (Concat) -> 3226 (Concat)
  3185 (Concat) -> 3111 (Div)
  3185 (Concat) -> 3221 (Concat)
  3185 (Concat) -> 3241 (Concat)
  3185 (Concat) -> 3209 (Concat)
  3185 (Concat) -> 3208 (Concat)
  3185 (Concat) -> 3133 (Slice)
  3185 (Concat) -> 3207 (Concat)
  3185 (Concat) -> 3204 (Slice)
  3185 (Concat) -> 3203 (Slice)
  3185 (Concat) -> 3148 (Slice)
  3185 (Concat) -> 3215 (Concat)
  3185 (Concat) -> 3199 (Concat)
  3185 (Concat) -> 3171 (Concat)
  3185 (Concat) -> 3127 (Concat)
  3185 (Concat) -> 3244 (Concat)
  3185 (Concat) -> 3196 (Concat)
  3185 (Concat) -> 3200 (Concat)
  3185 (Concat) -> 3195 (Concat)
  3185 (Concat) -> 3144 (Concat)
  3185 (Concat) -> 3264 (Concat)
  3185 (Concat) -> 3193 (Concat)
  3185 (Concat) -> 3228 (Concat)
  3185 (Concat) -> 3192 (Concat)
  3185 (Concat) -> 3201 (Concat)
  3185 (Concat) -> 3141 (Concat)
  3185 (Concat) -> 3189 (Slice)
  3185 (Concat) -> 3188 (Concat)
  3185 (Concat) -> 3233 (Slice)
  3185 (Concat) -> 3132 (Concat)
  3185 (Concat) -> 3134 (Slice)
  3185 (Concat) -> 3182 (Concat)
  3185 (Concat) -> 3180 (Concat)
  3185 (Concat) -> 3130 (Concat)
  3185 (Concat) -> 3165 (Concat)
  3185 (Concat) -> 3176 (Slice)
  3185 (Concat) -> 3191 (Slice)
  3185 (Concat) -> 3175 (Slice)
  3185 (Concat) -> 3172 (Concat)
  3185 (Concat) -> 3173 (Concat)
  3185 (Concat) -> 3169 (Concat)
  3185 (Concat) -> 3230 (Concat)
  3185 (Concat) -> 3116 (Concat)
  3185 (Concat) -> 3267 (Concat)
  3185 (Concat) -> 3235 (Concat)
  3185 (Concat) -> 3122 (Concat)
  3185 (Concat) -> 3163 (Slice)
  3185 (Concat) -> 3212 (Concat)
  3185 (Concat) -> 3136 (Concat)
  3185 (Concat) -> 3128 (Concat)
  3185 (Concat) -> 3174 (Concat)
  3185 (Concat) -> 3155 (Concat)
  3185 (Concat) -> 3229 (Concat)
  3185 (Concat) -> 3186 (Concat)
  3185 (Concat) -> 3126 (Concat)
  3185 (Concat) -> 3120 (Slice)
  3185 (Concat) -> 3257 (Concat)
  3185 (Concat) -> 3184 (Concat)
  3185 (Concat) -> 3124 (Concat)
  3185 (Concat) -> 3256 (Concat)
  3185 (Concat) -> 3112 (Sub)
  3185 (Concat) -> 3113 (Concat)
  3185 (Concat) -> 3223 (Concat)
  3185 (Concat) -> 3197 (Concat)
  3185 (Concat) -> 3123 (Concat)
  3185 (Concat) -> 3220 (Concat)
  3185 (Concat) -> 3187 (Concat)
  3185 (Concat) -> 3157 (Concat)
  3185 (Concat) -> 3117 (Concat)
  3185 (Concat) -> 3135 (Slice)
  3185 (Concat) -> 3151 (Concat)
  3185 (Concat) -> 3150 (Concat)
  3185 (Concat) -> 3170 (Concat)
  3185 (Concat) -> 3138 (Concat)
  3185 (Concat) -> 3154 (Concat)
  3185 (Concat) -> 3140 (Concat)
  3185 (Concat) -> 3146 (Concat)
  3185 (Concat) -> 3125 (Concat)
  3185 (Concat) -> 3147 (Slice)
  3185 (Concat) -> 3227 (Concat)
  3185 (Concat) -> 3131 (Concat)
  3185 (Concat) -> 3178 (Concat)
  3185 (Concat) -> 3149 (Slice)
  3185 (Concat) -> 3206 (Concat)
  3185 (Concat) -> 3152 (Concat)
  3185 (Concat) -> 3243 (Concat)
  3185 (Concat) -> 3139 (Concat)
  3185 (Concat) -> 3110 (Concat)
  3185 (Concat) -> 3216 (Concat)
  3185 (Concat) -> 3153 (Concat)
  3185 (Concat) -> 3156 (Concat)
  3185 (Concat) -> 3198 (Concat)
  3185 (Concat) -> 3255 (Concat)
  3185 (Concat) -> 3159 (Concat)
  3185 (Concat) -> 3145 (Concat)
  3185 (Concat) -> 3266 (Concat)
  3185 (Concat) -> 3162 (Slice)
  3185 (Concat) -> 3158 (Concat)
  3185 (Concat) -> 3253 (Concat)
  3185 (Concat) -> 3164 (Concat)
  3185 (Concat) -> 3238 (Concat)
  3185 (Concat) -> 3240 (Concat)
  3185 (Concat) -> 3237 (Concat)
  3185 (Concat) -> 3278 (Concat)
  3185 (Concat) -> 3245 (Slice)
  3185 (Concat) -> 3246 (Slice)
  3185 (Concat) -> 3247 (Slice)
  3185 (Concat) -> 3142 (Concat)
  3185 (Concat) -> 3248 (Concat)
  3185 (Concat) -> 3249 (Concat)
  3185 (Concat) -> 3250 (Concat)
  3185 (Concat) -> 3119 (Slice)
  3185 (Concat) -> 3251 (Concat)
  3185 (Concat) -> 3167 (Concat)
  3185 (Concat) -> 3224 (Concat)
  3185 (Concat) -> 3254 (Concat)
  3185 (Concat) -> 3202 (Concat)
  3185 (Concat) -> 3259 (Slice)
  3185 (Concat) -> 3260 (Slice)
  3185 (Concat) -> 3118 (Concat)
  3185 (Concat) -> 3261 (Slice)
  3185 (Concat) -> 3271 (Concat)
  3185 (Concat) -> 3262 (Concat)
  3185 (Concat) -> 3265 (Concat)
  3185 (Concat) -> 3268 (Concat)
  3185 (Concat) -> 3205 (Slice)
  3185 (Concat) -> 3269 (Concat)
  3185 (Concat) -> 3270 (Concat)
  3185 (Concat) -> 3272 (Concat)
  3185 (Concat) -> 3273 (Slice)
  3185 (Concat) -> 3275 (Slice)
  3185 (Concat) -> 3194 (Concat)
  3185 (Concat) -> 3274 (Slice)
  3185 (Concat) -> 3276 (Concat)
  3185 (Concat) -> 3277 (Concat)
  3185 (Concat) -> 3279 (Concat)
  3185 (Concat) -> 3280 (Concat)
  3185 (Concat) -> 3281 (Concat)
  3185 (Concat) -> 3252 (Concat)
  3185 (Concat) -> 3179 (Concat)
  3185 (Concat) -> 3115 (Concat)
  3185 (Concat) -> 3258 (Concat)
  3185 (Concat) -> 3166 (Concat)
  3185 (Concat) -> 3160 (Concat)
  3185 (Concat) -> 3239 (Concat)
  3185 (Concat) -> 3137 (Concat)
  3185 (Concat) -> 3183 (Concat)
  3185 (Concat) -> 3242 (Concat)
  3185 (Concat) -> 3181 (Concat)
  3185 (Concat) -> 3129 (Concat)
  3185 (Concat) -> 3161 (Slice)
  3185 (Concat) -> 3232 (Slice)
  3185 (Concat) -> 3213 (Concat)
  3185 (Concat) -> 3114 (Concat)
  3185 (Concat) -> 3263 (Concat)
  3134 (Slice) -> 3231 (Slice)
  3134 (Slice) -> 3219 (Slice)
  3134 (Slice) -> 3236 (Concat)
  3134 (Slice) -> 3225 (Concat)
  3134 (Slice) -> 3177 (Slice)
  3134 (Slice) -> 3234 (Concat)
  3134 (Slice) -> 3190 (Slice)
  3134 (Slice) -> 3210 (Concat)
  3134 (Slice) -> 3218 (Slice)
  3134 (Slice) -> 3143 (Concat)
  3134 (Slice) -> 3168 (Concat)
  3134 (Slice) -> 3217 (Slice)
  3134 (Slice) -> 3222 (Concat)
  3134 (Slice) -> 3214 (Concat)
  3134 (Slice) -> 3211 (Concat)
  3134 (Slice) -> 3121 (Slice)
  3134 (Slice) -> 3226 (Concat)
  3134 (Slice) -> 3111 (Div)
  3134 (Slice) -> 3221 (Concat)
  3134 (Slice) -> 3241 (Concat)
  3134 (Slice) -> 3209 (Concat)
  3134 (Slice) -> 3208 (Concat)
  3134 (Slice) -> 3133 (Slice)
  3134 (Slice) -> 3207 (Concat)
  3134 (Slice) -> 3204 (Slice)
  3134 (Slice) -> 3203 (Slice)
  3134 (Slice) -> 3148 (Slice)
  3134 (Slice) -> 3215 (Concat)
  3134 (Slice) -> 3199 (Concat)
  3134 (Slice) -> 3171 (Concat)
  3134 (Slice) -> 3127 (Concat)
  3134 (Slice) -> 3244 (Concat)
  3134 (Slice) -> 3196 (Concat)
  3134 (Slice) -> 3200 (Concat)
  3134 (Slice) -> 3195 (Concat)
  3134 (Slice) -> 3144 (Concat)
  3134 (Slice) -> 3264 (Concat)
  3134 (Slice) -> 3193 (Concat)
  3134 (Slice) -> 3228 (Concat)
  3134 (Slice) -> 3192 (Concat)
  3134 (Slice) -> 3201 (Concat)
  3134 (Slice) -> 3141 (Concat)
  3134 (Slice) -> 3189 (Slice)
  3134 (Slice) -> 3188 (Concat)
  3134 (Slice) -> 3233 (Slice)
  3134 (Slice) -> 3132 (Concat)
  3134 (Slice) -> 3185 (Concat)
  3134 (Slice) -> 3182 (Concat)
  3134 (Slice) -> 3180 (Concat)
  3134 (Slice) -> 3130 (Concat)
  3134 (Slice) -> 3165 (Concat)
  3134 (Slice) -> 3176 (Slice)
  3134 (Slice) -> 3191 (Slice)
  3134 (Slice) -> 3175 (Slice)
  3134 (Slice) -> 3172 (Concat)
  3134 (Slice) -> 3173 (Concat)
  3134 (Slice) -> 3169 (Concat)
  3134 (Slice) -> 3230 (Concat)
  3134 (Slice) -> 3116 (Concat)
  3134 (Slice) -> 3267 (Concat)
  3134 (Slice) -> 3235 (Concat)
  3134 (Slice) -> 3122 (Concat)
  3134 (Slice) -> 3163 (Slice)
  3134 (Slice) -> 3212 (Concat)
  3134 (Slice) -> 3136 (Concat)
  3134 (Slice) -> 3128 (Concat)
  3134 (Slice) -> 3174 (Concat)
  3134 (Slice) -> 3155 (Concat)
  3134 (Slice) -> 3229 (Concat)
  3134 (Slice) -> 3186 (Concat)
  3134 (Slice) -> 3126 (Concat)
  3134 (Slice) -> 3120 (Slice)
  3134 (Slice) -> 3257 (Concat)
  3134 (Slice) -> 3184 (Concat)
  3134 (Slice) -> 3124 (Concat)
  3134 (Slice) -> 3256 (Concat)
  3134 (Slice) -> 3112 (Sub)
  3134 (Slice) -> 3113 (Concat)
  3134 (Slice) -> 3223 (Concat)
  3134 (Slice) -> 3197 (Concat)
  3134 (Slice) -> 3123 (Concat)
  3134 (Slice) -> 3220 (Concat)
  3134 (Slice) -> 3187 (Concat)
  3134 (Slice) -> 3157 (Concat)
  3134 (Slice) -> 3117 (Concat)
  3134 (Slice) -> 3135 (Slice)
  3134 (Slice) -> 3151 (Concat)
  3134 (Slice) -> 3150 (Concat)
  3134 (Slice) -> 3170 (Concat)
  3134 (Slice) -> 3138 (Concat)
  3134 (Slice) -> 3154 (Concat)
  3134 (Slice) -> 3140 (Concat)
  3134 (Slice) -> 3146 (Concat)
  3134 (Slice) -> 3125 (Concat)
  3134 (Slice) -> 3147 (Slice)
  3134 (Slice) -> 3227 (Concat)
  3134 (Slice) -> 3131 (Concat)
  3134 (Slice) -> 3178 (Concat)
  3134 (Slice) -> 3149 (Slice)
  3134 (Slice) -> 3206 (Concat)
  3134 (Slice) -> 3152 (Concat)
  3134 (Slice) -> 3243 (Concat)
  3134 (Slice) -> 3139 (Concat)
  3134 (Slice) -> 3110 (Concat)
  3134 (Slice) -> 3216 (Concat)
  3134 (Slice) -> 3153 (Concat)
  3134 (Slice) -> 3156 (Concat)
  3134 (Slice) -> 3198 (Concat)
  3134 (Slice) -> 3255 (Concat)
  3134 (Slice) -> 3159 (Concat)
  3134 (Slice) -> 3145 (Concat)
  3134 (Slice) -> 3266 (Concat)
  3134 (Slice) -> 3162 (Slice)
  3134 (Slice) -> 3158 (Concat)
  3134 (Slice) -> 3253 (Concat)
  3134 (Slice) -> 3164 (Concat)
  3134 (Slice) -> 3238 (Concat)
  3134 (Slice) -> 3240 (Concat)
  3134 (Slice) -> 3237 (Concat)
  3134 (Slice) -> 3278 (Concat)
  3134 (Slice) -> 3245 (Slice)
  3134 (Slice) -> 3246 (Slice)
  3134 (Slice) -> 3247 (Slice)
  3134 (Slice) -> 3142 (Concat)
  3134 (Slice) -> 3248 (Concat)
  3134 (Slice) -> 3249 (Concat)
  3134 (Slice) -> 3250 (Concat)
  3134 (Slice) -> 3119 (Slice)
  3134 (Slice) -> 3251 (Concat)
  3134 (Slice) -> 3167 (Concat)
  3134 (Slice) -> 3224 (Concat)
  3134 (Slice) -> 3254 (Concat)
  3134 (Slice) -> 3202 (Concat)
  3134 (Slice) -> 3259 (Slice)
  3134 (Slice) -> 3260 (Slice)
  3134 (Slice) -> 3118 (Concat)
  3134 (Slice) -> 3261 (Slice)
  3134 (Slice) -> 3271 (Concat)
  3134 (Slice) -> 3262 (Concat)
  3134 (Slice) -> 3265 (Concat)
  3134 (Slice) -> 3268 (Concat)
  3134 (Slice) -> 3205 (Slice)
  3134 (Slice) -> 3269 (Concat)
  3134 (Slice) -> 3270 (Concat)
  3134 (Slice) -> 3272 (Concat)
  3134 (Slice) -> 3273 (Slice)
  3134 (Slice) -> 3275 (Slice)
  3134 (Slice) -> 3194 (Concat)
  3134 (Slice) -> 3274 (Slice)
  3134 (Slice) -> 3276 (Concat)
  3134 (Slice) -> 3277 (Concat)
  3134 (Slice) -> 3279 (Concat)
  3134 (Slice) -> 3280 (Concat)
  3134 (Slice) -> 3281 (Concat)
  3134 (Slice) -> 3252 (Concat)
  3134 (Slice) -> 3179 (Concat)
  3134 (Slice) -> 3115 (Concat)
  3134 (Slice) -> 3258 (Concat)
  3134 (Slice) -> 3166 (Concat)
  3134 (Slice) -> 3160 (Concat)
  3134 (Slice) -> 3239 (Concat)
  3134 (Slice) -> 3137 (Concat)
  3134 (Slice) -> 3183 (Concat)
  3134 (Slice) -> 3242 (Concat)
  3134 (Slice) -> 3181 (Concat)
  3134 (Slice) -> 3129 (Concat)
  3134 (Slice) -> 3161 (Slice)
  3134 (Slice) -> 3232 (Slice)
  3134 (Slice) -> 3213 (Concat)
  3134 (Slice) -> 3114 (Concat)
  3134 (Slice) -> 3263 (Concat)
  3182 (Concat) -> 3231 (Slice)
  3182 (Concat) -> 3219 (Slice)
  3182 (Concat) -> 3236 (Concat)
  3182 (Concat) -> 3225 (Concat)
  3182 (Concat) -> 3177 (Slice)
  3182 (Concat) -> 3234 (Concat)
  3182 (Concat) -> 3190 (Slice)
  3182 (Concat) -> 3210 (Concat)
  3182 (Concat) -> 3218 (Slice)
  3182 (Concat) -> 3143 (Concat)
  3182 (Concat) -> 3168 (Concat)
  3182 (Concat) -> 3217 (Slice)
  3182 (Concat) -> 3222 (Concat)
  3182 (Concat) -> 3214 (Concat)
  3182 (Concat) -> 3211 (Concat)
  3182 (Concat) -> 3121 (Slice)
  3182 (Concat) -> 3226 (Concat)
  3182 (Concat) -> 3111 (Div)
  3182 (Concat) -> 3221 (Concat)
  3182 (Concat) -> 3241 (Concat)
  3182 (Concat) -> 3209 (Concat)
  3182 (Concat) -> 3208 (Concat)
  3182 (Concat) -> 3133 (Slice)
  3182 (Concat) -> 3207 (Concat)
  3182 (Concat) -> 3204 (Slice)
  3182 (Concat) -> 3203 (Slice)
  3182 (Concat) -> 3148 (Slice)
  3182 (Concat) -> 3215 (Concat)
  3182 (Concat) -> 3199 (Concat)
  3182 (Concat) -> 3171 (Concat)
  3182 (Concat) -> 3127 (Concat)
  3182 (Concat) -> 3244 (Concat)
  3182 (Concat) -> 3196 (Concat)
  3182 (Concat) -> 3200 (Concat)
  3182 (Concat) -> 3195 (Concat)
  3182 (Concat) -> 3144 (Concat)
  3182 (Concat) -> 3264 (Concat)
  3182 (Concat) -> 3193 (Concat)
  3182 (Concat) -> 3228 (Concat)
  3182 (Concat) -> 3192 (Concat)
  3182 (Concat) -> 3201 (Concat)
  3182 (Concat) -> 3141 (Concat)
  3182 (Concat) -> 3189 (Slice)
  3182 (Concat) -> 3188 (Concat)
  3182 (Concat) -> 3233 (Slice)
  3182 (Concat) -> 3132 (Concat)
  3182 (Concat) -> 3185 (Concat)
  3182 (Concat) -> 3134 (Slice)
  3182 (Concat) -> 3180 (Concat)
  3182 (Concat) -> 3130 (Concat)
  3182 (Concat) -> 3165 (Concat)
  3182 (Concat) -> 3176 (Slice)
  3182 (Concat) -> 3191 (Slice)
  3182 (Concat) -> 3175 (Slice)
  3182 (Concat) -> 3172 (Concat)
  3182 (Concat) -> 3173 (Concat)
  3182 (Concat) -> 3169 (Concat)
  3182 (Concat) -> 3230 (Concat)
  3182 (Concat) -> 3116 (Concat)
  3182 (Concat) -> 3267 (Concat)
  3182 (Concat) -> 3235 (Concat)
  3182 (Concat) -> 3122 (Concat)
  3182 (Concat) -> 3163 (Slice)
  3182 (Concat) -> 3212 (Concat)
  3182 (Concat) -> 3136 (Concat)
  3182 (Concat) -> 3128 (Concat)
  3182 (Concat) -> 3174 (Concat)
  3182 (Concat) -> 3155 (Concat)
  3182 (Concat) -> 3229 (Concat)
  3182 (Concat) -> 3186 (Concat)
  3182 (Concat) -> 3126 (Concat)
  3182 (Concat) -> 3120 (Slice)
  3182 (Concat) -> 3257 (Concat)
  3182 (Concat) -> 3184 (Concat)
  3182 (Concat) -> 3124 (Concat)
  3182 (Concat) -> 3256 (Concat)
  3182 (Concat) -> 3112 (Sub)
  3182 (Concat) -> 3113 (Concat)
  3182 (Concat) -> 3223 (Concat)
  3182 (Concat) -> 3197 (Concat)
  3182 (Concat) -> 3123 (Concat)
  3182 (Concat) -> 3220 (Concat)
  3182 (Concat) -> 3187 (Concat)
  3182 (Concat) -> 3157 (Concat)
  3182 (Concat) -> 3117 (Concat)
  3182 (Concat) -> 3135 (Slice)
  3182 (Concat) -> 3151 (Concat)
  3182 (Concat) -> 3150 (Concat)
  3182 (Concat) -> 3170 (Concat)
  3182 (Concat) -> 3138 (Concat)
  3182 (Concat) -> 3154 (Concat)
  3182 (Concat) -> 3140 (Concat)
  3182 (Concat) -> 3146 (Concat)
  3182 (Concat) -> 3125 (Concat)
  3182 (Concat) -> 3147 (Slice)
  3182 (Concat) -> 3227 (Concat)
  3182 (Concat) -> 3131 (Concat)
  3182 (Concat) -> 3178 (Concat)
  3182 (Concat) -> 3149 (Slice)
  3182 (Concat) -> 3206 (Concat)
  3182 (Concat) -> 3152 (Concat)
  3182 (Concat) -> 3243 (Concat)
  3182 (Concat) -> 3139 (Concat)
  3182 (Concat) -> 3110 (Concat)
  3182 (Concat) -> 3216 (Concat)
  3182 (Concat) -> 3153 (Concat)
  3182 (Concat) -> 3156 (Concat)
  3182 (Concat) -> 3198 (Concat)
  3182 (Concat) -> 3255 (Concat)
  3182 (Concat) -> 3159 (Concat)
  3182 (Concat) -> 3145 (Concat)
  3182 (Concat) -> 3266 (Concat)
  3182 (Concat) -> 3162 (Slice)
  3182 (Concat) -> 3158 (Concat)
  3182 (Concat) -> 3253 (Concat)
  3182 (Concat) -> 3164 (Concat)
  3182 (Concat) -> 3238 (Concat)
  3182 (Concat) -> 3240 (Concat)
  3182 (Concat) -> 3237 (Concat)
  3182 (Concat) -> 3278 (Concat)
  3182 (Concat) -> 3245 (Slice)
  3182 (Concat) -> 3246 (Slice)
  3182 (Concat) -> 3247 (Slice)
  3182 (Concat) -> 3142 (Concat)
  3182 (Concat) -> 3248 (Concat)
  3182 (Concat) -> 3249 (Concat)
  3182 (Concat) -> 3250 (Concat)
  3182 (Concat) -> 3119 (Slice)
  3182 (Concat) -> 3251 (Concat)
  3182 (Concat) -> 3167 (Concat)
  3182 (Concat) -> 3224 (Concat)
  3182 (Concat) -> 3254 (Concat)
  3182 (Concat) -> 3202 (Concat)
  3182 (Concat) -> 3259 (Slice)
  3182 (Concat) -> 3260 (Slice)
  3182 (Concat) -> 3118 (Concat)
  3182 (Concat) -> 3261 (Slice)
  3182 (Concat) -> 3271 (Concat)
  3182 (Concat) -> 3262 (Concat)
  3182 (Concat) -> 3265 (Concat)
  3182 (Concat) -> 3268 (Concat)
  3182 (Concat) -> 3205 (Slice)
  3182 (Concat) -> 3269 (Concat)
  3182 (Concat) -> 3270 (Concat)
  3182 (Concat) -> 3272 (Concat)
  3182 (Concat) -> 3273 (Slice)
  3182 (Concat) -> 3275 (Slice)
  3182 (Concat) -> 3194 (Concat)
  3182 (Concat) -> 3274 (Slice)
  3182 (Concat) -> 3276 (Concat)
  3182 (Concat) -> 3277 (Concat)
  3182 (Concat) -> 3279 (Concat)
  3182 (Concat) -> 3280 (Concat)
  3182 (Concat) -> 3281 (Concat)
  3182 (Concat) -> 3252 (Concat)
  3182 (Concat) -> 3179 (Concat)
  3182 (Concat) -> 3115 (Concat)
  3182 (Concat) -> 3258 (Concat)
  3182 (Concat) -> 3166 (Concat)
  3182 (Concat) -> 3160 (Concat)
  3182 (Concat) -> 3239 (Concat)
  3182 (Concat) -> 3137 (Concat)
  3182 (Concat) -> 3183 (Concat)
  3182 (Concat) -> 3242 (Concat)
  3182 (Concat) -> 3181 (Concat)
  3182 (Concat) -> 3129 (Concat)
  3182 (Concat) -> 3161 (Slice)
  3182 (Concat) -> 3232 (Slice)
  3182 (Concat) -> 3213 (Concat)
  3182 (Concat) -> 3114 (Concat)
  3182 (Concat) -> 3263 (Concat)
  3180 (Concat) -> 3231 (Slice)
  3180 (Concat) -> 3219 (Slice)
  3180 (Concat) -> 3236 (Concat)
  3180 (Concat) -> 3225 (Concat)
  3180 (Concat) -> 3177 (Slice)
  3180 (Concat) -> 3234 (Concat)
  3180 (Concat) -> 3190 (Slice)
  3180 (Concat) -> 3210 (Concat)
  3180 (Concat) -> 3218 (Slice)
  3180 (Concat) -> 3143 (Concat)
  3180 (Concat) -> 3168 (Concat)
  3180 (Concat) -> 3217 (Slice)
  3180 (Concat) -> 3222 (Concat)
  3180 (Concat) -> 3214 (Concat)
  3180 (Concat) -> 3211 (Concat)
  3180 (Concat) -> 3121 (Slice)
  3180 (Concat) -> 3226 (Concat)
  3180 (Concat) -> 3111 (Div)
  3180 (Concat) -> 3221 (Concat)
  3180 (Concat) -> 3241 (Concat)
  3180 (Concat) -> 3209 (Concat)
  3180 (Concat) -> 3208 (Concat)
  3180 (Concat) -> 3133 (Slice)
  3180 (Concat) -> 3207 (Concat)
  3180 (Concat) -> 3204 (Slice)
  3180 (Concat) -> 3203 (Slice)
  3180 (Concat) -> 3148 (Slice)
  3180 (Concat) -> 3215 (Concat)
  3180 (Concat) -> 3199 (Concat)
  3180 (Concat) -> 3171 (Concat)
  3180 (Concat) -> 3127 (Concat)
  3180 (Concat) -> 3244 (Concat)
  3180 (Concat) -> 3196 (Concat)
  3180 (Concat) -> 3200 (Concat)
  3180 (Concat) -> 3195 (Concat)
  3180 (Concat) -> 3144 (Concat)
  3180 (Concat) -> 3264 (Concat)
  3180 (Concat) -> 3193 (Concat)
  3180 (Concat) -> 3228 (Concat)
  3180 (Concat) -> 3192 (Concat)
  3180 (Concat) -> 3201 (Concat)
  3180 (Concat) -> 3141 (Concat)
  3180 (Concat) -> 3189 (Slice)
  3180 (Concat) -> 3188 (Concat)
  3180 (Concat) -> 3233 (Slice)
  3180 (Concat) -> 3132 (Concat)
  3180 (Concat) -> 3185 (Concat)
  3180 (Concat) -> 3134 (Slice)
  3180 (Concat) -> 3182 (Concat)
  3180 (Concat) -> 3130 (Concat)
  3180 (Concat) -> 3165 (Concat)
  3180 (Concat) -> 3176 (Slice)
  3180 (Concat) -> 3191 (Slice)
  3180 (Concat) -> 3175 (Slice)
  3180 (Concat) -> 3172 (Concat)
  3180 (Concat) -> 3173 (Concat)
  3180 (Concat) -> 3169 (Concat)
  3180 (Concat) -> 3230 (Concat)
  3180 (Concat) -> 3116 (Concat)
  3180 (Concat) -> 3267 (Concat)
  3180 (Concat) -> 3235 (Concat)
  3180 (Concat) -> 3122 (Concat)
  3180 (Concat) -> 3163 (Slice)
  3180 (Concat) -> 3212 (Concat)
  3180 (Concat) -> 3136 (Concat)
  3180 (Concat) -> 3128 (Concat)
  3180 (Concat) -> 3174 (Concat)
  3180 (Concat) -> 3155 (Concat)
  3180 (Concat) -> 3229 (Concat)
  3180 (Concat) -> 3186 (Concat)
  3180 (Concat) -> 3126 (Concat)
  3180 (Concat) -> 3120 (Slice)
  3180 (Concat) -> 3257 (Concat)
  3180 (Concat) -> 3184 (Concat)
  3180 (Concat) -> 3124 (Concat)
  3180 (Concat) -> 3256 (Concat)
  3180 (Concat) -> 3112 (Sub)
  3180 (Concat) -> 3113 (Concat)
  3180 (Concat) -> 3223 (Concat)
  3180 (Concat) -> 3197 (Concat)
  3180 (Concat) -> 3123 (Concat)
  3180 (Concat) -> 3220 (Concat)
  3180 (Concat) -> 3187 (Concat)
  3180 (Concat) -> 3157 (Concat)
  3180 (Concat) -> 3117 (Concat)
  3180 (Concat) -> 3135 (Slice)
  3180 (Concat) -> 3151 (Concat)
  3180 (Concat) -> 3150 (Concat)
  3180 (Concat) -> 3170 (Concat)
  3180 (Concat) -> 3138 (Concat)
  3180 (Concat) -> 3154 (Concat)
  3180 (Concat) -> 3140 (Concat)
  3180 (Concat) -> 3146 (Concat)
  3180 (Concat) -> 3125 (Concat)
  3180 (Concat) -> 3147 (Slice)
  3180 (Concat) -> 3227 (Concat)
  3180 (Concat) -> 3131 (Concat)
  3180 (Concat) -> 3178 (Concat)
  3180 (Concat) -> 3149 (Slice)
  3180 (Concat) -> 3206 (Concat)
  3180 (Concat) -> 3152 (Concat)
  3180 (Concat) -> 3243 (Concat)
  3180 (Concat) -> 3139 (Concat)
  3180 (Concat) -> 3110 (Concat)
  3180 (Concat) -> 3216 (Concat)
  3180 (Concat) -> 3153 (Concat)
  3180 (Concat) -> 3156 (Concat)
  3180 (Concat) -> 3198 (Concat)
  3180 (Concat) -> 3255 (Concat)
  3180 (Concat) -> 3159 (Concat)
  3180 (Concat) -> 3145 (Concat)
  3180 (Concat) -> 3266 (Concat)
  3180 (Concat) -> 3162 (Slice)
  3180 (Concat) -> 3158 (Concat)
  3180 (Concat) -> 3253 (Concat)
  3180 (Concat) -> 3164 (Concat)
  3180 (Concat) -> 3238 (Concat)
  3180 (Concat) -> 3240 (Concat)
  3180 (Concat) -> 3237 (Concat)
  3180 (Concat) -> 3278 (Concat)
  3180 (Concat) -> 3245 (Slice)
  3180 (Concat) -> 3246 (Slice)
  3180 (Concat) -> 3247 (Slice)
  3180 (Concat) -> 3142 (Concat)
  3180 (Concat) -> 3248 (Concat)
  3180 (Concat) -> 3249 (Concat)
  3180 (Concat) -> 3250 (Concat)
  3180 (Concat) -> 3119 (Slice)
  3180 (Concat) -> 3251 (Concat)
  3180 (Concat) -> 3167 (Concat)
  3180 (Concat) -> 3224 (Concat)
  3180 (Concat) -> 3254 (Concat)
  3180 (Concat) -> 3202 (Concat)
  3180 (Concat) -> 3259 (Slice)
  3180 (Concat) -> 3260 (Slice)
  3180 (Concat) -> 3118 (Concat)
  3180 (Concat) -> 3261 (Slice)
  3180 (Concat) -> 3271 (Concat)
  3180 (Concat) -> 3262 (Concat)
  3180 (Concat) -> 3265 (Concat)
  3180 (Concat) -> 3268 (Concat)
  3180 (Concat) -> 3205 (Slice)
  3180 (Concat) -> 3269 (Concat)
  3180 (Concat) -> 3270 (Concat)
  3180 (Concat) -> 3272 (Concat)
  3180 (Concat) -> 3273 (Slice)
  3180 (Concat) -> 3275 (Slice)
  3180 (Concat) -> 3194 (Concat)
  3180 (Concat) -> 3274 (Slice)
  3180 (Concat) -> 3276 (Concat)
  3180 (Concat) -> 3277 (Concat)
  3180 (Concat) -> 3279 (Concat)
  3180 (Concat) -> 3280 (Concat)
  3180 (Concat) -> 3281 (Concat)
  3180 (Concat) -> 3252 (Concat)
  3180 (Concat) -> 3179 (Concat)
  3180 (Concat) -> 3115 (Concat)
  3180 (Concat) -> 3258 (Concat)
  3180 (Concat) -> 3166 (Concat)
  3180 (Concat) -> 3160 (Concat)
  3180 (Concat) -> 3239 (Concat)
  3180 (Concat) -> 3137 (Concat)
  3180 (Concat) -> 3183 (Concat)
  3180 (Concat) -> 3242 (Concat)
  3180 (Concat) -> 3181 (Concat)
  3180 (Concat) -> 3129 (Concat)
  3180 (Concat) -> 3161 (Slice)
  3180 (Concat) -> 3232 (Slice)
  3180 (Concat) -> 3213 (Concat)
  3180 (Concat) -> 3114 (Concat)
  3180 (Concat) -> 3263 (Concat)
  3130 (Concat) -> 3231 (Slice)
  3130 (Concat) -> 3219 (Slice)
  3130 (Concat) -> 3236 (Concat)
  3130 (Concat) -> 3225 (Concat)
  3130 (Concat) -> 3177 (Slice)
  3130 (Concat) -> 3234 (Concat)
  3130 (Concat) -> 3190 (Slice)
  3130 (Concat) -> 3210 (Concat)
  3130 (Concat) -> 3218 (Slice)
  3130 (Concat) -> 3143 (Concat)
  3130 (Concat) -> 3168 (Concat)
  3130 (Concat) -> 3217 (Slice)
  3130 (Concat) -> 3222 (Concat)
  3130 (Concat) -> 3214 (Concat)
  3130 (Concat) -> 3211 (Concat)
  3130 (Concat) -> 3121 (Slice)
  3130 (Concat) -> 3226 (Concat)
  3130 (Concat) -> 3111 (Div)
  3130 (Concat) -> 3221 (Concat)
  3130 (Concat) -> 3241 (Concat)
  3130 (Concat) -> 3209 (Concat)
  3130 (Concat) -> 3208 (Concat)
  3130 (Concat) -> 3133 (Slice)
  3130 (Concat) -> 3207 (Concat)
  3130 (Concat) -> 3204 (Slice)
  3130 (Concat) -> 3203 (Slice)
  3130 (Concat) -> 3148 (Slice)
  3130 (Concat) -> 3215 (Concat)
  3130 (Concat) -> 3199 (Concat)
  3130 (Concat) -> 3171 (Concat)
  3130 (Concat) -> 3127 (Concat)
  3130 (Concat) -> 3244 (Concat)
  3130 (Concat) -> 3196 (Concat)
  3130 (Concat) -> 3200 (Concat)
  3130 (Concat) -> 3195 (Concat)
  3130 (Concat) -> 3144 (Concat)
  3130 (Concat) -> 3264 (Concat)
  3130 (Concat) -> 3193 (Concat)
  3130 (Concat) -> 3228 (Concat)
  3130 (Concat) -> 3192 (Concat)
  3130 (Concat) -> 3201 (Concat)
  3130 (Concat) -> 3141 (Concat)
  3130 (Concat) -> 3189 (Slice)
  3130 (Concat) -> 3188 (Concat)
  3130 (Concat) -> 3233 (Slice)
  3130 (Concat) -> 3132 (Concat)
  3130 (Concat) -> 3185 (Concat)
  3130 (Concat) -> 3134 (Slice)
  3130 (Concat) -> 3182 (Concat)
  3130 (Concat) -> 3180 (Concat)
  3130 (Concat) -> 3165 (Concat)
  3130 (Concat) -> 3176 (Slice)
  3130 (Concat) -> 3191 (Slice)
  3130 (Concat) -> 3175 (Slice)
  3130 (Concat) -> 3172 (Concat)
  3130 (Concat) -> 3173 (Concat)
  3130 (Concat) -> 3169 (Concat)
  3130 (Concat) -> 3230 (Concat)
  3130 (Concat) -> 3116 (Concat)
  3130 (Concat) -> 3267 (Concat)
  3130 (Concat) -> 3235 (Concat)
  3130 (Concat) -> 3122 (Concat)
  3130 (Concat) -> 3163 (Slice)
  3130 (Concat) -> 3212 (Concat)
  3130 (Concat) -> 3136 (Concat)
  3130 (Concat) -> 3128 (Concat)
  3130 (Concat) -> 3174 (Concat)
  3130 (Concat) -> 3155 (Concat)
  3130 (Concat) -> 3229 (Concat)
  3130 (Concat) -> 3186 (Concat)
  3130 (Concat) -> 3126 (Concat)
  3130 (Concat) -> 3120 (Slice)
  3130 (Concat) -> 3257 (Concat)
  3130 (Concat) -> 3184 (Concat)
  3130 (Concat) -> 3124 (Concat)
  3130 (Concat) -> 3256 (Concat)
  3130 (Concat) -> 3112 (Sub)
  3130 (Concat) -> 3113 (Concat)
  3130 (Concat) -> 3223 (Concat)
  3130 (Concat) -> 3197 (Concat)
  3130 (Concat) -> 3123 (Concat)
  3130 (Concat) -> 3220 (Concat)
  3130 (Concat) -> 3187 (Concat)
  3130 (Concat) -> 3157 (Concat)
  3130 (Concat) -> 3117 (Concat)
  3130 (Concat) -> 3135 (Slice)
  3130 (Concat) -> 3151 (Concat)
  3130 (Concat) -> 3150 (Concat)
  3130 (Concat) -> 3170 (Concat)
  3130 (Concat) -> 3138 (Concat)
  3130 (Concat) -> 3154 (Concat)
  3130 (Concat) -> 3140 (Concat)
  3130 (Concat) -> 3146 (Concat)
  3130 (Concat) -> 3125 (Concat)
  3130 (Concat) -> 3147 (Slice)
  3130 (Concat) -> 3227 (Concat)
  3130 (Concat) -> 3131 (Concat)
  3130 (Concat) -> 3178 (Concat)
  3130 (Concat) -> 3149 (Slice)
  3130 (Concat) -> 3206 (Concat)
  3130 (Concat) -> 3152 (Concat)
  3130 (Concat) -> 3243 (Concat)
  3130 (Concat) -> 3139 (Concat)
  3130 (Concat) -> 3110 (Concat)
  3130 (Concat) -> 3216 (Concat)
  3130 (Concat) -> 3153 (Concat)
  3130 (Concat) -> 3156 (Concat)
  3130 (Concat) -> 3198 (Concat)
  3130 (Concat) -> 3255 (Concat)
  3130 (Concat) -> 3159 (Concat)
  3130 (Concat) -> 3145 (Concat)
  3130 (Concat) -> 3266 (Concat)
  3130 (Concat) -> 3162 (Slice)
  3130 (Concat) -> 3158 (Concat)
  3130 (Concat) -> 3253 (Concat)
  3130 (Concat) -> 3164 (Concat)
  3130 (Concat) -> 3238 (Concat)
  3130 (Concat) -> 3240 (Concat)
  3130 (Concat) -> 3237 (Concat)
  3130 (Concat) -> 3278 (Concat)
  3130 (Concat) -> 3245 (Slice)
  3130 (Concat) -> 3246 (Slice)
  3130 (Concat) -> 3247 (Slice)
  3130 (Concat) -> 3142 (Concat)
  3130 (Concat) -> 3248 (Concat)
  3130 (Concat) -> 3249 (Concat)
  3130 (Concat) -> 3250 (Concat)
  3130 (Concat) -> 3119 (Slice)
  3130 (Concat) -> 3251 (Concat)
  3130 (Concat) -> 3167 (Concat)
  3130 (Concat) -> 3224 (Concat)
  3130 (Concat) -> 3254 (Concat)
  3130 (Concat) -> 3202 (Concat)
  3130 (Concat) -> 3259 (Slice)
  3130 (Concat) -> 3260 (Slice)
  3130 (Concat) -> 3118 (Concat)
  3130 (Concat) -> 3261 (Slice)
  3130 (Concat) -> 3271 (Concat)
  3130 (Concat) -> 3262 (Concat)
  3130 (Concat) -> 3265 (Concat)
  3130 (Concat) -> 3268 (Concat)
  3130 (Concat) -> 3205 (Slice)
  3130 (Concat) -> 3269 (Concat)
  3130 (Concat) -> 3270 (Concat)
  3130 (Concat) -> 3272 (Concat)
  3130 (Concat) -> 3273 (Slice)
  3130 (Concat) -> 3275 (Slice)
  3130 (Concat) -> 3194 (Concat)
  3130 (Concat) -> 3274 (Slice)
  3130 (Concat) -> 3276 (Concat)
  3130 (Concat) -> 3277 (Concat)
  3130 (Concat) -> 3279 (Concat)
  3130 (Concat) -> 3280 (Concat)
  3130 (Concat) -> 3281 (Concat)
  3130 (Concat) -> 3252 (Concat)
  3130 (Concat) -> 3179 (Concat)
  3130 (Concat) -> 3115 (Concat)
  3130 (Concat) -> 3258 (Concat)
  3130 (Concat) -> 3166 (Concat)
  3130 (Concat) -> 3160 (Concat)
  3130 (Concat) -> 3239 (Concat)
  3130 (Concat) -> 3137 (Concat)
  3130 (Concat) -> 3183 (Concat)
  3130 (Concat) -> 3242 (Concat)
  3130 (Concat) -> 3181 (Concat)
  3130 (Concat) -> 3129 (Concat)
  3130 (Concat) -> 3161 (Slice)
  3130 (Concat) -> 3232 (Slice)
  3130 (Concat) -> 3213 (Concat)
  3130 (Concat) -> 3114 (Concat)
  3130 (Concat) -> 3263 (Concat)
  3165 (Concat) -> 3231 (Slice)
  3165 (Concat) -> 3219 (Slice)
  3165 (Concat) -> 3236 (Concat)
  3165 (Concat) -> 3225 (Concat)
  3165 (Concat) -> 3177 (Slice)
  3165 (Concat) -> 3234 (Concat)
  3165 (Concat) -> 3190 (Slice)
  3165 (Concat) -> 3210 (Concat)
  3165 (Concat) -> 3218 (Slice)
  3165 (Concat) -> 3143 (Concat)
  3165 (Concat) -> 3168 (Concat)
  3165 (Concat) -> 3217 (Slice)
  3165 (Concat) -> 3222 (Concat)
  3165 (Concat) -> 3214 (Concat)
  3165 (Concat) -> 3211 (Concat)
  3165 (Concat) -> 3121 (Slice)
  3165 (Concat) -> 3226 (Concat)
  3165 (Concat) -> 3111 (Div)
  3165 (Concat) -> 3221 (Concat)
  3165 (Concat) -> 3241 (Concat)
  3165 (Concat) -> 3209 (Concat)
  3165 (Concat) -> 3208 (Concat)
  3165 (Concat) -> 3133 (Slice)
  3165 (Concat) -> 3207 (Concat)
  3165 (Concat) -> 3204 (Slice)
  3165 (Concat) -> 3203 (Slice)
  3165 (Concat) -> 3148 (Slice)
  3165 (Concat) -> 3215 (Concat)
  3165 (Concat) -> 3199 (Concat)
  3165 (Concat) -> 3171 (Concat)
  3165 (Concat) -> 3127 (Concat)
  3165 (Concat) -> 3244 (Concat)
  3165 (Concat) -> 3196 (Concat)
  3165 (Concat) -> 3200 (Concat)
  3165 (Concat) -> 3195 (Concat)
  3165 (Concat) -> 3144 (Concat)
  3165 (Concat) -> 3264 (Concat)
  3165 (Concat) -> 3193 (Concat)
  3165 (Concat) -> 3228 (Concat)
  3165 (Concat) -> 3192 (Concat)
  3165 (Concat) -> 3201 (Concat)
  3165 (Concat) -> 3141 (Concat)
  3165 (Concat) -> 3189 (Slice)
  3165 (Concat) -> 3188 (Concat)
  3165 (Concat) -> 3233 (Slice)
  3165 (Concat) -> 3132 (Concat)
  3165 (Concat) -> 3185 (Concat)
  3165 (Concat) -> 3134 (Slice)
  3165 (Concat) -> 3182 (Concat)
  3165 (Concat) -> 3180 (Concat)
  3165 (Concat) -> 3130 (Concat)
  3165 (Concat) -> 3176 (Slice)
  3165 (Concat) -> 3191 (Slice)
  3165 (Concat) -> 3175 (Slice)
  3165 (Concat) -> 3172 (Concat)
  3165 (Concat) -> 3173 (Concat)
  3165 (Concat) -> 3169 (Concat)
  3165 (Concat) -> 3230 (Concat)
  3165 (Concat) -> 3116 (Concat)
  3165 (Concat) -> 3267 (Concat)
  3165 (Concat) -> 3235 (Concat)
  3165 (Concat) -> 3122 (Concat)
  3165 (Concat) -> 3163 (Slice)
  3165 (Concat) -> 3212 (Concat)
  3165 (Concat) -> 3136 (Concat)
  3165 (Concat) -> 3128 (Concat)
  3165 (Concat) -> 3174 (Concat)
  3165 (Concat) -> 3155 (Concat)
  3165 (Concat) -> 3229 (Concat)
  3165 (Concat) -> 3186 (Concat)
  3165 (Concat) -> 3126 (Concat)
  3165 (Concat) -> 3120 (Slice)
  3165 (Concat) -> 3257 (Concat)
  3165 (Concat) -> 3184 (Concat)
  3165 (Concat) -> 3124 (Concat)
  3165 (Concat) -> 3256 (Concat)
  3165 (Concat) -> 3112 (Sub)
  3165 (Concat) -> 3113 (Concat)
  3165 (Concat) -> 3223 (Concat)
  3165 (Concat) -> 3197 (Concat)
  3165 (Concat) -> 3123 (Concat)
  3165 (Concat) -> 3220 (Concat)
  3165 (Concat) -> 3187 (Concat)
  3165 (Concat) -> 3157 (Concat)
  3165 (Concat) -> 3117 (Concat)
  3165 (Concat) -> 3135 (Slice)
  3165 (Concat) -> 3151 (Concat)
  3165 (Concat) -> 3150 (Concat)
  3165 (Concat) -> 3170 (Concat)
  3165 (Concat) -> 3138 (Concat)
  3165 (Concat) -> 3154 (Concat)
  3165 (Concat) -> 3140 (Concat)
  3165 (Concat) -> 3146 (Concat)
  3165 (Concat) -> 3125 (Concat)
  3165 (Concat) -> 3147 (Slice)
  3165 (Concat) -> 3227 (Concat)
  3165 (Concat) -> 3131 (Concat)
  3165 (Concat) -> 3178 (Concat)
  3165 (Concat) -> 3149 (Slice)
  3165 (Concat) -> 3206 (Concat)
  3165 (Concat) -> 3152 (Concat)
  3165 (Concat) -> 3243 (Concat)
  3165 (Concat) -> 3139 (Concat)
  3165 (Concat) -> 3110 (Concat)
  3165 (Concat) -> 3216 (Concat)
  3165 (Concat) -> 3153 (Concat)
  3165 (Concat) -> 3156 (Concat)
  3165 (Concat) -> 3198 (Concat)
  3165 (Concat) -> 3255 (Concat)
  3165 (Concat) -> 3159 (Concat)
  3165 (Concat) -> 3145 (Concat)
  3165 (Concat) -> 3266 (Concat)
  3165 (Concat) -> 3162 (Slice)
  3165 (Concat) -> 3158 (Concat)
  3165 (Concat) -> 3253 (Concat)
  3165 (Concat) -> 3164 (Concat)
  3165 (Concat) -> 3238 (Concat)
  3165 (Concat) -> 3240 (Concat)
  3165 (Concat) -> 3237 (Concat)
  3165 (Concat) -> 3278 (Concat)
  3165 (Concat) -> 3245 (Slice)
  3165 (Concat) -> 3246 (Slice)
  3165 (Concat) -> 3247 (Slice)
  3165 (Concat) -> 3142 (Concat)
  3165 (Concat) -> 3248 (Concat)
  3165 (Concat) -> 3249 (Concat)
  3165 (Concat) -> 3250 (Concat)
  3165 (Concat) -> 3119 (Slice)
  3165 (Concat) -> 3251 (Concat)
  3165 (Concat) -> 3167 (Concat)
  3165 (Concat) -> 3224 (Concat)
  3165 (Concat) -> 3254 (Concat)
  3165 (Concat) -> 3202 (Concat)
  3165 (Concat) -> 3259 (Slice)
  3165 (Concat) -> 3260 (Slice)
  3165 (Concat) -> 3118 (Concat)
  3165 (Concat) -> 3261 (Slice)
  3165 (Concat) -> 3271 (Concat)
  3165 (Concat) -> 3262 (Concat)
  3165 (Concat) -> 3265 (Concat)
  3165 (Concat) -> 3268 (Concat)
  3165 (Concat) -> 3205 (Slice)
  3165 (Concat) -> 3269 (Concat)
  3165 (Concat) -> 3270 (Concat)
  3165 (Concat) -> 3272 (Concat)
  3165 (Concat) -> 3273 (Slice)
  3165 (Concat) -> 3275 (Slice)
  3165 (Concat) -> 3194 (Concat)
  3165 (Concat) -> 3274 (Slice)
  3165 (Concat) -> 3276 (Concat)
  3165 (Concat) -> 3277 (Concat)
  3165 (Concat) -> 3279 (Concat)
  3165 (Concat) -> 3280 (Concat)
  3165 (Concat) -> 3281 (Concat)
  3165 (Concat) -> 3252 (Concat)
  3165 (Concat) -> 3179 (Concat)
  3165 (Concat) -> 3115 (Concat)
  3165 (Concat) -> 3258 (Concat)
  3165 (Concat) -> 3166 (Concat)
  3165 (Concat) -> 3160 (Concat)
  3165 (Concat) -> 3239 (Concat)
  3165 (Concat) -> 3137 (Concat)
  3165 (Concat) -> 3183 (Concat)
  3165 (Concat) -> 3242 (Concat)
  3165 (Concat) -> 3181 (Concat)
  3165 (Concat) -> 3129 (Concat)
  3165 (Concat) -> 3161 (Slice)
  3165 (Concat) -> 3232 (Slice)
  3165 (Concat) -> 3213 (Concat)
  3165 (Concat) -> 3114 (Concat)
  3165 (Concat) -> 3263 (Concat)
  3176 (Slice) -> 3231 (Slice)
  3176 (Slice) -> 3219 (Slice)
  3176 (Slice) -> 3236 (Concat)
  3176 (Slice) -> 3225 (Concat)
  3176 (Slice) -> 3177 (Slice)
  3176 (Slice) -> 3234 (Concat)
  3176 (Slice) -> 3190 (Slice)
  3176 (Slice) -> 3210 (Concat)
  3176 (Slice) -> 3218 (Slice)
  3176 (Slice) -> 3143 (Concat)
  3176 (Slice) -> 3168 (Concat)
  3176 (Slice) -> 3217 (Slice)
  3176 (Slice) -> 3222 (Concat)
  3176 (Slice) -> 3214 (Concat)
  3176 (Slice) -> 3211 (Concat)
  3176 (Slice) -> 3121 (Slice)
  3176 (Slice) -> 3226 (Concat)
  3176 (Slice) -> 3111 (Div)
  3176 (Slice) -> 3221 (Concat)
  3176 (Slice) -> 3241 (Concat)
  3176 (Slice) -> 3209 (Concat)
  3176 (Slice) -> 3208 (Concat)
  3176 (Slice) -> 3133 (Slice)
  3176 (Slice) -> 3207 (Concat)
  3176 (Slice) -> 3204 (Slice)
  3176 (Slice) -> 3203 (Slice)
  3176 (Slice) -> 3148 (Slice)
  3176 (Slice) -> 3215 (Concat)
  3176 (Slice) -> 3199 (Concat)
  3176 (Slice) -> 3171 (Concat)
  3176 (Slice) -> 3127 (Concat)
  3176 (Slice) -> 3244 (Concat)
  3176 (Slice) -> 3196 (Concat)
  3176 (Slice) -> 3200 (Concat)
  3176 (Slice) -> 3195 (Concat)
  3176 (Slice) -> 3144 (Concat)
  3176 (Slice) -> 3264 (Concat)
  3176 (Slice) -> 3193 (Concat)
  3176 (Slice) -> 3228 (Concat)
  3176 (Slice) -> 3192 (Concat)
  3176 (Slice) -> 3201 (Concat)
  3176 (Slice) -> 3141 (Concat)
  3176 (Slice) -> 3189 (Slice)
  3176 (Slice) -> 3188 (Concat)
  3176 (Slice) -> 3233 (Slice)
  3176 (Slice) -> 3132 (Concat)
  3176 (Slice) -> 3185 (Concat)
  3176 (Slice) -> 3134 (Slice)
  3176 (Slice) -> 3182 (Concat)
  3176 (Slice) -> 3180 (Concat)
  3176 (Slice) -> 3130 (Concat)
  3176 (Slice) -> 3165 (Concat)
  3176 (Slice) -> 3191 (Slice)
  3176 (Slice) -> 3175 (Slice)
  3176 (Slice) -> 3172 (Concat)
  3176 (Slice) -> 3173 (Concat)
  3176 (Slice) -> 3169 (Concat)
  3176 (Slice) -> 3230 (Concat)
  3176 (Slice) -> 3116 (Concat)
  3176 (Slice) -> 3267 (Concat)
  3176 (Slice) -> 3235 (Concat)
  3176 (Slice) -> 3122 (Concat)
  3176 (Slice) -> 3163 (Slice)
  3176 (Slice) -> 3212 (Concat)
  3176 (Slice) -> 3136 (Concat)
  3176 (Slice) -> 3128 (Concat)
  3176 (Slice) -> 3174 (Concat)
  3176 (Slice) -> 3155 (Concat)
  3176 (Slice) -> 3229 (Concat)
  3176 (Slice) -> 3186 (Concat)
  3176 (Slice) -> 3126 (Concat)
  3176 (Slice) -> 3120 (Slice)
  3176 (Slice) -> 3257 (Concat)
  3176 (Slice) -> 3184 (Concat)
  3176 (Slice) -> 3124 (Concat)
  3176 (Slice) -> 3256 (Concat)
  3176 (Slice) -> 3112 (Sub)
  3176 (Slice) -> 3113 (Concat)
  3176 (Slice) -> 3223 (Concat)
  3176 (Slice) -> 3197 (Concat)
  3176 (Slice) -> 3123 (Concat)
  3176 (Slice) -> 3220 (Concat)
  3176 (Slice) -> 3187 (Concat)
  3176 (Slice) -> 3157 (Concat)
  3176 (Slice) -> 3117 (Concat)
  3176 (Slice) -> 3135 (Slice)
  3176 (Slice) -> 3151 (Concat)
  3176 (Slice) -> 3150 (Concat)
  3176 (Slice) -> 3170 (Concat)
  3176 (Slice) -> 3138 (Concat)
  3176 (Slice) -> 3154 (Concat)
  3176 (Slice) -> 3140 (Concat)
  3176 (Slice) -> 3146 (Concat)
  3176 (Slice) -> 3125 (Concat)
  3176 (Slice) -> 3147 (Slice)
  3176 (Slice) -> 3227 (Concat)
  3176 (Slice) -> 3131 (Concat)
  3176 (Slice) -> 3178 (Concat)
  3176 (Slice) -> 3149 (Slice)
  3176 (Slice) -> 3206 (Concat)
  3176 (Slice) -> 3152 (Concat)
  3176 (Slice) -> 3243 (Concat)
  3176 (Slice) -> 3139 (Concat)
  3176 (Slice) -> 3110 (Concat)
  3176 (Slice) -> 3216 (Concat)
  3176 (Slice) -> 3153 (Concat)
  3176 (Slice) -> 3156 (Concat)
  3176 (Slice) -> 3198 (Concat)
  3176 (Slice) -> 3255 (Concat)
  3176 (Slice) -> 3159 (Concat)
  3176 (Slice) -> 3145 (Concat)
  3176 (Slice) -> 3266 (Concat)
  3176 (Slice) -> 3162 (Slice)
  3176 (Slice) -> 3158 (Concat)
  3176 (Slice) -> 3253 (Concat)
  3176 (Slice) -> 3164 (Concat)
  3176 (Slice) -> 3238 (Concat)
  3176 (Slice) -> 3240 (Concat)
  3176 (Slice) -> 3237 (Concat)
  3176 (Slice) -> 3278 (Concat)
  3176 (Slice) -> 3245 (Slice)
  3176 (Slice) -> 3246 (Slice)
  3176 (Slice) -> 3247 (Slice)
  3176 (Slice) -> 3142 (Concat)
  3176 (Slice) -> 3248 (Concat)
  3176 (Slice) -> 3249 (Concat)
  3176 (Slice) -> 3250 (Concat)
  3176 (Slice) -> 3119 (Slice)
  3176 (Slice) -> 3251 (Concat)
  3176 (Slice) -> 3167 (Concat)
  3176 (Slice) -> 3224 (Concat)
  3176 (Slice) -> 3254 (Concat)
  3176 (Slice) -> 3202 (Concat)
  3176 (Slice) -> 3259 (Slice)
  3176 (Slice) -> 3260 (Slice)
  3176 (Slice) -> 3118 (Concat)
  3176 (Slice) -> 3261 (Slice)
  3176 (Slice) -> 3271 (Concat)
  3176 (Slice) -> 3262 (Concat)
  3176 (Slice) -> 3265 (Concat)
  3176 (Slice) -> 3268 (Concat)
  3176 (Slice) -> 3205 (Slice)
  3176 (Slice) -> 3269 (Concat)
  3176 (Slice) -> 3270 (Concat)
  3176 (Slice) -> 3272 (Concat)
  3176 (Slice) -> 3273 (Slice)
  3176 (Slice) -> 3275 (Slice)
  3176 (Slice) -> 3194 (Concat)
  3176 (Slice) -> 3274 (Slice)
  3176 (Slice) -> 3276 (Concat)
  3176 (Slice) -> 3277 (Concat)
  3176 (Slice) -> 3279 (Concat)
  3176 (Slice) -> 3280 (Concat)
  3176 (Slice) -> 3281 (Concat)
  3176 (Slice) -> 3252 (Concat)
  3176 (Slice) -> 3179 (Concat)
  3176 (Slice) -> 3115 (Concat)
  3176 (Slice) -> 3258 (Concat)
  3176 (Slice) -> 3166 (Concat)
  3176 (Slice) -> 3160 (Concat)
  3176 (Slice) -> 3239 (Concat)
  3176 (Slice) -> 3137 (Concat)
  3176 (Slice) -> 3183 (Concat)
  3176 (Slice) -> 3242 (Concat)
  3176 (Slice) -> 3181 (Concat)
  3176 (Slice) -> 3129 (Concat)
  3176 (Slice) -> 3161 (Slice)
  3176 (Slice) -> 3232 (Slice)
  3176 (Slice) -> 3213 (Concat)
  3176 (Slice) -> 3114 (Concat)
  3176 (Slice) -> 3263 (Concat)
  3191 (Slice) -> 3231 (Slice)
  3191 (Slice) -> 3219 (Slice)
  3191 (Slice) -> 3236 (Concat)
  3191 (Slice) -> 3225 (Concat)
  3191 (Slice) -> 3177 (Slice)
  3191 (Slice) -> 3234 (Concat)
  3191 (Slice) -> 3190 (Slice)
  3191 (Slice) -> 3210 (Concat)
  3191 (Slice) -> 3218 (Slice)
  3191 (Slice) -> 3143 (Concat)
  3191 (Slice) -> 3168 (Concat)
  3191 (Slice) -> 3217 (Slice)
  3191 (Slice) -> 3222 (Concat)
  3191 (Slice) -> 3214 (Concat)
  3191 (Slice) -> 3211 (Concat)
  3191 (Slice) -> 3121 (Slice)
  3191 (Slice) -> 3226 (Concat)
  3191 (Slice) -> 3111 (Div)
  3191 (Slice) -> 3221 (Concat)
  3191 (Slice) -> 3241 (Concat)
  3191 (Slice) -> 3209 (Concat)
  3191 (Slice) -> 3208 (Concat)
  3191 (Slice) -> 3133 (Slice)
  3191 (Slice) -> 3207 (Concat)
  3191 (Slice) -> 3204 (Slice)
  3191 (Slice) -> 3203 (Slice)
  3191 (Slice) -> 3148 (Slice)
  3191 (Slice) -> 3215 (Concat)
  3191 (Slice) -> 3199 (Concat)
  3191 (Slice) -> 3171 (Concat)
  3191 (Slice) -> 3127 (Concat)
  3191 (Slice) -> 3244 (Concat)
  3191 (Slice) -> 3196 (Concat)
  3191 (Slice) -> 3200 (Concat)
  3191 (Slice) -> 3195 (Concat)
  3191 (Slice) -> 3144 (Concat)
  3191 (Slice) -> 3264 (Concat)
  3191 (Slice) -> 3193 (Concat)
  3191 (Slice) -> 3228 (Concat)
  3191 (Slice) -> 3192 (Concat)
  3191 (Slice) -> 3201 (Concat)
  3191 (Slice) -> 3141 (Concat)
  3191 (Slice) -> 3189 (Slice)
  3191 (Slice) -> 3188 (Concat)
  3191 (Slice) -> 3233 (Slice)
  3191 (Slice) -> 3132 (Concat)
  3191 (Slice) -> 3185 (Concat)
  3191 (Slice) -> 3134 (Slice)
  3191 (Slice) -> 3182 (Concat)
  3191 (Slice) -> 3180 (Concat)
  3191 (Slice) -> 3130 (Concat)
  3191 (Slice) -> 3165 (Concat)
  3191 (Slice) -> 3176 (Slice)
  3191 (Slice) -> 3175 (Slice)
  3191 (Slice) -> 3172 (Concat)
  3191 (Slice) -> 3173 (Concat)
  3191 (Slice) -> 3169 (Concat)
  3191 (Slice) -> 3230 (Concat)
  3191 (Slice) -> 3116 (Concat)
  3191 (Slice) -> 3267 (Concat)
  3191 (Slice) -> 3235 (Concat)
  3191 (Slice) -> 3122 (Concat)
  3191 (Slice) -> 3163 (Slice)
  3191 (Slice) -> 3212 (Concat)
  3191 (Slice) -> 3136 (Concat)
  3191 (Slice) -> 3128 (Concat)
  3191 (Slice) -> 3174 (Concat)
  3191 (Slice) -> 3155 (Concat)
  3191 (Slice) -> 3229 (Concat)
  3191 (Slice) -> 3186 (Concat)
  3191 (Slice) -> 3126 (Concat)
  3191 (Slice) -> 3120 (Slice)
  3191 (Slice) -> 3257 (Concat)
  3191 (Slice) -> 3184 (Concat)
  3191 (Slice) -> 3124 (Concat)
  3191 (Slice) -> 3256 (Concat)
  3191 (Slice) -> 3112 (Sub)
  3191 (Slice) -> 3113 (Concat)
  3191 (Slice) -> 3223 (Concat)
  3191 (Slice) -> 3197 (Concat)
  3191 (Slice) -> 3123 (Concat)
  3191 (Slice) -> 3220 (Concat)
  3191 (Slice) -> 3187 (Concat)
  3191 (Slice) -> 3157 (Concat)
  3191 (Slice) -> 3117 (Concat)
  3191 (Slice) -> 3135 (Slice)
  3191 (Slice) -> 3151 (Concat)
  3191 (Slice) -> 3150 (Concat)
  3191 (Slice) -> 3170 (Concat)
  3191 (Slice) -> 3138 (Concat)
  3191 (Slice) -> 3154 (Concat)
  3191 (Slice) -> 3140 (Concat)
  3191 (Slice) -> 3146 (Concat)
  3191 (Slice) -> 3125 (Concat)
  3191 (Slice) -> 3147 (Slice)
  3191 (Slice) -> 3227 (Concat)
  3191 (Slice) -> 3131 (Concat)
  3191 (Slice) -> 3178 (Concat)
  3191 (Slice) -> 3149 (Slice)
  3191 (Slice) -> 3206 (Concat)
  3191 (Slice) -> 3152 (Concat)
  3191 (Slice) -> 3243 (Concat)
  3191 (Slice) -> 3139 (Concat)
  3191 (Slice) -> 3110 (Concat)
  3191 (Slice) -> 3216 (Concat)
  3191 (Slice) -> 3153 (Concat)
  3191 (Slice) -> 3156 (Concat)
  3191 (Slice) -> 3198 (Concat)
  3191 (Slice) -> 3255 (Concat)
  3191 (Slice) -> 3159 (Concat)
  3191 (Slice) -> 3145 (Concat)
  3191 (Slice) -> 3266 (Concat)
  3191 (Slice) -> 3162 (Slice)
  3191 (Slice) -> 3158 (Concat)
  3191 (Slice) -> 3253 (Concat)
  3191 (Slice) -> 3164 (Concat)
  3191 (Slice) -> 3238 (Concat)
  3191 (Slice) -> 3240 (Concat)
  3191 (Slice) -> 3237 (Concat)
  3191 (Slice) -> 3278 (Concat)
  3191 (Slice) -> 3245 (Slice)
  3191 (Slice) -> 3246 (Slice)
  3191 (Slice) -> 3247 (Slice)
  3191 (Slice) -> 3142 (Concat)
  3191 (Slice) -> 3248 (Concat)
  3191 (Slice) -> 3249 (Concat)
  3191 (Slice) -> 3250 (Concat)
  3191 (Slice) -> 3119 (Slice)
  3191 (Slice) -> 3251 (Concat)
  3191 (Slice) -> 3167 (Concat)
  3191 (Slice) -> 3224 (Concat)
  3191 (Slice) -> 3254 (Concat)
  3191 (Slice) -> 3202 (Concat)
  3191 (Slice) -> 3259 (Slice)
  3191 (Slice) -> 3260 (Slice)
  3191 (Slice) -> 3118 (Concat)
  3191 (Slice) -> 3261 (Slice)
  3191 (Slice) -> 3271 (Concat)
  3191 (Slice) -> 3262 (Concat)
  3191 (Slice) -> 3265 (Concat)
  3191 (Slice) -> 3268 (Concat)
  3191 (Slice) -> 3205 (Slice)
  3191 (Slice) -> 3269 (Concat)
  3191 (Slice) -> 3270 (Concat)
  3191 (Slice) -> 3272 (Concat)
  3191 (Slice) -> 3273 (Slice)
  3191 (Slice) -> 3275 (Slice)
  3191 (Slice) -> 3194 (Concat)
  3191 (Slice) -> 3274 (Slice)
  3191 (Slice) -> 3276 (Concat)
  3191 (Slice) -> 3277 (Concat)
  3191 (Slice) -> 3279 (Concat)
  3191 (Slice) -> 3280 (Concat)
  3191 (Slice) -> 3281 (Concat)
  3191 (Slice) -> 3252 (Concat)
  3191 (Slice) -> 3179 (Concat)
  3191 (Slice) -> 3115 (Concat)
  3191 (Slice) -> 3258 (Concat)
  3191 (Slice) -> 3166 (Concat)
  3191 (Slice) -> 3160 (Concat)
  3191 (Slice) -> 3239 (Concat)
  3191 (Slice) -> 3137 (Concat)
  3191 (Slice) -> 3183 (Concat)
  3191 (Slice) -> 3242 (Concat)
  3191 (Slice) -> 3181 (Concat)
  3191 (Slice) -> 3129 (Concat)
  3191 (Slice) -> 3161 (Slice)
  3191 (Slice) -> 3232 (Slice)
  3191 (Slice) -> 3213 (Concat)
  3191 (Slice) -> 3114 (Concat)
  3191 (Slice) -> 3263 (Concat)
  3175 (Slice) -> 3231 (Slice)
  3175 (Slice) -> 3219 (Slice)
  3175 (Slice) -> 3236 (Concat)
  3175 (Slice) -> 3225 (Concat)
  3175 (Slice) -> 3177 (Slice)
  3175 (Slice) -> 3234 (Concat)
  3175 (Slice) -> 3190 (Slice)
  3175 (Slice) -> 3210 (Concat)
  3175 (Slice) -> 3218 (Slice)
  3175 (Slice) -> 3143 (Concat)
  3175 (Slice) -> 3168 (Concat)
  3175 (Slice) -> 3217 (Slice)
  3175 (Slice) -> 3222 (Concat)
  3175 (Slice) -> 3214 (Concat)
  3175 (Slice) -> 3211 (Concat)
  3175 (Slice) -> 3121 (Slice)
  3175 (Slice) -> 3226 (Concat)
  3175 (Slice) -> 3111 (Div)
  3175 (Slice) -> 3221 (Concat)
  3175 (Slice) -> 3241 (Concat)
  3175 (Slice) -> 3209 (Concat)
  3175 (Slice) -> 3208 (Concat)
  3175 (Slice) -> 3133 (Slice)
  3175 (Slice) -> 3207 (Concat)
  3175 (Slice) -> 3204 (Slice)
  3175 (Slice) -> 3203 (Slice)
  3175 (Slice) -> 3148 (Slice)
  3175 (Slice) -> 3215 (Concat)
  3175 (Slice) -> 3199 (Concat)
  3175 (Slice) -> 3171 (Concat)
  3175 (Slice) -> 3127 (Concat)
  3175 (Slice) -> 3244 (Concat)
  3175 (Slice) -> 3196 (Concat)
  3175 (Slice) -> 3200 (Concat)
  3175 (Slice) -> 3195 (Concat)
  3175 (Slice) -> 3144 (Concat)
  3175 (Slice) -> 3264 (Concat)
  3175 (Slice) -> 3193 (Concat)
  3175 (Slice) -> 3228 (Concat)
  3175 (Slice) -> 3192 (Concat)
  3175 (Slice) -> 3201 (Concat)
  3175 (Slice) -> 3141 (Concat)
  3175 (Slice) -> 3189 (Slice)
  3175 (Slice) -> 3188 (Concat)
  3175 (Slice) -> 3233 (Slice)
  3175 (Slice) -> 3132 (Concat)
  3175 (Slice) -> 3185 (Concat)
  3175 (Slice) -> 3134 (Slice)
  3175 (Slice) -> 3182 (Concat)
  3175 (Slice) -> 3180 (Concat)
  3175 (Slice) -> 3130 (Concat)
  3175 (Slice) -> 3165 (Concat)
  3175 (Slice) -> 3176 (Slice)
  3175 (Slice) -> 3191 (Slice)
  3175 (Slice) -> 3172 (Concat)
  3175 (Slice) -> 3173 (Concat)
  3175 (Slice) -> 3169 (Concat)
  3175 (Slice) -> 3230 (Concat)
  3175 (Slice) -> 3116 (Concat)
  3175 (Slice) -> 3267 (Concat)
  3175 (Slice) -> 3235 (Concat)
  3175 (Slice) -> 3122 (Concat)
  3175 (Slice) -> 3163 (Slice)
  3175 (Slice) -> 3212 (Concat)
  3175 (Slice) -> 3136 (Concat)
  3175 (Slice) -> 3128 (Concat)
  3175 (Slice) -> 3174 (Concat)
  3175 (Slice) -> 3155 (Concat)
  3175 (Slice) -> 3229 (Concat)
  3175 (Slice) -> 3186 (Concat)
  3175 (Slice) -> 3126 (Concat)
  3175 (Slice) -> 3120 (Slice)
  3175 (Slice) -> 3257 (Concat)
  3175 (Slice) -> 3184 (Concat)
  3175 (Slice) -> 3124 (Concat)
  3175 (Slice) -> 3256 (Concat)
  3175 (Slice) -> 3112 (Sub)
  3175 (Slice) -> 3113 (Concat)
  3175 (Slice) -> 3223 (Concat)
  3175 (Slice) -> 3197 (Concat)
  3175 (Slice) -> 3123 (Concat)
  3175 (Slice) -> 3220 (Concat)
  3175 (Slice) -> 3187 (Concat)
  3175 (Slice) -> 3157 (Concat)
  3175 (Slice) -> 3117 (Concat)
  3175 (Slice) -> 3135 (Slice)
  3175 (Slice) -> 3151 (Concat)
  3175 (Slice) -> 3150 (Concat)
  3175 (Slice) -> 3170 (Concat)
  3175 (Slice) -> 3138 (Concat)
  3175 (Slice) -> 3154 (Concat)
  3175 (Slice) -> 3140 (Concat)
  3175 (Slice) -> 3146 (Concat)
  3175 (Slice) -> 3125 (Concat)
  3175 (Slice) -> 3147 (Slice)
  3175 (Slice) -> 3227 (Concat)
  3175 (Slice) -> 3131 (Concat)
  3175 (Slice) -> 3178 (Concat)
  3175 (Slice) -> 3149 (Slice)
  3175 (Slice) -> 3206 (Concat)
  3175 (Slice) -> 3152 (Concat)
  3175 (Slice) -> 3243 (Concat)
  3175 (Slice) -> 3139 (Concat)
  3175 (Slice) -> 3110 (Concat)
  3175 (Slice) -> 3216 (Concat)
  3175 (Slice) -> 3153 (Concat)
  3175 (Slice) -> 3156 (Concat)
  3175 (Slice) -> 3198 (Concat)
  3175 (Slice) -> 3255 (Concat)
  3175 (Slice) -> 3159 (Concat)
  3175 (Slice) -> 3145 (Concat)
  3175 (Slice) -> 3266 (Concat)
  3175 (Slice) -> 3162 (Slice)
  3175 (Slice) -> 3158 (Concat)
  3175 (Slice) -> 3253 (Concat)
  3175 (Slice) -> 3164 (Concat)
  3175 (Slice) -> 3238 (Concat)
  3175 (Slice) -> 3240 (Concat)
  3175 (Slice) -> 3237 (Concat)
  3175 (Slice) -> 3278 (Concat)
  3175 (Slice) -> 3245 (Slice)
  3175 (Slice) -> 3246 (Slice)
  3175 (Slice) -> 3247 (Slice)
  3175 (Slice) -> 3142 (Concat)
  3175 (Slice) -> 3248 (Concat)
  3175 (Slice) -> 3249 (Concat)
  3175 (Slice) -> 3250 (Concat)
  3175 (Slice) -> 3119 (Slice)
  3175 (Slice) -> 3251 (Concat)
  3175 (Slice) -> 3167 (Concat)
  3175 (Slice) -> 3224 (Concat)
  3175 (Slice) -> 3254 (Concat)
  3175 (Slice) -> 3202 (Concat)
  3175 (Slice) -> 3259 (Slice)
  3175 (Slice) -> 3260 (Slice)
  3175 (Slice) -> 3118 (Concat)
  3175 (Slice) -> 3261 (Slice)
  3175 (Slice) -> 3271 (Concat)
  3175 (Slice) -> 3262 (Concat)
  3175 (Slice) -> 3265 (Concat)
  3175 (Slice) -> 3268 (Concat)
  3175 (Slice) -> 3205 (Slice)
  3175 (Slice) -> 3269 (Concat)
  3175 (Slice) -> 3270 (Concat)
  3175 (Slice) -> 3272 (Concat)
  3175 (Slice) -> 3273 (Slice)
  3175 (Slice) -> 3275 (Slice)
  3175 (Slice) -> 3194 (Concat)
  3175 (Slice) -> 3274 (Slice)
  3175 (Slice) -> 3276 (Concat)
  3175 (Slice) -> 3277 (Concat)
  3175 (Slice) -> 3279 (Concat)
  3175 (Slice) -> 3280 (Concat)
  3175 (Slice) -> 3281 (Concat)
  3175 (Slice) -> 3252 (Concat)
  3175 (Slice) -> 3179 (Concat)
  3175 (Slice) -> 3115 (Concat)
  3175 (Slice) -> 3258 (Concat)
  3175 (Slice) -> 3166 (Concat)
  3175 (Slice) -> 3160 (Concat)
  3175 (Slice) -> 3239 (Concat)
  3175 (Slice) -> 3137 (Concat)
  3175 (Slice) -> 3183 (Concat)
  3175 (Slice) -> 3242 (Concat)
  3175 (Slice) -> 3181 (Concat)
  3175 (Slice) -> 3129 (Concat)
  3175 (Slice) -> 3161 (Slice)
  3175 (Slice) -> 3232 (Slice)
  3175 (Slice) -> 3213 (Concat)
  3175 (Slice) -> 3114 (Concat)
  3175 (Slice) -> 3263 (Concat)
  3172 (Concat) -> 3231 (Slice)
  3172 (Concat) -> 3219 (Slice)
  3172 (Concat) -> 3236 (Concat)
  3172 (Concat) -> 3225 (Concat)
  3172 (Concat) -> 3177 (Slice)
  3172 (Concat) -> 3234 (Concat)
  3172 (Concat) -> 3190 (Slice)
  3172 (Concat) -> 3210 (Concat)
  3172 (Concat) -> 3218 (Slice)
  3172 (Concat) -> 3143 (Concat)
  3172 (Concat) -> 3168 (Concat)
  3172 (Concat) -> 3217 (Slice)
  3172 (Concat) -> 3222 (Concat)
  3172 (Concat) -> 3214 (Concat)
  3172 (Concat) -> 3211 (Concat)
  3172 (Concat) -> 3121 (Slice)
  3172 (Concat) -> 3226 (Concat)
  3172 (Concat) -> 3111 (Div)
  3172 (Concat) -> 3221 (Concat)
  3172 (Concat) -> 3241 (Concat)
  3172 (Concat) -> 3209 (Concat)
  3172 (Concat) -> 3208 (Concat)
  3172 (Concat) -> 3133 (Slice)
  3172 (Concat) -> 3207 (Concat)
  3172 (Concat) -> 3204 (Slice)
  3172 (Concat) -> 3203 (Slice)
  3172 (Concat) -> 3148 (Slice)
  3172 (Concat) -> 3215 (Concat)
  3172 (Concat) -> 3199 (Concat)
  3172 (Concat) -> 3171 (Concat)
  3172 (Concat) -> 3127 (Concat)
  3172 (Concat) -> 3244 (Concat)
  3172 (Concat) -> 3196 (Concat)
  3172 (Concat) -> 3200 (Concat)
  3172 (Concat) -> 3195 (Concat)
  3172 (Concat) -> 3144 (Concat)
  3172 (Concat) -> 3264 (Concat)
  3172 (Concat) -> 3193 (Concat)
  3172 (Concat) -> 3228 (Concat)
  3172 (Concat) -> 3192 (Concat)
  3172 (Concat) -> 3201 (Concat)
  3172 (Concat) -> 3141 (Concat)
  3172 (Concat) -> 3189 (Slice)
  3172 (Concat) -> 3188 (Concat)
  3172 (Concat) -> 3233 (Slice)
  3172 (Concat) -> 3132 (Concat)
  3172 (Concat) -> 3185 (Concat)
  3172 (Concat) -> 3134 (Slice)
  3172 (Concat) -> 3182 (Concat)
  3172 (Concat) -> 3180 (Concat)
  3172 (Concat) -> 3130 (Concat)
  3172 (Concat) -> 3165 (Concat)
  3172 (Concat) -> 3176 (Slice)
  3172 (Concat) -> 3191 (Slice)
  3172 (Concat) -> 3175 (Slice)
  3172 (Concat) -> 3173 (Concat)
  3172 (Concat) -> 3169 (Concat)
  3172 (Concat) -> 3230 (Concat)
  3172 (Concat) -> 3116 (Concat)
  3172 (Concat) -> 3267 (Concat)
  3172 (Concat) -> 3235 (Concat)
  3172 (Concat) -> 3122 (Concat)
  3172 (Concat) -> 3163 (Slice)
  3172 (Concat) -> 3212 (Concat)
  3172 (Concat) -> 3136 (Concat)
  3172 (Concat) -> 3128 (Concat)
  3172 (Concat) -> 3174 (Concat)
  3172 (Concat) -> 3155 (Concat)
  3172 (Concat) -> 3229 (Concat)
  3172 (Concat) -> 3186 (Concat)
  3172 (Concat) -> 3126 (Concat)
  3172 (Concat) -> 3120 (Slice)
  3172 (Concat) -> 3257 (Concat)
  3172 (Concat) -> 3184 (Concat)
  3172 (Concat) -> 3124 (Concat)
  3172 (Concat) -> 3256 (Concat)
  3172 (Concat) -> 3112 (Sub)
  3172 (Concat) -> 3113 (Concat)
  3172 (Concat) -> 3223 (Concat)
  3172 (Concat) -> 3197 (Concat)
  3172 (Concat) -> 3123 (Concat)
  3172 (Concat) -> 3220 (Concat)
  3172 (Concat) -> 3187 (Concat)
  3172 (Concat) -> 3157 (Concat)
  3172 (Concat) -> 3117 (Concat)
  3172 (Concat) -> 3135 (Slice)
  3172 (Concat) -> 3151 (Concat)
  3172 (Concat) -> 3150 (Concat)
  3172 (Concat) -> 3170 (Concat)
  3172 (Concat) -> 3138 (Concat)
  3172 (Concat) -> 3154 (Concat)
  3172 (Concat) -> 3140 (Concat)
  3172 (Concat) -> 3146 (Concat)
  3172 (Concat) -> 3125 (Concat)
  3172 (Concat) -> 3147 (Slice)
  3172 (Concat) -> 3227 (Concat)
  3172 (Concat) -> 3131 (Concat)
  3172 (Concat) -> 3178 (Concat)
  3172 (Concat) -> 3149 (Slice)
  3172 (Concat) -> 3206 (Concat)
  3172 (Concat) -> 3152 (Concat)
  3172 (Concat) -> 3243 (Concat)
  3172 (Concat) -> 3139 (Concat)
  3172 (Concat) -> 3110 (Concat)
  3172 (Concat) -> 3216 (Concat)
  3172 (Concat) -> 3153 (Concat)
  3172 (Concat) -> 3156 (Concat)
  3172 (Concat) -> 3198 (Concat)
  3172 (Concat) -> 3255 (Concat)
  3172 (Concat) -> 3159 (Concat)
  3172 (Concat) -> 3145 (Concat)
  3172 (Concat) -> 3266 (Concat)
  3172 (Concat) -> 3162 (Slice)
  3172 (Concat) -> 3158 (Concat)
  3172 (Concat) -> 3253 (Concat)
  3172 (Concat) -> 3164 (Concat)
  3172 (Concat) -> 3238 (Concat)
  3172 (Concat) -> 3240 (Concat)
  3172 (Concat) -> 3237 (Concat)
  3172 (Concat) -> 3278 (Concat)
  3172 (Concat) -> 3245 (Slice)
  3172 (Concat) -> 3246 (Slice)
  3172 (Concat) -> 3247 (Slice)
  3172 (Concat) -> 3142 (Concat)
  3172 (Concat) -> 3248 (Concat)
  3172 (Concat) -> 3249 (Concat)
  3172 (Concat) -> 3250 (Concat)
  3172 (Concat) -> 3119 (Slice)
  3172 (Concat) -> 3251 (Concat)
  3172 (Concat) -> 3167 (Concat)
  3172 (Concat) -> 3224 (Concat)
  3172 (Concat) -> 3254 (Concat)
  3172 (Concat) -> 3202 (Concat)
  3172 (Concat) -> 3259 (Slice)
  3172 (Concat) -> 3260 (Slice)
  3172 (Concat) -> 3118 (Concat)
  3172 (Concat) -> 3261 (Slice)
  3172 (Concat) -> 3271 (Concat)
  3172 (Concat) -> 3262 (Concat)
  3172 (Concat) -> 3265 (Concat)
  3172 (Concat) -> 3268 (Concat)
  3172 (Concat) -> 3205 (Slice)
  3172 (Concat) -> 3269 (Concat)
  3172 (Concat) -> 3270 (Concat)
  3172 (Concat) -> 3272 (Concat)
  3172 (Concat) -> 3273 (Slice)
  3172 (Concat) -> 3275 (Slice)
  3172 (Concat) -> 3194 (Concat)
  3172 (Concat) -> 3274 (Slice)
  3172 (Concat) -> 3276 (Concat)
  3172 (Concat) -> 3277 (Concat)
  3172 (Concat) -> 3279 (Concat)
  3172 (Concat) -> 3280 (Concat)
  3172 (Concat) -> 3281 (Concat)
  3172 (Concat) -> 3252 (Concat)
  3172 (Concat) -> 3179 (Concat)
  3172 (Concat) -> 3115 (Concat)
  3172 (Concat) -> 3258 (Concat)
  3172 (Concat) -> 3166 (Concat)
  3172 (Concat) -> 3160 (Concat)
  3172 (Concat) -> 3239 (Concat)
  3172 (Concat) -> 3137 (Concat)
  3172 (Concat) -> 3183 (Concat)
  3172 (Concat) -> 3242 (Concat)
  3172 (Concat) -> 3181 (Concat)
  3172 (Concat) -> 3129 (Concat)
  3172 (Concat) -> 3161 (Slice)
  3172 (Concat) -> 3232 (Slice)
  3172 (Concat) -> 3213 (Concat)
  3172 (Concat) -> 3114 (Concat)
  3172 (Concat) -> 3263 (Concat)
  h.4.attn (Slice) -> h.9.attn (Slice)
  h.4.attn (Slice) -> h.8.attn (Slice)
  h.4.attn (Slice) -> h.1.attn (Slice)
  h.4.attn (Slice) -> h.11.attn (Slice)
  h.4.attn (Slice) -> h.7.attn (Slice)
  h.4.attn (Slice) -> h.0.attn (Slice)
  h.4.attn (Slice) -> h.2.attn (Slice)
  h.4.attn (Slice) -> h.3.attn (Slice)
  h.4.attn (Slice) -> h.10.attn (Slice)
  h.4.attn (Slice) -> h.5.attn (Slice)
  h.4.attn (Slice) -> h.6.attn (Slice)
  3173 (Concat) -> 3231 (Slice)
  3173 (Concat) -> 3219 (Slice)
  3173 (Concat) -> 3236 (Concat)
  3173 (Concat) -> 3225 (Concat)
  3173 (Concat) -> 3177 (Slice)
  3173 (Concat) -> 3234 (Concat)
  3173 (Concat) -> 3190 (Slice)
  3173 (Concat) -> 3210 (Concat)
  3173 (Concat) -> 3218 (Slice)
  3173 (Concat) -> 3143 (Concat)
  3173 (Concat) -> 3168 (Concat)
  3173 (Concat) -> 3217 (Slice)
  3173 (Concat) -> 3222 (Concat)
  3173 (Concat) -> 3214 (Concat)
  3173 (Concat) -> 3211 (Concat)
  3173 (Concat) -> 3121 (Slice)
  3173 (Concat) -> 3226 (Concat)
  3173 (Concat) -> 3111 (Div)
  3173 (Concat) -> 3221 (Concat)
  3173 (Concat) -> 3241 (Concat)
  3173 (Concat) -> 3209 (Concat)
  3173 (Concat) -> 3208 (Concat)
  3173 (Concat) -> 3133 (Slice)
  3173 (Concat) -> 3207 (Concat)
  3173 (Concat) -> 3204 (Slice)
  3173 (Concat) -> 3203 (Slice)
  3173 (Concat) -> 3148 (Slice)
  3173 (Concat) -> 3215 (Concat)
  3173 (Concat) -> 3199 (Concat)
  3173 (Concat) -> 3171 (Concat)
  3173 (Concat) -> 3127 (Concat)
  3173 (Concat) -> 3244 (Concat)
  3173 (Concat) -> 3196 (Concat)
  3173 (Concat) -> 3200 (Concat)
  3173 (Concat) -> 3195 (Concat)
  3173 (Concat) -> 3144 (Concat)
  3173 (Concat) -> 3264 (Concat)
  3173 (Concat) -> 3193 (Concat)
  3173 (Concat) -> 3228 (Concat)
  3173 (Concat) -> 3192 (Concat)
  3173 (Concat) -> 3201 (Concat)
  3173 (Concat) -> 3141 (Concat)
  3173 (Concat) -> 3189 (Slice)
  3173 (Concat) -> 3188 (Concat)
  3173 (Concat) -> 3233 (Slice)
  3173 (Concat) -> 3132 (Concat)
  3173 (Concat) -> 3185 (Concat)
  3173 (Concat) -> 3134 (Slice)
  3173 (Concat) -> 3182 (Concat)
  3173 (Concat) -> 3180 (Concat)
  3173 (Concat) -> 3130 (Concat)
  3173 (Concat) -> 3165 (Concat)
  3173 (Concat) -> 3176 (Slice)
  3173 (Concat) -> 3191 (Slice)
  3173 (Concat) -> 3175 (Slice)
  3173 (Concat) -> 3172 (Concat)
  3173 (Concat) -> 3169 (Concat)
  3173 (Concat) -> 3230 (Concat)
  3173 (Concat) -> 3116 (Concat)
  3173 (Concat) -> 3267 (Concat)
  3173 (Concat) -> 3235 (Concat)
  3173 (Concat) -> 3122 (Concat)
  3173 (Concat) -> 3163 (Slice)
  3173 (Concat) -> 3212 (Concat)
  3173 (Concat) -> 3136 (Concat)
  3173 (Concat) -> 3128 (Concat)
  3173 (Concat) -> 3174 (Concat)
  3173 (Concat) -> 3155 (Concat)
  3173 (Concat) -> 3229 (Concat)
  3173 (Concat) -> 3186 (Concat)
  3173 (Concat) -> 3126 (Concat)
  3173 (Concat) -> 3120 (Slice)
  3173 (Concat) -> 3257 (Concat)
  3173 (Concat) -> 3184 (Concat)
  3173 (Concat) -> 3124 (Concat)
  3173 (Concat) -> 3256 (Concat)
  3173 (Concat) -> 3112 (Sub)
  3173 (Concat) -> 3113 (Concat)
  3173 (Concat) -> 3223 (Concat)
  3173 (Concat) -> 3197 (Concat)
  3173 (Concat) -> 3123 (Concat)
  3173 (Concat) -> 3220 (Concat)
  3173 (Concat) -> 3187 (Concat)
  3173 (Concat) -> 3157 (Concat)
  3173 (Concat) -> 3117 (Concat)
  3173 (Concat) -> 3135 (Slice)
  3173 (Concat) -> 3151 (Concat)
  3173 (Concat) -> 3150 (Concat)
  3173 (Concat) -> 3170 (Concat)
  3173 (Concat) -> 3138 (Concat)
  3173 (Concat) -> 3154 (Concat)
  3173 (Concat) -> 3140 (Concat)
  3173 (Concat) -> 3146 (Concat)
  3173 (Concat) -> 3125 (Concat)
  3173 (Concat) -> 3147 (Slice)
  3173 (Concat) -> 3227 (Concat)
  3173 (Concat) -> 3131 (Concat)
  3173 (Concat) -> 3178 (Concat)
  3173 (Concat) -> 3149 (Slice)
  3173 (Concat) -> 3206 (Concat)
  3173 (Concat) -> 3152 (Concat)
  3173 (Concat) -> 3243 (Concat)
  3173 (Concat) -> 3139 (Concat)
  3173 (Concat) -> 3110 (Concat)
  3173 (Concat) -> 3216 (Concat)
  3173 (Concat) -> 3153 (Concat)
  3173 (Concat) -> 3156 (Concat)
  3173 (Concat) -> 3198 (Concat)
  3173 (Concat) -> 3255 (Concat)
  3173 (Concat) -> 3159 (Concat)
  3173 (Concat) -> 3145 (Concat)
  3173 (Concat) -> 3266 (Concat)
  3173 (Concat) -> 3162 (Slice)
  3173 (Concat) -> 3158 (Concat)
  3173 (Concat) -> 3253 (Concat)
  3173 (Concat) -> 3164 (Concat)
  3173 (Concat) -> 3238 (Concat)
  3173 (Concat) -> 3240 (Concat)
  3173 (Concat) -> 3237 (Concat)
  3173 (Concat) -> 3278 (Concat)
  3173 (Concat) -> 3245 (Slice)
  3173 (Concat) -> 3246 (Slice)
  3173 (Concat) -> 3247 (Slice)
  3173 (Concat) -> 3142 (Concat)
  3173 (Concat) -> 3248 (Concat)
  3173 (Concat) -> 3249 (Concat)
  3173 (Concat) -> 3250 (Concat)
  3173 (Concat) -> 3119 (Slice)
  3173 (Concat) -> 3251 (Concat)
  3173 (Concat) -> 3167 (Concat)
  3173 (Concat) -> 3224 (Concat)
  3173 (Concat) -> 3254 (Concat)
  3173 (Concat) -> 3202 (Concat)
  3173 (Concat) -> 3259 (Slice)
  3173 (Concat) -> 3260 (Slice)
  3173 (Concat) -> 3118 (Concat)
  3173 (Concat) -> 3261 (Slice)
  3173 (Concat) -> 3271 (Concat)
  3173 (Concat) -> 3262 (Concat)
  3173 (Concat) -> 3265 (Concat)
  3173 (Concat) -> 3268 (Concat)
  3173 (Concat) -> 3205 (Slice)
  3173 (Concat) -> 3269 (Concat)
  3173 (Concat) -> 3270 (Concat)
  3173 (Concat) -> 3272 (Concat)
  3173 (Concat) -> 3273 (Slice)
  3173 (Concat) -> 3275 (Slice)
  3173 (Concat) -> 3194 (Concat)
  3173 (Concat) -> 3274 (Slice)
  3173 (Concat) -> 3276 (Concat)
  3173 (Concat) -> 3277 (Concat)
  3173 (Concat) -> 3279 (Concat)
  3173 (Concat) -> 3280 (Concat)
  3173 (Concat) -> 3281 (Concat)
  3173 (Concat) -> 3252 (Concat)
  3173 (Concat) -> 3179 (Concat)
  3173 (Concat) -> 3115 (Concat)
  3173 (Concat) -> 3258 (Concat)
  3173 (Concat) -> 3166 (Concat)
  3173 (Concat) -> 3160 (Concat)
  3173 (Concat) -> 3239 (Concat)
  3173 (Concat) -> 3137 (Concat)
  3173 (Concat) -> 3183 (Concat)
  3173 (Concat) -> 3242 (Concat)
  3173 (Concat) -> 3181 (Concat)
  3173 (Concat) -> 3129 (Concat)
  3173 (Concat) -> 3161 (Slice)
  3173 (Concat) -> 3232 (Slice)
  3173 (Concat) -> 3213 (Concat)
  3173 (Concat) -> 3114 (Concat)
  3173 (Concat) -> 3263 (Concat)
  3169 (Concat) -> 3231 (Slice)
  3169 (Concat) -> 3219 (Slice)
  3169 (Concat) -> 3236 (Concat)
  3169 (Concat) -> 3225 (Concat)
  3169 (Concat) -> 3177 (Slice)
  3169 (Concat) -> 3234 (Concat)
  3169 (Concat) -> 3190 (Slice)
  3169 (Concat) -> 3210 (Concat)
  3169 (Concat) -> 3218 (Slice)
  3169 (Concat) -> 3143 (Concat)
  3169 (Concat) -> 3168 (Concat)
  3169 (Concat) -> 3217 (Slice)
  3169 (Concat) -> 3222 (Concat)
  3169 (Concat) -> 3214 (Concat)
  3169 (Concat) -> 3211 (Concat)
  3169 (Concat) -> 3121 (Slice)
  3169 (Concat) -> 3226 (Concat)
  3169 (Concat) -> 3111 (Div)
  3169 (Concat) -> 3221 (Concat)
  3169 (Concat) -> 3241 (Concat)
  3169 (Concat) -> 3209 (Concat)
  3169 (Concat) -> 3208 (Concat)
  3169 (Concat) -> 3133 (Slice)
  3169 (Concat) -> 3207 (Concat)
  3169 (Concat) -> 3204 (Slice)
  3169 (Concat) -> 3203 (Slice)
  3169 (Concat) -> 3148 (Slice)
  3169 (Concat) -> 3215 (Concat)
  3169 (Concat) -> 3199 (Concat)
  3169 (Concat) -> 3171 (Concat)
  3169 (Concat) -> 3127 (Concat)
  3169 (Concat) -> 3244 (Concat)
  3169 (Concat) -> 3196 (Concat)
  3169 (Concat) -> 3200 (Concat)
  3169 (Concat) -> 3195 (Concat)
  3169 (Concat) -> 3144 (Concat)
  3169 (Concat) -> 3264 (Concat)
  3169 (Concat) -> 3193 (Concat)
  3169 (Concat) -> 3228 (Concat)
  3169 (Concat) -> 3192 (Concat)
  3169 (Concat) -> 3201 (Concat)
  3169 (Concat) -> 3141 (Concat)
  3169 (Concat) -> 3189 (Slice)
  3169 (Concat) -> 3188 (Concat)
  3169 (Concat) -> 3233 (Slice)
  3169 (Concat) -> 3132 (Concat)
  3169 (Concat) -> 3185 (Concat)
  3169 (Concat) -> 3134 (Slice)
  3169 (Concat) -> 3182 (Concat)
  3169 (Concat) -> 3180 (Concat)
  3169 (Concat) -> 3130 (Concat)
  3169 (Concat) -> 3165 (Concat)
  3169 (Concat) -> 3176 (Slice)
  3169 (Concat) -> 3191 (Slice)
  3169 (Concat) -> 3175 (Slice)
  3169 (Concat) -> 3172 (Concat)
  3169 (Concat) -> 3173 (Concat)
  3169 (Concat) -> 3230 (Concat)
  3169 (Concat) -> 3116 (Concat)
  3169 (Concat) -> 3267 (Concat)
  3169 (Concat) -> 3235 (Concat)
  3169 (Concat) -> 3122 (Concat)
  3169 (Concat) -> 3163 (Slice)
  3169 (Concat) -> 3212 (Concat)
  3169 (Concat) -> 3136 (Concat)
  3169 (Concat) -> 3128 (Concat)
  3169 (Concat) -> 3174 (Concat)
  3169 (Concat) -> 3155 (Concat)
  3169 (Concat) -> 3229 (Concat)
  3169 (Concat) -> 3186 (Concat)
  3169 (Concat) -> 3126 (Concat)
  3169 (Concat) -> 3120 (Slice)
  3169 (Concat) -> 3257 (Concat)
  3169 (Concat) -> 3184 (Concat)
  3169 (Concat) -> 3124 (Concat)
  3169 (Concat) -> 3256 (Concat)
  3169 (Concat) -> 3112 (Sub)
  3169 (Concat) -> 3113 (Concat)
  3169 (Concat) -> 3223 (Concat)
  3169 (Concat) -> 3197 (Concat)
  3169 (Concat) -> 3123 (Concat)
  3169 (Concat) -> 3220 (Concat)
  3169 (Concat) -> 3187 (Concat)
  3169 (Concat) -> 3157 (Concat)
  3169 (Concat) -> 3117 (Concat)
  3169 (Concat) -> 3135 (Slice)
  3169 (Concat) -> 3151 (Concat)
  3169 (Concat) -> 3150 (Concat)
  3169 (Concat) -> 3170 (Concat)
  3169 (Concat) -> 3138 (Concat)
  3169 (Concat) -> 3154 (Concat)
  3169 (Concat) -> 3140 (Concat)
  3169 (Concat) -> 3146 (Concat)
  3169 (Concat) -> 3125 (Concat)
  3169 (Concat) -> 3147 (Slice)
  3169 (Concat) -> 3227 (Concat)
  3169 (Concat) -> 3131 (Concat)
  3169 (Concat) -> 3178 (Concat)
  3169 (Concat) -> 3149 (Slice)
  3169 (Concat) -> 3206 (Concat)
  3169 (Concat) -> 3152 (Concat)
  3169 (Concat) -> 3243 (Concat)
  3169 (Concat) -> 3139 (Concat)
  3169 (Concat) -> 3110 (Concat)
  3169 (Concat) -> 3216 (Concat)
  3169 (Concat) -> 3153 (Concat)
  3169 (Concat) -> 3156 (Concat)
  3169 (Concat) -> 3198 (Concat)
  3169 (Concat) -> 3255 (Concat)
  3169 (Concat) -> 3159 (Concat)
  3169 (Concat) -> 3145 (Concat)
  3169 (Concat) -> 3266 (Concat)
  3169 (Concat) -> 3162 (Slice)
  3169 (Concat) -> 3158 (Concat)
  3169 (Concat) -> 3253 (Concat)
  3169 (Concat) -> 3164 (Concat)
  3169 (Concat) -> 3238 (Concat)
  3169 (Concat) -> 3240 (Concat)
  3169 (Concat) -> 3237 (Concat)
  3169 (Concat) -> 3278 (Concat)
  3169 (Concat) -> 3245 (Slice)
  3169 (Concat) -> 3246 (Slice)
  3169 (Concat) -> 3247 (Slice)
  3169 (Concat) -> 3142 (Concat)
  3169 (Concat) -> 3248 (Concat)
  3169 (Concat) -> 3249 (Concat)
  3169 (Concat) -> 3250 (Concat)
  3169 (Concat) -> 3119 (Slice)
  3169 (Concat) -> 3251 (Concat)
  3169 (Concat) -> 3167 (Concat)
  3169 (Concat) -> 3224 (Concat)
  3169 (Concat) -> 3254 (Concat)
  3169 (Concat) -> 3202 (Concat)
  3169 (Concat) -> 3259 (Slice)
  3169 (Concat) -> 3260 (Slice)
  3169 (Concat) -> 3118 (Concat)
  3169 (Concat) -> 3261 (Slice)
  3169 (Concat) -> 3271 (Concat)
  3169 (Concat) -> 3262 (Concat)
  3169 (Concat) -> 3265 (Concat)
  3169 (Concat) -> 3268 (Concat)
  3169 (Concat) -> 3205 (Slice)
  3169 (Concat) -> 3269 (Concat)
  3169 (Concat) -> 3270 (Concat)
  3169 (Concat) -> 3272 (Concat)
  3169 (Concat) -> 3273 (Slice)
  3169 (Concat) -> 3275 (Slice)
  3169 (Concat) -> 3194 (Concat)
  3169 (Concat) -> 3274 (Slice)
  3169 (Concat) -> 3276 (Concat)
  3169 (Concat) -> 3277 (Concat)
  3169 (Concat) -> 3279 (Concat)
  3169 (Concat) -> 3280 (Concat)
  3169 (Concat) -> 3281 (Concat)
  3169 (Concat) -> 3252 (Concat)
  3169 (Concat) -> 3179 (Concat)
  3169 (Concat) -> 3115 (Concat)
  3169 (Concat) -> 3258 (Concat)
  3169 (Concat) -> 3166 (Concat)
  3169 (Concat) -> 3160 (Concat)
  3169 (Concat) -> 3239 (Concat)
  3169 (Concat) -> 3137 (Concat)
  3169 (Concat) -> 3183 (Concat)
  3169 (Concat) -> 3242 (Concat)
  3169 (Concat) -> 3181 (Concat)
  3169 (Concat) -> 3129 (Concat)
  3169 (Concat) -> 3161 (Slice)
  3169 (Concat) -> 3232 (Slice)
  3169 (Concat) -> 3213 (Concat)
  3169 (Concat) -> 3114 (Concat)
  3169 (Concat) -> 3263 (Concat)
  3230 (Concat) -> 3231 (Slice)
  3230 (Concat) -> 3219 (Slice)
  3230 (Concat) -> 3236 (Concat)
  3230 (Concat) -> 3225 (Concat)
  3230 (Concat) -> 3177 (Slice)
  3230 (Concat) -> 3234 (Concat)
  3230 (Concat) -> 3190 (Slice)
  3230 (Concat) -> 3210 (Concat)
  3230 (Concat) -> 3218 (Slice)
  3230 (Concat) -> 3143 (Concat)
  3230 (Concat) -> 3168 (Concat)
  3230 (Concat) -> 3217 (Slice)
  3230 (Concat) -> 3222 (Concat)
  3230 (Concat) -> 3214 (Concat)
  3230 (Concat) -> 3211 (Concat)
  3230 (Concat) -> 3121 (Slice)
  3230 (Concat) -> 3226 (Concat)
  3230 (Concat) -> 3111 (Div)
  3230 (Concat) -> 3221 (Concat)
  3230 (Concat) -> 3241 (Concat)
  3230 (Concat) -> 3209 (Concat)
  3230 (Concat) -> 3208 (Concat)
  3230 (Concat) -> 3133 (Slice)
  3230 (Concat) -> 3207 (Concat)
  3230 (Concat) -> 3204 (Slice)
  3230 (Concat) -> 3203 (Slice)
  3230 (Concat) -> 3148 (Slice)
  3230 (Concat) -> 3215 (Concat)
  3230 (Concat) -> 3199 (Concat)
  3230 (Concat) -> 3171 (Concat)
  3230 (Concat) -> 3127 (Concat)
  3230 (Concat) -> 3244 (Concat)
  3230 (Concat) -> 3196 (Concat)
  3230 (Concat) -> 3200 (Concat)
  3230 (Concat) -> 3195 (Concat)
  3230 (Concat) -> 3144 (Concat)
  3230 (Concat) -> 3264 (Concat)
  3230 (Concat) -> 3193 (Concat)
  3230 (Concat) -> 3228 (Concat)
  3230 (Concat) -> 3192 (Concat)
  3230 (Concat) -> 3201 (Concat)
  3230 (Concat) -> 3141 (Concat)
  3230 (Concat) -> 3189 (Slice)
  3230 (Concat) -> 3188 (Concat)
  3230 (Concat) -> 3233 (Slice)
  3230 (Concat) -> 3132 (Concat)
  3230 (Concat) -> 3185 (Concat)
  3230 (Concat) -> 3134 (Slice)
  3230 (Concat) -> 3182 (Concat)
  3230 (Concat) -> 3180 (Concat)
  3230 (Concat) -> 3130 (Concat)
  3230 (Concat) -> 3165 (Concat)
  3230 (Concat) -> 3176 (Slice)
  3230 (Concat) -> 3191 (Slice)
  3230 (Concat) -> 3175 (Slice)
  3230 (Concat) -> 3172 (Concat)
  3230 (Concat) -> 3173 (Concat)
  3230 (Concat) -> 3169 (Concat)
  3230 (Concat) -> 3116 (Concat)
  3230 (Concat) -> 3267 (Concat)
  3230 (Concat) -> 3235 (Concat)
  3230 (Concat) -> 3122 (Concat)
  3230 (Concat) -> 3163 (Slice)
  3230 (Concat) -> 3212 (Concat)
  3230 (Concat) -> 3136 (Concat)
  3230 (Concat) -> 3128 (Concat)
  3230 (Concat) -> 3174 (Concat)
  3230 (Concat) -> 3155 (Concat)
  3230 (Concat) -> 3229 (Concat)
  3230 (Concat) -> 3186 (Concat)
  3230 (Concat) -> 3126 (Concat)
  3230 (Concat) -> 3120 (Slice)
  3230 (Concat) -> 3257 (Concat)
  3230 (Concat) -> 3184 (Concat)
  3230 (Concat) -> 3124 (Concat)
  3230 (Concat) -> 3256 (Concat)
  3230 (Concat) -> 3112 (Sub)
  3230 (Concat) -> 3113 (Concat)
  3230 (Concat) -> 3223 (Concat)
  3230 (Concat) -> 3197 (Concat)
  3230 (Concat) -> 3123 (Concat)
  3230 (Concat) -> 3220 (Concat)
  3230 (Concat) -> 3187 (Concat)
  3230 (Concat) -> 3157 (Concat)
  3230 (Concat) -> 3117 (Concat)
  3230 (Concat) -> 3135 (Slice)
  3230 (Concat) -> 3151 (Concat)
  3230 (Concat) -> 3150 (Concat)
  3230 (Concat) -> 3170 (Concat)
  3230 (Concat) -> 3138 (Concat)
  3230 (Concat) -> 3154 (Concat)
  3230 (Concat) -> 3140 (Concat)
  3230 (Concat) -> 3146 (Concat)
  3230 (Concat) -> 3125 (Concat)
  3230 (Concat) -> 3147 (Slice)
  3230 (Concat) -> 3227 (Concat)
  3230 (Concat) -> 3131 (Concat)
  3230 (Concat) -> 3178 (Concat)
  3230 (Concat) -> 3149 (Slice)
  3230 (Concat) -> 3206 (Concat)
  3230 (Concat) -> 3152 (Concat)
  3230 (Concat) -> 3243 (Concat)
  3230 (Concat) -> 3139 (Concat)
  3230 (Concat) -> 3110 (Concat)
  3230 (Concat) -> 3216 (Concat)
  3230 (Concat) -> 3153 (Concat)
  3230 (Concat) -> 3156 (Concat)
  3230 (Concat) -> 3198 (Concat)
  3230 (Concat) -> 3255 (Concat)
  3230 (Concat) -> 3159 (Concat)
  3230 (Concat) -> 3145 (Concat)
  3230 (Concat) -> 3266 (Concat)
  3230 (Concat) -> 3162 (Slice)
  3230 (Concat) -> 3158 (Concat)
  3230 (Concat) -> 3253 (Concat)
  3230 (Concat) -> 3164 (Concat)
  3230 (Concat) -> 3238 (Concat)
  3230 (Concat) -> 3240 (Concat)
  3230 (Concat) -> 3237 (Concat)
  3230 (Concat) -> 3278 (Concat)
  3230 (Concat) -> 3245 (Slice)
  3230 (Concat) -> 3246 (Slice)
  3230 (Concat) -> 3247 (Slice)
  3230 (Concat) -> 3142 (Concat)
  3230 (Concat) -> 3248 (Concat)
  3230 (Concat) -> 3249 (Concat)
  3230 (Concat) -> 3250 (Concat)
  3230 (Concat) -> 3119 (Slice)
  3230 (Concat) -> 3251 (Concat)
  3230 (Concat) -> 3167 (Concat)
  3230 (Concat) -> 3224 (Concat)
  3230 (Concat) -> 3254 (Concat)
  3230 (Concat) -> 3202 (Concat)
  3230 (Concat) -> 3259 (Slice)
  3230 (Concat) -> 3260 (Slice)
  3230 (Concat) -> 3118 (Concat)
  3230 (Concat) -> 3261 (Slice)
  3230 (Concat) -> 3271 (Concat)
  3230 (Concat) -> 3262 (Concat)
  3230 (Concat) -> 3265 (Concat)
  3230 (Concat) -> 3268 (Concat)
  3230 (Concat) -> 3205 (Slice)
  3230 (Concat) -> 3269 (Concat)
  3230 (Concat) -> 3270 (Concat)
  3230 (Concat) -> 3272 (Concat)
  3230 (Concat) -> 3273 (Slice)
  3230 (Concat) -> 3275 (Slice)
  3230 (Concat) -> 3194 (Concat)
  3230 (Concat) -> 3274 (Slice)
  3230 (Concat) -> 3276 (Concat)
  3230 (Concat) -> 3277 (Concat)
  3230 (Concat) -> 3279 (Concat)
  3230 (Concat) -> 3280 (Concat)
  3230 (Concat) -> 3281 (Concat)
  3230 (Concat) -> 3252 (Concat)
  3230 (Concat) -> 3179 (Concat)
  3230 (Concat) -> 3115 (Concat)
  3230 (Concat) -> 3258 (Concat)
  3230 (Concat) -> 3166 (Concat)
  3230 (Concat) -> 3160 (Concat)
  3230 (Concat) -> 3239 (Concat)
  3230 (Concat) -> 3137 (Concat)
  3230 (Concat) -> 3183 (Concat)
  3230 (Concat) -> 3242 (Concat)
  3230 (Concat) -> 3181 (Concat)
  3230 (Concat) -> 3129 (Concat)
  3230 (Concat) -> 3161 (Slice)
  3230 (Concat) -> 3232 (Slice)
  3230 (Concat) -> 3213 (Concat)
  3230 (Concat) -> 3114 (Concat)
  3230 (Concat) -> 3263 (Concat)
  3116 (Concat) -> 3231 (Slice)
  3116 (Concat) -> 3219 (Slice)
  3116 (Concat) -> 3236 (Concat)
  3116 (Concat) -> 3225 (Concat)
  3116 (Concat) -> 3177 (Slice)
  3116 (Concat) -> 3234 (Concat)
  3116 (Concat) -> 3190 (Slice)
  3116 (Concat) -> 3210 (Concat)
  3116 (Concat) -> 3218 (Slice)
  3116 (Concat) -> 3143 (Concat)
  3116 (Concat) -> 3168 (Concat)
  3116 (Concat) -> 3217 (Slice)
  3116 (Concat) -> 3222 (Concat)
  3116 (Concat) -> 3214 (Concat)
  3116 (Concat) -> 3211 (Concat)
  3116 (Concat) -> 3121 (Slice)
  3116 (Concat) -> 3226 (Concat)
  3116 (Concat) -> 3111 (Div)
  3116 (Concat) -> 3221 (Concat)
  3116 (Concat) -> 3241 (Concat)
  3116 (Concat) -> 3209 (Concat)
  3116 (Concat) -> 3208 (Concat)
  3116 (Concat) -> 3133 (Slice)
  3116 (Concat) -> 3207 (Concat)
  3116 (Concat) -> 3204 (Slice)
  3116 (Concat) -> 3203 (Slice)
  3116 (Concat) -> 3148 (Slice)
  3116 (Concat) -> 3215 (Concat)
  3116 (Concat) -> 3199 (Concat)
  3116 (Concat) -> 3171 (Concat)
  3116 (Concat) -> 3127 (Concat)
  3116 (Concat) -> 3244 (Concat)
  3116 (Concat) -> 3196 (Concat)
  3116 (Concat) -> 3200 (Concat)
  3116 (Concat) -> 3195 (Concat)
  3116 (Concat) -> 3144 (Concat)
  3116 (Concat) -> 3264 (Concat)
  3116 (Concat) -> 3193 (Concat)
  3116 (Concat) -> 3228 (Concat)
  3116 (Concat) -> 3192 (Concat)
  3116 (Concat) -> 3201 (Concat)
  3116 (Concat) -> 3141 (Concat)
  3116 (Concat) -> 3189 (Slice)
  3116 (Concat) -> 3188 (Concat)
  3116 (Concat) -> 3233 (Slice)
  3116 (Concat) -> 3132 (Concat)
  3116 (Concat) -> 3185 (Concat)
  3116 (Concat) -> 3134 (Slice)
  3116 (Concat) -> 3182 (Concat)
  3116 (Concat) -> 3180 (Concat)
  3116 (Concat) -> 3130 (Concat)
  3116 (Concat) -> 3165 (Concat)
  3116 (Concat) -> 3176 (Slice)
  3116 (Concat) -> 3191 (Slice)
  3116 (Concat) -> 3175 (Slice)
  3116 (Concat) -> 3172 (Concat)
  3116 (Concat) -> 3173 (Concat)
  3116 (Concat) -> 3169 (Concat)
  3116 (Concat) -> 3230 (Concat)
  3116 (Concat) -> 3267 (Concat)
  3116 (Concat) -> 3235 (Concat)
  3116 (Concat) -> 3122 (Concat)
  3116 (Concat) -> 3163 (Slice)
  3116 (Concat) -> 3212 (Concat)
  3116 (Concat) -> 3136 (Concat)
  3116 (Concat) -> 3128 (Concat)
  3116 (Concat) -> 3174 (Concat)
  3116 (Concat) -> 3155 (Concat)
  3116 (Concat) -> 3229 (Concat)
  3116 (Concat) -> 3186 (Concat)
  3116 (Concat) -> 3126 (Concat)
  3116 (Concat) -> 3120 (Slice)
  3116 (Concat) -> 3257 (Concat)
  3116 (Concat) -> 3184 (Concat)
  3116 (Concat) -> 3124 (Concat)
  3116 (Concat) -> 3256 (Concat)
  3116 (Concat) -> 3112 (Sub)
  3116 (Concat) -> 3113 (Concat)
  3116 (Concat) -> 3223 (Concat)
  3116 (Concat) -> 3197 (Concat)
  3116 (Concat) -> 3123 (Concat)
  3116 (Concat) -> 3220 (Concat)
  3116 (Concat) -> 3187 (Concat)
  3116 (Concat) -> 3157 (Concat)
  3116 (Concat) -> 3117 (Concat)
  3116 (Concat) -> 3135 (Slice)
  3116 (Concat) -> 3151 (Concat)
  3116 (Concat) -> 3150 (Concat)
  3116 (Concat) -> 3170 (Concat)
  3116 (Concat) -> 3138 (Concat)
  3116 (Concat) -> 3154 (Concat)
  3116 (Concat) -> 3140 (Concat)
  3116 (Concat) -> 3146 (Concat)
  3116 (Concat) -> 3125 (Concat)
  3116 (Concat) -> 3147 (Slice)
  3116 (Concat) -> 3227 (Concat)
  3116 (Concat) -> 3131 (Concat)
  3116 (Concat) -> 3178 (Concat)
  3116 (Concat) -> 3149 (Slice)
  3116 (Concat) -> 3206 (Concat)
  3116 (Concat) -> 3152 (Concat)
  3116 (Concat) -> 3243 (Concat)
  3116 (Concat) -> 3139 (Concat)
  3116 (Concat) -> 3110 (Concat)
  3116 (Concat) -> 3216 (Concat)
  3116 (Concat) -> 3153 (Concat)
  3116 (Concat) -> 3156 (Concat)
  3116 (Concat) -> 3198 (Concat)
  3116 (Concat) -> 3255 (Concat)
  3116 (Concat) -> 3159 (Concat)
  3116 (Concat) -> 3145 (Concat)
  3116 (Concat) -> 3266 (Concat)
  3116 (Concat) -> 3162 (Slice)
  3116 (Concat) -> 3158 (Concat)
  3116 (Concat) -> 3253 (Concat)
  3116 (Concat) -> 3164 (Concat)
  3116 (Concat) -> 3238 (Concat)
  3116 (Concat) -> 3240 (Concat)
  3116 (Concat) -> 3237 (Concat)
  3116 (Concat) -> 3278 (Concat)
  3116 (Concat) -> 3245 (Slice)
  3116 (Concat) -> 3246 (Slice)
  3116 (Concat) -> 3247 (Slice)
  3116 (Concat) -> 3142 (Concat)
  3116 (Concat) -> 3248 (Concat)
  3116 (Concat) -> 3249 (Concat)
  3116 (Concat) -> 3250 (Concat)
  3116 (Concat) -> 3119 (Slice)
  3116 (Concat) -> 3251 (Concat)
  3116 (Concat) -> 3167 (Concat)
  3116 (Concat) -> 3224 (Concat)
  3116 (Concat) -> 3254 (Concat)
  3116 (Concat) -> 3202 (Concat)
  3116 (Concat) -> 3259 (Slice)
  3116 (Concat) -> 3260 (Slice)
  3116 (Concat) -> 3118 (Concat)
  3116 (Concat) -> 3261 (Slice)
  3116 (Concat) -> 3271 (Concat)
  3116 (Concat) -> 3262 (Concat)
  3116 (Concat) -> 3265 (Concat)
  3116 (Concat) -> 3268 (Concat)
  3116 (Concat) -> 3205 (Slice)
  3116 (Concat) -> 3269 (Concat)
  3116 (Concat) -> 3270 (Concat)
  3116 (Concat) -> 3272 (Concat)
  3116 (Concat) -> 3273 (Slice)
  3116 (Concat) -> 3275 (Slice)
  3116 (Concat) -> 3194 (Concat)
  3116 (Concat) -> 3274 (Slice)
  3116 (Concat) -> 3276 (Concat)
  3116 (Concat) -> 3277 (Concat)
  3116 (Concat) -> 3279 (Concat)
  3116 (Concat) -> 3280 (Concat)
  3116 (Concat) -> 3281 (Concat)
  3116 (Concat) -> 3252 (Concat)
  3116 (Concat) -> 3179 (Concat)
  3116 (Concat) -> 3115 (Concat)
  3116 (Concat) -> 3258 (Concat)
  3116 (Concat) -> 3166 (Concat)
  3116 (Concat) -> 3160 (Concat)
  3116 (Concat) -> 3239 (Concat)
  3116 (Concat) -> 3137 (Concat)
  3116 (Concat) -> 3183 (Concat)
  3116 (Concat) -> 3242 (Concat)
  3116 (Concat) -> 3181 (Concat)
  3116 (Concat) -> 3129 (Concat)
  3116 (Concat) -> 3161 (Slice)
  3116 (Concat) -> 3232 (Slice)
  3116 (Concat) -> 3213 (Concat)
  3116 (Concat) -> 3114 (Concat)
  3116 (Concat) -> 3263 (Concat)
  3267 (Concat) -> 3231 (Slice)
  3267 (Concat) -> 3219 (Slice)
  3267 (Concat) -> 3236 (Concat)
  3267 (Concat) -> 3225 (Concat)
  3267 (Concat) -> 3177 (Slice)
  3267 (Concat) -> 3234 (Concat)
  3267 (Concat) -> 3190 (Slice)
  3267 (Concat) -> 3210 (Concat)
  3267 (Concat) -> 3218 (Slice)
  3267 (Concat) -> 3143 (Concat)
  3267 (Concat) -> 3168 (Concat)
  3267 (Concat) -> 3217 (Slice)
  3267 (Concat) -> 3222 (Concat)
  3267 (Concat) -> 3214 (Concat)
  3267 (Concat) -> 3211 (Concat)
  3267 (Concat) -> 3121 (Slice)
  3267 (Concat) -> 3226 (Concat)
  3267 (Concat) -> 3111 (Div)
  3267 (Concat) -> 3221 (Concat)
  3267 (Concat) -> 3241 (Concat)
  3267 (Concat) -> 3209 (Concat)
  3267 (Concat) -> 3208 (Concat)
  3267 (Concat) -> 3133 (Slice)
  3267 (Concat) -> 3207 (Concat)
  3267 (Concat) -> 3204 (Slice)
  3267 (Concat) -> 3203 (Slice)
  3267 (Concat) -> 3148 (Slice)
  3267 (Concat) -> 3215 (Concat)
  3267 (Concat) -> 3199 (Concat)
  3267 (Concat) -> 3171 (Concat)
  3267 (Concat) -> 3127 (Concat)
  3267 (Concat) -> 3244 (Concat)
  3267 (Concat) -> 3196 (Concat)
  3267 (Concat) -> 3200 (Concat)
  3267 (Concat) -> 3195 (Concat)
  3267 (Concat) -> 3144 (Concat)
  3267 (Concat) -> 3264 (Concat)
  3267 (Concat) -> 3193 (Concat)
  3267 (Concat) -> 3228 (Concat)
  3267 (Concat) -> 3192 (Concat)
  3267 (Concat) -> 3201 (Concat)
  3267 (Concat) -> 3141 (Concat)
  3267 (Concat) -> 3189 (Slice)
  3267 (Concat) -> 3188 (Concat)
  3267 (Concat) -> 3233 (Slice)
  3267 (Concat) -> 3132 (Concat)
  3267 (Concat) -> 3185 (Concat)
  3267 (Concat) -> 3134 (Slice)
  3267 (Concat) -> 3182 (Concat)
  3267 (Concat) -> 3180 (Concat)
  3267 (Concat) -> 3130 (Concat)
  3267 (Concat) -> 3165 (Concat)
  3267 (Concat) -> 3176 (Slice)
  3267 (Concat) -> 3191 (Slice)
  3267 (Concat) -> 3175 (Slice)
  3267 (Concat) -> 3172 (Concat)
  3267 (Concat) -> 3173 (Concat)
  3267 (Concat) -> 3169 (Concat)
  3267 (Concat) -> 3230 (Concat)
  3267 (Concat) -> 3116 (Concat)
  3267 (Concat) -> 3235 (Concat)
  3267 (Concat) -> 3122 (Concat)
  3267 (Concat) -> 3163 (Slice)
  3267 (Concat) -> 3212 (Concat)
  3267 (Concat) -> 3136 (Concat)
  3267 (Concat) -> 3128 (Concat)
  3267 (Concat) -> 3174 (Concat)
  3267 (Concat) -> 3155 (Concat)
  3267 (Concat) -> 3229 (Concat)
  3267 (Concat) -> 3186 (Concat)
  3267 (Concat) -> 3126 (Concat)
  3267 (Concat) -> 3120 (Slice)
  3267 (Concat) -> 3257 (Concat)
  3267 (Concat) -> 3184 (Concat)
  3267 (Concat) -> 3124 (Concat)
  3267 (Concat) -> 3256 (Concat)
  3267 (Concat) -> 3112 (Sub)
  3267 (Concat) -> 3113 (Concat)
  3267 (Concat) -> 3223 (Concat)
  3267 (Concat) -> 3197 (Concat)
  3267 (Concat) -> 3123 (Concat)
  3267 (Concat) -> 3220 (Concat)
  3267 (Concat) -> 3187 (Concat)
  3267 (Concat) -> 3157 (Concat)
  3267 (Concat) -> 3117 (Concat)
  3267 (Concat) -> 3135 (Slice)
  3267 (Concat) -> 3151 (Concat)
  3267 (Concat) -> 3150 (Concat)
  3267 (Concat) -> 3170 (Concat)
  3267 (Concat) -> 3138 (Concat)
  3267 (Concat) -> 3154 (Concat)
  3267 (Concat) -> 3140 (Concat)
  3267 (Concat) -> 3146 (Concat)
  3267 (Concat) -> 3125 (Concat)
  3267 (Concat) -> 3147 (Slice)
  3267 (Concat) -> 3227 (Concat)
  3267 (Concat) -> 3131 (Concat)
  3267 (Concat) -> 3178 (Concat)
  3267 (Concat) -> 3149 (Slice)
  3267 (Concat) -> 3206 (Concat)
  3267 (Concat) -> 3152 (Concat)
  3267 (Concat) -> 3243 (Concat)
  3267 (Concat) -> 3139 (Concat)
  3267 (Concat) -> 3110 (Concat)
  3267 (Concat) -> 3216 (Concat)
  3267 (Concat) -> 3153 (Concat)
  3267 (Concat) -> 3156 (Concat)
  3267 (Concat) -> 3198 (Concat)
  3267 (Concat) -> 3255 (Concat)
  3267 (Concat) -> 3159 (Concat)
  3267 (Concat) -> 3145 (Concat)
  3267 (Concat) -> 3266 (Concat)
  3267 (Concat) -> 3162 (Slice)
  3267 (Concat) -> 3158 (Concat)
  3267 (Concat) -> 3253 (Concat)
  3267 (Concat) -> 3164 (Concat)
  3267 (Concat) -> 3238 (Concat)
  3267 (Concat) -> 3240 (Concat)
  3267 (Concat) -> 3237 (Concat)
  3267 (Concat) -> 3278 (Concat)
  3267 (Concat) -> 3245 (Slice)
  3267 (Concat) -> 3246 (Slice)
  3267 (Concat) -> 3247 (Slice)
  3267 (Concat) -> 3142 (Concat)
  3267 (Concat) -> 3248 (Concat)
  3267 (Concat) -> 3249 (Concat)
  3267 (Concat) -> 3250 (Concat)
  3267 (Concat) -> 3119 (Slice)
  3267 (Concat) -> 3251 (Concat)
  3267 (Concat) -> 3167 (Concat)
  3267 (Concat) -> 3224 (Concat)
  3267 (Concat) -> 3254 (Concat)
  3267 (Concat) -> 3202 (Concat)
  3267 (Concat) -> 3259 (Slice)
  3267 (Concat) -> 3260 (Slice)
  3267 (Concat) -> 3118 (Concat)
  3267 (Concat) -> 3261 (Slice)
  3267 (Concat) -> 3271 (Concat)
  3267 (Concat) -> 3262 (Concat)
  3267 (Concat) -> 3265 (Concat)
  3267 (Concat) -> 3268 (Concat)
  3267 (Concat) -> 3205 (Slice)
  3267 (Concat) -> 3269 (Concat)
  3267 (Concat) -> 3270 (Concat)
  3267 (Concat) -> 3272 (Concat)
  3267 (Concat) -> 3273 (Slice)
  3267 (Concat) -> 3275 (Slice)
  3267 (Concat) -> 3194 (Concat)
  3267 (Concat) -> 3274 (Slice)
  3267 (Concat) -> 3276 (Concat)
  3267 (Concat) -> 3277 (Concat)
  3267 (Concat) -> 3279 (Concat)
  3267 (Concat) -> 3280 (Concat)
  3267 (Concat) -> 3281 (Concat)
  3267 (Concat) -> 3252 (Concat)
  3267 (Concat) -> 3179 (Concat)
  3267 (Concat) -> 3115 (Concat)
  3267 (Concat) -> 3258 (Concat)
  3267 (Concat) -> 3166 (Concat)
  3267 (Concat) -> 3160 (Concat)
  3267 (Concat) -> 3239 (Concat)
  3267 (Concat) -> 3137 (Concat)
  3267 (Concat) -> 3183 (Concat)
  3267 (Concat) -> 3242 (Concat)
  3267 (Concat) -> 3181 (Concat)
  3267 (Concat) -> 3129 (Concat)
  3267 (Concat) -> 3161 (Slice)
  3267 (Concat) -> 3232 (Slice)
  3267 (Concat) -> 3213 (Concat)
  3267 (Concat) -> 3114 (Concat)
  3267 (Concat) -> 3263 (Concat)
  3235 (Concat) -> 3231 (Slice)
  3235 (Concat) -> 3219 (Slice)
  3235 (Concat) -> 3236 (Concat)
  3235 (Concat) -> 3225 (Concat)
  3235 (Concat) -> 3177 (Slice)
  3235 (Concat) -> 3234 (Concat)
  3235 (Concat) -> 3190 (Slice)
  3235 (Concat) -> 3210 (Concat)
  3235 (Concat) -> 3218 (Slice)
  3235 (Concat) -> 3143 (Concat)
  3235 (Concat) -> 3168 (Concat)
  3235 (Concat) -> 3217 (Slice)
  3235 (Concat) -> 3222 (Concat)
  3235 (Concat) -> 3214 (Concat)
  3235 (Concat) -> 3211 (Concat)
  3235 (Concat) -> 3121 (Slice)
  3235 (Concat) -> 3226 (Concat)
  3235 (Concat) -> 3111 (Div)
  3235 (Concat) -> 3221 (Concat)
  3235 (Concat) -> 3241 (Concat)
  3235 (Concat) -> 3209 (Concat)
  3235 (Concat) -> 3208 (Concat)
  3235 (Concat) -> 3133 (Slice)
  3235 (Concat) -> 3207 (Concat)
  3235 (Concat) -> 3204 (Slice)
  3235 (Concat) -> 3203 (Slice)
  3235 (Concat) -> 3148 (Slice)
  3235 (Concat) -> 3215 (Concat)
  3235 (Concat) -> 3199 (Concat)
  3235 (Concat) -> 3171 (Concat)
  3235 (Concat) -> 3127 (Concat)
  3235 (Concat) -> 3244 (Concat)
  3235 (Concat) -> 3196 (Concat)
  3235 (Concat) -> 3200 (Concat)
  3235 (Concat) -> 3195 (Concat)
  3235 (Concat) -> 3144 (Concat)
  3235 (Concat) -> 3264 (Concat)
  3235 (Concat) -> 3193 (Concat)
  3235 (Concat) -> 3228 (Concat)
  3235 (Concat) -> 3192 (Concat)
  3235 (Concat) -> 3201 (Concat)
  3235 (Concat) -> 3141 (Concat)
  3235 (Concat) -> 3189 (Slice)
  3235 (Concat) -> 3188 (Concat)
  3235 (Concat) -> 3233 (Slice)
  3235 (Concat) -> 3132 (Concat)
  3235 (Concat) -> 3185 (Concat)
  3235 (Concat) -> 3134 (Slice)
  3235 (Concat) -> 3182 (Concat)
  3235 (Concat) -> 3180 (Concat)
  3235 (Concat) -> 3130 (Concat)
  3235 (Concat) -> 3165 (Concat)
  3235 (Concat) -> 3176 (Slice)
  3235 (Concat) -> 3191 (Slice)
  3235 (Concat) -> 3175 (Slice)
  3235 (Concat) -> 3172 (Concat)
  3235 (Concat) -> 3173 (Concat)
  3235 (Concat) -> 3169 (Concat)
  3235 (Concat) -> 3230 (Concat)
  3235 (Concat) -> 3116 (Concat)
  3235 (Concat) -> 3267 (Concat)
  3235 (Concat) -> 3122 (Concat)
  3235 (Concat) -> 3163 (Slice)
  3235 (Concat) -> 3212 (Concat)
  3235 (Concat) -> 3136 (Concat)
  3235 (Concat) -> 3128 (Concat)
  3235 (Concat) -> 3174 (Concat)
  3235 (Concat) -> 3155 (Concat)
  3235 (Concat) -> 3229 (Concat)
  3235 (Concat) -> 3186 (Concat)
  3235 (Concat) -> 3126 (Concat)
  3235 (Concat) -> 3120 (Slice)
  3235 (Concat) -> 3257 (Concat)
  3235 (Concat) -> 3184 (Concat)
  3235 (Concat) -> 3124 (Concat)
  3235 (Concat) -> 3256 (Concat)
  3235 (Concat) -> 3112 (Sub)
  3235 (Concat) -> 3113 (Concat)
  3235 (Concat) -> 3223 (Concat)
  3235 (Concat) -> 3197 (Concat)
  3235 (Concat) -> 3123 (Concat)
  3235 (Concat) -> 3220 (Concat)
  3235 (Concat) -> 3187 (Concat)
  3235 (Concat) -> 3157 (Concat)
  3235 (Concat) -> 3117 (Concat)
  3235 (Concat) -> 3135 (Slice)
  3235 (Concat) -> 3151 (Concat)
  3235 (Concat) -> 3150 (Concat)
  3235 (Concat) -> 3170 (Concat)
  3235 (Concat) -> 3138 (Concat)
  3235 (Concat) -> 3154 (Concat)
  3235 (Concat) -> 3140 (Concat)
  3235 (Concat) -> 3146 (Concat)
  3235 (Concat) -> 3125 (Concat)
  3235 (Concat) -> 3147 (Slice)
  3235 (Concat) -> 3227 (Concat)
  3235 (Concat) -> 3131 (Concat)
  3235 (Concat) -> 3178 (Concat)
  3235 (Concat) -> 3149 (Slice)
  3235 (Concat) -> 3206 (Concat)
  3235 (Concat) -> 3152 (Concat)
  3235 (Concat) -> 3243 (Concat)
  3235 (Concat) -> 3139 (Concat)
  3235 (Concat) -> 3110 (Concat)
  3235 (Concat) -> 3216 (Concat)
  3235 (Concat) -> 3153 (Concat)
  3235 (Concat) -> 3156 (Concat)
  3235 (Concat) -> 3198 (Concat)
  3235 (Concat) -> 3255 (Concat)
  3235 (Concat) -> 3159 (Concat)
  3235 (Concat) -> 3145 (Concat)
  3235 (Concat) -> 3266 (Concat)
  3235 (Concat) -> 3162 (Slice)
  3235 (Concat) -> 3158 (Concat)
  3235 (Concat) -> 3253 (Concat)
  3235 (Concat) -> 3164 (Concat)
  3235 (Concat) -> 3238 (Concat)
  3235 (Concat) -> 3240 (Concat)
  3235 (Concat) -> 3237 (Concat)
  3235 (Concat) -> 3278 (Concat)
  3235 (Concat) -> 3245 (Slice)
  3235 (Concat) -> 3246 (Slice)
  3235 (Concat) -> 3247 (Slice)
  3235 (Concat) -> 3142 (Concat)
  3235 (Concat) -> 3248 (Concat)
  3235 (Concat) -> 3249 (Concat)
  3235 (Concat) -> 3250 (Concat)
  3235 (Concat) -> 3119 (Slice)
  3235 (Concat) -> 3251 (Concat)
  3235 (Concat) -> 3167 (Concat)
  3235 (Concat) -> 3224 (Concat)
  3235 (Concat) -> 3254 (Concat)
  3235 (Concat) -> 3202 (Concat)
  3235 (Concat) -> 3259 (Slice)
  3235 (Concat) -> 3260 (Slice)
  3235 (Concat) -> 3118 (Concat)
  3235 (Concat) -> 3261 (Slice)
  3235 (Concat) -> 3271 (Concat)
  3235 (Concat) -> 3262 (Concat)
  3235 (Concat) -> 3265 (Concat)
  3235 (Concat) -> 3268 (Concat)
  3235 (Concat) -> 3205 (Slice)
  3235 (Concat) -> 3269 (Concat)
  3235 (Concat) -> 3270 (Concat)
  3235 (Concat) -> 3272 (Concat)
  3235 (Concat) -> 3273 (Slice)
  3235 (Concat) -> 3275 (Slice)
  3235 (Concat) -> 3194 (Concat)
  3235 (Concat) -> 3274 (Slice)
  3235 (Concat) -> 3276 (Concat)
  3235 (Concat) -> 3277 (Concat)
  3235 (Concat) -> 3279 (Concat)
  3235 (Concat) -> 3280 (Concat)
  3235 (Concat) -> 3281 (Concat)
  3235 (Concat) -> 3252 (Concat)
  3235 (Concat) -> 3179 (Concat)
  3235 (Concat) -> 3115 (Concat)
  3235 (Concat) -> 3258 (Concat)
  3235 (Concat) -> 3166 (Concat)
  3235 (Concat) -> 3160 (Concat)
  3235 (Concat) -> 3239 (Concat)
  3235 (Concat) -> 3137 (Concat)
  3235 (Concat) -> 3183 (Concat)
  3235 (Concat) -> 3242 (Concat)
  3235 (Concat) -> 3181 (Concat)
  3235 (Concat) -> 3129 (Concat)
  3235 (Concat) -> 3161 (Slice)
  3235 (Concat) -> 3232 (Slice)
  3235 (Concat) -> 3213 (Concat)
  3235 (Concat) -> 3114 (Concat)
  3235 (Concat) -> 3263 (Concat)
  3122 (Concat) -> 3231 (Slice)
  3122 (Concat) -> 3219 (Slice)
  3122 (Concat) -> 3236 (Concat)
  3122 (Concat) -> 3225 (Concat)
  3122 (Concat) -> 3177 (Slice)
  3122 (Concat) -> 3234 (Concat)
  3122 (Concat) -> 3190 (Slice)
  3122 (Concat) -> 3210 (Concat)
  3122 (Concat) -> 3218 (Slice)
  3122 (Concat) -> 3143 (Concat)
  3122 (Concat) -> 3168 (Concat)
  3122 (Concat) -> 3217 (Slice)
  3122 (Concat) -> 3222 (Concat)
  3122 (Concat) -> 3214 (Concat)
  3122 (Concat) -> 3211 (Concat)
  3122 (Concat) -> 3121 (Slice)
  3122 (Concat) -> 3226 (Concat)
  3122 (Concat) -> 3111 (Div)
  3122 (Concat) -> 3221 (Concat)
  3122 (Concat) -> 3241 (Concat)
  3122 (Concat) -> 3209 (Concat)
  3122 (Concat) -> 3208 (Concat)
  3122 (Concat) -> 3133 (Slice)
  3122 (Concat) -> 3207 (Concat)
  3122 (Concat) -> 3204 (Slice)
  3122 (Concat) -> 3203 (Slice)
  3122 (Concat) -> 3148 (Slice)
  3122 (Concat) -> 3215 (Concat)
  3122 (Concat) -> 3199 (Concat)
  3122 (Concat) -> 3171 (Concat)
  3122 (Concat) -> 3127 (Concat)
  3122 (Concat) -> 3244 (Concat)
  3122 (Concat) -> 3196 (Concat)
  3122 (Concat) -> 3200 (Concat)
  3122 (Concat) -> 3195 (Concat)
  3122 (Concat) -> 3144 (Concat)
  3122 (Concat) -> 3264 (Concat)
  3122 (Concat) -> 3193 (Concat)
  3122 (Concat) -> 3228 (Concat)
  3122 (Concat) -> 3192 (Concat)
  3122 (Concat) -> 3201 (Concat)
  3122 (Concat) -> 3141 (Concat)
  3122 (Concat) -> 3189 (Slice)
  3122 (Concat) -> 3188 (Concat)
  3122 (Concat) -> 3233 (Slice)
  3122 (Concat) -> 3132 (Concat)
  3122 (Concat) -> 3185 (Concat)
  3122 (Concat) -> 3134 (Slice)
  3122 (Concat) -> 3182 (Concat)
  3122 (Concat) -> 3180 (Concat)
  3122 (Concat) -> 3130 (Concat)
  3122 (Concat) -> 3165 (Concat)
  3122 (Concat) -> 3176 (Slice)
  3122 (Concat) -> 3191 (Slice)
  3122 (Concat) -> 3175 (Slice)
  3122 (Concat) -> 3172 (Concat)
  3122 (Concat) -> 3173 (Concat)
  3122 (Concat) -> 3169 (Concat)
  3122 (Concat) -> 3230 (Concat)
  3122 (Concat) -> 3116 (Concat)
  3122 (Concat) -> 3267 (Concat)
  3122 (Concat) -> 3235 (Concat)
  3122 (Concat) -> 3163 (Slice)
  3122 (Concat) -> 3212 (Concat)
  3122 (Concat) -> 3136 (Concat)
  3122 (Concat) -> 3128 (Concat)
  3122 (Concat) -> 3174 (Concat)
  3122 (Concat) -> 3155 (Concat)
  3122 (Concat) -> 3229 (Concat)
  3122 (Concat) -> 3186 (Concat)
  3122 (Concat) -> 3126 (Concat)
  3122 (Concat) -> 3120 (Slice)
  3122 (Concat) -> 3257 (Concat)
  3122 (Concat) -> 3184 (Concat)
  3122 (Concat) -> 3124 (Concat)
  3122 (Concat) -> 3256 (Concat)
  3122 (Concat) -> 3112 (Sub)
  3122 (Concat) -> 3113 (Concat)
  3122 (Concat) -> 3223 (Concat)
  3122 (Concat) -> 3197 (Concat)
  3122 (Concat) -> 3123 (Concat)
  3122 (Concat) -> 3220 (Concat)
  3122 (Concat) -> 3187 (Concat)
  3122 (Concat) -> 3157 (Concat)
  3122 (Concat) -> 3117 (Concat)
  3122 (Concat) -> 3135 (Slice)
  3122 (Concat) -> 3151 (Concat)
  3122 (Concat) -> 3150 (Concat)
  3122 (Concat) -> 3170 (Concat)
  3122 (Concat) -> 3138 (Concat)
  3122 (Concat) -> 3154 (Concat)
  3122 (Concat) -> 3140 (Concat)
  3122 (Concat) -> 3146 (Concat)
  3122 (Concat) -> 3125 (Concat)
  3122 (Concat) -> 3147 (Slice)
  3122 (Concat) -> 3227 (Concat)
  3122 (Concat) -> 3131 (Concat)
  3122 (Concat) -> 3178 (Concat)
  3122 (Concat) -> 3149 (Slice)
  3122 (Concat) -> 3206 (Concat)
  3122 (Concat) -> 3152 (Concat)
  3122 (Concat) -> 3243 (Concat)
  3122 (Concat) -> 3139 (Concat)
  3122 (Concat) -> 3110 (Concat)
  3122 (Concat) -> 3216 (Concat)
  3122 (Concat) -> 3153 (Concat)
  3122 (Concat) -> 3156 (Concat)
  3122 (Concat) -> 3198 (Concat)
  3122 (Concat) -> 3255 (Concat)
  3122 (Concat) -> 3159 (Concat)
  3122 (Concat) -> 3145 (Concat)
  3122 (Concat) -> 3266 (Concat)
  3122 (Concat) -> 3162 (Slice)
  3122 (Concat) -> 3158 (Concat)
  3122 (Concat) -> 3253 (Concat)
  3122 (Concat) -> 3164 (Concat)
  3122 (Concat) -> 3238 (Concat)
  3122 (Concat) -> 3240 (Concat)
  3122 (Concat) -> 3237 (Concat)
  3122 (Concat) -> 3278 (Concat)
  3122 (Concat) -> 3245 (Slice)
  3122 (Concat) -> 3246 (Slice)
  3122 (Concat) -> 3247 (Slice)
  3122 (Concat) -> 3142 (Concat)
  3122 (Concat) -> 3248 (Concat)
  3122 (Concat) -> 3249 (Concat)
  3122 (Concat) -> 3250 (Concat)
  3122 (Concat) -> 3119 (Slice)
  3122 (Concat) -> 3251 (Concat)
  3122 (Concat) -> 3167 (Concat)
  3122 (Concat) -> 3224 (Concat)
  3122 (Concat) -> 3254 (Concat)
  3122 (Concat) -> 3202 (Concat)
  3122 (Concat) -> 3259 (Slice)
  3122 (Concat) -> 3260 (Slice)
  3122 (Concat) -> 3118 (Concat)
  3122 (Concat) -> 3261 (Slice)
  3122 (Concat) -> 3271 (Concat)
  3122 (Concat) -> 3262 (Concat)
  3122 (Concat) -> 3265 (Concat)
  3122 (Concat) -> 3268 (Concat)
  3122 (Concat) -> 3205 (Slice)
  3122 (Concat) -> 3269 (Concat)
  3122 (Concat) -> 3270 (Concat)
  3122 (Concat) -> 3272 (Concat)
  3122 (Concat) -> 3273 (Slice)
  3122 (Concat) -> 3275 (Slice)
  3122 (Concat) -> 3194 (Concat)
  3122 (Concat) -> 3274 (Slice)
  3122 (Concat) -> 3276 (Concat)
  3122 (Concat) -> 3277 (Concat)
  3122 (Concat) -> 3279 (Concat)
  3122 (Concat) -> 3280 (Concat)
  3122 (Concat) -> 3281 (Concat)
  3122 (Concat) -> 3252 (Concat)
  3122 (Concat) -> 3179 (Concat)
  3122 (Concat) -> 3115 (Concat)
  3122 (Concat) -> 3258 (Concat)
  3122 (Concat) -> 3166 (Concat)
  3122 (Concat) -> 3160 (Concat)
  3122 (Concat) -> 3239 (Concat)
  3122 (Concat) -> 3137 (Concat)
  3122 (Concat) -> 3183 (Concat)
  3122 (Concat) -> 3242 (Concat)
  3122 (Concat) -> 3181 (Concat)
  3122 (Concat) -> 3129 (Concat)
  3122 (Concat) -> 3161 (Slice)
  3122 (Concat) -> 3232 (Slice)
  3122 (Concat) -> 3213 (Concat)
  3122 (Concat) -> 3114 (Concat)
  3122 (Concat) -> 3263 (Concat)
  3163 (Slice) -> 3231 (Slice)
  3163 (Slice) -> 3219 (Slice)
  3163 (Slice) -> 3236 (Concat)
  3163 (Slice) -> 3225 (Concat)
  3163 (Slice) -> 3177 (Slice)
  3163 (Slice) -> 3234 (Concat)
  3163 (Slice) -> 3190 (Slice)
  3163 (Slice) -> 3210 (Concat)
  3163 (Slice) -> 3218 (Slice)
  3163 (Slice) -> 3143 (Concat)
  3163 (Slice) -> 3168 (Concat)
  3163 (Slice) -> 3217 (Slice)
  3163 (Slice) -> 3222 (Concat)
  3163 (Slice) -> 3214 (Concat)
  3163 (Slice) -> 3211 (Concat)
  3163 (Slice) -> 3121 (Slice)
  3163 (Slice) -> 3226 (Concat)
  3163 (Slice) -> 3111 (Div)
  3163 (Slice) -> 3221 (Concat)
  3163 (Slice) -> 3241 (Concat)
  3163 (Slice) -> 3209 (Concat)
  3163 (Slice) -> 3208 (Concat)
  3163 (Slice) -> 3133 (Slice)
  3163 (Slice) -> 3207 (Concat)
  3163 (Slice) -> 3204 (Slice)
  3163 (Slice) -> 3203 (Slice)
  3163 (Slice) -> 3148 (Slice)
  3163 (Slice) -> 3215 (Concat)
  3163 (Slice) -> 3199 (Concat)
  3163 (Slice) -> 3171 (Concat)
  3163 (Slice) -> 3127 (Concat)
  3163 (Slice) -> 3244 (Concat)
  3163 (Slice) -> 3196 (Concat)
  3163 (Slice) -> 3200 (Concat)
  3163 (Slice) -> 3195 (Concat)
  3163 (Slice) -> 3144 (Concat)
  3163 (Slice) -> 3264 (Concat)
  3163 (Slice) -> 3193 (Concat)
  3163 (Slice) -> 3228 (Concat)
  3163 (Slice) -> 3192 (Concat)
  3163 (Slice) -> 3201 (Concat)
  3163 (Slice) -> 3141 (Concat)
  3163 (Slice) -> 3189 (Slice)
  3163 (Slice) -> 3188 (Concat)
  3163 (Slice) -> 3233 (Slice)
  3163 (Slice) -> 3132 (Concat)
  3163 (Slice) -> 3185 (Concat)
  3163 (Slice) -> 3134 (Slice)
  3163 (Slice) -> 3182 (Concat)
  3163 (Slice) -> 3180 (Concat)
  3163 (Slice) -> 3130 (Concat)
  3163 (Slice) -> 3165 (Concat)
  3163 (Slice) -> 3176 (Slice)
  3163 (Slice) -> 3191 (Slice)
  3163 (Slice) -> 3175 (Slice)
  3163 (Slice) -> 3172 (Concat)
  3163 (Slice) -> 3173 (Concat)
  3163 (Slice) -> 3169 (Concat)
  3163 (Slice) -> 3230 (Concat)
  3163 (Slice) -> 3116 (Concat)
  3163 (Slice) -> 3267 (Concat)
  3163 (Slice) -> 3235 (Concat)
  3163 (Slice) -> 3122 (Concat)
  3163 (Slice) -> 3212 (Concat)
  3163 (Slice) -> 3136 (Concat)
  3163 (Slice) -> 3128 (Concat)
  3163 (Slice) -> 3174 (Concat)
  3163 (Slice) -> 3155 (Concat)
  3163 (Slice) -> 3229 (Concat)
  3163 (Slice) -> 3186 (Concat)
  3163 (Slice) -> 3126 (Concat)
  3163 (Slice) -> 3120 (Slice)
  3163 (Slice) -> 3257 (Concat)
  3163 (Slice) -> 3184 (Concat)
  3163 (Slice) -> 3124 (Concat)
  3163 (Slice) -> 3256 (Concat)
  3163 (Slice) -> 3112 (Sub)
  3163 (Slice) -> 3113 (Concat)
  3163 (Slice) -> 3223 (Concat)
  3163 (Slice) -> 3197 (Concat)
  3163 (Slice) -> 3123 (Concat)
  3163 (Slice) -> 3220 (Concat)
  3163 (Slice) -> 3187 (Concat)
  3163 (Slice) -> 3157 (Concat)
  3163 (Slice) -> 3117 (Concat)
  3163 (Slice) -> 3135 (Slice)
  3163 (Slice) -> 3151 (Concat)
  3163 (Slice) -> 3150 (Concat)
  3163 (Slice) -> 3170 (Concat)
  3163 (Slice) -> 3138 (Concat)
  3163 (Slice) -> 3154 (Concat)
  3163 (Slice) -> 3140 (Concat)
  3163 (Slice) -> 3146 (Concat)
  3163 (Slice) -> 3125 (Concat)
  3163 (Slice) -> 3147 (Slice)
  3163 (Slice) -> 3227 (Concat)
  3163 (Slice) -> 3131 (Concat)
  3163 (Slice) -> 3178 (Concat)
  3163 (Slice) -> 3149 (Slice)
  3163 (Slice) -> 3206 (Concat)
  3163 (Slice) -> 3152 (Concat)
  3163 (Slice) -> 3243 (Concat)
  3163 (Slice) -> 3139 (Concat)
  3163 (Slice) -> 3110 (Concat)
  3163 (Slice) -> 3216 (Concat)
  3163 (Slice) -> 3153 (Concat)
  3163 (Slice) -> 3156 (Concat)
  3163 (Slice) -> 3198 (Concat)
  3163 (Slice) -> 3255 (Concat)
  3163 (Slice) -> 3159 (Concat)
  3163 (Slice) -> 3145 (Concat)
  3163 (Slice) -> 3266 (Concat)
  3163 (Slice) -> 3162 (Slice)
  3163 (Slice) -> 3158 (Concat)
  3163 (Slice) -> 3253 (Concat)
  3163 (Slice) -> 3164 (Concat)
  3163 (Slice) -> 3238 (Concat)
  3163 (Slice) -> 3240 (Concat)
  3163 (Slice) -> 3237 (Concat)
  3163 (Slice) -> 3278 (Concat)
  3163 (Slice) -> 3245 (Slice)
  3163 (Slice) -> 3246 (Slice)
  3163 (Slice) -> 3247 (Slice)
  3163 (Slice) -> 3142 (Concat)
  3163 (Slice) -> 3248 (Concat)
  3163 (Slice) -> 3249 (Concat)
  3163 (Slice) -> 3250 (Concat)
  3163 (Slice) -> 3119 (Slice)
  3163 (Slice) -> 3251 (Concat)
  3163 (Slice) -> 3167 (Concat)
  3163 (Slice) -> 3224 (Concat)
  3163 (Slice) -> 3254 (Concat)
  3163 (Slice) -> 3202 (Concat)
  3163 (Slice) -> 3259 (Slice)
  3163 (Slice) -> 3260 (Slice)
  3163 (Slice) -> 3118 (Concat)
  3163 (Slice) -> 3261 (Slice)
  3163 (Slice) -> 3271 (Concat)
  3163 (Slice) -> 3262 (Concat)
  3163 (Slice) -> 3265 (Concat)
  3163 (Slice) -> 3268 (Concat)
  3163 (Slice) -> 3205 (Slice)
  3163 (Slice) -> 3269 (Concat)
  3163 (Slice) -> 3270 (Concat)
  3163 (Slice) -> 3272 (Concat)
  3163 (Slice) -> 3273 (Slice)
  3163 (Slice) -> 3275 (Slice)
  3163 (Slice) -> 3194 (Concat)
  3163 (Slice) -> 3274 (Slice)
  3163 (Slice) -> 3276 (Concat)
  3163 (Slice) -> 3277 (Concat)
  3163 (Slice) -> 3279 (Concat)
  3163 (Slice) -> 3280 (Concat)
  3163 (Slice) -> 3281 (Concat)
  3163 (Slice) -> 3252 (Concat)
  3163 (Slice) -> 3179 (Concat)
  3163 (Slice) -> 3115 (Concat)
  3163 (Slice) -> 3258 (Concat)
  3163 (Slice) -> 3166 (Concat)
  3163 (Slice) -> 3160 (Concat)
  3163 (Slice) -> 3239 (Concat)
  3163 (Slice) -> 3137 (Concat)
  3163 (Slice) -> 3183 (Concat)
  3163 (Slice) -> 3242 (Concat)
  3163 (Slice) -> 3181 (Concat)
  3163 (Slice) -> 3129 (Concat)
  3163 (Slice) -> 3161 (Slice)
  3163 (Slice) -> 3232 (Slice)
  3163 (Slice) -> 3213 (Concat)
  3163 (Slice) -> 3114 (Concat)
  3163 (Slice) -> 3263 (Concat)
  3212 (Concat) -> 3231 (Slice)
  3212 (Concat) -> 3219 (Slice)
  3212 (Concat) -> 3236 (Concat)
  3212 (Concat) -> 3225 (Concat)
  3212 (Concat) -> 3177 (Slice)
  3212 (Concat) -> 3234 (Concat)
  3212 (Concat) -> 3190 (Slice)
  3212 (Concat) -> 3210 (Concat)
  3212 (Concat) -> 3218 (Slice)
  3212 (Concat) -> 3143 (Concat)
  3212 (Concat) -> 3168 (Concat)
  3212 (Concat) -> 3217 (Slice)
  3212 (Concat) -> 3222 (Concat)
  3212 (Concat) -> 3214 (Concat)
  3212 (Concat) -> 3211 (Concat)
  3212 (Concat) -> 3121 (Slice)
  3212 (Concat) -> 3226 (Concat)
  3212 (Concat) -> 3111 (Div)
  3212 (Concat) -> 3221 (Concat)
  3212 (Concat) -> 3241 (Concat)
  3212 (Concat) -> 3209 (Concat)
  3212 (Concat) -> 3208 (Concat)
  3212 (Concat) -> 3133 (Slice)
  3212 (Concat) -> 3207 (Concat)
  3212 (Concat) -> 3204 (Slice)
  3212 (Concat) -> 3203 (Slice)
  3212 (Concat) -> 3148 (Slice)
  3212 (Concat) -> 3215 (Concat)
  3212 (Concat) -> 3199 (Concat)
  3212 (Concat) -> 3171 (Concat)
  3212 (Concat) -> 3127 (Concat)
  3212 (Concat) -> 3244 (Concat)
  3212 (Concat) -> 3196 (Concat)
  3212 (Concat) -> 3200 (Concat)
  3212 (Concat) -> 3195 (Concat)
  3212 (Concat) -> 3144 (Concat)
  3212 (Concat) -> 3264 (Concat)
  3212 (Concat) -> 3193 (Concat)
  3212 (Concat) -> 3228 (Concat)
  3212 (Concat) -> 3192 (Concat)
  3212 (Concat) -> 3201 (Concat)
  3212 (Concat) -> 3141 (Concat)
  3212 (Concat) -> 3189 (Slice)
  3212 (Concat) -> 3188 (Concat)
  3212 (Concat) -> 3233 (Slice)
  3212 (Concat) -> 3132 (Concat)
  3212 (Concat) -> 3185 (Concat)
  3212 (Concat) -> 3134 (Slice)
  3212 (Concat) -> 3182 (Concat)
  3212 (Concat) -> 3180 (Concat)
  3212 (Concat) -> 3130 (Concat)
  3212 (Concat) -> 3165 (Concat)
  3212 (Concat) -> 3176 (Slice)
  3212 (Concat) -> 3191 (Slice)
  3212 (Concat) -> 3175 (Slice)
  3212 (Concat) -> 3172 (Concat)
  3212 (Concat) -> 3173 (Concat)
  3212 (Concat) -> 3169 (Concat)
  3212 (Concat) -> 3230 (Concat)
  3212 (Concat) -> 3116 (Concat)
  3212 (Concat) -> 3267 (Concat)
  3212 (Concat) -> 3235 (Concat)
  3212 (Concat) -> 3122 (Concat)
  3212 (Concat) -> 3163 (Slice)
  3212 (Concat) -> 3136 (Concat)
  3212 (Concat) -> 3128 (Concat)
  3212 (Concat) -> 3174 (Concat)
  3212 (Concat) -> 3155 (Concat)
  3212 (Concat) -> 3229 (Concat)
  3212 (Concat) -> 3186 (Concat)
  3212 (Concat) -> 3126 (Concat)
  3212 (Concat) -> 3120 (Slice)
  3212 (Concat) -> 3257 (Concat)
  3212 (Concat) -> 3184 (Concat)
  3212 (Concat) -> 3124 (Concat)
  3212 (Concat) -> 3256 (Concat)
  3212 (Concat) -> 3112 (Sub)
  3212 (Concat) -> 3113 (Concat)
  3212 (Concat) -> 3223 (Concat)
  3212 (Concat) -> 3197 (Concat)
  3212 (Concat) -> 3123 (Concat)
  3212 (Concat) -> 3220 (Concat)
  3212 (Concat) -> 3187 (Concat)
  3212 (Concat) -> 3157 (Concat)
  3212 (Concat) -> 3117 (Concat)
  3212 (Concat) -> 3135 (Slice)
  3212 (Concat) -> 3151 (Concat)
  3212 (Concat) -> 3150 (Concat)
  3212 (Concat) -> 3170 (Concat)
  3212 (Concat) -> 3138 (Concat)
  3212 (Concat) -> 3154 (Concat)
  3212 (Concat) -> 3140 (Concat)
  3212 (Concat) -> 3146 (Concat)
  3212 (Concat) -> 3125 (Concat)
  3212 (Concat) -> 3147 (Slice)
  3212 (Concat) -> 3227 (Concat)
  3212 (Concat) -> 3131 (Concat)
  3212 (Concat) -> 3178 (Concat)
  3212 (Concat) -> 3149 (Slice)
  3212 (Concat) -> 3206 (Concat)
  3212 (Concat) -> 3152 (Concat)
  3212 (Concat) -> 3243 (Concat)
  3212 (Concat) -> 3139 (Concat)
  3212 (Concat) -> 3110 (Concat)
  3212 (Concat) -> 3216 (Concat)
  3212 (Concat) -> 3153 (Concat)
  3212 (Concat) -> 3156 (Concat)
  3212 (Concat) -> 3198 (Concat)
  3212 (Concat) -> 3255 (Concat)
  3212 (Concat) -> 3159 (Concat)
  3212 (Concat) -> 3145 (Concat)
  3212 (Concat) -> 3266 (Concat)
  3212 (Concat) -> 3162 (Slice)
  3212 (Concat) -> 3158 (Concat)
  3212 (Concat) -> 3253 (Concat)
  3212 (Concat) -> 3164 (Concat)
  3212 (Concat) -> 3238 (Concat)
  3212 (Concat) -> 3240 (Concat)
  3212 (Concat) -> 3237 (Concat)
  3212 (Concat) -> 3278 (Concat)
  3212 (Concat) -> 3245 (Slice)
  3212 (Concat) -> 3246 (Slice)
  3212 (Concat) -> 3247 (Slice)
  3212 (Concat) -> 3142 (Concat)
  3212 (Concat) -> 3248 (Concat)
  3212 (Concat) -> 3249 (Concat)
  3212 (Concat) -> 3250 (Concat)
  3212 (Concat) -> 3119 (Slice)
  3212 (Concat) -> 3251 (Concat)
  3212 (Concat) -> 3167 (Concat)
  3212 (Concat) -> 3224 (Concat)
  3212 (Concat) -> 3254 (Concat)
  3212 (Concat) -> 3202 (Concat)
  3212 (Concat) -> 3259 (Slice)
  3212 (Concat) -> 3260 (Slice)
  3212 (Concat) -> 3118 (Concat)
  3212 (Concat) -> 3261 (Slice)
  3212 (Concat) -> 3271 (Concat)
  3212 (Concat) -> 3262 (Concat)
  3212 (Concat) -> 3265 (Concat)
  3212 (Concat) -> 3268 (Concat)
  3212 (Concat) -> 3205 (Slice)
  3212 (Concat) -> 3269 (Concat)
  3212 (Concat) -> 3270 (Concat)
  3212 (Concat) -> 3272 (Concat)
  3212 (Concat) -> 3273 (Slice)
  3212 (Concat) -> 3275 (Slice)
  3212 (Concat) -> 3194 (Concat)
  3212 (Concat) -> 3274 (Slice)
  3212 (Concat) -> 3276 (Concat)
  3212 (Concat) -> 3277 (Concat)
  3212 (Concat) -> 3279 (Concat)
  3212 (Concat) -> 3280 (Concat)
  3212 (Concat) -> 3281 (Concat)
  3212 (Concat) -> 3252 (Concat)
  3212 (Concat) -> 3179 (Concat)
  3212 (Concat) -> 3115 (Concat)
  3212 (Concat) -> 3258 (Concat)
  3212 (Concat) -> 3166 (Concat)
  3212 (Concat) -> 3160 (Concat)
  3212 (Concat) -> 3239 (Concat)
  3212 (Concat) -> 3137 (Concat)
  3212 (Concat) -> 3183 (Concat)
  3212 (Concat) -> 3242 (Concat)
  3212 (Concat) -> 3181 (Concat)
  3212 (Concat) -> 3129 (Concat)
  3212 (Concat) -> 3161 (Slice)
  3212 (Concat) -> 3232 (Slice)
  3212 (Concat) -> 3213 (Concat)
  3212 (Concat) -> 3114 (Concat)
  3212 (Concat) -> 3263 (Concat)
  3136 (Concat) -> 3231 (Slice)
  3136 (Concat) -> 3219 (Slice)
  3136 (Concat) -> 3236 (Concat)
  3136 (Concat) -> 3225 (Concat)
  3136 (Concat) -> 3177 (Slice)
  3136 (Concat) -> 3234 (Concat)
  3136 (Concat) -> 3190 (Slice)
  3136 (Concat) -> 3210 (Concat)
  3136 (Concat) -> 3218 (Slice)
  3136 (Concat) -> 3143 (Concat)
  3136 (Concat) -> 3168 (Concat)
  3136 (Concat) -> 3217 (Slice)
  3136 (Concat) -> 3222 (Concat)
  3136 (Concat) -> 3214 (Concat)
  3136 (Concat) -> 3211 (Concat)
  3136 (Concat) -> 3121 (Slice)
  3136 (Concat) -> 3226 (Concat)
  3136 (Concat) -> 3111 (Div)
  3136 (Concat) -> 3221 (Concat)
  3136 (Concat) -> 3241 (Concat)
  3136 (Concat) -> 3209 (Concat)
  3136 (Concat) -> 3208 (Concat)
  3136 (Concat) -> 3133 (Slice)
  3136 (Concat) -> 3207 (Concat)
  3136 (Concat) -> 3204 (Slice)
  3136 (Concat) -> 3203 (Slice)
  3136 (Concat) -> 3148 (Slice)
  3136 (Concat) -> 3215 (Concat)
  3136 (Concat) -> 3199 (Concat)
  3136 (Concat) -> 3171 (Concat)
  3136 (Concat) -> 3127 (Concat)
  3136 (Concat) -> 3244 (Concat)
  3136 (Concat) -> 3196 (Concat)
  3136 (Concat) -> 3200 (Concat)
  3136 (Concat) -> 3195 (Concat)
  3136 (Concat) -> 3144 (Concat)
  3136 (Concat) -> 3264 (Concat)
  3136 (Concat) -> 3193 (Concat)
  3136 (Concat) -> 3228 (Concat)
  3136 (Concat) -> 3192 (Concat)
  3136 (Concat) -> 3201 (Concat)
  3136 (Concat) -> 3141 (Concat)
  3136 (Concat) -> 3189 (Slice)
  3136 (Concat) -> 3188 (Concat)
  3136 (Concat) -> 3233 (Slice)
  3136 (Concat) -> 3132 (Concat)
  3136 (Concat) -> 3185 (Concat)
  3136 (Concat) -> 3134 (Slice)
  3136 (Concat) -> 3182 (Concat)
  3136 (Concat) -> 3180 (Concat)
  3136 (Concat) -> 3130 (Concat)
  3136 (Concat) -> 3165 (Concat)
  3136 (Concat) -> 3176 (Slice)
  3136 (Concat) -> 3191 (Slice)
  3136 (Concat) -> 3175 (Slice)
  3136 (Concat) -> 3172 (Concat)
  3136 (Concat) -> 3173 (Concat)
  3136 (Concat) -> 3169 (Concat)
  3136 (Concat) -> 3230 (Concat)
  3136 (Concat) -> 3116 (Concat)
  3136 (Concat) -> 3267 (Concat)
  3136 (Concat) -> 3235 (Concat)
  3136 (Concat) -> 3122 (Concat)
  3136 (Concat) -> 3163 (Slice)
  3136 (Concat) -> 3212 (Concat)
  3136 (Concat) -> 3128 (Concat)
  3136 (Concat) -> 3174 (Concat)
  3136 (Concat) -> 3155 (Concat)
  3136 (Concat) -> 3229 (Concat)
  3136 (Concat) -> 3186 (Concat)
  3136 (Concat) -> 3126 (Concat)
  3136 (Concat) -> 3120 (Slice)
  3136 (Concat) -> 3257 (Concat)
  3136 (Concat) -> 3184 (Concat)
  3136 (Concat) -> 3124 (Concat)
  3136 (Concat) -> 3256 (Concat)
  3136 (Concat) -> 3112 (Sub)
  3136 (Concat) -> 3113 (Concat)
  3136 (Concat) -> 3223 (Concat)
  3136 (Concat) -> 3197 (Concat)
  3136 (Concat) -> 3123 (Concat)
  3136 (Concat) -> 3220 (Concat)
  3136 (Concat) -> 3187 (Concat)
  3136 (Concat) -> 3157 (Concat)
  3136 (Concat) -> 3117 (Concat)
  3136 (Concat) -> 3135 (Slice)
  3136 (Concat) -> 3151 (Concat)
  3136 (Concat) -> 3150 (Concat)
  3136 (Concat) -> 3170 (Concat)
  3136 (Concat) -> 3138 (Concat)
  3136 (Concat) -> 3154 (Concat)
  3136 (Concat) -> 3140 (Concat)
  3136 (Concat) -> 3146 (Concat)
  3136 (Concat) -> 3125 (Concat)
  3136 (Concat) -> 3147 (Slice)
  3136 (Concat) -> 3227 (Concat)
  3136 (Concat) -> 3131 (Concat)
  3136 (Concat) -> 3178 (Concat)
  3136 (Concat) -> 3149 (Slice)
  3136 (Concat) -> 3206 (Concat)
  3136 (Concat) -> 3152 (Concat)
  3136 (Concat) -> 3243 (Concat)
  3136 (Concat) -> 3139 (Concat)
  3136 (Concat) -> 3110 (Concat)
  3136 (Concat) -> 3216 (Concat)
  3136 (Concat) -> 3153 (Concat)
  3136 (Concat) -> 3156 (Concat)
  3136 (Concat) -> 3198 (Concat)
  3136 (Concat) -> 3255 (Concat)
  3136 (Concat) -> 3159 (Concat)
  3136 (Concat) -> 3145 (Concat)
  3136 (Concat) -> 3266 (Concat)
  3136 (Concat) -> 3162 (Slice)
  3136 (Concat) -> 3158 (Concat)
  3136 (Concat) -> 3253 (Concat)
  3136 (Concat) -> 3164 (Concat)
  3136 (Concat) -> 3238 (Concat)
  3136 (Concat) -> 3240 (Concat)
  3136 (Concat) -> 3237 (Concat)
  3136 (Concat) -> 3278 (Concat)
  3136 (Concat) -> 3245 (Slice)
  3136 (Concat) -> 3246 (Slice)
  3136 (Concat) -> 3247 (Slice)
  3136 (Concat) -> 3142 (Concat)
  3136 (Concat) -> 3248 (Concat)
  3136 (Concat) -> 3249 (Concat)
  3136 (Concat) -> 3250 (Concat)
  3136 (Concat) -> 3119 (Slice)
  3136 (Concat) -> 3251 (Concat)
  3136 (Concat) -> 3167 (Concat)
  3136 (Concat) -> 3224 (Concat)
  3136 (Concat) -> 3254 (Concat)
  3136 (Concat) -> 3202 (Concat)
  3136 (Concat) -> 3259 (Slice)
  3136 (Concat) -> 3260 (Slice)
  3136 (Concat) -> 3118 (Concat)
  3136 (Concat) -> 3261 (Slice)
  3136 (Concat) -> 3271 (Concat)
  3136 (Concat) -> 3262 (Concat)
  3136 (Concat) -> 3265 (Concat)
  3136 (Concat) -> 3268 (Concat)
  3136 (Concat) -> 3205 (Slice)
  3136 (Concat) -> 3269 (Concat)
  3136 (Concat) -> 3270 (Concat)
  3136 (Concat) -> 3272 (Concat)
  3136 (Concat) -> 3273 (Slice)
  3136 (Concat) -> 3275 (Slice)
  3136 (Concat) -> 3194 (Concat)
  3136 (Concat) -> 3274 (Slice)
  3136 (Concat) -> 3276 (Concat)
  3136 (Concat) -> 3277 (Concat)
  3136 (Concat) -> 3279 (Concat)
  3136 (Concat) -> 3280 (Concat)
  3136 (Concat) -> 3281 (Concat)
  3136 (Concat) -> 3252 (Concat)
  3136 (Concat) -> 3179 (Concat)
  3136 (Concat) -> 3115 (Concat)
  3136 (Concat) -> 3258 (Concat)
  3136 (Concat) -> 3166 (Concat)
  3136 (Concat) -> 3160 (Concat)
  3136 (Concat) -> 3239 (Concat)
  3136 (Concat) -> 3137 (Concat)
  3136 (Concat) -> 3183 (Concat)
  3136 (Concat) -> 3242 (Concat)
  3136 (Concat) -> 3181 (Concat)
  3136 (Concat) -> 3129 (Concat)
  3136 (Concat) -> 3161 (Slice)
  3136 (Concat) -> 3232 (Slice)
  3136 (Concat) -> 3213 (Concat)
  3136 (Concat) -> 3114 (Concat)
  3136 (Concat) -> 3263 (Concat)
  3128 (Concat) -> 3231 (Slice)
  3128 (Concat) -> 3219 (Slice)
  3128 (Concat) -> 3236 (Concat)
  3128 (Concat) -> 3225 (Concat)
  3128 (Concat) -> 3177 (Slice)
  3128 (Concat) -> 3234 (Concat)
  3128 (Concat) -> 3190 (Slice)
  3128 (Concat) -> 3210 (Concat)
  3128 (Concat) -> 3218 (Slice)
  3128 (Concat) -> 3143 (Concat)
  3128 (Concat) -> 3168 (Concat)
  3128 (Concat) -> 3217 (Slice)
  3128 (Concat) -> 3222 (Concat)
  3128 (Concat) -> 3214 (Concat)
  3128 (Concat) -> 3211 (Concat)
  3128 (Concat) -> 3121 (Slice)
  3128 (Concat) -> 3226 (Concat)
  3128 (Concat) -> 3111 (Div)
  3128 (Concat) -> 3221 (Concat)
  3128 (Concat) -> 3241 (Concat)
  3128 (Concat) -> 3209 (Concat)
  3128 (Concat) -> 3208 (Concat)
  3128 (Concat) -> 3133 (Slice)
  3128 (Concat) -> 3207 (Concat)
  3128 (Concat) -> 3204 (Slice)
  3128 (Concat) -> 3203 (Slice)
  3128 (Concat) -> 3148 (Slice)
  3128 (Concat) -> 3215 (Concat)
  3128 (Concat) -> 3199 (Concat)
  3128 (Concat) -> 3171 (Concat)
  3128 (Concat) -> 3127 (Concat)
  3128 (Concat) -> 3244 (Concat)
  3128 (Concat) -> 3196 (Concat)
  3128 (Concat) -> 3200 (Concat)
  3128 (Concat) -> 3195 (Concat)
  3128 (Concat) -> 3144 (Concat)
  3128 (Concat) -> 3264 (Concat)
  3128 (Concat) -> 3193 (Concat)
  3128 (Concat) -> 3228 (Concat)
  3128 (Concat) -> 3192 (Concat)
  3128 (Concat) -> 3201 (Concat)
  3128 (Concat) -> 3141 (Concat)
  3128 (Concat) -> 3189 (Slice)
  3128 (Concat) -> 3188 (Concat)
  3128 (Concat) -> 3233 (Slice)
  3128 (Concat) -> 3132 (Concat)
  3128 (Concat) -> 3185 (Concat)
  3128 (Concat) -> 3134 (Slice)
  3128 (Concat) -> 3182 (Concat)
  3128 (Concat) -> 3180 (Concat)
  3128 (Concat) -> 3130 (Concat)
  3128 (Concat) -> 3165 (Concat)
  3128 (Concat) -> 3176 (Slice)
  3128 (Concat) -> 3191 (Slice)
  3128 (Concat) -> 3175 (Slice)
  3128 (Concat) -> 3172 (Concat)
  3128 (Concat) -> 3173 (Concat)
  3128 (Concat) -> 3169 (Concat)
  3128 (Concat) -> 3230 (Concat)
  3128 (Concat) -> 3116 (Concat)
  3128 (Concat) -> 3267 (Concat)
  3128 (Concat) -> 3235 (Concat)
  3128 (Concat) -> 3122 (Concat)
  3128 (Concat) -> 3163 (Slice)
  3128 (Concat) -> 3212 (Concat)
  3128 (Concat) -> 3136 (Concat)
  3128 (Concat) -> 3174 (Concat)
  3128 (Concat) -> 3155 (Concat)
  3128 (Concat) -> 3229 (Concat)
  3128 (Concat) -> 3186 (Concat)
  3128 (Concat) -> 3126 (Concat)
  3128 (Concat) -> 3120 (Slice)
  3128 (Concat) -> 3257 (Concat)
  3128 (Concat) -> 3184 (Concat)
  3128 (Concat) -> 3124 (Concat)
  3128 (Concat) -> 3256 (Concat)
  3128 (Concat) -> 3112 (Sub)
  3128 (Concat) -> 3113 (Concat)
  3128 (Concat) -> 3223 (Concat)
  3128 (Concat) -> 3197 (Concat)
  3128 (Concat) -> 3123 (Concat)
  3128 (Concat) -> 3220 (Concat)
  3128 (Concat) -> 3187 (Concat)
  3128 (Concat) -> 3157 (Concat)
  3128 (Concat) -> 3117 (Concat)
  3128 (Concat) -> 3135 (Slice)
  3128 (Concat) -> 3151 (Concat)
  3128 (Concat) -> 3150 (Concat)
  3128 (Concat) -> 3170 (Concat)
  3128 (Concat) -> 3138 (Concat)
  3128 (Concat) -> 3154 (Concat)
  3128 (Concat) -> 3140 (Concat)
  3128 (Concat) -> 3146 (Concat)
  3128 (Concat) -> 3125 (Concat)
  3128 (Concat) -> 3147 (Slice)
  3128 (Concat) -> 3227 (Concat)
  3128 (Concat) -> 3131 (Concat)
  3128 (Concat) -> 3178 (Concat)
  3128 (Concat) -> 3149 (Slice)
  3128 (Concat) -> 3206 (Concat)
  3128 (Concat) -> 3152 (Concat)
  3128 (Concat) -> 3243 (Concat)
  3128 (Concat) -> 3139 (Concat)
  3128 (Concat) -> 3110 (Concat)
  3128 (Concat) -> 3216 (Concat)
  3128 (Concat) -> 3153 (Concat)
  3128 (Concat) -> 3156 (Concat)
  3128 (Concat) -> 3198 (Concat)
  3128 (Concat) -> 3255 (Concat)
  3128 (Concat) -> 3159 (Concat)
  3128 (Concat) -> 3145 (Concat)
  3128 (Concat) -> 3266 (Concat)
  3128 (Concat) -> 3162 (Slice)
  3128 (Concat) -> 3158 (Concat)
  3128 (Concat) -> 3253 (Concat)
  3128 (Concat) -> 3164 (Concat)
  3128 (Concat) -> 3238 (Concat)
  3128 (Concat) -> 3240 (Concat)
  3128 (Concat) -> 3237 (Concat)
  3128 (Concat) -> 3278 (Concat)
  3128 (Concat) -> 3245 (Slice)
  3128 (Concat) -> 3246 (Slice)
  3128 (Concat) -> 3247 (Slice)
  3128 (Concat) -> 3142 (Concat)
  3128 (Concat) -> 3248 (Concat)
  3128 (Concat) -> 3249 (Concat)
  3128 (Concat) -> 3250 (Concat)
  3128 (Concat) -> 3119 (Slice)
  3128 (Concat) -> 3251 (Concat)
  3128 (Concat) -> 3167 (Concat)
  3128 (Concat) -> 3224 (Concat)
  3128 (Concat) -> 3254 (Concat)
  3128 (Concat) -> 3202 (Concat)
  3128 (Concat) -> 3259 (Slice)
  3128 (Concat) -> 3260 (Slice)
  3128 (Concat) -> 3118 (Concat)
  3128 (Concat) -> 3261 (Slice)
  3128 (Concat) -> 3271 (Concat)
  3128 (Concat) -> 3262 (Concat)
  3128 (Concat) -> 3265 (Concat)
  3128 (Concat) -> 3268 (Concat)
  3128 (Concat) -> 3205 (Slice)
  3128 (Concat) -> 3269 (Concat)
  3128 (Concat) -> 3270 (Concat)
  3128 (Concat) -> 3272 (Concat)
  3128 (Concat) -> 3273 (Slice)
  3128 (Concat) -> 3275 (Slice)
  3128 (Concat) -> 3194 (Concat)
  3128 (Concat) -> 3274 (Slice)
  3128 (Concat) -> 3276 (Concat)
  3128 (Concat) -> 3277 (Concat)
  3128 (Concat) -> 3279 (Concat)
  3128 (Concat) -> 3280 (Concat)
  3128 (Concat) -> 3281 (Concat)
  3128 (Concat) -> 3252 (Concat)
  3128 (Concat) -> 3179 (Concat)
  3128 (Concat) -> 3115 (Concat)
  3128 (Concat) -> 3258 (Concat)
  3128 (Concat) -> 3166 (Concat)
  3128 (Concat) -> 3160 (Concat)
  3128 (Concat) -> 3239 (Concat)
  3128 (Concat) -> 3137 (Concat)
  3128 (Concat) -> 3183 (Concat)
  3128 (Concat) -> 3242 (Concat)
  3128 (Concat) -> 3181 (Concat)
  3128 (Concat) -> 3129 (Concat)
  3128 (Concat) -> 3161 (Slice)
  3128 (Concat) -> 3232 (Slice)
  3128 (Concat) -> 3213 (Concat)
  3128 (Concat) -> 3114 (Concat)
  3128 (Concat) -> 3263 (Concat)
  3174 (Concat) -> 3231 (Slice)
  3174 (Concat) -> 3219 (Slice)
  3174 (Concat) -> 3236 (Concat)
  3174 (Concat) -> 3225 (Concat)
  3174 (Concat) -> 3177 (Slice)
  3174 (Concat) -> 3234 (Concat)
  3174 (Concat) -> 3190 (Slice)
  3174 (Concat) -> 3210 (Concat)
  3174 (Concat) -> 3218 (Slice)
  3174 (Concat) -> 3143 (Concat)
  3174 (Concat) -> 3168 (Concat)
  3174 (Concat) -> 3217 (Slice)
  3174 (Concat) -> 3222 (Concat)
  3174 (Concat) -> 3214 (Concat)
  3174 (Concat) -> 3211 (Concat)
  3174 (Concat) -> 3121 (Slice)
  3174 (Concat) -> 3226 (Concat)
  3174 (Concat) -> 3111 (Div)
  3174 (Concat) -> 3221 (Concat)
  3174 (Concat) -> 3241 (Concat)
  3174 (Concat) -> 3209 (Concat)
  3174 (Concat) -> 3208 (Concat)
  3174 (Concat) -> 3133 (Slice)
  3174 (Concat) -> 3207 (Concat)
  3174 (Concat) -> 3204 (Slice)
  3174 (Concat) -> 3203 (Slice)
  3174 (Concat) -> 3148 (Slice)
  3174 (Concat) -> 3215 (Concat)
  3174 (Concat) -> 3199 (Concat)
  3174 (Concat) -> 3171 (Concat)
  3174 (Concat) -> 3127 (Concat)
  3174 (Concat) -> 3244 (Concat)
  3174 (Concat) -> 3196 (Concat)
  3174 (Concat) -> 3200 (Concat)
  3174 (Concat) -> 3195 (Concat)
  3174 (Concat) -> 3144 (Concat)
  3174 (Concat) -> 3264 (Concat)
  3174 (Concat) -> 3193 (Concat)
  3174 (Concat) -> 3228 (Concat)
  3174 (Concat) -> 3192 (Concat)
  3174 (Concat) -> 3201 (Concat)
  3174 (Concat) -> 3141 (Concat)
  3174 (Concat) -> 3189 (Slice)
  3174 (Concat) -> 3188 (Concat)
  3174 (Concat) -> 3233 (Slice)
  3174 (Concat) -> 3132 (Concat)
  3174 (Concat) -> 3185 (Concat)
  3174 (Concat) -> 3134 (Slice)
  3174 (Concat) -> 3182 (Concat)
  3174 (Concat) -> 3180 (Concat)
  3174 (Concat) -> 3130 (Concat)
  3174 (Concat) -> 3165 (Concat)
  3174 (Concat) -> 3176 (Slice)
  3174 (Concat) -> 3191 (Slice)
  3174 (Concat) -> 3175 (Slice)
  3174 (Concat) -> 3172 (Concat)
  3174 (Concat) -> 3173 (Concat)
  3174 (Concat) -> 3169 (Concat)
  3174 (Concat) -> 3230 (Concat)
  3174 (Concat) -> 3116 (Concat)
  3174 (Concat) -> 3267 (Concat)
  3174 (Concat) -> 3235 (Concat)
  3174 (Concat) -> 3122 (Concat)
  3174 (Concat) -> 3163 (Slice)
  3174 (Concat) -> 3212 (Concat)
  3174 (Concat) -> 3136 (Concat)
  3174 (Concat) -> 3128 (Concat)
  3174 (Concat) -> 3155 (Concat)
  3174 (Concat) -> 3229 (Concat)
  3174 (Concat) -> 3186 (Concat)
  3174 (Concat) -> 3126 (Concat)
  3174 (Concat) -> 3120 (Slice)
  3174 (Concat) -> 3257 (Concat)
  3174 (Concat) -> 3184 (Concat)
  3174 (Concat) -> 3124 (Concat)
  3174 (Concat) -> 3256 (Concat)
  3174 (Concat) -> 3112 (Sub)
  3174 (Concat) -> 3113 (Concat)
  3174 (Concat) -> 3223 (Concat)
  3174 (Concat) -> 3197 (Concat)
  3174 (Concat) -> 3123 (Concat)
  3174 (Concat) -> 3220 (Concat)
  3174 (Concat) -> 3187 (Concat)
  3174 (Concat) -> 3157 (Concat)
  3174 (Concat) -> 3117 (Concat)
  3174 (Concat) -> 3135 (Slice)
  3174 (Concat) -> 3151 (Concat)
  3174 (Concat) -> 3150 (Concat)
  3174 (Concat) -> 3170 (Concat)
  3174 (Concat) -> 3138 (Concat)
  3174 (Concat) -> 3154 (Concat)
  3174 (Concat) -> 3140 (Concat)
  3174 (Concat) -> 3146 (Concat)
  3174 (Concat) -> 3125 (Concat)
  3174 (Concat) -> 3147 (Slice)
  3174 (Concat) -> 3227 (Concat)
  3174 (Concat) -> 3131 (Concat)
  3174 (Concat) -> 3178 (Concat)
  3174 (Concat) -> 3149 (Slice)
  3174 (Concat) -> 3206 (Concat)
  3174 (Concat) -> 3152 (Concat)
  3174 (Concat) -> 3243 (Concat)
  3174 (Concat) -> 3139 (Concat)
  3174 (Concat) -> 3110 (Concat)
  3174 (Concat) -> 3216 (Concat)
  3174 (Concat) -> 3153 (Concat)
  3174 (Concat) -> 3156 (Concat)
  3174 (Concat) -> 3198 (Concat)
  3174 (Concat) -> 3255 (Concat)
  3174 (Concat) -> 3159 (Concat)
  3174 (Concat) -> 3145 (Concat)
  3174 (Concat) -> 3266 (Concat)
  3174 (Concat) -> 3162 (Slice)
  3174 (Concat) -> 3158 (Concat)
  3174 (Concat) -> 3253 (Concat)
  3174 (Concat) -> 3164 (Concat)
  3174 (Concat) -> 3238 (Concat)
  3174 (Concat) -> 3240 (Concat)
  3174 (Concat) -> 3237 (Concat)
  3174 (Concat) -> 3278 (Concat)
  3174 (Concat) -> 3245 (Slice)
  3174 (Concat) -> 3246 (Slice)
  3174 (Concat) -> 3247 (Slice)
  3174 (Concat) -> 3142 (Concat)
  3174 (Concat) -> 3248 (Concat)
  3174 (Concat) -> 3249 (Concat)
  3174 (Concat) -> 3250 (Concat)
  3174 (Concat) -> 3119 (Slice)
  3174 (Concat) -> 3251 (Concat)
  3174 (Concat) -> 3167 (Concat)
  3174 (Concat) -> 3224 (Concat)
  3174 (Concat) -> 3254 (Concat)
  3174 (Concat) -> 3202 (Concat)
  3174 (Concat) -> 3259 (Slice)
  3174 (Concat) -> 3260 (Slice)
  3174 (Concat) -> 3118 (Concat)
  3174 (Concat) -> 3261 (Slice)
  3174 (Concat) -> 3271 (Concat)
  3174 (Concat) -> 3262 (Concat)
  3174 (Concat) -> 3265 (Concat)
  3174 (Concat) -> 3268 (Concat)
  3174 (Concat) -> 3205 (Slice)
  3174 (Concat) -> 3269 (Concat)
  3174 (Concat) -> 3270 (Concat)
  3174 (Concat) -> 3272 (Concat)
  3174 (Concat) -> 3273 (Slice)
  3174 (Concat) -> 3275 (Slice)
  3174 (Concat) -> 3194 (Concat)
  3174 (Concat) -> 3274 (Slice)
  3174 (Concat) -> 3276 (Concat)
  3174 (Concat) -> 3277 (Concat)
  3174 (Concat) -> 3279 (Concat)
  3174 (Concat) -> 3280 (Concat)
  3174 (Concat) -> 3281 (Concat)
  3174 (Concat) -> 3252 (Concat)
  3174 (Concat) -> 3179 (Concat)
  3174 (Concat) -> 3115 (Concat)
  3174 (Concat) -> 3258 (Concat)
  3174 (Concat) -> 3166 (Concat)
  3174 (Concat) -> 3160 (Concat)
  3174 (Concat) -> 3239 (Concat)
  3174 (Concat) -> 3137 (Concat)
  3174 (Concat) -> 3183 (Concat)
  3174 (Concat) -> 3242 (Concat)
  3174 (Concat) -> 3181 (Concat)
  3174 (Concat) -> 3129 (Concat)
  3174 (Concat) -> 3161 (Slice)
  3174 (Concat) -> 3232 (Slice)
  3174 (Concat) -> 3213 (Concat)
  3174 (Concat) -> 3114 (Concat)
  3174 (Concat) -> 3263 (Concat)
  3155 (Concat) -> 3231 (Slice)
  3155 (Concat) -> 3219 (Slice)
  3155 (Concat) -> 3236 (Concat)
  3155 (Concat) -> 3225 (Concat)
  3155 (Concat) -> 3177 (Slice)
  3155 (Concat) -> 3234 (Concat)
  3155 (Concat) -> 3190 (Slice)
  3155 (Concat) -> 3210 (Concat)
  3155 (Concat) -> 3218 (Slice)
  3155 (Concat) -> 3143 (Concat)
  3155 (Concat) -> 3168 (Concat)
  3155 (Concat) -> 3217 (Slice)
  3155 (Concat) -> 3222 (Concat)
  3155 (Concat) -> 3214 (Concat)
  3155 (Concat) -> 3211 (Concat)
  3155 (Concat) -> 3121 (Slice)
  3155 (Concat) -> 3226 (Concat)
  3155 (Concat) -> 3111 (Div)
  3155 (Concat) -> 3221 (Concat)
  3155 (Concat) -> 3241 (Concat)
  3155 (Concat) -> 3209 (Concat)
  3155 (Concat) -> 3208 (Concat)
  3155 (Concat) -> 3133 (Slice)
  3155 (Concat) -> 3207 (Concat)
  3155 (Concat) -> 3204 (Slice)
  3155 (Concat) -> 3203 (Slice)
  3155 (Concat) -> 3148 (Slice)
  3155 (Concat) -> 3215 (Concat)
  3155 (Concat) -> 3199 (Concat)
  3155 (Concat) -> 3171 (Concat)
  3155 (Concat) -> 3127 (Concat)
  3155 (Concat) -> 3244 (Concat)
  3155 (Concat) -> 3196 (Concat)
  3155 (Concat) -> 3200 (Concat)
  3155 (Concat) -> 3195 (Concat)
  3155 (Concat) -> 3144 (Concat)
  3155 (Concat) -> 3264 (Concat)
  3155 (Concat) -> 3193 (Concat)
  3155 (Concat) -> 3228 (Concat)
  3155 (Concat) -> 3192 (Concat)
  3155 (Concat) -> 3201 (Concat)
  3155 (Concat) -> 3141 (Concat)
  3155 (Concat) -> 3189 (Slice)
  3155 (Concat) -> 3188 (Concat)
  3155 (Concat) -> 3233 (Slice)
  3155 (Concat) -> 3132 (Concat)
  3155 (Concat) -> 3185 (Concat)
  3155 (Concat) -> 3134 (Slice)
  3155 (Concat) -> 3182 (Concat)
  3155 (Concat) -> 3180 (Concat)
  3155 (Concat) -> 3130 (Concat)
  3155 (Concat) -> 3165 (Concat)
  3155 (Concat) -> 3176 (Slice)
  3155 (Concat) -> 3191 (Slice)
  3155 (Concat) -> 3175 (Slice)
  3155 (Concat) -> 3172 (Concat)
  3155 (Concat) -> 3173 (Concat)
  3155 (Concat) -> 3169 (Concat)
  3155 (Concat) -> 3230 (Concat)
  3155 (Concat) -> 3116 (Concat)
  3155 (Concat) -> 3267 (Concat)
  3155 (Concat) -> 3235 (Concat)
  3155 (Concat) -> 3122 (Concat)
  3155 (Concat) -> 3163 (Slice)
  3155 (Concat) -> 3212 (Concat)
  3155 (Concat) -> 3136 (Concat)
  3155 (Concat) -> 3128 (Concat)
  3155 (Concat) -> 3174 (Concat)
  3155 (Concat) -> 3229 (Concat)
  3155 (Concat) -> 3186 (Concat)
  3155 (Concat) -> 3126 (Concat)
  3155 (Concat) -> 3120 (Slice)
  3155 (Concat) -> 3257 (Concat)
  3155 (Concat) -> 3184 (Concat)
  3155 (Concat) -> 3124 (Concat)
  3155 (Concat) -> 3256 (Concat)
  3155 (Concat) -> 3112 (Sub)
  3155 (Concat) -> 3113 (Concat)
  3155 (Concat) -> 3223 (Concat)
  3155 (Concat) -> 3197 (Concat)
  3155 (Concat) -> 3123 (Concat)
  3155 (Concat) -> 3220 (Concat)
  3155 (Concat) -> 3187 (Concat)
  3155 (Concat) -> 3157 (Concat)
  3155 (Concat) -> 3117 (Concat)
  3155 (Concat) -> 3135 (Slice)
  3155 (Concat) -> 3151 (Concat)
  3155 (Concat) -> 3150 (Concat)
  3155 (Concat) -> 3170 (Concat)
  3155 (Concat) -> 3138 (Concat)
  3155 (Concat) -> 3154 (Concat)
  3155 (Concat) -> 3140 (Concat)
  3155 (Concat) -> 3146 (Concat)
  3155 (Concat) -> 3125 (Concat)
  3155 (Concat) -> 3147 (Slice)
  3155 (Concat) -> 3227 (Concat)
  3155 (Concat) -> 3131 (Concat)
  3155 (Concat) -> 3178 (Concat)
  3155 (Concat) -> 3149 (Slice)
  3155 (Concat) -> 3206 (Concat)
  3155 (Concat) -> 3152 (Concat)
  3155 (Concat) -> 3243 (Concat)
  3155 (Concat) -> 3139 (Concat)
  3155 (Concat) -> 3110 (Concat)
  3155 (Concat) -> 3216 (Concat)
  3155 (Concat) -> 3153 (Concat)
  3155 (Concat) -> 3156 (Concat)
  3155 (Concat) -> 3198 (Concat)
  3155 (Concat) -> 3255 (Concat)
  3155 (Concat) -> 3159 (Concat)
  3155 (Concat) -> 3145 (Concat)
  3155 (Concat) -> 3266 (Concat)
  3155 (Concat) -> 3162 (Slice)
  3155 (Concat) -> 3158 (Concat)
  3155 (Concat) -> 3253 (Concat)
  3155 (Concat) -> 3164 (Concat)
  3155 (Concat) -> 3238 (Concat)
  3155 (Concat) -> 3240 (Concat)
  3155 (Concat) -> 3237 (Concat)
  3155 (Concat) -> 3278 (Concat)
  3155 (Concat) -> 3245 (Slice)
  3155 (Concat) -> 3246 (Slice)
  3155 (Concat) -> 3247 (Slice)
  3155 (Concat) -> 3142 (Concat)
  3155 (Concat) -> 3248 (Concat)
  3155 (Concat) -> 3249 (Concat)
  3155 (Concat) -> 3250 (Concat)
  3155 (Concat) -> 3119 (Slice)
  3155 (Concat) -> 3251 (Concat)
  3155 (Concat) -> 3167 (Concat)
  3155 (Concat) -> 3224 (Concat)
  3155 (Concat) -> 3254 (Concat)
  3155 (Concat) -> 3202 (Concat)
  3155 (Concat) -> 3259 (Slice)
  3155 (Concat) -> 3260 (Slice)
  3155 (Concat) -> 3118 (Concat)
  3155 (Concat) -> 3261 (Slice)
  3155 (Concat) -> 3271 (Concat)
  3155 (Concat) -> 3262 (Concat)
  3155 (Concat) -> 3265 (Concat)
  3155 (Concat) -> 3268 (Concat)
  3155 (Concat) -> 3205 (Slice)
  3155 (Concat) -> 3269 (Concat)
  3155 (Concat) -> 3270 (Concat)
  3155 (Concat) -> 3272 (Concat)
  3155 (Concat) -> 3273 (Slice)
  3155 (Concat) -> 3275 (Slice)
  3155 (Concat) -> 3194 (Concat)
  3155 (Concat) -> 3274 (Slice)
  3155 (Concat) -> 3276 (Concat)
  3155 (Concat) -> 3277 (Concat)
  3155 (Concat) -> 3279 (Concat)
  3155 (Concat) -> 3280 (Concat)
  3155 (Concat) -> 3281 (Concat)
  3155 (Concat) -> 3252 (Concat)
  3155 (Concat) -> 3179 (Concat)
  3155 (Concat) -> 3115 (Concat)
  3155 (Concat) -> 3258 (Concat)
  3155 (Concat) -> 3166 (Concat)
  3155 (Concat) -> 3160 (Concat)
  3155 (Concat) -> 3239 (Concat)
  3155 (Concat) -> 3137 (Concat)
  3155 (Concat) -> 3183 (Concat)
  3155 (Concat) -> 3242 (Concat)
  3155 (Concat) -> 3181 (Concat)
  3155 (Concat) -> 3129 (Concat)
  3155 (Concat) -> 3161 (Slice)
  3155 (Concat) -> 3232 (Slice)
  3155 (Concat) -> 3213 (Concat)
  3155 (Concat) -> 3114 (Concat)
  3155 (Concat) -> 3263 (Concat)
  3229 (Concat) -> 3231 (Slice)
  3229 (Concat) -> 3219 (Slice)
  3229 (Concat) -> 3236 (Concat)
  3229 (Concat) -> 3225 (Concat)
  3229 (Concat) -> 3177 (Slice)
  3229 (Concat) -> 3234 (Concat)
  3229 (Concat) -> 3190 (Slice)
  3229 (Concat) -> 3210 (Concat)
  3229 (Concat) -> 3218 (Slice)
  3229 (Concat) -> 3143 (Concat)
  3229 (Concat) -> 3168 (Concat)
  3229 (Concat) -> 3217 (Slice)
  3229 (Concat) -> 3222 (Concat)
  3229 (Concat) -> 3214 (Concat)
  3229 (Concat) -> 3211 (Concat)
  3229 (Concat) -> 3121 (Slice)
  3229 (Concat) -> 3226 (Concat)
  3229 (Concat) -> 3111 (Div)
  3229 (Concat) -> 3221 (Concat)
  3229 (Concat) -> 3241 (Concat)
  3229 (Concat) -> 3209 (Concat)
  3229 (Concat) -> 3208 (Concat)
  3229 (Concat) -> 3133 (Slice)
  3229 (Concat) -> 3207 (Concat)
  3229 (Concat) -> 3204 (Slice)
  3229 (Concat) -> 3203 (Slice)
  3229 (Concat) -> 3148 (Slice)
  3229 (Concat) -> 3215 (Concat)
  3229 (Concat) -> 3199 (Concat)
  3229 (Concat) -> 3171 (Concat)
  3229 (Concat) -> 3127 (Concat)
  3229 (Concat) -> 3244 (Concat)
  3229 (Concat) -> 3196 (Concat)
  3229 (Concat) -> 3200 (Concat)
  3229 (Concat) -> 3195 (Concat)
  3229 (Concat) -> 3144 (Concat)
  3229 (Concat) -> 3264 (Concat)
  3229 (Concat) -> 3193 (Concat)
  3229 (Concat) -> 3228 (Concat)
  3229 (Concat) -> 3192 (Concat)
  3229 (Concat) -> 3201 (Concat)
  3229 (Concat) -> 3141 (Concat)
  3229 (Concat) -> 3189 (Slice)
  3229 (Concat) -> 3188 (Concat)
  3229 (Concat) -> 3233 (Slice)
  3229 (Concat) -> 3132 (Concat)
  3229 (Concat) -> 3185 (Concat)
  3229 (Concat) -> 3134 (Slice)
  3229 (Concat) -> 3182 (Concat)
  3229 (Concat) -> 3180 (Concat)
  3229 (Concat) -> 3130 (Concat)
  3229 (Concat) -> 3165 (Concat)
  3229 (Concat) -> 3176 (Slice)
  3229 (Concat) -> 3191 (Slice)
  3229 (Concat) -> 3175 (Slice)
  3229 (Concat) -> 3172 (Concat)
  3229 (Concat) -> 3173 (Concat)
  3229 (Concat) -> 3169 (Concat)
  3229 (Concat) -> 3230 (Concat)
  3229 (Concat) -> 3116 (Concat)
  3229 (Concat) -> 3267 (Concat)
  3229 (Concat) -> 3235 (Concat)
  3229 (Concat) -> 3122 (Concat)
  3229 (Concat) -> 3163 (Slice)
  3229 (Concat) -> 3212 (Concat)
  3229 (Concat) -> 3136 (Concat)
  3229 (Concat) -> 3128 (Concat)
  3229 (Concat) -> 3174 (Concat)
  3229 (Concat) -> 3155 (Concat)
  3229 (Concat) -> 3186 (Concat)
  3229 (Concat) -> 3126 (Concat)
  3229 (Concat) -> 3120 (Slice)
  3229 (Concat) -> 3257 (Concat)
  3229 (Concat) -> 3184 (Concat)
  3229 (Concat) -> 3124 (Concat)
  3229 (Concat) -> 3256 (Concat)
  3229 (Concat) -> 3112 (Sub)
  3229 (Concat) -> 3113 (Concat)
  3229 (Concat) -> 3223 (Concat)
  3229 (Concat) -> 3197 (Concat)
  3229 (Concat) -> 3123 (Concat)
  3229 (Concat) -> 3220 (Concat)
  3229 (Concat) -> 3187 (Concat)
  3229 (Concat) -> 3157 (Concat)
  3229 (Concat) -> 3117 (Concat)
  3229 (Concat) -> 3135 (Slice)
  3229 (Concat) -> 3151 (Concat)
  3229 (Concat) -> 3150 (Concat)
  3229 (Concat) -> 3170 (Concat)
  3229 (Concat) -> 3138 (Concat)
  3229 (Concat) -> 3154 (Concat)
  3229 (Concat) -> 3140 (Concat)
  3229 (Concat) -> 3146 (Concat)
  3229 (Concat) -> 3125 (Concat)
  3229 (Concat) -> 3147 (Slice)
  3229 (Concat) -> 3227 (Concat)
  3229 (Concat) -> 3131 (Concat)
  3229 (Concat) -> 3178 (Concat)
  3229 (Concat) -> 3149 (Slice)
  3229 (Concat) -> 3206 (Concat)
  3229 (Concat) -> 3152 (Concat)
  3229 (Concat) -> 3243 (Concat)
  3229 (Concat) -> 3139 (Concat)
  3229 (Concat) -> 3110 (Concat)
  3229 (Concat) -> 3216 (Concat)
  3229 (Concat) -> 3153 (Concat)
  3229 (Concat) -> 3156 (Concat)
  3229 (Concat) -> 3198 (Concat)
  3229 (Concat) -> 3255 (Concat)
  3229 (Concat) -> 3159 (Concat)
  3229 (Concat) -> 3145 (Concat)
  3229 (Concat) -> 3266 (Concat)
  3229 (Concat) -> 3162 (Slice)
  3229 (Concat) -> 3158 (Concat)
  3229 (Concat) -> 3253 (Concat)
  3229 (Concat) -> 3164 (Concat)
  3229 (Concat) -> 3238 (Concat)
  3229 (Concat) -> 3240 (Concat)
  3229 (Concat) -> 3237 (Concat)
  3229 (Concat) -> 3278 (Concat)
  3229 (Concat) -> 3245 (Slice)
  3229 (Concat) -> 3246 (Slice)
  3229 (Concat) -> 3247 (Slice)
  3229 (Concat) -> 3142 (Concat)
  3229 (Concat) -> 3248 (Concat)
  3229 (Concat) -> 3249 (Concat)
  3229 (Concat) -> 3250 (Concat)
  3229 (Concat) -> 3119 (Slice)
  3229 (Concat) -> 3251 (Concat)
  3229 (Concat) -> 3167 (Concat)
  3229 (Concat) -> 3224 (Concat)
  3229 (Concat) -> 3254 (Concat)
  3229 (Concat) -> 3202 (Concat)
  3229 (Concat) -> 3259 (Slice)
  3229 (Concat) -> 3260 (Slice)
  3229 (Concat) -> 3118 (Concat)
  3229 (Concat) -> 3261 (Slice)
  3229 (Concat) -> 3271 (Concat)
  3229 (Concat) -> 3262 (Concat)
  3229 (Concat) -> 3265 (Concat)
  3229 (Concat) -> 3268 (Concat)
  3229 (Concat) -> 3205 (Slice)
  3229 (Concat) -> 3269 (Concat)
  3229 (Concat) -> 3270 (Concat)
  3229 (Concat) -> 3272 (Concat)
  3229 (Concat) -> 3273 (Slice)
  3229 (Concat) -> 3275 (Slice)
  3229 (Concat) -> 3194 (Concat)
  3229 (Concat) -> 3274 (Slice)
  3229 (Concat) -> 3276 (Concat)
  3229 (Concat) -> 3277 (Concat)
  3229 (Concat) -> 3279 (Concat)
  3229 (Concat) -> 3280 (Concat)
  3229 (Concat) -> 3281 (Concat)
  3229 (Concat) -> 3252 (Concat)
  3229 (Concat) -> 3179 (Concat)
  3229 (Concat) -> 3115 (Concat)
  3229 (Concat) -> 3258 (Concat)
  3229 (Concat) -> 3166 (Concat)
  3229 (Concat) -> 3160 (Concat)
  3229 (Concat) -> 3239 (Concat)
  3229 (Concat) -> 3137 (Concat)
  3229 (Concat) -> 3183 (Concat)
  3229 (Concat) -> 3242 (Concat)
  3229 (Concat) -> 3181 (Concat)
  3229 (Concat) -> 3129 (Concat)
  3229 (Concat) -> 3161 (Slice)
  3229 (Concat) -> 3232 (Slice)
  3229 (Concat) -> 3213 (Concat)
  3229 (Concat) -> 3114 (Concat)
  3229 (Concat) -> 3263 (Concat)
  h.6.ln_1 (Add) -> h.6.attn.c_proj (Gemm)
  h.6.ln_1 (Add) -> h.5.mlp.c_proj (Gemm)
  h.6.ln_1 (Add) -> h.6.mlp.c_proj (Gemm)
  h.6.ln_1 (Add) -> h.3.ln_2 (Add)
  h.6.ln_1 (Add) -> h.0.ln_1 (Add)
  h.6.ln_1 (Add) -> h.9.mlp.c_proj (Gemm)
  h.6.ln_1 (Add) -> h.2.ln_1 (Add)
  h.6.ln_1 (Add) -> h.11.attn.c_proj (Gemm)
  h.6.ln_1 (Add) -> h.5.attn.c_proj (Gemm)
  h.6.ln_1 (Add) -> h.10.ln_1 (Add)
  h.6.ln_1 (Add) -> h.1.attn.c_proj (Gemm)
  h.6.ln_1 (Add) -> h.1.ln_1 (Add)
  h.6.ln_1 (Add) -> h.0.attn.c_proj (Gemm)
  h.6.ln_1 (Add) -> h.8.ln_1 (Add)
  h.6.ln_1 (Add) -> h.11.mlp.c_proj (Gemm)
  h.6.ln_1 (Add) -> h.6.ln_2 (Add)
  h.6.ln_1 (Add) -> h.0.ln_2 (Add)
  h.6.ln_1 (Add) -> h.9.attn.c_proj (Gemm)
  h.6.ln_1 (Add) -> h.0.mlp.c_proj (Gemm)
  h.6.ln_1 (Add) -> h.10.ln_2 (Add)
  h.6.ln_1 (Add) -> h.1.ln_2 (Add)
  h.6.ln_1 (Add) -> h.4.ln_2 (Add)
  h.6.ln_1 (Add) -> h.1.mlp.c_proj (Gemm)
  h.6.ln_1 (Add) -> h.11.ln_1 (Add)
  h.6.ln_1 (Add) -> h.8.attn.c_proj (Gemm)
  h.6.ln_1 (Add) -> h.10.attn.c_proj (Gemm)
  h.6.ln_1 (Add) -> h.10.mlp.c_proj (Gemm)
  h.6.ln_1 (Add) -> h.11.ln_2 (Add)
  h.6.ln_1 (Add) -> h.3.ln_1 (Add)
  h.6.ln_1 (Add) -> h.8.ln_2 (Add)
  h.6.ln_1 (Add) -> h.3.mlp.c_proj (Gemm)
  h.6.ln_1 (Add) -> h.2.attn.c_proj (Gemm)
  h.6.ln_1 (Add) -> h.2.ln_2 (Add)
  h.6.ln_1 (Add) -> h.2.mlp.c_proj (Gemm)
  h.6.ln_1 (Add) -> h.7.mlp.c_proj (Gemm)
  h.6.ln_1 (Add) -> h.3.attn.c_proj (Gemm)
  h.6.ln_1 (Add) -> h.7.attn.c_proj (Gemm)
  h.6.ln_1 (Add) -> h.4.attn.c_proj (Gemm)
  h.6.ln_1 (Add) -> h.4.ln_1 (Add)
  h.6.ln_1 (Add) -> h.4.mlp.c_proj (Gemm)
  h.6.ln_1 (Add) -> h.5.ln_2 (Add)
  h.6.ln_1 (Add) -> h.7.ln_1 (Add)
  h.6.ln_1 (Add) -> h.5.ln_1 (Add)
  h.6.ln_1 (Add) -> h.7.ln_2 (Add)
  h.6.ln_1 (Add) -> h.8.mlp.c_proj (Gemm)
  h.6.ln_1 (Add) -> h.9.ln_1 (Add)
  h.6.ln_1 (Add) -> h.9.ln_2 (Add)
  h.6.ln_1 (Add) -> ln_f (Add)
  3186 (Concat) -> 3231 (Slice)
  3186 (Concat) -> 3219 (Slice)
  3186 (Concat) -> 3236 (Concat)
  3186 (Concat) -> 3225 (Concat)
  3186 (Concat) -> 3177 (Slice)
  3186 (Concat) -> 3234 (Concat)
  3186 (Concat) -> 3190 (Slice)
  3186 (Concat) -> 3210 (Concat)
  3186 (Concat) -> 3218 (Slice)
  3186 (Concat) -> 3143 (Concat)
  3186 (Concat) -> 3168 (Concat)
  3186 (Concat) -> 3217 (Slice)
  3186 (Concat) -> 3222 (Concat)
  3186 (Concat) -> 3214 (Concat)
  3186 (Concat) -> 3211 (Concat)
  3186 (Concat) -> 3121 (Slice)
  3186 (Concat) -> 3226 (Concat)
  3186 (Concat) -> 3111 (Div)
  3186 (Concat) -> 3221 (Concat)
  3186 (Concat) -> 3241 (Concat)
  3186 (Concat) -> 3209 (Concat)
  3186 (Concat) -> 3208 (Concat)
  3186 (Concat) -> 3133 (Slice)
  3186 (Concat) -> 3207 (Concat)
  3186 (Concat) -> 3204 (Slice)
  3186 (Concat) -> 3203 (Slice)
  3186 (Concat) -> 3148 (Slice)
  3186 (Concat) -> 3215 (Concat)
  3186 (Concat) -> 3199 (Concat)
  3186 (Concat) -> 3171 (Concat)
  3186 (Concat) -> 3127 (Concat)
  3186 (Concat) -> 3244 (Concat)
  3186 (Concat) -> 3196 (Concat)
  3186 (Concat) -> 3200 (Concat)
  3186 (Concat) -> 3195 (Concat)
  3186 (Concat) -> 3144 (Concat)
  3186 (Concat) -> 3264 (Concat)
  3186 (Concat) -> 3193 (Concat)
  3186 (Concat) -> 3228 (Concat)
  3186 (Concat) -> 3192 (Concat)
  3186 (Concat) -> 3201 (Concat)
  3186 (Concat) -> 3141 (Concat)
  3186 (Concat) -> 3189 (Slice)
  3186 (Concat) -> 3188 (Concat)
  3186 (Concat) -> 3233 (Slice)
  3186 (Concat) -> 3132 (Concat)
  3186 (Concat) -> 3185 (Concat)
  3186 (Concat) -> 3134 (Slice)
  3186 (Concat) -> 3182 (Concat)
  3186 (Concat) -> 3180 (Concat)
  3186 (Concat) -> 3130 (Concat)
  3186 (Concat) -> 3165 (Concat)
  3186 (Concat) -> 3176 (Slice)
  3186 (Concat) -> 3191 (Slice)
  3186 (Concat) -> 3175 (Slice)
  3186 (Concat) -> 3172 (Concat)
  3186 (Concat) -> 3173 (Concat)
  3186 (Concat) -> 3169 (Concat)
  3186 (Concat) -> 3230 (Concat)
  3186 (Concat) -> 3116 (Concat)
  3186 (Concat) -> 3267 (Concat)
  3186 (Concat) -> 3235 (Concat)
  3186 (Concat) -> 3122 (Concat)
  3186 (Concat) -> 3163 (Slice)
  3186 (Concat) -> 3212 (Concat)
  3186 (Concat) -> 3136 (Concat)
  3186 (Concat) -> 3128 (Concat)
  3186 (Concat) -> 3174 (Concat)
  3186 (Concat) -> 3155 (Concat)
  3186 (Concat) -> 3229 (Concat)
  3186 (Concat) -> 3126 (Concat)
  3186 (Concat) -> 3120 (Slice)
  3186 (Concat) -> 3257 (Concat)
  3186 (Concat) -> 3184 (Concat)
  3186 (Concat) -> 3124 (Concat)
  3186 (Concat) -> 3256 (Concat)
  3186 (Concat) -> 3112 (Sub)
  3186 (Concat) -> 3113 (Concat)
  3186 (Concat) -> 3223 (Concat)
  3186 (Concat) -> 3197 (Concat)
  3186 (Concat) -> 3123 (Concat)
  3186 (Concat) -> 3220 (Concat)
  3186 (Concat) -> 3187 (Concat)
  3186 (Concat) -> 3157 (Concat)
  3186 (Concat) -> 3117 (Concat)
  3186 (Concat) -> 3135 (Slice)
  3186 (Concat) -> 3151 (Concat)
  3186 (Concat) -> 3150 (Concat)
  3186 (Concat) -> 3170 (Concat)
  3186 (Concat) -> 3138 (Concat)
  3186 (Concat) -> 3154 (Concat)
  3186 (Concat) -> 3140 (Concat)
  3186 (Concat) -> 3146 (Concat)
  3186 (Concat) -> 3125 (Concat)
  3186 (Concat) -> 3147 (Slice)
  3186 (Concat) -> 3227 (Concat)
  3186 (Concat) -> 3131 (Concat)
  3186 (Concat) -> 3178 (Concat)
  3186 (Concat) -> 3149 (Slice)
  3186 (Concat) -> 3206 (Concat)
  3186 (Concat) -> 3152 (Concat)
  3186 (Concat) -> 3243 (Concat)
  3186 (Concat) -> 3139 (Concat)
  3186 (Concat) -> 3110 (Concat)
  3186 (Concat) -> 3216 (Concat)
  3186 (Concat) -> 3153 (Concat)
  3186 (Concat) -> 3156 (Concat)
  3186 (Concat) -> 3198 (Concat)
  3186 (Concat) -> 3255 (Concat)
  3186 (Concat) -> 3159 (Concat)
  3186 (Concat) -> 3145 (Concat)
  3186 (Concat) -> 3266 (Concat)
  3186 (Concat) -> 3162 (Slice)
  3186 (Concat) -> 3158 (Concat)
  3186 (Concat) -> 3253 (Concat)
  3186 (Concat) -> 3164 (Concat)
  3186 (Concat) -> 3238 (Concat)
  3186 (Concat) -> 3240 (Concat)
  3186 (Concat) -> 3237 (Concat)
  3186 (Concat) -> 3278 (Concat)
  3186 (Concat) -> 3245 (Slice)
  3186 (Concat) -> 3246 (Slice)
  3186 (Concat) -> 3247 (Slice)
  3186 (Concat) -> 3142 (Concat)
  3186 (Concat) -> 3248 (Concat)
  3186 (Concat) -> 3249 (Concat)
  3186 (Concat) -> 3250 (Concat)
  3186 (Concat) -> 3119 (Slice)
  3186 (Concat) -> 3251 (Concat)
  3186 (Concat) -> 3167 (Concat)
  3186 (Concat) -> 3224 (Concat)
  3186 (Concat) -> 3254 (Concat)
  3186 (Concat) -> 3202 (Concat)
  3186 (Concat) -> 3259 (Slice)
  3186 (Concat) -> 3260 (Slice)
  3186 (Concat) -> 3118 (Concat)
  3186 (Concat) -> 3261 (Slice)
  3186 (Concat) -> 3271 (Concat)
  3186 (Concat) -> 3262 (Concat)
  3186 (Concat) -> 3265 (Concat)
  3186 (Concat) -> 3268 (Concat)
  3186 (Concat) -> 3205 (Slice)
  3186 (Concat) -> 3269 (Concat)
  3186 (Concat) -> 3270 (Concat)
  3186 (Concat) -> 3272 (Concat)
  3186 (Concat) -> 3273 (Slice)
  3186 (Concat) -> 3275 (Slice)
  3186 (Concat) -> 3194 (Concat)
  3186 (Concat) -> 3274 (Slice)
  3186 (Concat) -> 3276 (Concat)
  3186 (Concat) -> 3277 (Concat)
  3186 (Concat) -> 3279 (Concat)
  3186 (Concat) -> 3280 (Concat)
  3186 (Concat) -> 3281 (Concat)
  3186 (Concat) -> 3252 (Concat)
  3186 (Concat) -> 3179 (Concat)
  3186 (Concat) -> 3115 (Concat)
  3186 (Concat) -> 3258 (Concat)
  3186 (Concat) -> 3166 (Concat)
  3186 (Concat) -> 3160 (Concat)
  3186 (Concat) -> 3239 (Concat)
  3186 (Concat) -> 3137 (Concat)
  3186 (Concat) -> 3183 (Concat)
  3186 (Concat) -> 3242 (Concat)
  3186 (Concat) -> 3181 (Concat)
  3186 (Concat) -> 3129 (Concat)
  3186 (Concat) -> 3161 (Slice)
  3186 (Concat) -> 3232 (Slice)
  3186 (Concat) -> 3213 (Concat)
  3186 (Concat) -> 3114 (Concat)
  3186 (Concat) -> 3263 (Concat)
  h.1.attn (Slice) -> h.9.attn (Slice)
  h.1.attn (Slice) -> h.8.attn (Slice)
  h.1.attn (Slice) -> h.4.attn (Slice)
  h.1.attn (Slice) -> h.11.attn (Slice)
  h.1.attn (Slice) -> h.7.attn (Slice)
  h.1.attn (Slice) -> h.0.attn (Slice)
  h.1.attn (Slice) -> h.2.attn (Slice)
  h.1.attn (Slice) -> h.3.attn (Slice)
  h.1.attn (Slice) -> h.10.attn (Slice)
  h.1.attn (Slice) -> h.5.attn (Slice)
  h.1.attn (Slice) -> h.6.attn (Slice)
  3126 (Concat) -> 3231 (Slice)
  3126 (Concat) -> 3219 (Slice)
  3126 (Concat) -> 3236 (Concat)
  3126 (Concat) -> 3225 (Concat)
  3126 (Concat) -> 3177 (Slice)
  3126 (Concat) -> 3234 (Concat)
  3126 (Concat) -> 3190 (Slice)
  3126 (Concat) -> 3210 (Concat)
  3126 (Concat) -> 3218 (Slice)
  3126 (Concat) -> 3143 (Concat)
  3126 (Concat) -> 3168 (Concat)
  3126 (Concat) -> 3217 (Slice)
  3126 (Concat) -> 3222 (Concat)
  3126 (Concat) -> 3214 (Concat)
  3126 (Concat) -> 3211 (Concat)
  3126 (Concat) -> 3121 (Slice)
  3126 (Concat) -> 3226 (Concat)
  3126 (Concat) -> 3111 (Div)
  3126 (Concat) -> 3221 (Concat)
  3126 (Concat) -> 3241 (Concat)
  3126 (Concat) -> 3209 (Concat)
  3126 (Concat) -> 3208 (Concat)
  3126 (Concat) -> 3133 (Slice)
  3126 (Concat) -> 3207 (Concat)
  3126 (Concat) -> 3204 (Slice)
  3126 (Concat) -> 3203 (Slice)
  3126 (Concat) -> 3148 (Slice)
  3126 (Concat) -> 3215 (Concat)
  3126 (Concat) -> 3199 (Concat)
  3126 (Concat) -> 3171 (Concat)
  3126 (Concat) -> 3127 (Concat)
  3126 (Concat) -> 3244 (Concat)
  3126 (Concat) -> 3196 (Concat)
  3126 (Concat) -> 3200 (Concat)
  3126 (Concat) -> 3195 (Concat)
  3126 (Concat) -> 3144 (Concat)
  3126 (Concat) -> 3264 (Concat)
  3126 (Concat) -> 3193 (Concat)
  3126 (Concat) -> 3228 (Concat)
  3126 (Concat) -> 3192 (Concat)
  3126 (Concat) -> 3201 (Concat)
  3126 (Concat) -> 3141 (Concat)
  3126 (Concat) -> 3189 (Slice)
  3126 (Concat) -> 3188 (Concat)
  3126 (Concat) -> 3233 (Slice)
  3126 (Concat) -> 3132 (Concat)
  3126 (Concat) -> 3185 (Concat)
  3126 (Concat) -> 3134 (Slice)
  3126 (Concat) -> 3182 (Concat)
  3126 (Concat) -> 3180 (Concat)
  3126 (Concat) -> 3130 (Concat)
  3126 (Concat) -> 3165 (Concat)
  3126 (Concat) -> 3176 (Slice)
  3126 (Concat) -> 3191 (Slice)
  3126 (Concat) -> 3175 (Slice)
  3126 (Concat) -> 3172 (Concat)
  3126 (Concat) -> 3173 (Concat)
  3126 (Concat) -> 3169 (Concat)
  3126 (Concat) -> 3230 (Concat)
  3126 (Concat) -> 3116 (Concat)
  3126 (Concat) -> 3267 (Concat)
  3126 (Concat) -> 3235 (Concat)
  3126 (Concat) -> 3122 (Concat)
  3126 (Concat) -> 3163 (Slice)
  3126 (Concat) -> 3212 (Concat)
  3126 (Concat) -> 3136 (Concat)
  3126 (Concat) -> 3128 (Concat)
  3126 (Concat) -> 3174 (Concat)
  3126 (Concat) -> 3155 (Concat)
  3126 (Concat) -> 3229 (Concat)
  3126 (Concat) -> 3186 (Concat)
  3126 (Concat) -> 3120 (Slice)
  3126 (Concat) -> 3257 (Concat)
  3126 (Concat) -> 3184 (Concat)
  3126 (Concat) -> 3124 (Concat)
  3126 (Concat) -> 3256 (Concat)
  3126 (Concat) -> 3112 (Sub)
  3126 (Concat) -> 3113 (Concat)
  3126 (Concat) -> 3223 (Concat)
  3126 (Concat) -> 3197 (Concat)
  3126 (Concat) -> 3123 (Concat)
  3126 (Concat) -> 3220 (Concat)
  3126 (Concat) -> 3187 (Concat)
  3126 (Concat) -> 3157 (Concat)
  3126 (Concat) -> 3117 (Concat)
  3126 (Concat) -> 3135 (Slice)
  3126 (Concat) -> 3151 (Concat)
  3126 (Concat) -> 3150 (Concat)
  3126 (Concat) -> 3170 (Concat)
  3126 (Concat) -> 3138 (Concat)
  3126 (Concat) -> 3154 (Concat)
  3126 (Concat) -> 3140 (Concat)
  3126 (Concat) -> 3146 (Concat)
  3126 (Concat) -> 3125 (Concat)
  3126 (Concat) -> 3147 (Slice)
  3126 (Concat) -> 3227 (Concat)
  3126 (Concat) -> 3131 (Concat)
  3126 (Concat) -> 3178 (Concat)
  3126 (Concat) -> 3149 (Slice)
  3126 (Concat) -> 3206 (Concat)
  3126 (Concat) -> 3152 (Concat)
  3126 (Concat) -> 3243 (Concat)
  3126 (Concat) -> 3139 (Concat)
  3126 (Concat) -> 3110 (Concat)
  3126 (Concat) -> 3216 (Concat)
  3126 (Concat) -> 3153 (Concat)
  3126 (Concat) -> 3156 (Concat)
  3126 (Concat) -> 3198 (Concat)
  3126 (Concat) -> 3255 (Concat)
  3126 (Concat) -> 3159 (Concat)
  3126 (Concat) -> 3145 (Concat)
  3126 (Concat) -> 3266 (Concat)
  3126 (Concat) -> 3162 (Slice)
  3126 (Concat) -> 3158 (Concat)
  3126 (Concat) -> 3253 (Concat)
  3126 (Concat) -> 3164 (Concat)
  3126 (Concat) -> 3238 (Concat)
  3126 (Concat) -> 3240 (Concat)
  3126 (Concat) -> 3237 (Concat)
  3126 (Concat) -> 3278 (Concat)
  3126 (Concat) -> 3245 (Slice)
  3126 (Concat) -> 3246 (Slice)
  3126 (Concat) -> 3247 (Slice)
  3126 (Concat) -> 3142 (Concat)
  3126 (Concat) -> 3248 (Concat)
  3126 (Concat) -> 3249 (Concat)
  3126 (Concat) -> 3250 (Concat)
  3126 (Concat) -> 3119 (Slice)
  3126 (Concat) -> 3251 (Concat)
  3126 (Concat) -> 3167 (Concat)
  3126 (Concat) -> 3224 (Concat)
  3126 (Concat) -> 3254 (Concat)
  3126 (Concat) -> 3202 (Concat)
  3126 (Concat) -> 3259 (Slice)
  3126 (Concat) -> 3260 (Slice)
  3126 (Concat) -> 3118 (Concat)
  3126 (Concat) -> 3261 (Slice)
  3126 (Concat) -> 3271 (Concat)
  3126 (Concat) -> 3262 (Concat)
  3126 (Concat) -> 3265 (Concat)
  3126 (Concat) -> 3268 (Concat)
  3126 (Concat) -> 3205 (Slice)
  3126 (Concat) -> 3269 (Concat)
  3126 (Concat) -> 3270 (Concat)
  3126 (Concat) -> 3272 (Concat)
  3126 (Concat) -> 3273 (Slice)
  3126 (Concat) -> 3275 (Slice)
  3126 (Concat) -> 3194 (Concat)
  3126 (Concat) -> 3274 (Slice)
  3126 (Concat) -> 3276 (Concat)
  3126 (Concat) -> 3277 (Concat)
  3126 (Concat) -> 3279 (Concat)
  3126 (Concat) -> 3280 (Concat)
  3126 (Concat) -> 3281 (Concat)
  3126 (Concat) -> 3252 (Concat)
  3126 (Concat) -> 3179 (Concat)
  3126 (Concat) -> 3115 (Concat)
  3126 (Concat) -> 3258 (Concat)
  3126 (Concat) -> 3166 (Concat)
  3126 (Concat) -> 3160 (Concat)
  3126 (Concat) -> 3239 (Concat)
  3126 (Concat) -> 3137 (Concat)
  3126 (Concat) -> 3183 (Concat)
  3126 (Concat) -> 3242 (Concat)
  3126 (Concat) -> 3181 (Concat)
  3126 (Concat) -> 3129 (Concat)
  3126 (Concat) -> 3161 (Slice)
  3126 (Concat) -> 3232 (Slice)
  3126 (Concat) -> 3213 (Concat)
  3126 (Concat) -> 3114 (Concat)
  3126 (Concat) -> 3263 (Concat)
  3120 (Slice) -> 3231 (Slice)
  3120 (Slice) -> 3219 (Slice)
  3120 (Slice) -> 3236 (Concat)
  3120 (Slice) -> 3225 (Concat)
  3120 (Slice) -> 3177 (Slice)
  3120 (Slice) -> 3234 (Concat)
  3120 (Slice) -> 3190 (Slice)
  3120 (Slice) -> 3210 (Concat)
  3120 (Slice) -> 3218 (Slice)
  3120 (Slice) -> 3143 (Concat)
  3120 (Slice) -> 3168 (Concat)
  3120 (Slice) -> 3217 (Slice)
  3120 (Slice) -> 3222 (Concat)
  3120 (Slice) -> 3214 (Concat)
  3120 (Slice) -> 3211 (Concat)
  3120 (Slice) -> 3121 (Slice)
  3120 (Slice) -> 3226 (Concat)
  3120 (Slice) -> 3111 (Div)
  3120 (Slice) -> 3221 (Concat)
  3120 (Slice) -> 3241 (Concat)
  3120 (Slice) -> 3209 (Concat)
  3120 (Slice) -> 3208 (Concat)
  3120 (Slice) -> 3133 (Slice)
  3120 (Slice) -> 3207 (Concat)
  3120 (Slice) -> 3204 (Slice)
  3120 (Slice) -> 3203 (Slice)
  3120 (Slice) -> 3148 (Slice)
  3120 (Slice) -> 3215 (Concat)
  3120 (Slice) -> 3199 (Concat)
  3120 (Slice) -> 3171 (Concat)
  3120 (Slice) -> 3127 (Concat)
  3120 (Slice) -> 3244 (Concat)
  3120 (Slice) -> 3196 (Concat)
  3120 (Slice) -> 3200 (Concat)
  3120 (Slice) -> 3195 (Concat)
  3120 (Slice) -> 3144 (Concat)
  3120 (Slice) -> 3264 (Concat)
  3120 (Slice) -> 3193 (Concat)
  3120 (Slice) -> 3228 (Concat)
  3120 (Slice) -> 3192 (Concat)
  3120 (Slice) -> 3201 (Concat)
  3120 (Slice) -> 3141 (Concat)
  3120 (Slice) -> 3189 (Slice)
  3120 (Slice) -> 3188 (Concat)
  3120 (Slice) -> 3233 (Slice)
  3120 (Slice) -> 3132 (Concat)
  3120 (Slice) -> 3185 (Concat)
  3120 (Slice) -> 3134 (Slice)
  3120 (Slice) -> 3182 (Concat)
  3120 (Slice) -> 3180 (Concat)
  3120 (Slice) -> 3130 (Concat)
  3120 (Slice) -> 3165 (Concat)
  3120 (Slice) -> 3176 (Slice)
  3120 (Slice) -> 3191 (Slice)
  3120 (Slice) -> 3175 (Slice)
  3120 (Slice) -> 3172 (Concat)
  3120 (Slice) -> 3173 (Concat)
  3120 (Slice) -> 3169 (Concat)
  3120 (Slice) -> 3230 (Concat)
  3120 (Slice) -> 3116 (Concat)
  3120 (Slice) -> 3267 (Concat)
  3120 (Slice) -> 3235 (Concat)
  3120 (Slice) -> 3122 (Concat)
  3120 (Slice) -> 3163 (Slice)
  3120 (Slice) -> 3212 (Concat)
  3120 (Slice) -> 3136 (Concat)
  3120 (Slice) -> 3128 (Concat)
  3120 (Slice) -> 3174 (Concat)
  3120 (Slice) -> 3155 (Concat)
  3120 (Slice) -> 3229 (Concat)
  3120 (Slice) -> 3186 (Concat)
  3120 (Slice) -> 3126 (Concat)
  3120 (Slice) -> 3257 (Concat)
  3120 (Slice) -> 3184 (Concat)
  3120 (Slice) -> 3124 (Concat)
  3120 (Slice) -> 3256 (Concat)
  3120 (Slice) -> 3112 (Sub)
  3120 (Slice) -> 3113 (Concat)
  3120 (Slice) -> 3223 (Concat)
  3120 (Slice) -> 3197 (Concat)
  3120 (Slice) -> 3123 (Concat)
  3120 (Slice) -> 3220 (Concat)
  3120 (Slice) -> 3187 (Concat)
  3120 (Slice) -> 3157 (Concat)
  3120 (Slice) -> 3117 (Concat)
  3120 (Slice) -> 3135 (Slice)
  3120 (Slice) -> 3151 (Concat)
  3120 (Slice) -> 3150 (Concat)
  3120 (Slice) -> 3170 (Concat)
  3120 (Slice) -> 3138 (Concat)
  3120 (Slice) -> 3154 (Concat)
  3120 (Slice) -> 3140 (Concat)
  3120 (Slice) -> 3146 (Concat)
  3120 (Slice) -> 3125 (Concat)
  3120 (Slice) -> 3147 (Slice)
  3120 (Slice) -> 3227 (Concat)
  3120 (Slice) -> 3131 (Concat)
  3120 (Slice) -> 3178 (Concat)
  3120 (Slice) -> 3149 (Slice)
  3120 (Slice) -> 3206 (Concat)
  3120 (Slice) -> 3152 (Concat)
  3120 (Slice) -> 3243 (Concat)
  3120 (Slice) -> 3139 (Concat)
  3120 (Slice) -> 3110 (Concat)
  3120 (Slice) -> 3216 (Concat)
  3120 (Slice) -> 3153 (Concat)
  3120 (Slice) -> 3156 (Concat)
  3120 (Slice) -> 3198 (Concat)
  3120 (Slice) -> 3255 (Concat)
  3120 (Slice) -> 3159 (Concat)
  3120 (Slice) -> 3145 (Concat)
  3120 (Slice) -> 3266 (Concat)
  3120 (Slice) -> 3162 (Slice)
  3120 (Slice) -> 3158 (Concat)
  3120 (Slice) -> 3253 (Concat)
  3120 (Slice) -> 3164 (Concat)
  3120 (Slice) -> 3238 (Concat)
  3120 (Slice) -> 3240 (Concat)
  3120 (Slice) -> 3237 (Concat)
  3120 (Slice) -> 3278 (Concat)
  3120 (Slice) -> 3245 (Slice)
  3120 (Slice) -> 3246 (Slice)
  3120 (Slice) -> 3247 (Slice)
  3120 (Slice) -> 3142 (Concat)
  3120 (Slice) -> 3248 (Concat)
  3120 (Slice) -> 3249 (Concat)
  3120 (Slice) -> 3250 (Concat)
  3120 (Slice) -> 3119 (Slice)
  3120 (Slice) -> 3251 (Concat)
  3120 (Slice) -> 3167 (Concat)
  3120 (Slice) -> 3224 (Concat)
  3120 (Slice) -> 3254 (Concat)
  3120 (Slice) -> 3202 (Concat)
  3120 (Slice) -> 3259 (Slice)
  3120 (Slice) -> 3260 (Slice)
  3120 (Slice) -> 3118 (Concat)
  3120 (Slice) -> 3261 (Slice)
  3120 (Slice) -> 3271 (Concat)
  3120 (Slice) -> 3262 (Concat)
  3120 (Slice) -> 3265 (Concat)
  3120 (Slice) -> 3268 (Concat)
  3120 (Slice) -> 3205 (Slice)
  3120 (Slice) -> 3269 (Concat)
  3120 (Slice) -> 3270 (Concat)
  3120 (Slice) -> 3272 (Concat)
  3120 (Slice) -> 3273 (Slice)
  3120 (Slice) -> 3275 (Slice)
  3120 (Slice) -> 3194 (Concat)
  3120 (Slice) -> 3274 (Slice)
  3120 (Slice) -> 3276 (Concat)
  3120 (Slice) -> 3277 (Concat)
  3120 (Slice) -> 3279 (Concat)
  3120 (Slice) -> 3280 (Concat)
  3120 (Slice) -> 3281 (Concat)
  3120 (Slice) -> 3252 (Concat)
  3120 (Slice) -> 3179 (Concat)
  3120 (Slice) -> 3115 (Concat)
  3120 (Slice) -> 3258 (Concat)
  3120 (Slice) -> 3166 (Concat)
  3120 (Slice) -> 3160 (Concat)
  3120 (Slice) -> 3239 (Concat)
  3120 (Slice) -> 3137 (Concat)
  3120 (Slice) -> 3183 (Concat)
  3120 (Slice) -> 3242 (Concat)
  3120 (Slice) -> 3181 (Concat)
  3120 (Slice) -> 3129 (Concat)
  3120 (Slice) -> 3161 (Slice)
  3120 (Slice) -> 3232 (Slice)
  3120 (Slice) -> 3213 (Concat)
  3120 (Slice) -> 3114 (Concat)
  3120 (Slice) -> 3263 (Concat)
  3257 (Concat) -> 3231 (Slice)
  3257 (Concat) -> 3219 (Slice)
  3257 (Concat) -> 3236 (Concat)
  3257 (Concat) -> 3225 (Concat)
  3257 (Concat) -> 3177 (Slice)
  3257 (Concat) -> 3234 (Concat)
  3257 (Concat) -> 3190 (Slice)
  3257 (Concat) -> 3210 (Concat)
  3257 (Concat) -> 3218 (Slice)
  3257 (Concat) -> 3143 (Concat)
  3257 (Concat) -> 3168 (Concat)
  3257 (Concat) -> 3217 (Slice)
  3257 (Concat) -> 3222 (Concat)
  3257 (Concat) -> 3214 (Concat)
  3257 (Concat) -> 3211 (Concat)
  3257 (Concat) -> 3121 (Slice)
  3257 (Concat) -> 3226 (Concat)
  3257 (Concat) -> 3111 (Div)
  3257 (Concat) -> 3221 (Concat)
  3257 (Concat) -> 3241 (Concat)
  3257 (Concat) -> 3209 (Concat)
  3257 (Concat) -> 3208 (Concat)
  3257 (Concat) -> 3133 (Slice)
  3257 (Concat) -> 3207 (Concat)
  3257 (Concat) -> 3204 (Slice)
  3257 (Concat) -> 3203 (Slice)
  3257 (Concat) -> 3148 (Slice)
  3257 (Concat) -> 3215 (Concat)
  3257 (Concat) -> 3199 (Concat)
  3257 (Concat) -> 3171 (Concat)
  3257 (Concat) -> 3127 (Concat)
  3257 (Concat) -> 3244 (Concat)
  3257 (Concat) -> 3196 (Concat)
  3257 (Concat) -> 3200 (Concat)
  3257 (Concat) -> 3195 (Concat)
  3257 (Concat) -> 3144 (Concat)
  3257 (Concat) -> 3264 (Concat)
  3257 (Concat) -> 3193 (Concat)
  3257 (Concat) -> 3228 (Concat)
  3257 (Concat) -> 3192 (Concat)
  3257 (Concat) -> 3201 (Concat)
  3257 (Concat) -> 3141 (Concat)
  3257 (Concat) -> 3189 (Slice)
  3257 (Concat) -> 3188 (Concat)
  3257 (Concat) -> 3233 (Slice)
  3257 (Concat) -> 3132 (Concat)
  3257 (Concat) -> 3185 (Concat)
  3257 (Concat) -> 3134 (Slice)
  3257 (Concat) -> 3182 (Concat)
  3257 (Concat) -> 3180 (Concat)
  3257 (Concat) -> 3130 (Concat)
  3257 (Concat) -> 3165 (Concat)
  3257 (Concat) -> 3176 (Slice)
  3257 (Concat) -> 3191 (Slice)
  3257 (Concat) -> 3175 (Slice)
  3257 (Concat) -> 3172 (Concat)
  3257 (Concat) -> 3173 (Concat)
  3257 (Concat) -> 3169 (Concat)
  3257 (Concat) -> 3230 (Concat)
  3257 (Concat) -> 3116 (Concat)
  3257 (Concat) -> 3267 (Concat)
  3257 (Concat) -> 3235 (Concat)
  3257 (Concat) -> 3122 (Concat)
  3257 (Concat) -> 3163 (Slice)
  3257 (Concat) -> 3212 (Concat)
  3257 (Concat) -> 3136 (Concat)
  3257 (Concat) -> 3128 (Concat)
  3257 (Concat) -> 3174 (Concat)
  3257 (Concat) -> 3155 (Concat)
  3257 (Concat) -> 3229 (Concat)
  3257 (Concat) -> 3186 (Concat)
  3257 (Concat) -> 3126 (Concat)
  3257 (Concat) -> 3120 (Slice)
  3257 (Concat) -> 3184 (Concat)
  3257 (Concat) -> 3124 (Concat)
  3257 (Concat) -> 3256 (Concat)
  3257 (Concat) -> 3112 (Sub)
  3257 (Concat) -> 3113 (Concat)
  3257 (Concat) -> 3223 (Concat)
  3257 (Concat) -> 3197 (Concat)
  3257 (Concat) -> 3123 (Concat)
  3257 (Concat) -> 3220 (Concat)
  3257 (Concat) -> 3187 (Concat)
  3257 (Concat) -> 3157 (Concat)
  3257 (Concat) -> 3117 (Concat)
  3257 (Concat) -> 3135 (Slice)
  3257 (Concat) -> 3151 (Concat)
  3257 (Concat) -> 3150 (Concat)
  3257 (Concat) -> 3170 (Concat)
  3257 (Concat) -> 3138 (Concat)
  3257 (Concat) -> 3154 (Concat)
  3257 (Concat) -> 3140 (Concat)
  3257 (Concat) -> 3146 (Concat)
  3257 (Concat) -> 3125 (Concat)
  3257 (Concat) -> 3147 (Slice)
  3257 (Concat) -> 3227 (Concat)
  3257 (Concat) -> 3131 (Concat)
  3257 (Concat) -> 3178 (Concat)
  3257 (Concat) -> 3149 (Slice)
  3257 (Concat) -> 3206 (Concat)
  3257 (Concat) -> 3152 (Concat)
  3257 (Concat) -> 3243 (Concat)
  3257 (Concat) -> 3139 (Concat)
  3257 (Concat) -> 3110 (Concat)
  3257 (Concat) -> 3216 (Concat)
  3257 (Concat) -> 3153 (Concat)
  3257 (Concat) -> 3156 (Concat)
  3257 (Concat) -> 3198 (Concat)
  3257 (Concat) -> 3255 (Concat)
  3257 (Concat) -> 3159 (Concat)
  3257 (Concat) -> 3145 (Concat)
  3257 (Concat) -> 3266 (Concat)
  3257 (Concat) -> 3162 (Slice)
  3257 (Concat) -> 3158 (Concat)
  3257 (Concat) -> 3253 (Concat)
  3257 (Concat) -> 3164 (Concat)
  3257 (Concat) -> 3238 (Concat)
  3257 (Concat) -> 3240 (Concat)
  3257 (Concat) -> 3237 (Concat)
  3257 (Concat) -> 3278 (Concat)
  3257 (Concat) -> 3245 (Slice)
  3257 (Concat) -> 3246 (Slice)
  3257 (Concat) -> 3247 (Slice)
  3257 (Concat) -> 3142 (Concat)
  3257 (Concat) -> 3248 (Concat)
  3257 (Concat) -> 3249 (Concat)
  3257 (Concat) -> 3250 (Concat)
  3257 (Concat) -> 3119 (Slice)
  3257 (Concat) -> 3251 (Concat)
  3257 (Concat) -> 3167 (Concat)
  3257 (Concat) -> 3224 (Concat)
  3257 (Concat) -> 3254 (Concat)
  3257 (Concat) -> 3202 (Concat)
  3257 (Concat) -> 3259 (Slice)
  3257 (Concat) -> 3260 (Slice)
  3257 (Concat) -> 3118 (Concat)
  3257 (Concat) -> 3261 (Slice)
  3257 (Concat) -> 3271 (Concat)
  3257 (Concat) -> 3262 (Concat)
  3257 (Concat) -> 3265 (Concat)
  3257 (Concat) -> 3268 (Concat)
  3257 (Concat) -> 3205 (Slice)
  3257 (Concat) -> 3269 (Concat)
  3257 (Concat) -> 3270 (Concat)
  3257 (Concat) -> 3272 (Concat)
  3257 (Concat) -> 3273 (Slice)
  3257 (Concat) -> 3275 (Slice)
  3257 (Concat) -> 3194 (Concat)
  3257 (Concat) -> 3274 (Slice)
  3257 (Concat) -> 3276 (Concat)
  3257 (Concat) -> 3277 (Concat)
  3257 (Concat) -> 3279 (Concat)
  3257 (Concat) -> 3280 (Concat)
  3257 (Concat) -> 3281 (Concat)
  3257 (Concat) -> 3252 (Concat)
  3257 (Concat) -> 3179 (Concat)
  3257 (Concat) -> 3115 (Concat)
  3257 (Concat) -> 3258 (Concat)
  3257 (Concat) -> 3166 (Concat)
  3257 (Concat) -> 3160 (Concat)
  3257 (Concat) -> 3239 (Concat)
  3257 (Concat) -> 3137 (Concat)
  3257 (Concat) -> 3183 (Concat)
  3257 (Concat) -> 3242 (Concat)
  3257 (Concat) -> 3181 (Concat)
  3257 (Concat) -> 3129 (Concat)
  3257 (Concat) -> 3161 (Slice)
  3257 (Concat) -> 3232 (Slice)
  3257 (Concat) -> 3213 (Concat)
  3257 (Concat) -> 3114 (Concat)
  3257 (Concat) -> 3263 (Concat)
  h.2.ln_1 (Add) -> h.6.attn.c_proj (Gemm)
  h.2.ln_1 (Add) -> h.5.mlp.c_proj (Gemm)
  h.2.ln_1 (Add) -> h.6.mlp.c_proj (Gemm)
  h.2.ln_1 (Add) -> h.3.ln_2 (Add)
  h.2.ln_1 (Add) -> h.0.ln_1 (Add)
  h.2.ln_1 (Add) -> h.9.mlp.c_proj (Gemm)
  h.2.ln_1 (Add) -> h.6.ln_1 (Add)
  h.2.ln_1 (Add) -> h.11.attn.c_proj (Gemm)
  h.2.ln_1 (Add) -> h.5.attn.c_proj (Gemm)
  h.2.ln_1 (Add) -> h.10.ln_1 (Add)
  h.2.ln_1 (Add) -> h.1.attn.c_proj (Gemm)
  h.2.ln_1 (Add) -> h.1.ln_1 (Add)
  h.2.ln_1 (Add) -> h.0.attn.c_proj (Gemm)
  h.2.ln_1 (Add) -> h.8.ln_1 (Add)
  h.2.ln_1 (Add) -> h.11.mlp.c_proj (Gemm)
  h.2.ln_1 (Add) -> h.6.ln_2 (Add)
  h.2.ln_1 (Add) -> h.0.ln_2 (Add)
  h.2.ln_1 (Add) -> h.9.attn.c_proj (Gemm)
  h.2.ln_1 (Add) -> h.0.mlp.c_proj (Gemm)
  h.2.ln_1 (Add) -> h.10.ln_2 (Add)
  h.2.ln_1 (Add) -> h.1.ln_2 (Add)
  h.2.ln_1 (Add) -> h.4.ln_2 (Add)
  h.2.ln_1 (Add) -> h.1.mlp.c_proj (Gemm)
  h.2.ln_1 (Add) -> h.11.ln_1 (Add)
  h.2.ln_1 (Add) -> h.8.attn.c_proj (Gemm)
  h.2.ln_1 (Add) -> h.10.attn.c_proj (Gemm)
  h.2.ln_1 (Add) -> h.10.mlp.c_proj (Gemm)
  h.2.ln_1 (Add) -> h.11.ln_2 (Add)
  h.2.ln_1 (Add) -> h.3.ln_1 (Add)
  h.2.ln_1 (Add) -> h.8.ln_2 (Add)
  h.2.ln_1 (Add) -> h.3.mlp.c_proj (Gemm)
  h.2.ln_1 (Add) -> h.2.attn.c_proj (Gemm)
  h.2.ln_1 (Add) -> h.2.ln_2 (Add)
  h.2.ln_1 (Add) -> h.2.mlp.c_proj (Gemm)
  h.2.ln_1 (Add) -> h.7.mlp.c_proj (Gemm)
  h.2.ln_1 (Add) -> h.3.attn.c_proj (Gemm)
  h.2.ln_1 (Add) -> h.7.attn.c_proj (Gemm)
  h.2.ln_1 (Add) -> h.4.attn.c_proj (Gemm)
  h.2.ln_1 (Add) -> h.4.ln_1 (Add)
  h.2.ln_1 (Add) -> h.4.mlp.c_proj (Gemm)
  h.2.ln_1 (Add) -> h.5.ln_2 (Add)
  h.2.ln_1 (Add) -> h.7.ln_1 (Add)
  h.2.ln_1 (Add) -> h.5.ln_1 (Add)
  h.2.ln_1 (Add) -> h.7.ln_2 (Add)
  h.2.ln_1 (Add) -> h.8.mlp.c_proj (Gemm)
  h.2.ln_1 (Add) -> h.9.ln_1 (Add)
  h.2.ln_1 (Add) -> h.9.ln_2 (Add)
  h.2.ln_1 (Add) -> ln_f (Add)
  3184 (Concat) -> 3231 (Slice)
  3184 (Concat) -> 3219 (Slice)
  3184 (Concat) -> 3236 (Concat)
  3184 (Concat) -> 3225 (Concat)
  3184 (Concat) -> 3177 (Slice)
  3184 (Concat) -> 3234 (Concat)
  3184 (Concat) -> 3190 (Slice)
  3184 (Concat) -> 3210 (Concat)
  3184 (Concat) -> 3218 (Slice)
  3184 (Concat) -> 3143 (Concat)
  3184 (Concat) -> 3168 (Concat)
  3184 (Concat) -> 3217 (Slice)
  3184 (Concat) -> 3222 (Concat)
  3184 (Concat) -> 3214 (Concat)
  3184 (Concat) -> 3211 (Concat)
  3184 (Concat) -> 3121 (Slice)
  3184 (Concat) -> 3226 (Concat)
  3184 (Concat) -> 3111 (Div)
  3184 (Concat) -> 3221 (Concat)
  3184 (Concat) -> 3241 (Concat)
  3184 (Concat) -> 3209 (Concat)
  3184 (Concat) -> 3208 (Concat)
  3184 (Concat) -> 3133 (Slice)
  3184 (Concat) -> 3207 (Concat)
  3184 (Concat) -> 3204 (Slice)
  3184 (Concat) -> 3203 (Slice)
  3184 (Concat) -> 3148 (Slice)
  3184 (Concat) -> 3215 (Concat)
  3184 (Concat) -> 3199 (Concat)
  3184 (Concat) -> 3171 (Concat)
  3184 (Concat) -> 3127 (Concat)
  3184 (Concat) -> 3244 (Concat)
  3184 (Concat) -> 3196 (Concat)
  3184 (Concat) -> 3200 (Concat)
  3184 (Concat) -> 3195 (Concat)
  3184 (Concat) -> 3144 (Concat)
  3184 (Concat) -> 3264 (Concat)
  3184 (Concat) -> 3193 (Concat)
  3184 (Concat) -> 3228 (Concat)
  3184 (Concat) -> 3192 (Concat)
  3184 (Concat) -> 3201 (Concat)
  3184 (Concat) -> 3141 (Concat)
  3184 (Concat) -> 3189 (Slice)
  3184 (Concat) -> 3188 (Concat)
  3184 (Concat) -> 3233 (Slice)
  3184 (Concat) -> 3132 (Concat)
  3184 (Concat) -> 3185 (Concat)
  3184 (Concat) -> 3134 (Slice)
  3184 (Concat) -> 3182 (Concat)
  3184 (Concat) -> 3180 (Concat)
  3184 (Concat) -> 3130 (Concat)
  3184 (Concat) -> 3165 (Concat)
  3184 (Concat) -> 3176 (Slice)
  3184 (Concat) -> 3191 (Slice)
  3184 (Concat) -> 3175 (Slice)
  3184 (Concat) -> 3172 (Concat)
  3184 (Concat) -> 3173 (Concat)
  3184 (Concat) -> 3169 (Concat)
  3184 (Concat) -> 3230 (Concat)
  3184 (Concat) -> 3116 (Concat)
  3184 (Concat) -> 3267 (Concat)
  3184 (Concat) -> 3235 (Concat)
  3184 (Concat) -> 3122 (Concat)
  3184 (Concat) -> 3163 (Slice)
  3184 (Concat) -> 3212 (Concat)
  3184 (Concat) -> 3136 (Concat)
  3184 (Concat) -> 3128 (Concat)
  3184 (Concat) -> 3174 (Concat)
  3184 (Concat) -> 3155 (Concat)
  3184 (Concat) -> 3229 (Concat)
  3184 (Concat) -> 3186 (Concat)
  3184 (Concat) -> 3126 (Concat)
  3184 (Concat) -> 3120 (Slice)
  3184 (Concat) -> 3257 (Concat)
  3184 (Concat) -> 3124 (Concat)
  3184 (Concat) -> 3256 (Concat)
  3184 (Concat) -> 3112 (Sub)
  3184 (Concat) -> 3113 (Concat)
  3184 (Concat) -> 3223 (Concat)
  3184 (Concat) -> 3197 (Concat)
  3184 (Concat) -> 3123 (Concat)
  3184 (Concat) -> 3220 (Concat)
  3184 (Concat) -> 3187 (Concat)
  3184 (Concat) -> 3157 (Concat)
  3184 (Concat) -> 3117 (Concat)
  3184 (Concat) -> 3135 (Slice)
  3184 (Concat) -> 3151 (Concat)
  3184 (Concat) -> 3150 (Concat)
  3184 (Concat) -> 3170 (Concat)
  3184 (Concat) -> 3138 (Concat)
  3184 (Concat) -> 3154 (Concat)
  3184 (Concat) -> 3140 (Concat)
  3184 (Concat) -> 3146 (Concat)
  3184 (Concat) -> 3125 (Concat)
  3184 (Concat) -> 3147 (Slice)
  3184 (Concat) -> 3227 (Concat)
  3184 (Concat) -> 3131 (Concat)
  3184 (Concat) -> 3178 (Concat)
  3184 (Concat) -> 3149 (Slice)
  3184 (Concat) -> 3206 (Concat)
  3184 (Concat) -> 3152 (Concat)
  3184 (Concat) -> 3243 (Concat)
  3184 (Concat) -> 3139 (Concat)
  3184 (Concat) -> 3110 (Concat)
  3184 (Concat) -> 3216 (Concat)
  3184 (Concat) -> 3153 (Concat)
  3184 (Concat) -> 3156 (Concat)
  3184 (Concat) -> 3198 (Concat)
  3184 (Concat) -> 3255 (Concat)
  3184 (Concat) -> 3159 (Concat)
  3184 (Concat) -> 3145 (Concat)
  3184 (Concat) -> 3266 (Concat)
  3184 (Concat) -> 3162 (Slice)
  3184 (Concat) -> 3158 (Concat)
  3184 (Concat) -> 3253 (Concat)
  3184 (Concat) -> 3164 (Concat)
  3184 (Concat) -> 3238 (Concat)
  3184 (Concat) -> 3240 (Concat)
  3184 (Concat) -> 3237 (Concat)
  3184 (Concat) -> 3278 (Concat)
  3184 (Concat) -> 3245 (Slice)
  3184 (Concat) -> 3246 (Slice)
  3184 (Concat) -> 3247 (Slice)
  3184 (Concat) -> 3142 (Concat)
  3184 (Concat) -> 3248 (Concat)
  3184 (Concat) -> 3249 (Concat)
  3184 (Concat) -> 3250 (Concat)
  3184 (Concat) -> 3119 (Slice)
  3184 (Concat) -> 3251 (Concat)
  3184 (Concat) -> 3167 (Concat)
  3184 (Concat) -> 3224 (Concat)
  3184 (Concat) -> 3254 (Concat)
  3184 (Concat) -> 3202 (Concat)
  3184 (Concat) -> 3259 (Slice)
  3184 (Concat) -> 3260 (Slice)
  3184 (Concat) -> 3118 (Concat)
  3184 (Concat) -> 3261 (Slice)
  3184 (Concat) -> 3271 (Concat)
  3184 (Concat) -> 3262 (Concat)
  3184 (Concat) -> 3265 (Concat)
  3184 (Concat) -> 3268 (Concat)
  3184 (Concat) -> 3205 (Slice)
  3184 (Concat) -> 3269 (Concat)
  3184 (Concat) -> 3270 (Concat)
  3184 (Concat) -> 3272 (Concat)
  3184 (Concat) -> 3273 (Slice)
  3184 (Concat) -> 3275 (Slice)
  3184 (Concat) -> 3194 (Concat)
  3184 (Concat) -> 3274 (Slice)
  3184 (Concat) -> 3276 (Concat)
  3184 (Concat) -> 3277 (Concat)
  3184 (Concat) -> 3279 (Concat)
  3184 (Concat) -> 3280 (Concat)
  3184 (Concat) -> 3281 (Concat)
  3184 (Concat) -> 3252 (Concat)
  3184 (Concat) -> 3179 (Concat)
  3184 (Concat) -> 3115 (Concat)
  3184 (Concat) -> 3258 (Concat)
  3184 (Concat) -> 3166 (Concat)
  3184 (Concat) -> 3160 (Concat)
  3184 (Concat) -> 3239 (Concat)
  3184 (Concat) -> 3137 (Concat)
  3184 (Concat) -> 3183 (Concat)
  3184 (Concat) -> 3242 (Concat)
  3184 (Concat) -> 3181 (Concat)
  3184 (Concat) -> 3129 (Concat)
  3184 (Concat) -> 3161 (Slice)
  3184 (Concat) -> 3232 (Slice)
  3184 (Concat) -> 3213 (Concat)
  3184 (Concat) -> 3114 (Concat)
  3184 (Concat) -> 3263 (Concat)
  3124 (Concat) -> 3231 (Slice)
  3124 (Concat) -> 3219 (Slice)
  3124 (Concat) -> 3236 (Concat)
  3124 (Concat) -> 3225 (Concat)
  3124 (Concat) -> 3177 (Slice)
  3124 (Concat) -> 3234 (Concat)
  3124 (Concat) -> 3190 (Slice)
  3124 (Concat) -> 3210 (Concat)
  3124 (Concat) -> 3218 (Slice)
  3124 (Concat) -> 3143 (Concat)
  3124 (Concat) -> 3168 (Concat)
  3124 (Concat) -> 3217 (Slice)
  3124 (Concat) -> 3222 (Concat)
  3124 (Concat) -> 3214 (Concat)
  3124 (Concat) -> 3211 (Concat)
  3124 (Concat) -> 3121 (Slice)
  3124 (Concat) -> 3226 (Concat)
  3124 (Concat) -> 3111 (Div)
  3124 (Concat) -> 3221 (Concat)
  3124 (Concat) -> 3241 (Concat)
  3124 (Concat) -> 3209 (Concat)
  3124 (Concat) -> 3208 (Concat)
  3124 (Concat) -> 3133 (Slice)
  3124 (Concat) -> 3207 (Concat)
  3124 (Concat) -> 3204 (Slice)
  3124 (Concat) -> 3203 (Slice)
  3124 (Concat) -> 3148 (Slice)
  3124 (Concat) -> 3215 (Concat)
  3124 (Concat) -> 3199 (Concat)
  3124 (Concat) -> 3171 (Concat)
  3124 (Concat) -> 3127 (Concat)
  3124 (Concat) -> 3244 (Concat)
  3124 (Concat) -> 3196 (Concat)
  3124 (Concat) -> 3200 (Concat)
  3124 (Concat) -> 3195 (Concat)
  3124 (Concat) -> 3144 (Concat)
  3124 (Concat) -> 3264 (Concat)
  3124 (Concat) -> 3193 (Concat)
  3124 (Concat) -> 3228 (Concat)
  3124 (Concat) -> 3192 (Concat)
  3124 (Concat) -> 3201 (Concat)
  3124 (Concat) -> 3141 (Concat)
  3124 (Concat) -> 3189 (Slice)
  3124 (Concat) -> 3188 (Concat)
  3124 (Concat) -> 3233 (Slice)
  3124 (Concat) -> 3132 (Concat)
  3124 (Concat) -> 3185 (Concat)
  3124 (Concat) -> 3134 (Slice)
  3124 (Concat) -> 3182 (Concat)
  3124 (Concat) -> 3180 (Concat)
  3124 (Concat) -> 3130 (Concat)
  3124 (Concat) -> 3165 (Concat)
  3124 (Concat) -> 3176 (Slice)
  3124 (Concat) -> 3191 (Slice)
  3124 (Concat) -> 3175 (Slice)
  3124 (Concat) -> 3172 (Concat)
  3124 (Concat) -> 3173 (Concat)
  3124 (Concat) -> 3169 (Concat)
  3124 (Concat) -> 3230 (Concat)
  3124 (Concat) -> 3116 (Concat)
  3124 (Concat) -> 3267 (Concat)
  3124 (Concat) -> 3235 (Concat)
  3124 (Concat) -> 3122 (Concat)
  3124 (Concat) -> 3163 (Slice)
  3124 (Concat) -> 3212 (Concat)
  3124 (Concat) -> 3136 (Concat)
  3124 (Concat) -> 3128 (Concat)
  3124 (Concat) -> 3174 (Concat)
  3124 (Concat) -> 3155 (Concat)
  3124 (Concat) -> 3229 (Concat)
  3124 (Concat) -> 3186 (Concat)
  3124 (Concat) -> 3126 (Concat)
  3124 (Concat) -> 3120 (Slice)
  3124 (Concat) -> 3257 (Concat)
  3124 (Concat) -> 3184 (Concat)
  3124 (Concat) -> 3256 (Concat)
  3124 (Concat) -> 3112 (Sub)
  3124 (Concat) -> 3113 (Concat)
  3124 (Concat) -> 3223 (Concat)
  3124 (Concat) -> 3197 (Concat)
  3124 (Concat) -> 3123 (Concat)
  3124 (Concat) -> 3220 (Concat)
  3124 (Concat) -> 3187 (Concat)
  3124 (Concat) -> 3157 (Concat)
  3124 (Concat) -> 3117 (Concat)
  3124 (Concat) -> 3135 (Slice)
  3124 (Concat) -> 3151 (Concat)
  3124 (Concat) -> 3150 (Concat)
  3124 (Concat) -> 3170 (Concat)
  3124 (Concat) -> 3138 (Concat)
  3124 (Concat) -> 3154 (Concat)
  3124 (Concat) -> 3140 (Concat)
  3124 (Concat) -> 3146 (Concat)
  3124 (Concat) -> 3125 (Concat)
  3124 (Concat) -> 3147 (Slice)
  3124 (Concat) -> 3227 (Concat)
  3124 (Concat) -> 3131 (Concat)
  3124 (Concat) -> 3178 (Concat)
  3124 (Concat) -> 3149 (Slice)
  3124 (Concat) -> 3206 (Concat)
  3124 (Concat) -> 3152 (Concat)
  3124 (Concat) -> 3243 (Concat)
  3124 (Concat) -> 3139 (Concat)
  3124 (Concat) -> 3110 (Concat)
  3124 (Concat) -> 3216 (Concat)
  3124 (Concat) -> 3153 (Concat)
  3124 (Concat) -> 3156 (Concat)
  3124 (Concat) -> 3198 (Concat)
  3124 (Concat) -> 3255 (Concat)
  3124 (Concat) -> 3159 (Concat)
  3124 (Concat) -> 3145 (Concat)
  3124 (Concat) -> 3266 (Concat)
  3124 (Concat) -> 3162 (Slice)
  3124 (Concat) -> 3158 (Concat)
  3124 (Concat) -> 3253 (Concat)
  3124 (Concat) -> 3164 (Concat)
  3124 (Concat) -> 3238 (Concat)
  3124 (Concat) -> 3240 (Concat)
  3124 (Concat) -> 3237 (Concat)
  3124 (Concat) -> 3278 (Concat)
  3124 (Concat) -> 3245 (Slice)
  3124 (Concat) -> 3246 (Slice)
  3124 (Concat) -> 3247 (Slice)
  3124 (Concat) -> 3142 (Concat)
  3124 (Concat) -> 3248 (Concat)
  3124 (Concat) -> 3249 (Concat)
  3124 (Concat) -> 3250 (Concat)
  3124 (Concat) -> 3119 (Slice)
  3124 (Concat) -> 3251 (Concat)
  3124 (Concat) -> 3167 (Concat)
  3124 (Concat) -> 3224 (Concat)
  3124 (Concat) -> 3254 (Concat)
  3124 (Concat) -> 3202 (Concat)
  3124 (Concat) -> 3259 (Slice)
  3124 (Concat) -> 3260 (Slice)
  3124 (Concat) -> 3118 (Concat)
  3124 (Concat) -> 3261 (Slice)
  3124 (Concat) -> 3271 (Concat)
  3124 (Concat) -> 3262 (Concat)
  3124 (Concat) -> 3265 (Concat)
  3124 (Concat) -> 3268 (Concat)
  3124 (Concat) -> 3205 (Slice)
  3124 (Concat) -> 3269 (Concat)
  3124 (Concat) -> 3270 (Concat)
  3124 (Concat) -> 3272 (Concat)
  3124 (Concat) -> 3273 (Slice)
  3124 (Concat) -> 3275 (Slice)
  3124 (Concat) -> 3194 (Concat)
  3124 (Concat) -> 3274 (Slice)
  3124 (Concat) -> 3276 (Concat)
  3124 (Concat) -> 3277 (Concat)
  3124 (Concat) -> 3279 (Concat)
  3124 (Concat) -> 3280 (Concat)
  3124 (Concat) -> 3281 (Concat)
  3124 (Concat) -> 3252 (Concat)
  3124 (Concat) -> 3179 (Concat)
  3124 (Concat) -> 3115 (Concat)
  3124 (Concat) -> 3258 (Concat)
  3124 (Concat) -> 3166 (Concat)
  3124 (Concat) -> 3160 (Concat)
  3124 (Concat) -> 3239 (Concat)
  3124 (Concat) -> 3137 (Concat)
  3124 (Concat) -> 3183 (Concat)
  3124 (Concat) -> 3242 (Concat)
  3124 (Concat) -> 3181 (Concat)
  3124 (Concat) -> 3129 (Concat)
  3124 (Concat) -> 3161 (Slice)
  3124 (Concat) -> 3232 (Slice)
  3124 (Concat) -> 3213 (Concat)
  3124 (Concat) -> 3114 (Concat)
  3124 (Concat) -> 3263 (Concat)
  3256 (Concat) -> 3231 (Slice)
  3256 (Concat) -> 3219 (Slice)
  3256 (Concat) -> 3236 (Concat)
  3256 (Concat) -> 3225 (Concat)
  3256 (Concat) -> 3177 (Slice)
  3256 (Concat) -> 3234 (Concat)
  3256 (Concat) -> 3190 (Slice)
  3256 (Concat) -> 3210 (Concat)
  3256 (Concat) -> 3218 (Slice)
  3256 (Concat) -> 3143 (Concat)
  3256 (Concat) -> 3168 (Concat)
  3256 (Concat) -> 3217 (Slice)
  3256 (Concat) -> 3222 (Concat)
  3256 (Concat) -> 3214 (Concat)
  3256 (Concat) -> 3211 (Concat)
  3256 (Concat) -> 3121 (Slice)
  3256 (Concat) -> 3226 (Concat)
  3256 (Concat) -> 3111 (Div)
  3256 (Concat) -> 3221 (Concat)
  3256 (Concat) -> 3241 (Concat)
  3256 (Concat) -> 3209 (Concat)
  3256 (Concat) -> 3208 (Concat)
  3256 (Concat) -> 3133 (Slice)
  3256 (Concat) -> 3207 (Concat)
  3256 (Concat) -> 3204 (Slice)
  3256 (Concat) -> 3203 (Slice)
  3256 (Concat) -> 3148 (Slice)
  3256 (Concat) -> 3215 (Concat)
  3256 (Concat) -> 3199 (Concat)
  3256 (Concat) -> 3171 (Concat)
  3256 (Concat) -> 3127 (Concat)
  3256 (Concat) -> 3244 (Concat)
  3256 (Concat) -> 3196 (Concat)
  3256 (Concat) -> 3200 (Concat)
  3256 (Concat) -> 3195 (Concat)
  3256 (Concat) -> 3144 (Concat)
  3256 (Concat) -> 3264 (Concat)
  3256 (Concat) -> 3193 (Concat)
  3256 (Concat) -> 3228 (Concat)
  3256 (Concat) -> 3192 (Concat)
  3256 (Concat) -> 3201 (Concat)
  3256 (Concat) -> 3141 (Concat)
  3256 (Concat) -> 3189 (Slice)
  3256 (Concat) -> 3188 (Concat)
  3256 (Concat) -> 3233 (Slice)
  3256 (Concat) -> 3132 (Concat)
  3256 (Concat) -> 3185 (Concat)
  3256 (Concat) -> 3134 (Slice)
  3256 (Concat) -> 3182 (Concat)
  3256 (Concat) -> 3180 (Concat)
  3256 (Concat) -> 3130 (Concat)
  3256 (Concat) -> 3165 (Concat)
  3256 (Concat) -> 3176 (Slice)
  3256 (Concat) -> 3191 (Slice)
  3256 (Concat) -> 3175 (Slice)
  3256 (Concat) -> 3172 (Concat)
  3256 (Concat) -> 3173 (Concat)
  3256 (Concat) -> 3169 (Concat)
  3256 (Concat) -> 3230 (Concat)
  3256 (Concat) -> 3116 (Concat)
  3256 (Concat) -> 3267 (Concat)
  3256 (Concat) -> 3235 (Concat)
  3256 (Concat) -> 3122 (Concat)
  3256 (Concat) -> 3163 (Slice)
  3256 (Concat) -> 3212 (Concat)
  3256 (Concat) -> 3136 (Concat)
  3256 (Concat) -> 3128 (Concat)
  3256 (Concat) -> 3174 (Concat)
  3256 (Concat) -> 3155 (Concat)
  3256 (Concat) -> 3229 (Concat)
  3256 (Concat) -> 3186 (Concat)
  3256 (Concat) -> 3126 (Concat)
  3256 (Concat) -> 3120 (Slice)
  3256 (Concat) -> 3257 (Concat)
  3256 (Concat) -> 3184 (Concat)
  3256 (Concat) -> 3124 (Concat)
  3256 (Concat) -> 3112 (Sub)
  3256 (Concat) -> 3113 (Concat)
  3256 (Concat) -> 3223 (Concat)
  3256 (Concat) -> 3197 (Concat)
  3256 (Concat) -> 3123 (Concat)
  3256 (Concat) -> 3220 (Concat)
  3256 (Concat) -> 3187 (Concat)
  3256 (Concat) -> 3157 (Concat)
  3256 (Concat) -> 3117 (Concat)
  3256 (Concat) -> 3135 (Slice)
  3256 (Concat) -> 3151 (Concat)
  3256 (Concat) -> 3150 (Concat)
  3256 (Concat) -> 3170 (Concat)
  3256 (Concat) -> 3138 (Concat)
  3256 (Concat) -> 3154 (Concat)
  3256 (Concat) -> 3140 (Concat)
  3256 (Concat) -> 3146 (Concat)
  3256 (Concat) -> 3125 (Concat)
  3256 (Concat) -> 3147 (Slice)
  3256 (Concat) -> 3227 (Concat)
  3256 (Concat) -> 3131 (Concat)
  3256 (Concat) -> 3178 (Concat)
  3256 (Concat) -> 3149 (Slice)
  3256 (Concat) -> 3206 (Concat)
  3256 (Concat) -> 3152 (Concat)
  3256 (Concat) -> 3243 (Concat)
  3256 (Concat) -> 3139 (Concat)
  3256 (Concat) -> 3110 (Concat)
  3256 (Concat) -> 3216 (Concat)
  3256 (Concat) -> 3153 (Concat)
  3256 (Concat) -> 3156 (Concat)
  3256 (Concat) -> 3198 (Concat)
  3256 (Concat) -> 3255 (Concat)
  3256 (Concat) -> 3159 (Concat)
  3256 (Concat) -> 3145 (Concat)
  3256 (Concat) -> 3266 (Concat)
  3256 (Concat) -> 3162 (Slice)
  3256 (Concat) -> 3158 (Concat)
  3256 (Concat) -> 3253 (Concat)
  3256 (Concat) -> 3164 (Concat)
  3256 (Concat) -> 3238 (Concat)
  3256 (Concat) -> 3240 (Concat)
  3256 (Concat) -> 3237 (Concat)
  3256 (Concat) -> 3278 (Concat)
  3256 (Concat) -> 3245 (Slice)
  3256 (Concat) -> 3246 (Slice)
  3256 (Concat) -> 3247 (Slice)
  3256 (Concat) -> 3142 (Concat)
  3256 (Concat) -> 3248 (Concat)
  3256 (Concat) -> 3249 (Concat)
  3256 (Concat) -> 3250 (Concat)
  3256 (Concat) -> 3119 (Slice)
  3256 (Concat) -> 3251 (Concat)
  3256 (Concat) -> 3167 (Concat)
  3256 (Concat) -> 3224 (Concat)
  3256 (Concat) -> 3254 (Concat)
  3256 (Concat) -> 3202 (Concat)
  3256 (Concat) -> 3259 (Slice)
  3256 (Concat) -> 3260 (Slice)
  3256 (Concat) -> 3118 (Concat)
  3256 (Concat) -> 3261 (Slice)
  3256 (Concat) -> 3271 (Concat)
  3256 (Concat) -> 3262 (Concat)
  3256 (Concat) -> 3265 (Concat)
  3256 (Concat) -> 3268 (Concat)
  3256 (Concat) -> 3205 (Slice)
  3256 (Concat) -> 3269 (Concat)
  3256 (Concat) -> 3270 (Concat)
  3256 (Concat) -> 3272 (Concat)
  3256 (Concat) -> 3273 (Slice)
  3256 (Concat) -> 3275 (Slice)
  3256 (Concat) -> 3194 (Concat)
  3256 (Concat) -> 3274 (Slice)
  3256 (Concat) -> 3276 (Concat)
  3256 (Concat) -> 3277 (Concat)
  3256 (Concat) -> 3279 (Concat)
  3256 (Concat) -> 3280 (Concat)
  3256 (Concat) -> 3281 (Concat)
  3256 (Concat) -> 3252 (Concat)
  3256 (Concat) -> 3179 (Concat)
  3256 (Concat) -> 3115 (Concat)
  3256 (Concat) -> 3258 (Concat)
  3256 (Concat) -> 3166 (Concat)
  3256 (Concat) -> 3160 (Concat)
  3256 (Concat) -> 3239 (Concat)
  3256 (Concat) -> 3137 (Concat)
  3256 (Concat) -> 3183 (Concat)
  3256 (Concat) -> 3242 (Concat)
  3256 (Concat) -> 3181 (Concat)
  3256 (Concat) -> 3129 (Concat)
  3256 (Concat) -> 3161 (Slice)
  3256 (Concat) -> 3232 (Slice)
  3256 (Concat) -> 3213 (Concat)
  3256 (Concat) -> 3114 (Concat)
  3256 (Concat) -> 3263 (Concat)
  3112 (Sub) -> 3231 (Slice)
  3112 (Sub) -> 3219 (Slice)
  3112 (Sub) -> 3236 (Concat)
  3112 (Sub) -> 3225 (Concat)
  3112 (Sub) -> 3177 (Slice)
  3112 (Sub) -> 3234 (Concat)
  3112 (Sub) -> 3190 (Slice)
  3112 (Sub) -> 3210 (Concat)
  3112 (Sub) -> 3218 (Slice)
  3112 (Sub) -> 3143 (Concat)
  3112 (Sub) -> 3168 (Concat)
  3112 (Sub) -> 3217 (Slice)
  3112 (Sub) -> 3222 (Concat)
  3112 (Sub) -> 3214 (Concat)
  3112 (Sub) -> 3211 (Concat)
  3112 (Sub) -> 3121 (Slice)
  3112 (Sub) -> 3226 (Concat)
  3112 (Sub) -> 3111 (Div)
  3112 (Sub) -> 3221 (Concat)
  3112 (Sub) -> 3241 (Concat)
  3112 (Sub) -> 3209 (Concat)
  3112 (Sub) -> 3208 (Concat)
  3112 (Sub) -> 3133 (Slice)
  3112 (Sub) -> 3207 (Concat)
  3112 (Sub) -> 3204 (Slice)
  3112 (Sub) -> 3203 (Slice)
  3112 (Sub) -> 3148 (Slice)
  3112 (Sub) -> 3215 (Concat)
  3112 (Sub) -> 3199 (Concat)
  3112 (Sub) -> 3171 (Concat)
  3112 (Sub) -> 3127 (Concat)
  3112 (Sub) -> 3244 (Concat)
  3112 (Sub) -> 3196 (Concat)
  3112 (Sub) -> 3200 (Concat)
  3112 (Sub) -> 3195 (Concat)
  3112 (Sub) -> 3144 (Concat)
  3112 (Sub) -> 3264 (Concat)
  3112 (Sub) -> 3193 (Concat)
  3112 (Sub) -> 3228 (Concat)
  3112 (Sub) -> 3192 (Concat)
  3112 (Sub) -> 3201 (Concat)
  3112 (Sub) -> 3141 (Concat)
  3112 (Sub) -> 3189 (Slice)
  3112 (Sub) -> 3188 (Concat)
  3112 (Sub) -> 3233 (Slice)
  3112 (Sub) -> 3132 (Concat)
  3112 (Sub) -> 3185 (Concat)
  3112 (Sub) -> 3134 (Slice)
  3112 (Sub) -> 3182 (Concat)
  3112 (Sub) -> 3180 (Concat)
  3112 (Sub) -> 3130 (Concat)
  3112 (Sub) -> 3165 (Concat)
  3112 (Sub) -> 3176 (Slice)
  3112 (Sub) -> 3191 (Slice)
  3112 (Sub) -> 3175 (Slice)
  3112 (Sub) -> 3172 (Concat)
  3112 (Sub) -> 3173 (Concat)
  3112 (Sub) -> 3169 (Concat)
  3112 (Sub) -> 3230 (Concat)
  3112 (Sub) -> 3116 (Concat)
  3112 (Sub) -> 3267 (Concat)
  3112 (Sub) -> 3235 (Concat)
  3112 (Sub) -> 3122 (Concat)
  3112 (Sub) -> 3163 (Slice)
  3112 (Sub) -> 3212 (Concat)
  3112 (Sub) -> 3136 (Concat)
  3112 (Sub) -> 3128 (Concat)
  3112 (Sub) -> 3174 (Concat)
  3112 (Sub) -> 3155 (Concat)
  3112 (Sub) -> 3229 (Concat)
  3112 (Sub) -> 3186 (Concat)
  3112 (Sub) -> 3126 (Concat)
  3112 (Sub) -> 3120 (Slice)
  3112 (Sub) -> 3257 (Concat)
  3112 (Sub) -> 3184 (Concat)
  3112 (Sub) -> 3124 (Concat)
  3112 (Sub) -> 3256 (Concat)
  3112 (Sub) -> 3113 (Concat)
  3112 (Sub) -> 3223 (Concat)
  3112 (Sub) -> 3197 (Concat)
  3112 (Sub) -> 3123 (Concat)
  3112 (Sub) -> 3220 (Concat)
  3112 (Sub) -> 3187 (Concat)
  3112 (Sub) -> 3157 (Concat)
  3112 (Sub) -> 3117 (Concat)
  3112 (Sub) -> 3135 (Slice)
  3112 (Sub) -> 3151 (Concat)
  3112 (Sub) -> 3150 (Concat)
  3112 (Sub) -> 3170 (Concat)
  3112 (Sub) -> 3138 (Concat)
  3112 (Sub) -> 3154 (Concat)
  3112 (Sub) -> 3140 (Concat)
  3112 (Sub) -> 3146 (Concat)
  3112 (Sub) -> 3125 (Concat)
  3112 (Sub) -> 3147 (Slice)
  3112 (Sub) -> 3227 (Concat)
  3112 (Sub) -> 3131 (Concat)
  3112 (Sub) -> 3178 (Concat)
  3112 (Sub) -> 3149 (Slice)
  3112 (Sub) -> 3206 (Concat)
  3112 (Sub) -> 3152 (Concat)
  3112 (Sub) -> 3243 (Concat)
  3112 (Sub) -> 3139 (Concat)
  3112 (Sub) -> 3110 (Concat)
  3112 (Sub) -> 3216 (Concat)
  3112 (Sub) -> 3153 (Concat)
  3112 (Sub) -> 3156 (Concat)
  3112 (Sub) -> 3198 (Concat)
  3112 (Sub) -> 3255 (Concat)
  3112 (Sub) -> 3159 (Concat)
  3112 (Sub) -> 3145 (Concat)
  3112 (Sub) -> 3266 (Concat)
  3112 (Sub) -> 3162 (Slice)
  3112 (Sub) -> 3158 (Concat)
  3112 (Sub) -> 3253 (Concat)
  3112 (Sub) -> 3164 (Concat)
  3112 (Sub) -> 3238 (Concat)
  3112 (Sub) -> 3240 (Concat)
  3112 (Sub) -> 3237 (Concat)
  3112 (Sub) -> 3278 (Concat)
  3112 (Sub) -> 3245 (Slice)
  3112 (Sub) -> 3246 (Slice)
  3112 (Sub) -> 3247 (Slice)
  3112 (Sub) -> 3142 (Concat)
  3112 (Sub) -> 3248 (Concat)
  3112 (Sub) -> 3249 (Concat)
  3112 (Sub) -> 3250 (Concat)
  3112 (Sub) -> 3119 (Slice)
  3112 (Sub) -> 3251 (Concat)
  3112 (Sub) -> 3167 (Concat)
  3112 (Sub) -> 3224 (Concat)
  3112 (Sub) -> 3254 (Concat)
  3112 (Sub) -> 3202 (Concat)
  3112 (Sub) -> 3259 (Slice)
  3112 (Sub) -> 3260 (Slice)
  3112 (Sub) -> 3118 (Concat)
  3112 (Sub) -> 3261 (Slice)
  3112 (Sub) -> 3271 (Concat)
  3112 (Sub) -> 3262 (Concat)
  3112 (Sub) -> 3265 (Concat)
  3112 (Sub) -> 3268 (Concat)
  3112 (Sub) -> 3205 (Slice)
  3112 (Sub) -> 3269 (Concat)
  3112 (Sub) -> 3270 (Concat)
  3112 (Sub) -> 3272 (Concat)
  3112 (Sub) -> 3273 (Slice)
  3112 (Sub) -> 3275 (Slice)
  3112 (Sub) -> 3194 (Concat)
  3112 (Sub) -> 3274 (Slice)
  3112 (Sub) -> 3276 (Concat)
  3112 (Sub) -> 3277 (Concat)
  3112 (Sub) -> 3279 (Concat)
  3112 (Sub) -> 3280 (Concat)
  3112 (Sub) -> 3281 (Concat)
  3112 (Sub) -> 3252 (Concat)
  3112 (Sub) -> 3179 (Concat)
  3112 (Sub) -> 3115 (Concat)
  3112 (Sub) -> 3258 (Concat)
  3112 (Sub) -> 3166 (Concat)
  3112 (Sub) -> 3160 (Concat)
  3112 (Sub) -> 3239 (Concat)
  3112 (Sub) -> 3137 (Concat)
  3112 (Sub) -> 3183 (Concat)
  3112 (Sub) -> 3242 (Concat)
  3112 (Sub) -> 3181 (Concat)
  3112 (Sub) -> 3129 (Concat)
  3112 (Sub) -> 3161 (Slice)
  3112 (Sub) -> 3232 (Slice)
  3112 (Sub) -> 3213 (Concat)
  3112 (Sub) -> 3114 (Concat)
  3112 (Sub) -> 3263 (Concat)
  3113 (Concat) -> 3231 (Slice)
  3113 (Concat) -> 3219 (Slice)
  3113 (Concat) -> 3236 (Concat)
  3113 (Concat) -> 3225 (Concat)
  3113 (Concat) -> 3177 (Slice)
  3113 (Concat) -> 3234 (Concat)
  3113 (Concat) -> 3190 (Slice)
  3113 (Concat) -> 3210 (Concat)
  3113 (Concat) -> 3218 (Slice)
  3113 (Concat) -> 3143 (Concat)
  3113 (Concat) -> 3168 (Concat)
  3113 (Concat) -> 3217 (Slice)
  3113 (Concat) -> 3222 (Concat)
  3113 (Concat) -> 3214 (Concat)
  3113 (Concat) -> 3211 (Concat)
  3113 (Concat) -> 3121 (Slice)
  3113 (Concat) -> 3226 (Concat)
  3113 (Concat) -> 3111 (Div)
  3113 (Concat) -> 3221 (Concat)
  3113 (Concat) -> 3241 (Concat)
  3113 (Concat) -> 3209 (Concat)
  3113 (Concat) -> 3208 (Concat)
  3113 (Concat) -> 3133 (Slice)
  3113 (Concat) -> 3207 (Concat)
  3113 (Concat) -> 3204 (Slice)
  3113 (Concat) -> 3203 (Slice)
  3113 (Concat) -> 3148 (Slice)
  3113 (Concat) -> 3215 (Concat)
  3113 (Concat) -> 3199 (Concat)
  3113 (Concat) -> 3171 (Concat)
  3113 (Concat) -> 3127 (Concat)
  3113 (Concat) -> 3244 (Concat)
  3113 (Concat) -> 3196 (Concat)
  3113 (Concat) -> 3200 (Concat)
  3113 (Concat) -> 3195 (Concat)
  3113 (Concat) -> 3144 (Concat)
  3113 (Concat) -> 3264 (Concat)
  3113 (Concat) -> 3193 (Concat)
  3113 (Concat) -> 3228 (Concat)
  3113 (Concat) -> 3192 (Concat)
  3113 (Concat) -> 3201 (Concat)
  3113 (Concat) -> 3141 (Concat)
  3113 (Concat) -> 3189 (Slice)
  3113 (Concat) -> 3188 (Concat)
  3113 (Concat) -> 3233 (Slice)
  3113 (Concat) -> 3132 (Concat)
  3113 (Concat) -> 3185 (Concat)
  3113 (Concat) -> 3134 (Slice)
  3113 (Concat) -> 3182 (Concat)
  3113 (Concat) -> 3180 (Concat)
  3113 (Concat) -> 3130 (Concat)
  3113 (Concat) -> 3165 (Concat)
  3113 (Concat) -> 3176 (Slice)
  3113 (Concat) -> 3191 (Slice)
  3113 (Concat) -> 3175 (Slice)
  3113 (Concat) -> 3172 (Concat)
  3113 (Concat) -> 3173 (Concat)
  3113 (Concat) -> 3169 (Concat)
  3113 (Concat) -> 3230 (Concat)
  3113 (Concat) -> 3116 (Concat)
  3113 (Concat) -> 3267 (Concat)
  3113 (Concat) -> 3235 (Concat)
  3113 (Concat) -> 3122 (Concat)
  3113 (Concat) -> 3163 (Slice)
  3113 (Concat) -> 3212 (Concat)
  3113 (Concat) -> 3136 (Concat)
  3113 (Concat) -> 3128 (Concat)
  3113 (Concat) -> 3174 (Concat)
  3113 (Concat) -> 3155 (Concat)
  3113 (Concat) -> 3229 (Concat)
  3113 (Concat) -> 3186 (Concat)
  3113 (Concat) -> 3126 (Concat)
  3113 (Concat) -> 3120 (Slice)
  3113 (Concat) -> 3257 (Concat)
  3113 (Concat) -> 3184 (Concat)
  3113 (Concat) -> 3124 (Concat)
  3113 (Concat) -> 3256 (Concat)
  3113 (Concat) -> 3112 (Sub)
  3113 (Concat) -> 3223 (Concat)
  3113 (Concat) -> 3197 (Concat)
  3113 (Concat) -> 3123 (Concat)
  3113 (Concat) -> 3220 (Concat)
  3113 (Concat) -> 3187 (Concat)
  3113 (Concat) -> 3157 (Concat)
  3113 (Concat) -> 3117 (Concat)
  3113 (Concat) -> 3135 (Slice)
  3113 (Concat) -> 3151 (Concat)
  3113 (Concat) -> 3150 (Concat)
  3113 (Concat) -> 3170 (Concat)
  3113 (Concat) -> 3138 (Concat)
  3113 (Concat) -> 3154 (Concat)
  3113 (Concat) -> 3140 (Concat)
  3113 (Concat) -> 3146 (Concat)
  3113 (Concat) -> 3125 (Concat)
  3113 (Concat) -> 3147 (Slice)
  3113 (Concat) -> 3227 (Concat)
  3113 (Concat) -> 3131 (Concat)
  3113 (Concat) -> 3178 (Concat)
  3113 (Concat) -> 3149 (Slice)
  3113 (Concat) -> 3206 (Concat)
  3113 (Concat) -> 3152 (Concat)
  3113 (Concat) -> 3243 (Concat)
  3113 (Concat) -> 3139 (Concat)
  3113 (Concat) -> 3110 (Concat)
  3113 (Concat) -> 3216 (Concat)
  3113 (Concat) -> 3153 (Concat)
  3113 (Concat) -> 3156 (Concat)
  3113 (Concat) -> 3198 (Concat)
  3113 (Concat) -> 3255 (Concat)
  3113 (Concat) -> 3159 (Concat)
  3113 (Concat) -> 3145 (Concat)
  3113 (Concat) -> 3266 (Concat)
  3113 (Concat) -> 3162 (Slice)
  3113 (Concat) -> 3158 (Concat)
  3113 (Concat) -> 3253 (Concat)
  3113 (Concat) -> 3164 (Concat)
  3113 (Concat) -> 3238 (Concat)
  3113 (Concat) -> 3240 (Concat)
  3113 (Concat) -> 3237 (Concat)
  3113 (Concat) -> 3278 (Concat)
  3113 (Concat) -> 3245 (Slice)
  3113 (Concat) -> 3246 (Slice)
  3113 (Concat) -> 3247 (Slice)
  3113 (Concat) -> 3142 (Concat)
  3113 (Concat) -> 3248 (Concat)
  3113 (Concat) -> 3249 (Concat)
  3113 (Concat) -> 3250 (Concat)
  3113 (Concat) -> 3119 (Slice)
  3113 (Concat) -> 3251 (Concat)
  3113 (Concat) -> 3167 (Concat)
  3113 (Concat) -> 3224 (Concat)
  3113 (Concat) -> 3254 (Concat)
  3113 (Concat) -> 3202 (Concat)
  3113 (Concat) -> 3259 (Slice)
  3113 (Concat) -> 3260 (Slice)
  3113 (Concat) -> 3118 (Concat)
  3113 (Concat) -> 3261 (Slice)
  3113 (Concat) -> 3271 (Concat)
  3113 (Concat) -> 3262 (Concat)
  3113 (Concat) -> 3265 (Concat)
  3113 (Concat) -> 3268 (Concat)
  3113 (Concat) -> 3205 (Slice)
  3113 (Concat) -> 3269 (Concat)
  3113 (Concat) -> 3270 (Concat)
  3113 (Concat) -> 3272 (Concat)
  3113 (Concat) -> 3273 (Slice)
  3113 (Concat) -> 3275 (Slice)
  3113 (Concat) -> 3194 (Concat)
  3113 (Concat) -> 3274 (Slice)
  3113 (Concat) -> 3276 (Concat)
  3113 (Concat) -> 3277 (Concat)
  3113 (Concat) -> 3279 (Concat)
  3113 (Concat) -> 3280 (Concat)
  3113 (Concat) -> 3281 (Concat)
  3113 (Concat) -> 3252 (Concat)
  3113 (Concat) -> 3179 (Concat)
  3113 (Concat) -> 3115 (Concat)
  3113 (Concat) -> 3258 (Concat)
  3113 (Concat) -> 3166 (Concat)
  3113 (Concat) -> 3160 (Concat)
  3113 (Concat) -> 3239 (Concat)
  3113 (Concat) -> 3137 (Concat)
  3113 (Concat) -> 3183 (Concat)
  3113 (Concat) -> 3242 (Concat)
  3113 (Concat) -> 3181 (Concat)
  3113 (Concat) -> 3129 (Concat)
  3113 (Concat) -> 3161 (Slice)
  3113 (Concat) -> 3232 (Slice)
  3113 (Concat) -> 3213 (Concat)
  3113 (Concat) -> 3114 (Concat)
  3113 (Concat) -> 3263 (Concat)
  3223 (Concat) -> 3231 (Slice)
  3223 (Concat) -> 3219 (Slice)
  3223 (Concat) -> 3236 (Concat)
  3223 (Concat) -> 3225 (Concat)
  3223 (Concat) -> 3177 (Slice)
  3223 (Concat) -> 3234 (Concat)
  3223 (Concat) -> 3190 (Slice)
  3223 (Concat) -> 3210 (Concat)
  3223 (Concat) -> 3218 (Slice)
  3223 (Concat) -> 3143 (Concat)
  3223 (Concat) -> 3168 (Concat)
  3223 (Concat) -> 3217 (Slice)
  3223 (Concat) -> 3222 (Concat)
  3223 (Concat) -> 3214 (Concat)
  3223 (Concat) -> 3211 (Concat)
  3223 (Concat) -> 3121 (Slice)
  3223 (Concat) -> 3226 (Concat)
  3223 (Concat) -> 3111 (Div)
  3223 (Concat) -> 3221 (Concat)
  3223 (Concat) -> 3241 (Concat)
  3223 (Concat) -> 3209 (Concat)
  3223 (Concat) -> 3208 (Concat)
  3223 (Concat) -> 3133 (Slice)
  3223 (Concat) -> 3207 (Concat)
  3223 (Concat) -> 3204 (Slice)
  3223 (Concat) -> 3203 (Slice)
  3223 (Concat) -> 3148 (Slice)
  3223 (Concat) -> 3215 (Concat)
  3223 (Concat) -> 3199 (Concat)
  3223 (Concat) -> 3171 (Concat)
  3223 (Concat) -> 3127 (Concat)
  3223 (Concat) -> 3244 (Concat)
  3223 (Concat) -> 3196 (Concat)
  3223 (Concat) -> 3200 (Concat)
  3223 (Concat) -> 3195 (Concat)
  3223 (Concat) -> 3144 (Concat)
  3223 (Concat) -> 3264 (Concat)
  3223 (Concat) -> 3193 (Concat)
  3223 (Concat) -> 3228 (Concat)
  3223 (Concat) -> 3192 (Concat)
  3223 (Concat) -> 3201 (Concat)
  3223 (Concat) -> 3141 (Concat)
  3223 (Concat) -> 3189 (Slice)
  3223 (Concat) -> 3188 (Concat)
  3223 (Concat) -> 3233 (Slice)
  3223 (Concat) -> 3132 (Concat)
  3223 (Concat) -> 3185 (Concat)
  3223 (Concat) -> 3134 (Slice)
  3223 (Concat) -> 3182 (Concat)
  3223 (Concat) -> 3180 (Concat)
  3223 (Concat) -> 3130 (Concat)
  3223 (Concat) -> 3165 (Concat)
  3223 (Concat) -> 3176 (Slice)
  3223 (Concat) -> 3191 (Slice)
  3223 (Concat) -> 3175 (Slice)
  3223 (Concat) -> 3172 (Concat)
  3223 (Concat) -> 3173 (Concat)
  3223 (Concat) -> 3169 (Concat)
  3223 (Concat) -> 3230 (Concat)
  3223 (Concat) -> 3116 (Concat)
  3223 (Concat) -> 3267 (Concat)
  3223 (Concat) -> 3235 (Concat)
  3223 (Concat) -> 3122 (Concat)
  3223 (Concat) -> 3163 (Slice)
  3223 (Concat) -> 3212 (Concat)
  3223 (Concat) -> 3136 (Concat)
  3223 (Concat) -> 3128 (Concat)
  3223 (Concat) -> 3174 (Concat)
  3223 (Concat) -> 3155 (Concat)
  3223 (Concat) -> 3229 (Concat)
  3223 (Concat) -> 3186 (Concat)
  3223 (Concat) -> 3126 (Concat)
  3223 (Concat) -> 3120 (Slice)
  3223 (Concat) -> 3257 (Concat)
  3223 (Concat) -> 3184 (Concat)
  3223 (Concat) -> 3124 (Concat)
  3223 (Concat) -> 3256 (Concat)
  3223 (Concat) -> 3112 (Sub)
  3223 (Concat) -> 3113 (Concat)
  3223 (Concat) -> 3197 (Concat)
  3223 (Concat) -> 3123 (Concat)
  3223 (Concat) -> 3220 (Concat)
  3223 (Concat) -> 3187 (Concat)
  3223 (Concat) -> 3157 (Concat)
  3223 (Concat) -> 3117 (Concat)
  3223 (Concat) -> 3135 (Slice)
  3223 (Concat) -> 3151 (Concat)
  3223 (Concat) -> 3150 (Concat)
  3223 (Concat) -> 3170 (Concat)
  3223 (Concat) -> 3138 (Concat)
  3223 (Concat) -> 3154 (Concat)
  3223 (Concat) -> 3140 (Concat)
  3223 (Concat) -> 3146 (Concat)
  3223 (Concat) -> 3125 (Concat)
  3223 (Concat) -> 3147 (Slice)
  3223 (Concat) -> 3227 (Concat)
  3223 (Concat) -> 3131 (Concat)
  3223 (Concat) -> 3178 (Concat)
  3223 (Concat) -> 3149 (Slice)
  3223 (Concat) -> 3206 (Concat)
  3223 (Concat) -> 3152 (Concat)
  3223 (Concat) -> 3243 (Concat)
  3223 (Concat) -> 3139 (Concat)
  3223 (Concat) -> 3110 (Concat)
  3223 (Concat) -> 3216 (Concat)
  3223 (Concat) -> 3153 (Concat)
  3223 (Concat) -> 3156 (Concat)
  3223 (Concat) -> 3198 (Concat)
  3223 (Concat) -> 3255 (Concat)
  3223 (Concat) -> 3159 (Concat)
  3223 (Concat) -> 3145 (Concat)
  3223 (Concat) -> 3266 (Concat)
  3223 (Concat) -> 3162 (Slice)
  3223 (Concat) -> 3158 (Concat)
  3223 (Concat) -> 3253 (Concat)
  3223 (Concat) -> 3164 (Concat)
  3223 (Concat) -> 3238 (Concat)
  3223 (Concat) -> 3240 (Concat)
  3223 (Concat) -> 3237 (Concat)
  3223 (Concat) -> 3278 (Concat)
  3223 (Concat) -> 3245 (Slice)
  3223 (Concat) -> 3246 (Slice)
  3223 (Concat) -> 3247 (Slice)
  3223 (Concat) -> 3142 (Concat)
  3223 (Concat) -> 3248 (Concat)
  3223 (Concat) -> 3249 (Concat)
  3223 (Concat) -> 3250 (Concat)
  3223 (Concat) -> 3119 (Slice)
  3223 (Concat) -> 3251 (Concat)
  3223 (Concat) -> 3167 (Concat)
  3223 (Concat) -> 3224 (Concat)
  3223 (Concat) -> 3254 (Concat)
  3223 (Concat) -> 3202 (Concat)
  3223 (Concat) -> 3259 (Slice)
  3223 (Concat) -> 3260 (Slice)
  3223 (Concat) -> 3118 (Concat)
  3223 (Concat) -> 3261 (Slice)
  3223 (Concat) -> 3271 (Concat)
  3223 (Concat) -> 3262 (Concat)
  3223 (Concat) -> 3265 (Concat)
  3223 (Concat) -> 3268 (Concat)
  3223 (Concat) -> 3205 (Slice)
  3223 (Concat) -> 3269 (Concat)
  3223 (Concat) -> 3270 (Concat)
  3223 (Concat) -> 3272 (Concat)
  3223 (Concat) -> 3273 (Slice)
  3223 (Concat) -> 3275 (Slice)
  3223 (Concat) -> 3194 (Concat)
  3223 (Concat) -> 3274 (Slice)
  3223 (Concat) -> 3276 (Concat)
  3223 (Concat) -> 3277 (Concat)
  3223 (Concat) -> 3279 (Concat)
  3223 (Concat) -> 3280 (Concat)
  3223 (Concat) -> 3281 (Concat)
  3223 (Concat) -> 3252 (Concat)
  3223 (Concat) -> 3179 (Concat)
  3223 (Concat) -> 3115 (Concat)
  3223 (Concat) -> 3258 (Concat)
  3223 (Concat) -> 3166 (Concat)
  3223 (Concat) -> 3160 (Concat)
  3223 (Concat) -> 3239 (Concat)
  3223 (Concat) -> 3137 (Concat)
  3223 (Concat) -> 3183 (Concat)
  3223 (Concat) -> 3242 (Concat)
  3223 (Concat) -> 3181 (Concat)
  3223 (Concat) -> 3129 (Concat)
  3223 (Concat) -> 3161 (Slice)
  3223 (Concat) -> 3232 (Slice)
  3223 (Concat) -> 3213 (Concat)
  3223 (Concat) -> 3114 (Concat)
  3223 (Concat) -> 3263 (Concat)
  3197 (Concat) -> 3231 (Slice)
  3197 (Concat) -> 3219 (Slice)
  3197 (Concat) -> 3236 (Concat)
  3197 (Concat) -> 3225 (Concat)
  3197 (Concat) -> 3177 (Slice)
  3197 (Concat) -> 3234 (Concat)
  3197 (Concat) -> 3190 (Slice)
  3197 (Concat) -> 3210 (Concat)
  3197 (Concat) -> 3218 (Slice)
  3197 (Concat) -> 3143 (Concat)
  3197 (Concat) -> 3168 (Concat)
  3197 (Concat) -> 3217 (Slice)
  3197 (Concat) -> 3222 (Concat)
  3197 (Concat) -> 3214 (Concat)
  3197 (Concat) -> 3211 (Concat)
  3197 (Concat) -> 3121 (Slice)
  3197 (Concat) -> 3226 (Concat)
  3197 (Concat) -> 3111 (Div)
  3197 (Concat) -> 3221 (Concat)
  3197 (Concat) -> 3241 (Concat)
  3197 (Concat) -> 3209 (Concat)
  3197 (Concat) -> 3208 (Concat)
  3197 (Concat) -> 3133 (Slice)
  3197 (Concat) -> 3207 (Concat)
  3197 (Concat) -> 3204 (Slice)
  3197 (Concat) -> 3203 (Slice)
  3197 (Concat) -> 3148 (Slice)
  3197 (Concat) -> 3215 (Concat)
  3197 (Concat) -> 3199 (Concat)
  3197 (Concat) -> 3171 (Concat)
  3197 (Concat) -> 3127 (Concat)
  3197 (Concat) -> 3244 (Concat)
  3197 (Concat) -> 3196 (Concat)
  3197 (Concat) -> 3200 (Concat)
  3197 (Concat) -> 3195 (Concat)
  3197 (Concat) -> 3144 (Concat)
  3197 (Concat) -> 3264 (Concat)
  3197 (Concat) -> 3193 (Concat)
  3197 (Concat) -> 3228 (Concat)
  3197 (Concat) -> 3192 (Concat)
  3197 (Concat) -> 3201 (Concat)
  3197 (Concat) -> 3141 (Concat)
  3197 (Concat) -> 3189 (Slice)
  3197 (Concat) -> 3188 (Concat)
  3197 (Concat) -> 3233 (Slice)
  3197 (Concat) -> 3132 (Concat)
  3197 (Concat) -> 3185 (Concat)
  3197 (Concat) -> 3134 (Slice)
  3197 (Concat) -> 3182 (Concat)
  3197 (Concat) -> 3180 (Concat)
  3197 (Concat) -> 3130 (Concat)
  3197 (Concat) -> 3165 (Concat)
  3197 (Concat) -> 3176 (Slice)
  3197 (Concat) -> 3191 (Slice)
  3197 (Concat) -> 3175 (Slice)
  3197 (Concat) -> 3172 (Concat)
  3197 (Concat) -> 3173 (Concat)
  3197 (Concat) -> 3169 (Concat)
  3197 (Concat) -> 3230 (Concat)
  3197 (Concat) -> 3116 (Concat)
  3197 (Concat) -> 3267 (Concat)
  3197 (Concat) -> 3235 (Concat)
  3197 (Concat) -> 3122 (Concat)
  3197 (Concat) -> 3163 (Slice)
  3197 (Concat) -> 3212 (Concat)
  3197 (Concat) -> 3136 (Concat)
  3197 (Concat) -> 3128 (Concat)
  3197 (Concat) -> 3174 (Concat)
  3197 (Concat) -> 3155 (Concat)
  3197 (Concat) -> 3229 (Concat)
  3197 (Concat) -> 3186 (Concat)
  3197 (Concat) -> 3126 (Concat)
  3197 (Concat) -> 3120 (Slice)
  3197 (Concat) -> 3257 (Concat)
  3197 (Concat) -> 3184 (Concat)
  3197 (Concat) -> 3124 (Concat)
  3197 (Concat) -> 3256 (Concat)
  3197 (Concat) -> 3112 (Sub)
  3197 (Concat) -> 3113 (Concat)
  3197 (Concat) -> 3223 (Concat)
  3197 (Concat) -> 3123 (Concat)
  3197 (Concat) -> 3220 (Concat)
  3197 (Concat) -> 3187 (Concat)
  3197 (Concat) -> 3157 (Concat)
  3197 (Concat) -> 3117 (Concat)
  3197 (Concat) -> 3135 (Slice)
  3197 (Concat) -> 3151 (Concat)
  3197 (Concat) -> 3150 (Concat)
  3197 (Concat) -> 3170 (Concat)
  3197 (Concat) -> 3138 (Concat)
  3197 (Concat) -> 3154 (Concat)
  3197 (Concat) -> 3140 (Concat)
  3197 (Concat) -> 3146 (Concat)
  3197 (Concat) -> 3125 (Concat)
  3197 (Concat) -> 3147 (Slice)
  3197 (Concat) -> 3227 (Concat)
  3197 (Concat) -> 3131 (Concat)
  3197 (Concat) -> 3178 (Concat)
  3197 (Concat) -> 3149 (Slice)
  3197 (Concat) -> 3206 (Concat)
  3197 (Concat) -> 3152 (Concat)
  3197 (Concat) -> 3243 (Concat)
  3197 (Concat) -> 3139 (Concat)
  3197 (Concat) -> 3110 (Concat)
  3197 (Concat) -> 3216 (Concat)
  3197 (Concat) -> 3153 (Concat)
  3197 (Concat) -> 3156 (Concat)
  3197 (Concat) -> 3198 (Concat)
  3197 (Concat) -> 3255 (Concat)
  3197 (Concat) -> 3159 (Concat)
  3197 (Concat) -> 3145 (Concat)
  3197 (Concat) -> 3266 (Concat)
  3197 (Concat) -> 3162 (Slice)
  3197 (Concat) -> 3158 (Concat)
  3197 (Concat) -> 3253 (Concat)
  3197 (Concat) -> 3164 (Concat)
  3197 (Concat) -> 3238 (Concat)
  3197 (Concat) -> 3240 (Concat)
  3197 (Concat) -> 3237 (Concat)
  3197 (Concat) -> 3278 (Concat)
  3197 (Concat) -> 3245 (Slice)
  3197 (Concat) -> 3246 (Slice)
  3197 (Concat) -> 3247 (Slice)
  3197 (Concat) -> 3142 (Concat)
  3197 (Concat) -> 3248 (Concat)
  3197 (Concat) -> 3249 (Concat)
  3197 (Concat) -> 3250 (Concat)
  3197 (Concat) -> 3119 (Slice)
  3197 (Concat) -> 3251 (Concat)
  3197 (Concat) -> 3167 (Concat)
  3197 (Concat) -> 3224 (Concat)
  3197 (Concat) -> 3254 (Concat)
  3197 (Concat) -> 3202 (Concat)
  3197 (Concat) -> 3259 (Slice)
  3197 (Concat) -> 3260 (Slice)
  3197 (Concat) -> 3118 (Concat)
  3197 (Concat) -> 3261 (Slice)
  3197 (Concat) -> 3271 (Concat)
  3197 (Concat) -> 3262 (Concat)
  3197 (Concat) -> 3265 (Concat)
  3197 (Concat) -> 3268 (Concat)
  3197 (Concat) -> 3205 (Slice)
  3197 (Concat) -> 3269 (Concat)
  3197 (Concat) -> 3270 (Concat)
  3197 (Concat) -> 3272 (Concat)
  3197 (Concat) -> 3273 (Slice)
  3197 (Concat) -> 3275 (Slice)
  3197 (Concat) -> 3194 (Concat)
  3197 (Concat) -> 3274 (Slice)
  3197 (Concat) -> 3276 (Concat)
  3197 (Concat) -> 3277 (Concat)
  3197 (Concat) -> 3279 (Concat)
  3197 (Concat) -> 3280 (Concat)
  3197 (Concat) -> 3281 (Concat)
  3197 (Concat) -> 3252 (Concat)
  3197 (Concat) -> 3179 (Concat)
  3197 (Concat) -> 3115 (Concat)
  3197 (Concat) -> 3258 (Concat)
  3197 (Concat) -> 3166 (Concat)
  3197 (Concat) -> 3160 (Concat)
  3197 (Concat) -> 3239 (Concat)
  3197 (Concat) -> 3137 (Concat)
  3197 (Concat) -> 3183 (Concat)
  3197 (Concat) -> 3242 (Concat)
  3197 (Concat) -> 3181 (Concat)
  3197 (Concat) -> 3129 (Concat)
  3197 (Concat) -> 3161 (Slice)
  3197 (Concat) -> 3232 (Slice)
  3197 (Concat) -> 3213 (Concat)
  3197 (Concat) -> 3114 (Concat)
  3197 (Concat) -> 3263 (Concat)
  3123 (Concat) -> 3231 (Slice)
  3123 (Concat) -> 3219 (Slice)
  3123 (Concat) -> 3236 (Concat)
  3123 (Concat) -> 3225 (Concat)
  3123 (Concat) -> 3177 (Slice)
  3123 (Concat) -> 3234 (Concat)
  3123 (Concat) -> 3190 (Slice)
  3123 (Concat) -> 3210 (Concat)
  3123 (Concat) -> 3218 (Slice)
  3123 (Concat) -> 3143 (Concat)
  3123 (Concat) -> 3168 (Concat)
  3123 (Concat) -> 3217 (Slice)
  3123 (Concat) -> 3222 (Concat)
  3123 (Concat) -> 3214 (Concat)
  3123 (Concat) -> 3211 (Concat)
  3123 (Concat) -> 3121 (Slice)
  3123 (Concat) -> 3226 (Concat)
  3123 (Concat) -> 3111 (Div)
  3123 (Concat) -> 3221 (Concat)
  3123 (Concat) -> 3241 (Concat)
  3123 (Concat) -> 3209 (Concat)
  3123 (Concat) -> 3208 (Concat)
  3123 (Concat) -> 3133 (Slice)
  3123 (Concat) -> 3207 (Concat)
  3123 (Concat) -> 3204 (Slice)
  3123 (Concat) -> 3203 (Slice)
  3123 (Concat) -> 3148 (Slice)
  3123 (Concat) -> 3215 (Concat)
  3123 (Concat) -> 3199 (Concat)
  3123 (Concat) -> 3171 (Concat)
  3123 (Concat) -> 3127 (Concat)
  3123 (Concat) -> 3244 (Concat)
  3123 (Concat) -> 3196 (Concat)
  3123 (Concat) -> 3200 (Concat)
  3123 (Concat) -> 3195 (Concat)
  3123 (Concat) -> 3144 (Concat)
  3123 (Concat) -> 3264 (Concat)
  3123 (Concat) -> 3193 (Concat)
  3123 (Concat) -> 3228 (Concat)
  3123 (Concat) -> 3192 (Concat)
  3123 (Concat) -> 3201 (Concat)
  3123 (Concat) -> 3141 (Concat)
  3123 (Concat) -> 3189 (Slice)
  3123 (Concat) -> 3188 (Concat)
  3123 (Concat) -> 3233 (Slice)
  3123 (Concat) -> 3132 (Concat)
  3123 (Concat) -> 3185 (Concat)
  3123 (Concat) -> 3134 (Slice)
  3123 (Concat) -> 3182 (Concat)
  3123 (Concat) -> 3180 (Concat)
  3123 (Concat) -> 3130 (Concat)
  3123 (Concat) -> 3165 (Concat)
  3123 (Concat) -> 3176 (Slice)
  3123 (Concat) -> 3191 (Slice)
  3123 (Concat) -> 3175 (Slice)
  3123 (Concat) -> 3172 (Concat)
  3123 (Concat) -> 3173 (Concat)
  3123 (Concat) -> 3169 (Concat)
  3123 (Concat) -> 3230 (Concat)
  3123 (Concat) -> 3116 (Concat)
  3123 (Concat) -> 3267 (Concat)
  3123 (Concat) -> 3235 (Concat)
  3123 (Concat) -> 3122 (Concat)
  3123 (Concat) -> 3163 (Slice)
  3123 (Concat) -> 3212 (Concat)
  3123 (Concat) -> 3136 (Concat)
  3123 (Concat) -> 3128 (Concat)
  3123 (Concat) -> 3174 (Concat)
  3123 (Concat) -> 3155 (Concat)
  3123 (Concat) -> 3229 (Concat)
  3123 (Concat) -> 3186 (Concat)
  3123 (Concat) -> 3126 (Concat)
  3123 (Concat) -> 3120 (Slice)
  3123 (Concat) -> 3257 (Concat)
  3123 (Concat) -> 3184 (Concat)
  3123 (Concat) -> 3124 (Concat)
  3123 (Concat) -> 3256 (Concat)
  3123 (Concat) -> 3112 (Sub)
  3123 (Concat) -> 3113 (Concat)
  3123 (Concat) -> 3223 (Concat)
  3123 (Concat) -> 3197 (Concat)
  3123 (Concat) -> 3220 (Concat)
  3123 (Concat) -> 3187 (Concat)
  3123 (Concat) -> 3157 (Concat)
  3123 (Concat) -> 3117 (Concat)
  3123 (Concat) -> 3135 (Slice)
  3123 (Concat) -> 3151 (Concat)
  3123 (Concat) -> 3150 (Concat)
  3123 (Concat) -> 3170 (Concat)
  3123 (Concat) -> 3138 (Concat)
  3123 (Concat) -> 3154 (Concat)
  3123 (Concat) -> 3140 (Concat)
  3123 (Concat) -> 3146 (Concat)
  3123 (Concat) -> 3125 (Concat)
  3123 (Concat) -> 3147 (Slice)
  3123 (Concat) -> 3227 (Concat)
  3123 (Concat) -> 3131 (Concat)
  3123 (Concat) -> 3178 (Concat)
  3123 (Concat) -> 3149 (Slice)
  3123 (Concat) -> 3206 (Concat)
  3123 (Concat) -> 3152 (Concat)
  3123 (Concat) -> 3243 (Concat)
  3123 (Concat) -> 3139 (Concat)
  3123 (Concat) -> 3110 (Concat)
  3123 (Concat) -> 3216 (Concat)
  3123 (Concat) -> 3153 (Concat)
  3123 (Concat) -> 3156 (Concat)
  3123 (Concat) -> 3198 (Concat)
  3123 (Concat) -> 3255 (Concat)
  3123 (Concat) -> 3159 (Concat)
  3123 (Concat) -> 3145 (Concat)
  3123 (Concat) -> 3266 (Concat)
  3123 (Concat) -> 3162 (Slice)
  3123 (Concat) -> 3158 (Concat)
  3123 (Concat) -> 3253 (Concat)
  3123 (Concat) -> 3164 (Concat)
  3123 (Concat) -> 3238 (Concat)
  3123 (Concat) -> 3240 (Concat)
  3123 (Concat) -> 3237 (Concat)
  3123 (Concat) -> 3278 (Concat)
  3123 (Concat) -> 3245 (Slice)
  3123 (Concat) -> 3246 (Slice)
  3123 (Concat) -> 3247 (Slice)
  3123 (Concat) -> 3142 (Concat)
  3123 (Concat) -> 3248 (Concat)
  3123 (Concat) -> 3249 (Concat)
  3123 (Concat) -> 3250 (Concat)
  3123 (Concat) -> 3119 (Slice)
  3123 (Concat) -> 3251 (Concat)
  3123 (Concat) -> 3167 (Concat)
  3123 (Concat) -> 3224 (Concat)
  3123 (Concat) -> 3254 (Concat)
  3123 (Concat) -> 3202 (Concat)
  3123 (Concat) -> 3259 (Slice)
  3123 (Concat) -> 3260 (Slice)
  3123 (Concat) -> 3118 (Concat)
  3123 (Concat) -> 3261 (Slice)
  3123 (Concat) -> 3271 (Concat)
  3123 (Concat) -> 3262 (Concat)
  3123 (Concat) -> 3265 (Concat)
  3123 (Concat) -> 3268 (Concat)
  3123 (Concat) -> 3205 (Slice)
  3123 (Concat) -> 3269 (Concat)
  3123 (Concat) -> 3270 (Concat)
  3123 (Concat) -> 3272 (Concat)
  3123 (Concat) -> 3273 (Slice)
  3123 (Concat) -> 3275 (Slice)
  3123 (Concat) -> 3194 (Concat)
  3123 (Concat) -> 3274 (Slice)
  3123 (Concat) -> 3276 (Concat)
  3123 (Concat) -> 3277 (Concat)
  3123 (Concat) -> 3279 (Concat)
  3123 (Concat) -> 3280 (Concat)
  3123 (Concat) -> 3281 (Concat)
  3123 (Concat) -> 3252 (Concat)
  3123 (Concat) -> 3179 (Concat)
  3123 (Concat) -> 3115 (Concat)
  3123 (Concat) -> 3258 (Concat)
  3123 (Concat) -> 3166 (Concat)
  3123 (Concat) -> 3160 (Concat)
  3123 (Concat) -> 3239 (Concat)
  3123 (Concat) -> 3137 (Concat)
  3123 (Concat) -> 3183 (Concat)
  3123 (Concat) -> 3242 (Concat)
  3123 (Concat) -> 3181 (Concat)
  3123 (Concat) -> 3129 (Concat)
  3123 (Concat) -> 3161 (Slice)
  3123 (Concat) -> 3232 (Slice)
  3123 (Concat) -> 3213 (Concat)
  3123 (Concat) -> 3114 (Concat)
  3123 (Concat) -> 3263 (Concat)
  3220 (Concat) -> 3231 (Slice)
  3220 (Concat) -> 3219 (Slice)
  3220 (Concat) -> 3236 (Concat)
  3220 (Concat) -> 3225 (Concat)
  3220 (Concat) -> 3177 (Slice)
  3220 (Concat) -> 3234 (Concat)
  3220 (Concat) -> 3190 (Slice)
  3220 (Concat) -> 3210 (Concat)
  3220 (Concat) -> 3218 (Slice)
  3220 (Concat) -> 3143 (Concat)
  3220 (Concat) -> 3168 (Concat)
  3220 (Concat) -> 3217 (Slice)
  3220 (Concat) -> 3222 (Concat)
  3220 (Concat) -> 3214 (Concat)
  3220 (Concat) -> 3211 (Concat)
  3220 (Concat) -> 3121 (Slice)
  3220 (Concat) -> 3226 (Concat)
  3220 (Concat) -> 3111 (Div)
  3220 (Concat) -> 3221 (Concat)
  3220 (Concat) -> 3241 (Concat)
  3220 (Concat) -> 3209 (Concat)
  3220 (Concat) -> 3208 (Concat)
  3220 (Concat) -> 3133 (Slice)
  3220 (Concat) -> 3207 (Concat)
  3220 (Concat) -> 3204 (Slice)
  3220 (Concat) -> 3203 (Slice)
  3220 (Concat) -> 3148 (Slice)
  3220 (Concat) -> 3215 (Concat)
  3220 (Concat) -> 3199 (Concat)
  3220 (Concat) -> 3171 (Concat)
  3220 (Concat) -> 3127 (Concat)
  3220 (Concat) -> 3244 (Concat)
  3220 (Concat) -> 3196 (Concat)
  3220 (Concat) -> 3200 (Concat)
  3220 (Concat) -> 3195 (Concat)
  3220 (Concat) -> 3144 (Concat)
  3220 (Concat) -> 3264 (Concat)
  3220 (Concat) -> 3193 (Concat)
  3220 (Concat) -> 3228 (Concat)
  3220 (Concat) -> 3192 (Concat)
  3220 (Concat) -> 3201 (Concat)
  3220 (Concat) -> 3141 (Concat)
  3220 (Concat) -> 3189 (Slice)
  3220 (Concat) -> 3188 (Concat)
  3220 (Concat) -> 3233 (Slice)
  3220 (Concat) -> 3132 (Concat)
  3220 (Concat) -> 3185 (Concat)
  3220 (Concat) -> 3134 (Slice)
  3220 (Concat) -> 3182 (Concat)
  3220 (Concat) -> 3180 (Concat)
  3220 (Concat) -> 3130 (Concat)
  3220 (Concat) -> 3165 (Concat)
  3220 (Concat) -> 3176 (Slice)
  3220 (Concat) -> 3191 (Slice)
  3220 (Concat) -> 3175 (Slice)
  3220 (Concat) -> 3172 (Concat)
  3220 (Concat) -> 3173 (Concat)
  3220 (Concat) -> 3169 (Concat)
  3220 (Concat) -> 3230 (Concat)
  3220 (Concat) -> 3116 (Concat)
  3220 (Concat) -> 3267 (Concat)
  3220 (Concat) -> 3235 (Concat)
  3220 (Concat) -> 3122 (Concat)
  3220 (Concat) -> 3163 (Slice)
  3220 (Concat) -> 3212 (Concat)
  3220 (Concat) -> 3136 (Concat)
  3220 (Concat) -> 3128 (Concat)
  3220 (Concat) -> 3174 (Concat)
  3220 (Concat) -> 3155 (Concat)
  3220 (Concat) -> 3229 (Concat)
  3220 (Concat) -> 3186 (Concat)
  3220 (Concat) -> 3126 (Concat)
  3220 (Concat) -> 3120 (Slice)
  3220 (Concat) -> 3257 (Concat)
  3220 (Concat) -> 3184 (Concat)
  3220 (Concat) -> 3124 (Concat)
  3220 (Concat) -> 3256 (Concat)
  3220 (Concat) -> 3112 (Sub)
  3220 (Concat) -> 3113 (Concat)
  3220 (Concat) -> 3223 (Concat)
  3220 (Concat) -> 3197 (Concat)
  3220 (Concat) -> 3123 (Concat)
  3220 (Concat) -> 3187 (Concat)
  3220 (Concat) -> 3157 (Concat)
  3220 (Concat) -> 3117 (Concat)
  3220 (Concat) -> 3135 (Slice)
  3220 (Concat) -> 3151 (Concat)
  3220 (Concat) -> 3150 (Concat)
  3220 (Concat) -> 3170 (Concat)
  3220 (Concat) -> 3138 (Concat)
  3220 (Concat) -> 3154 (Concat)
  3220 (Concat) -> 3140 (Concat)
  3220 (Concat) -> 3146 (Concat)
  3220 (Concat) -> 3125 (Concat)
  3220 (Concat) -> 3147 (Slice)
  3220 (Concat) -> 3227 (Concat)
  3220 (Concat) -> 3131 (Concat)
  3220 (Concat) -> 3178 (Concat)
  3220 (Concat) -> 3149 (Slice)
  3220 (Concat) -> 3206 (Concat)
  3220 (Concat) -> 3152 (Concat)
  3220 (Concat) -> 3243 (Concat)
  3220 (Concat) -> 3139 (Concat)
  3220 (Concat) -> 3110 (Concat)
  3220 (Concat) -> 3216 (Concat)
  3220 (Concat) -> 3153 (Concat)
  3220 (Concat) -> 3156 (Concat)
  3220 (Concat) -> 3198 (Concat)
  3220 (Concat) -> 3255 (Concat)
  3220 (Concat) -> 3159 (Concat)
  3220 (Concat) -> 3145 (Concat)
  3220 (Concat) -> 3266 (Concat)
  3220 (Concat) -> 3162 (Slice)
  3220 (Concat) -> 3158 (Concat)
  3220 (Concat) -> 3253 (Concat)
  3220 (Concat) -> 3164 (Concat)
  3220 (Concat) -> 3238 (Concat)
  3220 (Concat) -> 3240 (Concat)
  3220 (Concat) -> 3237 (Concat)
  3220 (Concat) -> 3278 (Concat)
  3220 (Concat) -> 3245 (Slice)
  3220 (Concat) -> 3246 (Slice)
  3220 (Concat) -> 3247 (Slice)
  3220 (Concat) -> 3142 (Concat)
  3220 (Concat) -> 3248 (Concat)
  3220 (Concat) -> 3249 (Concat)
  3220 (Concat) -> 3250 (Concat)
  3220 (Concat) -> 3119 (Slice)
  3220 (Concat) -> 3251 (Concat)
  3220 (Concat) -> 3167 (Concat)
  3220 (Concat) -> 3224 (Concat)
  3220 (Concat) -> 3254 (Concat)
  3220 (Concat) -> 3202 (Concat)
  3220 (Concat) -> 3259 (Slice)
  3220 (Concat) -> 3260 (Slice)
  3220 (Concat) -> 3118 (Concat)
  3220 (Concat) -> 3261 (Slice)
  3220 (Concat) -> 3271 (Concat)
  3220 (Concat) -> 3262 (Concat)
  3220 (Concat) -> 3265 (Concat)
  3220 (Concat) -> 3268 (Concat)
  3220 (Concat) -> 3205 (Slice)
  3220 (Concat) -> 3269 (Concat)
  3220 (Concat) -> 3270 (Concat)
  3220 (Concat) -> 3272 (Concat)
  3220 (Concat) -> 3273 (Slice)
  3220 (Concat) -> 3275 (Slice)
  3220 (Concat) -> 3194 (Concat)
  3220 (Concat) -> 3274 (Slice)
  3220 (Concat) -> 3276 (Concat)
  3220 (Concat) -> 3277 (Concat)
  3220 (Concat) -> 3279 (Concat)
  3220 (Concat) -> 3280 (Concat)
  3220 (Concat) -> 3281 (Concat)
  3220 (Concat) -> 3252 (Concat)
  3220 (Concat) -> 3179 (Concat)
  3220 (Concat) -> 3115 (Concat)
  3220 (Concat) -> 3258 (Concat)
  3220 (Concat) -> 3166 (Concat)
  3220 (Concat) -> 3160 (Concat)
  3220 (Concat) -> 3239 (Concat)
  3220 (Concat) -> 3137 (Concat)
  3220 (Concat) -> 3183 (Concat)
  3220 (Concat) -> 3242 (Concat)
  3220 (Concat) -> 3181 (Concat)
  3220 (Concat) -> 3129 (Concat)
  3220 (Concat) -> 3161 (Slice)
  3220 (Concat) -> 3232 (Slice)
  3220 (Concat) -> 3213 (Concat)
  3220 (Concat) -> 3114 (Concat)
  3220 (Concat) -> 3263 (Concat)
  3187 (Concat) -> 3231 (Slice)
  3187 (Concat) -> 3219 (Slice)
  3187 (Concat) -> 3236 (Concat)
  3187 (Concat) -> 3225 (Concat)
  3187 (Concat) -> 3177 (Slice)
  3187 (Concat) -> 3234 (Concat)
  3187 (Concat) -> 3190 (Slice)
  3187 (Concat) -> 3210 (Concat)
  3187 (Concat) -> 3218 (Slice)
  3187 (Concat) -> 3143 (Concat)
  3187 (Concat) -> 3168 (Concat)
  3187 (Concat) -> 3217 (Slice)
  3187 (Concat) -> 3222 (Concat)
  3187 (Concat) -> 3214 (Concat)
  3187 (Concat) -> 3211 (Concat)
  3187 (Concat) -> 3121 (Slice)
  3187 (Concat) -> 3226 (Concat)
  3187 (Concat) -> 3111 (Div)
  3187 (Concat) -> 3221 (Concat)
  3187 (Concat) -> 3241 (Concat)
  3187 (Concat) -> 3209 (Concat)
  3187 (Concat) -> 3208 (Concat)
  3187 (Concat) -> 3133 (Slice)
  3187 (Concat) -> 3207 (Concat)
  3187 (Concat) -> 3204 (Slice)
  3187 (Concat) -> 3203 (Slice)
  3187 (Concat) -> 3148 (Slice)
  3187 (Concat) -> 3215 (Concat)
  3187 (Concat) -> 3199 (Concat)
  3187 (Concat) -> 3171 (Concat)
  3187 (Concat) -> 3127 (Concat)
  3187 (Concat) -> 3244 (Concat)
  3187 (Concat) -> 3196 (Concat)
  3187 (Concat) -> 3200 (Concat)
  3187 (Concat) -> 3195 (Concat)
  3187 (Concat) -> 3144 (Concat)
  3187 (Concat) -> 3264 (Concat)
  3187 (Concat) -> 3193 (Concat)
  3187 (Concat) -> 3228 (Concat)
  3187 (Concat) -> 3192 (Concat)
  3187 (Concat) -> 3201 (Concat)
  3187 (Concat) -> 3141 (Concat)
  3187 (Concat) -> 3189 (Slice)
  3187 (Concat) -> 3188 (Concat)
  3187 (Concat) -> 3233 (Slice)
  3187 (Concat) -> 3132 (Concat)
  3187 (Concat) -> 3185 (Concat)
  3187 (Concat) -> 3134 (Slice)
  3187 (Concat) -> 3182 (Concat)
  3187 (Concat) -> 3180 (Concat)
  3187 (Concat) -> 3130 (Concat)
  3187 (Concat) -> 3165 (Concat)
  3187 (Concat) -> 3176 (Slice)
  3187 (Concat) -> 3191 (Slice)
  3187 (Concat) -> 3175 (Slice)
  3187 (Concat) -> 3172 (Concat)
  3187 (Concat) -> 3173 (Concat)
  3187 (Concat) -> 3169 (Concat)
  3187 (Concat) -> 3230 (Concat)
  3187 (Concat) -> 3116 (Concat)
  3187 (Concat) -> 3267 (Concat)
  3187 (Concat) -> 3235 (Concat)
  3187 (Concat) -> 3122 (Concat)
  3187 (Concat) -> 3163 (Slice)
  3187 (Concat) -> 3212 (Concat)
  3187 (Concat) -> 3136 (Concat)
  3187 (Concat) -> 3128 (Concat)
  3187 (Concat) -> 3174 (Concat)
  3187 (Concat) -> 3155 (Concat)
  3187 (Concat) -> 3229 (Concat)
  3187 (Concat) -> 3186 (Concat)
  3187 (Concat) -> 3126 (Concat)
  3187 (Concat) -> 3120 (Slice)
  3187 (Concat) -> 3257 (Concat)
  3187 (Concat) -> 3184 (Concat)
  3187 (Concat) -> 3124 (Concat)
  3187 (Concat) -> 3256 (Concat)
  3187 (Concat) -> 3112 (Sub)
  3187 (Concat) -> 3113 (Concat)
  3187 (Concat) -> 3223 (Concat)
  3187 (Concat) -> 3197 (Concat)
  3187 (Concat) -> 3123 (Concat)
  3187 (Concat) -> 3220 (Concat)
  3187 (Concat) -> 3157 (Concat)
  3187 (Concat) -> 3117 (Concat)
  3187 (Concat) -> 3135 (Slice)
  3187 (Concat) -> 3151 (Concat)
  3187 (Concat) -> 3150 (Concat)
  3187 (Concat) -> 3170 (Concat)
  3187 (Concat) -> 3138 (Concat)
  3187 (Concat) -> 3154 (Concat)
  3187 (Concat) -> 3140 (Concat)
  3187 (Concat) -> 3146 (Concat)
  3187 (Concat) -> 3125 (Concat)
  3187 (Concat) -> 3147 (Slice)
  3187 (Concat) -> 3227 (Concat)
  3187 (Concat) -> 3131 (Concat)
  3187 (Concat) -> 3178 (Concat)
  3187 (Concat) -> 3149 (Slice)
  3187 (Concat) -> 3206 (Concat)
  3187 (Concat) -> 3152 (Concat)
  3187 (Concat) -> 3243 (Concat)
  3187 (Concat) -> 3139 (Concat)
  3187 (Concat) -> 3110 (Concat)
  3187 (Concat) -> 3216 (Concat)
  3187 (Concat) -> 3153 (Concat)
  3187 (Concat) -> 3156 (Concat)
  3187 (Concat) -> 3198 (Concat)
  3187 (Concat) -> 3255 (Concat)
  3187 (Concat) -> 3159 (Concat)
  3187 (Concat) -> 3145 (Concat)
  3187 (Concat) -> 3266 (Concat)
  3187 (Concat) -> 3162 (Slice)
  3187 (Concat) -> 3158 (Concat)
  3187 (Concat) -> 3253 (Concat)
  3187 (Concat) -> 3164 (Concat)
  3187 (Concat) -> 3238 (Concat)
  3187 (Concat) -> 3240 (Concat)
  3187 (Concat) -> 3237 (Concat)
  3187 (Concat) -> 3278 (Concat)
  3187 (Concat) -> 3245 (Slice)
  3187 (Concat) -> 3246 (Slice)
  3187 (Concat) -> 3247 (Slice)
  3187 (Concat) -> 3142 (Concat)
  3187 (Concat) -> 3248 (Concat)
  3187 (Concat) -> 3249 (Concat)
  3187 (Concat) -> 3250 (Concat)
  3187 (Concat) -> 3119 (Slice)
  3187 (Concat) -> 3251 (Concat)
  3187 (Concat) -> 3167 (Concat)
  3187 (Concat) -> 3224 (Concat)
  3187 (Concat) -> 3254 (Concat)
  3187 (Concat) -> 3202 (Concat)
  3187 (Concat) -> 3259 (Slice)
  3187 (Concat) -> 3260 (Slice)
  3187 (Concat) -> 3118 (Concat)
  3187 (Concat) -> 3261 (Slice)
  3187 (Concat) -> 3271 (Concat)
  3187 (Concat) -> 3262 (Concat)
  3187 (Concat) -> 3265 (Concat)
  3187 (Concat) -> 3268 (Concat)
  3187 (Concat) -> 3205 (Slice)
  3187 (Concat) -> 3269 (Concat)
  3187 (Concat) -> 3270 (Concat)
  3187 (Concat) -> 3272 (Concat)
  3187 (Concat) -> 3273 (Slice)
  3187 (Concat) -> 3275 (Slice)
  3187 (Concat) -> 3194 (Concat)
  3187 (Concat) -> 3274 (Slice)
  3187 (Concat) -> 3276 (Concat)
  3187 (Concat) -> 3277 (Concat)
  3187 (Concat) -> 3279 (Concat)
  3187 (Concat) -> 3280 (Concat)
  3187 (Concat) -> 3281 (Concat)
  3187 (Concat) -> 3252 (Concat)
  3187 (Concat) -> 3179 (Concat)
  3187 (Concat) -> 3115 (Concat)
  3187 (Concat) -> 3258 (Concat)
  3187 (Concat) -> 3166 (Concat)
  3187 (Concat) -> 3160 (Concat)
  3187 (Concat) -> 3239 (Concat)
  3187 (Concat) -> 3137 (Concat)
  3187 (Concat) -> 3183 (Concat)
  3187 (Concat) -> 3242 (Concat)
  3187 (Concat) -> 3181 (Concat)
  3187 (Concat) -> 3129 (Concat)
  3187 (Concat) -> 3161 (Slice)
  3187 (Concat) -> 3232 (Slice)
  3187 (Concat) -> 3213 (Concat)
  3187 (Concat) -> 3114 (Concat)
  3187 (Concat) -> 3263 (Concat)
  3157 (Concat) -> 3231 (Slice)
  3157 (Concat) -> 3219 (Slice)
  3157 (Concat) -> 3236 (Concat)
  3157 (Concat) -> 3225 (Concat)
  3157 (Concat) -> 3177 (Slice)
  3157 (Concat) -> 3234 (Concat)
  3157 (Concat) -> 3190 (Slice)
  3157 (Concat) -> 3210 (Concat)
  3157 (Concat) -> 3218 (Slice)
  3157 (Concat) -> 3143 (Concat)
  3157 (Concat) -> 3168 (Concat)
  3157 (Concat) -> 3217 (Slice)
  3157 (Concat) -> 3222 (Concat)
  3157 (Concat) -> 3214 (Concat)
  3157 (Concat) -> 3211 (Concat)
  3157 (Concat) -> 3121 (Slice)
  3157 (Concat) -> 3226 (Concat)
  3157 (Concat) -> 3111 (Div)
  3157 (Concat) -> 3221 (Concat)
  3157 (Concat) -> 3241 (Concat)
  3157 (Concat) -> 3209 (Concat)
  3157 (Concat) -> 3208 (Concat)
  3157 (Concat) -> 3133 (Slice)
  3157 (Concat) -> 3207 (Concat)
  3157 (Concat) -> 3204 (Slice)
  3157 (Concat) -> 3203 (Slice)
  3157 (Concat) -> 3148 (Slice)
  3157 (Concat) -> 3215 (Concat)
  3157 (Concat) -> 3199 (Concat)
  3157 (Concat) -> 3171 (Concat)
  3157 (Concat) -> 3127 (Concat)
  3157 (Concat) -> 3244 (Concat)
  3157 (Concat) -> 3196 (Concat)
  3157 (Concat) -> 3200 (Concat)
  3157 (Concat) -> 3195 (Concat)
  3157 (Concat) -> 3144 (Concat)
  3157 (Concat) -> 3264 (Concat)
  3157 (Concat) -> 3193 (Concat)
  3157 (Concat) -> 3228 (Concat)
  3157 (Concat) -> 3192 (Concat)
  3157 (Concat) -> 3201 (Concat)
  3157 (Concat) -> 3141 (Concat)
  3157 (Concat) -> 3189 (Slice)
  3157 (Concat) -> 3188 (Concat)
  3157 (Concat) -> 3233 (Slice)
  3157 (Concat) -> 3132 (Concat)
  3157 (Concat) -> 3185 (Concat)
  3157 (Concat) -> 3134 (Slice)
  3157 (Concat) -> 3182 (Concat)
  3157 (Concat) -> 3180 (Concat)
  3157 (Concat) -> 3130 (Concat)
  3157 (Concat) -> 3165 (Concat)
  3157 (Concat) -> 3176 (Slice)
  3157 (Concat) -> 3191 (Slice)
  3157 (Concat) -> 3175 (Slice)
  3157 (Concat) -> 3172 (Concat)
  3157 (Concat) -> 3173 (Concat)
  3157 (Concat) -> 3169 (Concat)
  3157 (Concat) -> 3230 (Concat)
  3157 (Concat) -> 3116 (Concat)
  3157 (Concat) -> 3267 (Concat)
  3157 (Concat) -> 3235 (Concat)
  3157 (Concat) -> 3122 (Concat)
  3157 (Concat) -> 3163 (Slice)
  3157 (Concat) -> 3212 (Concat)
  3157 (Concat) -> 3136 (Concat)
  3157 (Concat) -> 3128 (Concat)
  3157 (Concat) -> 3174 (Concat)
  3157 (Concat) -> 3155 (Concat)
  3157 (Concat) -> 3229 (Concat)
  3157 (Concat) -> 3186 (Concat)
  3157 (Concat) -> 3126 (Concat)
  3157 (Concat) -> 3120 (Slice)
  3157 (Concat) -> 3257 (Concat)
  3157 (Concat) -> 3184 (Concat)
  3157 (Concat) -> 3124 (Concat)
  3157 (Concat) -> 3256 (Concat)
  3157 (Concat) -> 3112 (Sub)
  3157 (Concat) -> 3113 (Concat)
  3157 (Concat) -> 3223 (Concat)
  3157 (Concat) -> 3197 (Concat)
  3157 (Concat) -> 3123 (Concat)
  3157 (Concat) -> 3220 (Concat)
  3157 (Concat) -> 3187 (Concat)
  3157 (Concat) -> 3117 (Concat)
  3157 (Concat) -> 3135 (Slice)
  3157 (Concat) -> 3151 (Concat)
  3157 (Concat) -> 3150 (Concat)
  3157 (Concat) -> 3170 (Concat)
  3157 (Concat) -> 3138 (Concat)
  3157 (Concat) -> 3154 (Concat)
  3157 (Concat) -> 3140 (Concat)
  3157 (Concat) -> 3146 (Concat)
  3157 (Concat) -> 3125 (Concat)
  3157 (Concat) -> 3147 (Slice)
  3157 (Concat) -> 3227 (Concat)
  3157 (Concat) -> 3131 (Concat)
  3157 (Concat) -> 3178 (Concat)
  3157 (Concat) -> 3149 (Slice)
  3157 (Concat) -> 3206 (Concat)
  3157 (Concat) -> 3152 (Concat)
  3157 (Concat) -> 3243 (Concat)
  3157 (Concat) -> 3139 (Concat)
  3157 (Concat) -> 3110 (Concat)
  3157 (Concat) -> 3216 (Concat)
  3157 (Concat) -> 3153 (Concat)
  3157 (Concat) -> 3156 (Concat)
  3157 (Concat) -> 3198 (Concat)
  3157 (Concat) -> 3255 (Concat)
  3157 (Concat) -> 3159 (Concat)
  3157 (Concat) -> 3145 (Concat)
  3157 (Concat) -> 3266 (Concat)
  3157 (Concat) -> 3162 (Slice)
  3157 (Concat) -> 3158 (Concat)
  3157 (Concat) -> 3253 (Concat)
  3157 (Concat) -> 3164 (Concat)
  3157 (Concat) -> 3238 (Concat)
  3157 (Concat) -> 3240 (Concat)
  3157 (Concat) -> 3237 (Concat)
  3157 (Concat) -> 3278 (Concat)
  3157 (Concat) -> 3245 (Slice)
  3157 (Concat) -> 3246 (Slice)
  3157 (Concat) -> 3247 (Slice)
  3157 (Concat) -> 3142 (Concat)
  3157 (Concat) -> 3248 (Concat)
  3157 (Concat) -> 3249 (Concat)
  3157 (Concat) -> 3250 (Concat)
  3157 (Concat) -> 3119 (Slice)
  3157 (Concat) -> 3251 (Concat)
  3157 (Concat) -> 3167 (Concat)
  3157 (Concat) -> 3224 (Concat)
  3157 (Concat) -> 3254 (Concat)
  3157 (Concat) -> 3202 (Concat)
  3157 (Concat) -> 3259 (Slice)
  3157 (Concat) -> 3260 (Slice)
  3157 (Concat) -> 3118 (Concat)
  3157 (Concat) -> 3261 (Slice)
  3157 (Concat) -> 3271 (Concat)
  3157 (Concat) -> 3262 (Concat)
  3157 (Concat) -> 3265 (Concat)
  3157 (Concat) -> 3268 (Concat)
  3157 (Concat) -> 3205 (Slice)
  3157 (Concat) -> 3269 (Concat)
  3157 (Concat) -> 3270 (Concat)
  3157 (Concat) -> 3272 (Concat)
  3157 (Concat) -> 3273 (Slice)
  3157 (Concat) -> 3275 (Slice)
  3157 (Concat) -> 3194 (Concat)
  3157 (Concat) -> 3274 (Slice)
  3157 (Concat) -> 3276 (Concat)
  3157 (Concat) -> 3277 (Concat)
  3157 (Concat) -> 3279 (Concat)
  3157 (Concat) -> 3280 (Concat)
  3157 (Concat) -> 3281 (Concat)
  3157 (Concat) -> 3252 (Concat)
  3157 (Concat) -> 3179 (Concat)
  3157 (Concat) -> 3115 (Concat)
  3157 (Concat) -> 3258 (Concat)
  3157 (Concat) -> 3166 (Concat)
  3157 (Concat) -> 3160 (Concat)
  3157 (Concat) -> 3239 (Concat)
  3157 (Concat) -> 3137 (Concat)
  3157 (Concat) -> 3183 (Concat)
  3157 (Concat) -> 3242 (Concat)
  3157 (Concat) -> 3181 (Concat)
  3157 (Concat) -> 3129 (Concat)
  3157 (Concat) -> 3161 (Slice)
  3157 (Concat) -> 3232 (Slice)
  3157 (Concat) -> 3213 (Concat)
  3157 (Concat) -> 3114 (Concat)
  3157 (Concat) -> 3263 (Concat)
  3117 (Concat) -> 3231 (Slice)
  3117 (Concat) -> 3219 (Slice)
  3117 (Concat) -> 3236 (Concat)
  3117 (Concat) -> 3225 (Concat)
  3117 (Concat) -> 3177 (Slice)
  3117 (Concat) -> 3234 (Concat)
  3117 (Concat) -> 3190 (Slice)
  3117 (Concat) -> 3210 (Concat)
  3117 (Concat) -> 3218 (Slice)
  3117 (Concat) -> 3143 (Concat)
  3117 (Concat) -> 3168 (Concat)
  3117 (Concat) -> 3217 (Slice)
  3117 (Concat) -> 3222 (Concat)
  3117 (Concat) -> 3214 (Concat)
  3117 (Concat) -> 3211 (Concat)
  3117 (Concat) -> 3121 (Slice)
  3117 (Concat) -> 3226 (Concat)
  3117 (Concat) -> 3111 (Div)
  3117 (Concat) -> 3221 (Concat)
  3117 (Concat) -> 3241 (Concat)
  3117 (Concat) -> 3209 (Concat)
  3117 (Concat) -> 3208 (Concat)
  3117 (Concat) -> 3133 (Slice)
  3117 (Concat) -> 3207 (Concat)
  3117 (Concat) -> 3204 (Slice)
  3117 (Concat) -> 3203 (Slice)
  3117 (Concat) -> 3148 (Slice)
  3117 (Concat) -> 3215 (Concat)
  3117 (Concat) -> 3199 (Concat)
  3117 (Concat) -> 3171 (Concat)
  3117 (Concat) -> 3127 (Concat)
  3117 (Concat) -> 3244 (Concat)
  3117 (Concat) -> 3196 (Concat)
  3117 (Concat) -> 3200 (Concat)
  3117 (Concat) -> 3195 (Concat)
  3117 (Concat) -> 3144 (Concat)
  3117 (Concat) -> 3264 (Concat)
  3117 (Concat) -> 3193 (Concat)
  3117 (Concat) -> 3228 (Concat)
  3117 (Concat) -> 3192 (Concat)
  3117 (Concat) -> 3201 (Concat)
  3117 (Concat) -> 3141 (Concat)
  3117 (Concat) -> 3189 (Slice)
  3117 (Concat) -> 3188 (Concat)
  3117 (Concat) -> 3233 (Slice)
  3117 (Concat) -> 3132 (Concat)
  3117 (Concat) -> 3185 (Concat)
  3117 (Concat) -> 3134 (Slice)
  3117 (Concat) -> 3182 (Concat)
  3117 (Concat) -> 3180 (Concat)
  3117 (Concat) -> 3130 (Concat)
  3117 (Concat) -> 3165 (Concat)
  3117 (Concat) -> 3176 (Slice)
  3117 (Concat) -> 3191 (Slice)
  3117 (Concat) -> 3175 (Slice)
  3117 (Concat) -> 3172 (Concat)
  3117 (Concat) -> 3173 (Concat)
  3117 (Concat) -> 3169 (Concat)
  3117 (Concat) -> 3230 (Concat)
  3117 (Concat) -> 3116 (Concat)
  3117 (Concat) -> 3267 (Concat)
  3117 (Concat) -> 3235 (Concat)
  3117 (Concat) -> 3122 (Concat)
  3117 (Concat) -> 3163 (Slice)
  3117 (Concat) -> 3212 (Concat)
  3117 (Concat) -> 3136 (Concat)
  3117 (Concat) -> 3128 (Concat)
  3117 (Concat) -> 3174 (Concat)
  3117 (Concat) -> 3155 (Concat)
  3117 (Concat) -> 3229 (Concat)
  3117 (Concat) -> 3186 (Concat)
  3117 (Concat) -> 3126 (Concat)
  3117 (Concat) -> 3120 (Slice)
  3117 (Concat) -> 3257 (Concat)
  3117 (Concat) -> 3184 (Concat)
  3117 (Concat) -> 3124 (Concat)
  3117 (Concat) -> 3256 (Concat)
  3117 (Concat) -> 3112 (Sub)
  3117 (Concat) -> 3113 (Concat)
  3117 (Concat) -> 3223 (Concat)
  3117 (Concat) -> 3197 (Concat)
  3117 (Concat) -> 3123 (Concat)
  3117 (Concat) -> 3220 (Concat)
  3117 (Concat) -> 3187 (Concat)
  3117 (Concat) -> 3157 (Concat)
  3117 (Concat) -> 3135 (Slice)
  3117 (Concat) -> 3151 (Concat)
  3117 (Concat) -> 3150 (Concat)
  3117 (Concat) -> 3170 (Concat)
  3117 (Concat) -> 3138 (Concat)
  3117 (Concat) -> 3154 (Concat)
  3117 (Concat) -> 3140 (Concat)
  3117 (Concat) -> 3146 (Concat)
  3117 (Concat) -> 3125 (Concat)
  3117 (Concat) -> 3147 (Slice)
  3117 (Concat) -> 3227 (Concat)
  3117 (Concat) -> 3131 (Concat)
  3117 (Concat) -> 3178 (Concat)
  3117 (Concat) -> 3149 (Slice)
  3117 (Concat) -> 3206 (Concat)
  3117 (Concat) -> 3152 (Concat)
  3117 (Concat) -> 3243 (Concat)
  3117 (Concat) -> 3139 (Concat)
  3117 (Concat) -> 3110 (Concat)
  3117 (Concat) -> 3216 (Concat)
  3117 (Concat) -> 3153 (Concat)
  3117 (Concat) -> 3156 (Concat)
  3117 (Concat) -> 3198 (Concat)
  3117 (Concat) -> 3255 (Concat)
  3117 (Concat) -> 3159 (Concat)
  3117 (Concat) -> 3145 (Concat)
  3117 (Concat) -> 3266 (Concat)
  3117 (Concat) -> 3162 (Slice)
  3117 (Concat) -> 3158 (Concat)
  3117 (Concat) -> 3253 (Concat)
  3117 (Concat) -> 3164 (Concat)
  3117 (Concat) -> 3238 (Concat)
  3117 (Concat) -> 3240 (Concat)
  3117 (Concat) -> 3237 (Concat)
  3117 (Concat) -> 3278 (Concat)
  3117 (Concat) -> 3245 (Slice)
  3117 (Concat) -> 3246 (Slice)
  3117 (Concat) -> 3247 (Slice)
  3117 (Concat) -> 3142 (Concat)
  3117 (Concat) -> 3248 (Concat)
  3117 (Concat) -> 3249 (Concat)
  3117 (Concat) -> 3250 (Concat)
  3117 (Concat) -> 3119 (Slice)
  3117 (Concat) -> 3251 (Concat)
  3117 (Concat) -> 3167 (Concat)
  3117 (Concat) -> 3224 (Concat)
  3117 (Concat) -> 3254 (Concat)
  3117 (Concat) -> 3202 (Concat)
  3117 (Concat) -> 3259 (Slice)
  3117 (Concat) -> 3260 (Slice)
  3117 (Concat) -> 3118 (Concat)
  3117 (Concat) -> 3261 (Slice)
  3117 (Concat) -> 3271 (Concat)
  3117 (Concat) -> 3262 (Concat)
  3117 (Concat) -> 3265 (Concat)
  3117 (Concat) -> 3268 (Concat)
  3117 (Concat) -> 3205 (Slice)
  3117 (Concat) -> 3269 (Concat)
  3117 (Concat) -> 3270 (Concat)
  3117 (Concat) -> 3272 (Concat)
  3117 (Concat) -> 3273 (Slice)
  3117 (Concat) -> 3275 (Slice)
  3117 (Concat) -> 3194 (Concat)
  3117 (Concat) -> 3274 (Slice)
  3117 (Concat) -> 3276 (Concat)
  3117 (Concat) -> 3277 (Concat)
  3117 (Concat) -> 3279 (Concat)
  3117 (Concat) -> 3280 (Concat)
  3117 (Concat) -> 3281 (Concat)
  3117 (Concat) -> 3252 (Concat)
  3117 (Concat) -> 3179 (Concat)
  3117 (Concat) -> 3115 (Concat)
  3117 (Concat) -> 3258 (Concat)
  3117 (Concat) -> 3166 (Concat)
  3117 (Concat) -> 3160 (Concat)
  3117 (Concat) -> 3239 (Concat)
  3117 (Concat) -> 3137 (Concat)
  3117 (Concat) -> 3183 (Concat)
  3117 (Concat) -> 3242 (Concat)
  3117 (Concat) -> 3181 (Concat)
  3117 (Concat) -> 3129 (Concat)
  3117 (Concat) -> 3161 (Slice)
  3117 (Concat) -> 3232 (Slice)
  3117 (Concat) -> 3213 (Concat)
  3117 (Concat) -> 3114 (Concat)
  3117 (Concat) -> 3263 (Concat)
  3135 (Slice) -> 3231 (Slice)
  3135 (Slice) -> 3219 (Slice)
  3135 (Slice) -> 3236 (Concat)
  3135 (Slice) -> 3225 (Concat)
  3135 (Slice) -> 3177 (Slice)
  3135 (Slice) -> 3234 (Concat)
  3135 (Slice) -> 3190 (Slice)
  3135 (Slice) -> 3210 (Concat)
  3135 (Slice) -> 3218 (Slice)
  3135 (Slice) -> 3143 (Concat)
  3135 (Slice) -> 3168 (Concat)
  3135 (Slice) -> 3217 (Slice)
  3135 (Slice) -> 3222 (Concat)
  3135 (Slice) -> 3214 (Concat)
  3135 (Slice) -> 3211 (Concat)
  3135 (Slice) -> 3121 (Slice)
  3135 (Slice) -> 3226 (Concat)
  3135 (Slice) -> 3111 (Div)
  3135 (Slice) -> 3221 (Concat)
  3135 (Slice) -> 3241 (Concat)
  3135 (Slice) -> 3209 (Concat)
  3135 (Slice) -> 3208 (Concat)
  3135 (Slice) -> 3133 (Slice)
  3135 (Slice) -> 3207 (Concat)
  3135 (Slice) -> 3204 (Slice)
  3135 (Slice) -> 3203 (Slice)
  3135 (Slice) -> 3148 (Slice)
  3135 (Slice) -> 3215 (Concat)
  3135 (Slice) -> 3199 (Concat)
  3135 (Slice) -> 3171 (Concat)
  3135 (Slice) -> 3127 (Concat)
  3135 (Slice) -> 3244 (Concat)
  3135 (Slice) -> 3196 (Concat)
  3135 (Slice) -> 3200 (Concat)
  3135 (Slice) -> 3195 (Concat)
  3135 (Slice) -> 3144 (Concat)
  3135 (Slice) -> 3264 (Concat)
  3135 (Slice) -> 3193 (Concat)
  3135 (Slice) -> 3228 (Concat)
  3135 (Slice) -> 3192 (Concat)
  3135 (Slice) -> 3201 (Concat)
  3135 (Slice) -> 3141 (Concat)
  3135 (Slice) -> 3189 (Slice)
  3135 (Slice) -> 3188 (Concat)
  3135 (Slice) -> 3233 (Slice)
  3135 (Slice) -> 3132 (Concat)
  3135 (Slice) -> 3185 (Concat)
  3135 (Slice) -> 3134 (Slice)
  3135 (Slice) -> 3182 (Concat)
  3135 (Slice) -> 3180 (Concat)
  3135 (Slice) -> 3130 (Concat)
  3135 (Slice) -> 3165 (Concat)
  3135 (Slice) -> 3176 (Slice)
  3135 (Slice) -> 3191 (Slice)
  3135 (Slice) -> 3175 (Slice)
  3135 (Slice) -> 3172 (Concat)
  3135 (Slice) -> 3173 (Concat)
  3135 (Slice) -> 3169 (Concat)
  3135 (Slice) -> 3230 (Concat)
  3135 (Slice) -> 3116 (Concat)
  3135 (Slice) -> 3267 (Concat)
  3135 (Slice) -> 3235 (Concat)
  3135 (Slice) -> 3122 (Concat)
  3135 (Slice) -> 3163 (Slice)
  3135 (Slice) -> 3212 (Concat)
  3135 (Slice) -> 3136 (Concat)
  3135 (Slice) -> 3128 (Concat)
  3135 (Slice) -> 3174 (Concat)
  3135 (Slice) -> 3155 (Concat)
  3135 (Slice) -> 3229 (Concat)
  3135 (Slice) -> 3186 (Concat)
  3135 (Slice) -> 3126 (Concat)
  3135 (Slice) -> 3120 (Slice)
  3135 (Slice) -> 3257 (Concat)
  3135 (Slice) -> 3184 (Concat)
  3135 (Slice) -> 3124 (Concat)
  3135 (Slice) -> 3256 (Concat)
  3135 (Slice) -> 3112 (Sub)
  3135 (Slice) -> 3113 (Concat)
  3135 (Slice) -> 3223 (Concat)
  3135 (Slice) -> 3197 (Concat)
  3135 (Slice) -> 3123 (Concat)
  3135 (Slice) -> 3220 (Concat)
  3135 (Slice) -> 3187 (Concat)
  3135 (Slice) -> 3157 (Concat)
  3135 (Slice) -> 3117 (Concat)
  3135 (Slice) -> 3151 (Concat)
  3135 (Slice) -> 3150 (Concat)
  3135 (Slice) -> 3170 (Concat)
  3135 (Slice) -> 3138 (Concat)
  3135 (Slice) -> 3154 (Concat)
  3135 (Slice) -> 3140 (Concat)
  3135 (Slice) -> 3146 (Concat)
  3135 (Slice) -> 3125 (Concat)
  3135 (Slice) -> 3147 (Slice)
  3135 (Slice) -> 3227 (Concat)
  3135 (Slice) -> 3131 (Concat)
  3135 (Slice) -> 3178 (Concat)
  3135 (Slice) -> 3149 (Slice)
  3135 (Slice) -> 3206 (Concat)
  3135 (Slice) -> 3152 (Concat)
  3135 (Slice) -> 3243 (Concat)
  3135 (Slice) -> 3139 (Concat)
  3135 (Slice) -> 3110 (Concat)
  3135 (Slice) -> 3216 (Concat)
  3135 (Slice) -> 3153 (Concat)
  3135 (Slice) -> 3156 (Concat)
  3135 (Slice) -> 3198 (Concat)
  3135 (Slice) -> 3255 (Concat)
  3135 (Slice) -> 3159 (Concat)
  3135 (Slice) -> 3145 (Concat)
  3135 (Slice) -> 3266 (Concat)
  3135 (Slice) -> 3162 (Slice)
  3135 (Slice) -> 3158 (Concat)
  3135 (Slice) -> 3253 (Concat)
  3135 (Slice) -> 3164 (Concat)
  3135 (Slice) -> 3238 (Concat)
  3135 (Slice) -> 3240 (Concat)
  3135 (Slice) -> 3237 (Concat)
  3135 (Slice) -> 3278 (Concat)
  3135 (Slice) -> 3245 (Slice)
  3135 (Slice) -> 3246 (Slice)
  3135 (Slice) -> 3247 (Slice)
  3135 (Slice) -> 3142 (Concat)
  3135 (Slice) -> 3248 (Concat)
  3135 (Slice) -> 3249 (Concat)
  3135 (Slice) -> 3250 (Concat)
  3135 (Slice) -> 3119 (Slice)
  3135 (Slice) -> 3251 (Concat)
  3135 (Slice) -> 3167 (Concat)
  3135 (Slice) -> 3224 (Concat)
  3135 (Slice) -> 3254 (Concat)
  3135 (Slice) -> 3202 (Concat)
  3135 (Slice) -> 3259 (Slice)
  3135 (Slice) -> 3260 (Slice)
  3135 (Slice) -> 3118 (Concat)
  3135 (Slice) -> 3261 (Slice)
  3135 (Slice) -> 3271 (Concat)
  3135 (Slice) -> 3262 (Concat)
  3135 (Slice) -> 3265 (Concat)
  3135 (Slice) -> 3268 (Concat)
  3135 (Slice) -> 3205 (Slice)
  3135 (Slice) -> 3269 (Concat)
  3135 (Slice) -> 3270 (Concat)
  3135 (Slice) -> 3272 (Concat)
  3135 (Slice) -> 3273 (Slice)
  3135 (Slice) -> 3275 (Slice)
  3135 (Slice) -> 3194 (Concat)
  3135 (Slice) -> 3274 (Slice)
  3135 (Slice) -> 3276 (Concat)
  3135 (Slice) -> 3277 (Concat)
  3135 (Slice) -> 3279 (Concat)
  3135 (Slice) -> 3280 (Concat)
  3135 (Slice) -> 3281 (Concat)
  3135 (Slice) -> 3252 (Concat)
  3135 (Slice) -> 3179 (Concat)
  3135 (Slice) -> 3115 (Concat)
  3135 (Slice) -> 3258 (Concat)
  3135 (Slice) -> 3166 (Concat)
  3135 (Slice) -> 3160 (Concat)
  3135 (Slice) -> 3239 (Concat)
  3135 (Slice) -> 3137 (Concat)
  3135 (Slice) -> 3183 (Concat)
  3135 (Slice) -> 3242 (Concat)
  3135 (Slice) -> 3181 (Concat)
  3135 (Slice) -> 3129 (Concat)
  3135 (Slice) -> 3161 (Slice)
  3135 (Slice) -> 3232 (Slice)
  3135 (Slice) -> 3213 (Concat)
  3135 (Slice) -> 3114 (Concat)
  3135 (Slice) -> 3263 (Concat)
  3151 (Concat) -> 3231 (Slice)
  3151 (Concat) -> 3219 (Slice)
  3151 (Concat) -> 3236 (Concat)
  3151 (Concat) -> 3225 (Concat)
  3151 (Concat) -> 3177 (Slice)
  3151 (Concat) -> 3234 (Concat)
  3151 (Concat) -> 3190 (Slice)
  3151 (Concat) -> 3210 (Concat)
  3151 (Concat) -> 3218 (Slice)
  3151 (Concat) -> 3143 (Concat)
  3151 (Concat) -> 3168 (Concat)
  3151 (Concat) -> 3217 (Slice)
  3151 (Concat) -> 3222 (Concat)
  3151 (Concat) -> 3214 (Concat)
  3151 (Concat) -> 3211 (Concat)
  3151 (Concat) -> 3121 (Slice)
  3151 (Concat) -> 3226 (Concat)
  3151 (Concat) -> 3111 (Div)
  3151 (Concat) -> 3221 (Concat)
  3151 (Concat) -> 3241 (Concat)
  3151 (Concat) -> 3209 (Concat)
  3151 (Concat) -> 3208 (Concat)
  3151 (Concat) -> 3133 (Slice)
  3151 (Concat) -> 3207 (Concat)
  3151 (Concat) -> 3204 (Slice)
  3151 (Concat) -> 3203 (Slice)
  3151 (Concat) -> 3148 (Slice)
  3151 (Concat) -> 3215 (Concat)
  3151 (Concat) -> 3199 (Concat)
  3151 (Concat) -> 3171 (Concat)
  3151 (Concat) -> 3127 (Concat)
  3151 (Concat) -> 3244 (Concat)
  3151 (Concat) -> 3196 (Concat)
  3151 (Concat) -> 3200 (Concat)
  3151 (Concat) -> 3195 (Concat)
  3151 (Concat) -> 3144 (Concat)
  3151 (Concat) -> 3264 (Concat)
  3151 (Concat) -> 3193 (Concat)
  3151 (Concat) -> 3228 (Concat)
  3151 (Concat) -> 3192 (Concat)
  3151 (Concat) -> 3201 (Concat)
  3151 (Concat) -> 3141 (Concat)
  3151 (Concat) -> 3189 (Slice)
  3151 (Concat) -> 3188 (Concat)
  3151 (Concat) -> 3233 (Slice)
  3151 (Concat) -> 3132 (Concat)
  3151 (Concat) -> 3185 (Concat)
  3151 (Concat) -> 3134 (Slice)
  3151 (Concat) -> 3182 (Concat)
  3151 (Concat) -> 3180 (Concat)
  3151 (Concat) -> 3130 (Concat)
  3151 (Concat) -> 3165 (Concat)
  3151 (Concat) -> 3176 (Slice)
  3151 (Concat) -> 3191 (Slice)
  3151 (Concat) -> 3175 (Slice)
  3151 (Concat) -> 3172 (Concat)
  3151 (Concat) -> 3173 (Concat)
  3151 (Concat) -> 3169 (Concat)
  3151 (Concat) -> 3230 (Concat)
  3151 (Concat) -> 3116 (Concat)
  3151 (Concat) -> 3267 (Concat)
  3151 (Concat) -> 3235 (Concat)
  3151 (Concat) -> 3122 (Concat)
  3151 (Concat) -> 3163 (Slice)
  3151 (Concat) -> 3212 (Concat)
  3151 (Concat) -> 3136 (Concat)
  3151 (Concat) -> 3128 (Concat)
  3151 (Concat) -> 3174 (Concat)
  3151 (Concat) -> 3155 (Concat)
  3151 (Concat) -> 3229 (Concat)
  3151 (Concat) -> 3186 (Concat)
  3151 (Concat) -> 3126 (Concat)
  3151 (Concat) -> 3120 (Slice)
  3151 (Concat) -> 3257 (Concat)
  3151 (Concat) -> 3184 (Concat)
  3151 (Concat) -> 3124 (Concat)
  3151 (Concat) -> 3256 (Concat)
  3151 (Concat) -> 3112 (Sub)
  3151 (Concat) -> 3113 (Concat)
  3151 (Concat) -> 3223 (Concat)
  3151 (Concat) -> 3197 (Concat)
  3151 (Concat) -> 3123 (Concat)
  3151 (Concat) -> 3220 (Concat)
  3151 (Concat) -> 3187 (Concat)
  3151 (Concat) -> 3157 (Concat)
  3151 (Concat) -> 3117 (Concat)
  3151 (Concat) -> 3135 (Slice)
  3151 (Concat) -> 3150 (Concat)
  3151 (Concat) -> 3170 (Concat)
  3151 (Concat) -> 3138 (Concat)
  3151 (Concat) -> 3154 (Concat)
  3151 (Concat) -> 3140 (Concat)
  3151 (Concat) -> 3146 (Concat)
  3151 (Concat) -> 3125 (Concat)
  3151 (Concat) -> 3147 (Slice)
  3151 (Concat) -> 3227 (Concat)
  3151 (Concat) -> 3131 (Concat)
  3151 (Concat) -> 3178 (Concat)
  3151 (Concat) -> 3149 (Slice)
  3151 (Concat) -> 3206 (Concat)
  3151 (Concat) -> 3152 (Concat)
  3151 (Concat) -> 3243 (Concat)
  3151 (Concat) -> 3139 (Concat)
  3151 (Concat) -> 3110 (Concat)
  3151 (Concat) -> 3216 (Concat)
  3151 (Concat) -> 3153 (Concat)
  3151 (Concat) -> 3156 (Concat)
  3151 (Concat) -> 3198 (Concat)
  3151 (Concat) -> 3255 (Concat)
  3151 (Concat) -> 3159 (Concat)
  3151 (Concat) -> 3145 (Concat)
  3151 (Concat) -> 3266 (Concat)
  3151 (Concat) -> 3162 (Slice)
  3151 (Concat) -> 3158 (Concat)
  3151 (Concat) -> 3253 (Concat)
  3151 (Concat) -> 3164 (Concat)
  3151 (Concat) -> 3238 (Concat)
  3151 (Concat) -> 3240 (Concat)
  3151 (Concat) -> 3237 (Concat)
  3151 (Concat) -> 3278 (Concat)
  3151 (Concat) -> 3245 (Slice)
  3151 (Concat) -> 3246 (Slice)
  3151 (Concat) -> 3247 (Slice)
  3151 (Concat) -> 3142 (Concat)
  3151 (Concat) -> 3248 (Concat)
  3151 (Concat) -> 3249 (Concat)
  3151 (Concat) -> 3250 (Concat)
  3151 (Concat) -> 3119 (Slice)
  3151 (Concat) -> 3251 (Concat)
  3151 (Concat) -> 3167 (Concat)
  3151 (Concat) -> 3224 (Concat)
  3151 (Concat) -> 3254 (Concat)
  3151 (Concat) -> 3202 (Concat)
  3151 (Concat) -> 3259 (Slice)
  3151 (Concat) -> 3260 (Slice)
  3151 (Concat) -> 3118 (Concat)
  3151 (Concat) -> 3261 (Slice)
  3151 (Concat) -> 3271 (Concat)
  3151 (Concat) -> 3262 (Concat)
  3151 (Concat) -> 3265 (Concat)
  3151 (Concat) -> 3268 (Concat)
  3151 (Concat) -> 3205 (Slice)
  3151 (Concat) -> 3269 (Concat)
  3151 (Concat) -> 3270 (Concat)
  3151 (Concat) -> 3272 (Concat)
  3151 (Concat) -> 3273 (Slice)
  3151 (Concat) -> 3275 (Slice)
  3151 (Concat) -> 3194 (Concat)
  3151 (Concat) -> 3274 (Slice)
  3151 (Concat) -> 3276 (Concat)
  3151 (Concat) -> 3277 (Concat)
  3151 (Concat) -> 3279 (Concat)
  3151 (Concat) -> 3280 (Concat)
  3151 (Concat) -> 3281 (Concat)
  3151 (Concat) -> 3252 (Concat)
  3151 (Concat) -> 3179 (Concat)
  3151 (Concat) -> 3115 (Concat)
  3151 (Concat) -> 3258 (Concat)
  3151 (Concat) -> 3166 (Concat)
  3151 (Concat) -> 3160 (Concat)
  3151 (Concat) -> 3239 (Concat)
  3151 (Concat) -> 3137 (Concat)
  3151 (Concat) -> 3183 (Concat)
  3151 (Concat) -> 3242 (Concat)
  3151 (Concat) -> 3181 (Concat)
  3151 (Concat) -> 3129 (Concat)
  3151 (Concat) -> 3161 (Slice)
  3151 (Concat) -> 3232 (Slice)
  3151 (Concat) -> 3213 (Concat)
  3151 (Concat) -> 3114 (Concat)
  3151 (Concat) -> 3263 (Concat)
  h.10.ln_1 (Add) -> h.6.attn.c_proj (Gemm)
  h.10.ln_1 (Add) -> h.5.mlp.c_proj (Gemm)
  h.10.ln_1 (Add) -> h.6.mlp.c_proj (Gemm)
  h.10.ln_1 (Add) -> h.3.ln_2 (Add)
  h.10.ln_1 (Add) -> h.0.ln_1 (Add)
  h.10.ln_1 (Add) -> h.9.mlp.c_proj (Gemm)
  h.10.ln_1 (Add) -> h.6.ln_1 (Add)
  h.10.ln_1 (Add) -> h.2.ln_1 (Add)
  h.10.ln_1 (Add) -> h.11.attn.c_proj (Gemm)
  h.10.ln_1 (Add) -> h.5.attn.c_proj (Gemm)
  h.10.ln_1 (Add) -> h.1.attn.c_proj (Gemm)
  h.10.ln_1 (Add) -> h.1.ln_1 (Add)
  h.10.ln_1 (Add) -> h.0.attn.c_proj (Gemm)
  h.10.ln_1 (Add) -> h.8.ln_1 (Add)
  h.10.ln_1 (Add) -> h.11.mlp.c_proj (Gemm)
  h.10.ln_1 (Add) -> h.6.ln_2 (Add)
  h.10.ln_1 (Add) -> h.0.ln_2 (Add)
  h.10.ln_1 (Add) -> h.9.attn.c_proj (Gemm)
  h.10.ln_1 (Add) -> h.0.mlp.c_proj (Gemm)
  h.10.ln_1 (Add) -> h.10.ln_2 (Add)
  h.10.ln_1 (Add) -> h.1.ln_2 (Add)
  h.10.ln_1 (Add) -> h.4.ln_2 (Add)
  h.10.ln_1 (Add) -> h.1.mlp.c_proj (Gemm)
  h.10.ln_1 (Add) -> h.11.ln_1 (Add)
  h.10.ln_1 (Add) -> h.8.attn.c_proj (Gemm)
  h.10.ln_1 (Add) -> h.10.attn.c_proj (Gemm)
  h.10.ln_1 (Add) -> h.10.mlp.c_proj (Gemm)
  h.10.ln_1 (Add) -> h.11.ln_2 (Add)
  h.10.ln_1 (Add) -> h.3.ln_1 (Add)
  h.10.ln_1 (Add) -> h.8.ln_2 (Add)
  h.10.ln_1 (Add) -> h.3.mlp.c_proj (Gemm)
  h.10.ln_1 (Add) -> h.2.attn.c_proj (Gemm)
  h.10.ln_1 (Add) -> h.2.ln_2 (Add)
  h.10.ln_1 (Add) -> h.2.mlp.c_proj (Gemm)
  h.10.ln_1 (Add) -> h.7.mlp.c_proj (Gemm)
  h.10.ln_1 (Add) -> h.3.attn.c_proj (Gemm)
  h.10.ln_1 (Add) -> h.7.attn.c_proj (Gemm)
  h.10.ln_1 (Add) -> h.4.attn.c_proj (Gemm)
  h.10.ln_1 (Add) -> h.4.ln_1 (Add)
  h.10.ln_1 (Add) -> h.4.mlp.c_proj (Gemm)
  h.10.ln_1 (Add) -> h.5.ln_2 (Add)
  h.10.ln_1 (Add) -> h.7.ln_1 (Add)
  h.10.ln_1 (Add) -> h.5.ln_1 (Add)
  h.10.ln_1 (Add) -> h.7.ln_2 (Add)
  h.10.ln_1 (Add) -> h.8.mlp.c_proj (Gemm)
  h.10.ln_1 (Add) -> h.9.ln_1 (Add)
  h.10.ln_1 (Add) -> h.9.ln_2 (Add)
  h.10.ln_1 (Add) -> ln_f (Add)
  3150 (Concat) -> 3231 (Slice)
  3150 (Concat) -> 3219 (Slice)
  3150 (Concat) -> 3236 (Concat)
  3150 (Concat) -> 3225 (Concat)
  3150 (Concat) -> 3177 (Slice)
  3150 (Concat) -> 3234 (Concat)
  3150 (Concat) -> 3190 (Slice)
  3150 (Concat) -> 3210 (Concat)
  3150 (Concat) -> 3218 (Slice)
  3150 (Concat) -> 3143 (Concat)
  3150 (Concat) -> 3168 (Concat)
  3150 (Concat) -> 3217 (Slice)
  3150 (Concat) -> 3222 (Concat)
  3150 (Concat) -> 3214 (Concat)
  3150 (Concat) -> 3211 (Concat)
  3150 (Concat) -> 3121 (Slice)
  3150 (Concat) -> 3226 (Concat)
  3150 (Concat) -> 3111 (Div)
  3150 (Concat) -> 3221 (Concat)
  3150 (Concat) -> 3241 (Concat)
  3150 (Concat) -> 3209 (Concat)
  3150 (Concat) -> 3208 (Concat)
  3150 (Concat) -> 3133 (Slice)
  3150 (Concat) -> 3207 (Concat)
  3150 (Concat) -> 3204 (Slice)
  3150 (Concat) -> 3203 (Slice)
  3150 (Concat) -> 3148 (Slice)
  3150 (Concat) -> 3215 (Concat)
  3150 (Concat) -> 3199 (Concat)
  3150 (Concat) -> 3171 (Concat)
  3150 (Concat) -> 3127 (Concat)
  3150 (Concat) -> 3244 (Concat)
  3150 (Concat) -> 3196 (Concat)
  3150 (Concat) -> 3200 (Concat)
  3150 (Concat) -> 3195 (Concat)
  3150 (Concat) -> 3144 (Concat)
  3150 (Concat) -> 3264 (Concat)
  3150 (Concat) -> 3193 (Concat)
  3150 (Concat) -> 3228 (Concat)
  3150 (Concat) -> 3192 (Concat)
  3150 (Concat) -> 3201 (Concat)
  3150 (Concat) -> 3141 (Concat)
  3150 (Concat) -> 3189 (Slice)
  3150 (Concat) -> 3188 (Concat)
  3150 (Concat) -> 3233 (Slice)
  3150 (Concat) -> 3132 (Concat)
  3150 (Concat) -> 3185 (Concat)
  3150 (Concat) -> 3134 (Slice)
  3150 (Concat) -> 3182 (Concat)
  3150 (Concat) -> 3180 (Concat)
  3150 (Concat) -> 3130 (Concat)
  3150 (Concat) -> 3165 (Concat)
  3150 (Concat) -> 3176 (Slice)
  3150 (Concat) -> 3191 (Slice)
  3150 (Concat) -> 3175 (Slice)
  3150 (Concat) -> 3172 (Concat)
  3150 (Concat) -> 3173 (Concat)
  3150 (Concat) -> 3169 (Concat)
  3150 (Concat) -> 3230 (Concat)
  3150 (Concat) -> 3116 (Concat)
  3150 (Concat) -> 3267 (Concat)
  3150 (Concat) -> 3235 (Concat)
  3150 (Concat) -> 3122 (Concat)
  3150 (Concat) -> 3163 (Slice)
  3150 (Concat) -> 3212 (Concat)
  3150 (Concat) -> 3136 (Concat)
  3150 (Concat) -> 3128 (Concat)
  3150 (Concat) -> 3174 (Concat)
  3150 (Concat) -> 3155 (Concat)
  3150 (Concat) -> 3229 (Concat)
  3150 (Concat) -> 3186 (Concat)
  3150 (Concat) -> 3126 (Concat)
  3150 (Concat) -> 3120 (Slice)
  3150 (Concat) -> 3257 (Concat)
  3150 (Concat) -> 3184 (Concat)
  3150 (Concat) -> 3124 (Concat)
  3150 (Concat) -> 3256 (Concat)
  3150 (Concat) -> 3112 (Sub)
  3150 (Concat) -> 3113 (Concat)
  3150 (Concat) -> 3223 (Concat)
  3150 (Concat) -> 3197 (Concat)
  3150 (Concat) -> 3123 (Concat)
  3150 (Concat) -> 3220 (Concat)
  3150 (Concat) -> 3187 (Concat)
  3150 (Concat) -> 3157 (Concat)
  3150 (Concat) -> 3117 (Concat)
  3150 (Concat) -> 3135 (Slice)
  3150 (Concat) -> 3151 (Concat)
  3150 (Concat) -> 3170 (Concat)
  3150 (Concat) -> 3138 (Concat)
  3150 (Concat) -> 3154 (Concat)
  3150 (Concat) -> 3140 (Concat)
  3150 (Concat) -> 3146 (Concat)
  3150 (Concat) -> 3125 (Concat)
  3150 (Concat) -> 3147 (Slice)
  3150 (Concat) -> 3227 (Concat)
  3150 (Concat) -> 3131 (Concat)
  3150 (Concat) -> 3178 (Concat)
  3150 (Concat) -> 3149 (Slice)
  3150 (Concat) -> 3206 (Concat)
  3150 (Concat) -> 3152 (Concat)
  3150 (Concat) -> 3243 (Concat)
  3150 (Concat) -> 3139 (Concat)
  3150 (Concat) -> 3110 (Concat)
  3150 (Concat) -> 3216 (Concat)
  3150 (Concat) -> 3153 (Concat)
  3150 (Concat) -> 3156 (Concat)
  3150 (Concat) -> 3198 (Concat)
  3150 (Concat) -> 3255 (Concat)
  3150 (Concat) -> 3159 (Concat)
  3150 (Concat) -> 3145 (Concat)
  3150 (Concat) -> 3266 (Concat)
  3150 (Concat) -> 3162 (Slice)
  3150 (Concat) -> 3158 (Concat)
  3150 (Concat) -> 3253 (Concat)
  3150 (Concat) -> 3164 (Concat)
  3150 (Concat) -> 3238 (Concat)
  3150 (Concat) -> 3240 (Concat)
  3150 (Concat) -> 3237 (Concat)
  3150 (Concat) -> 3278 (Concat)
  3150 (Concat) -> 3245 (Slice)
  3150 (Concat) -> 3246 (Slice)
  3150 (Concat) -> 3247 (Slice)
  3150 (Concat) -> 3142 (Concat)
  3150 (Concat) -> 3248 (Concat)
  3150 (Concat) -> 3249 (Concat)
  3150 (Concat) -> 3250 (Concat)
  3150 (Concat) -> 3119 (Slice)
  3150 (Concat) -> 3251 (Concat)
  3150 (Concat) -> 3167 (Concat)
  3150 (Concat) -> 3224 (Concat)
  3150 (Concat) -> 3254 (Concat)
  3150 (Concat) -> 3202 (Concat)
  3150 (Concat) -> 3259 (Slice)
  3150 (Concat) -> 3260 (Slice)
  3150 (Concat) -> 3118 (Concat)
  3150 (Concat) -> 3261 (Slice)
  3150 (Concat) -> 3271 (Concat)
  3150 (Concat) -> 3262 (Concat)
  3150 (Concat) -> 3265 (Concat)
  3150 (Concat) -> 3268 (Concat)
  3150 (Concat) -> 3205 (Slice)
  3150 (Concat) -> 3269 (Concat)
  3150 (Concat) -> 3270 (Concat)
  3150 (Concat) -> 3272 (Concat)
  3150 (Concat) -> 3273 (Slice)
  3150 (Concat) -> 3275 (Slice)
  3150 (Concat) -> 3194 (Concat)
  3150 (Concat) -> 3274 (Slice)
  3150 (Concat) -> 3276 (Concat)
  3150 (Concat) -> 3277 (Concat)
  3150 (Concat) -> 3279 (Concat)
  3150 (Concat) -> 3280 (Concat)
  3150 (Concat) -> 3281 (Concat)
  3150 (Concat) -> 3252 (Concat)
  3150 (Concat) -> 3179 (Concat)
  3150 (Concat) -> 3115 (Concat)
  3150 (Concat) -> 3258 (Concat)
  3150 (Concat) -> 3166 (Concat)
  3150 (Concat) -> 3160 (Concat)
  3150 (Concat) -> 3239 (Concat)
  3150 (Concat) -> 3137 (Concat)
  3150 (Concat) -> 3183 (Concat)
  3150 (Concat) -> 3242 (Concat)
  3150 (Concat) -> 3181 (Concat)
  3150 (Concat) -> 3129 (Concat)
  3150 (Concat) -> 3161 (Slice)
  3150 (Concat) -> 3232 (Slice)
  3150 (Concat) -> 3213 (Concat)
  3150 (Concat) -> 3114 (Concat)
  3150 (Concat) -> 3263 (Concat)
  3170 (Concat) -> 3231 (Slice)
  3170 (Concat) -> 3219 (Slice)
  3170 (Concat) -> 3236 (Concat)
  3170 (Concat) -> 3225 (Concat)
  3170 (Concat) -> 3177 (Slice)
  3170 (Concat) -> 3234 (Concat)
  3170 (Concat) -> 3190 (Slice)
  3170 (Concat) -> 3210 (Concat)
  3170 (Concat) -> 3218 (Slice)
  3170 (Concat) -> 3143 (Concat)
  3170 (Concat) -> 3168 (Concat)
  3170 (Concat) -> 3217 (Slice)
  3170 (Concat) -> 3222 (Concat)
  3170 (Concat) -> 3214 (Concat)
  3170 (Concat) -> 3211 (Concat)
  3170 (Concat) -> 3121 (Slice)
  3170 (Concat) -> 3226 (Concat)
  3170 (Concat) -> 3111 (Div)
  3170 (Concat) -> 3221 (Concat)
  3170 (Concat) -> 3241 (Concat)
  3170 (Concat) -> 3209 (Concat)
  3170 (Concat) -> 3208 (Concat)
  3170 (Concat) -> 3133 (Slice)
  3170 (Concat) -> 3207 (Concat)
  3170 (Concat) -> 3204 (Slice)
  3170 (Concat) -> 3203 (Slice)
  3170 (Concat) -> 3148 (Slice)
  3170 (Concat) -> 3215 (Concat)
  3170 (Concat) -> 3199 (Concat)
  3170 (Concat) -> 3171 (Concat)
  3170 (Concat) -> 3127 (Concat)
  3170 (Concat) -> 3244 (Concat)
  3170 (Concat) -> 3196 (Concat)
  3170 (Concat) -> 3200 (Concat)
  3170 (Concat) -> 3195 (Concat)
  3170 (Concat) -> 3144 (Concat)
  3170 (Concat) -> 3264 (Concat)
  3170 (Concat) -> 3193 (Concat)
  3170 (Concat) -> 3228 (Concat)
  3170 (Concat) -> 3192 (Concat)
  3170 (Concat) -> 3201 (Concat)
  3170 (Concat) -> 3141 (Concat)
  3170 (Concat) -> 3189 (Slice)
  3170 (Concat) -> 3188 (Concat)
  3170 (Concat) -> 3233 (Slice)
  3170 (Concat) -> 3132 (Concat)
  3170 (Concat) -> 3185 (Concat)
  3170 (Concat) -> 3134 (Slice)
  3170 (Concat) -> 3182 (Concat)
  3170 (Concat) -> 3180 (Concat)
  3170 (Concat) -> 3130 (Concat)
  3170 (Concat) -> 3165 (Concat)
  3170 (Concat) -> 3176 (Slice)
  3170 (Concat) -> 3191 (Slice)
  3170 (Concat) -> 3175 (Slice)
  3170 (Concat) -> 3172 (Concat)
  3170 (Concat) -> 3173 (Concat)
  3170 (Concat) -> 3169 (Concat)
  3170 (Concat) -> 3230 (Concat)
  3170 (Concat) -> 3116 (Concat)
  3170 (Concat) -> 3267 (Concat)
  3170 (Concat) -> 3235 (Concat)
  3170 (Concat) -> 3122 (Concat)
  3170 (Concat) -> 3163 (Slice)
  3170 (Concat) -> 3212 (Concat)
  3170 (Concat) -> 3136 (Concat)
  3170 (Concat) -> 3128 (Concat)
  3170 (Concat) -> 3174 (Concat)
  3170 (Concat) -> 3155 (Concat)
  3170 (Concat) -> 3229 (Concat)
  3170 (Concat) -> 3186 (Concat)
  3170 (Concat) -> 3126 (Concat)
  3170 (Concat) -> 3120 (Slice)
  3170 (Concat) -> 3257 (Concat)
  3170 (Concat) -> 3184 (Concat)
  3170 (Concat) -> 3124 (Concat)
  3170 (Concat) -> 3256 (Concat)
  3170 (Concat) -> 3112 (Sub)
  3170 (Concat) -> 3113 (Concat)
  3170 (Concat) -> 3223 (Concat)
  3170 (Concat) -> 3197 (Concat)
  3170 (Concat) -> 3123 (Concat)
  3170 (Concat) -> 3220 (Concat)
  3170 (Concat) -> 3187 (Concat)
  3170 (Concat) -> 3157 (Concat)
  3170 (Concat) -> 3117 (Concat)
  3170 (Concat) -> 3135 (Slice)
  3170 (Concat) -> 3151 (Concat)
  3170 (Concat) -> 3150 (Concat)
  3170 (Concat) -> 3138 (Concat)
  3170 (Concat) -> 3154 (Concat)
  3170 (Concat) -> 3140 (Concat)
  3170 (Concat) -> 3146 (Concat)
  3170 (Concat) -> 3125 (Concat)
  3170 (Concat) -> 3147 (Slice)
  3170 (Concat) -> 3227 (Concat)
  3170 (Concat) -> 3131 (Concat)
  3170 (Concat) -> 3178 (Concat)
  3170 (Concat) -> 3149 (Slice)
  3170 (Concat) -> 3206 (Concat)
  3170 (Concat) -> 3152 (Concat)
  3170 (Concat) -> 3243 (Concat)
  3170 (Concat) -> 3139 (Concat)
  3170 (Concat) -> 3110 (Concat)
  3170 (Concat) -> 3216 (Concat)
  3170 (Concat) -> 3153 (Concat)
  3170 (Concat) -> 3156 (Concat)
  3170 (Concat) -> 3198 (Concat)
  3170 (Concat) -> 3255 (Concat)
  3170 (Concat) -> 3159 (Concat)
  3170 (Concat) -> 3145 (Concat)
  3170 (Concat) -> 3266 (Concat)
  3170 (Concat) -> 3162 (Slice)
  3170 (Concat) -> 3158 (Concat)
  3170 (Concat) -> 3253 (Concat)
  3170 (Concat) -> 3164 (Concat)
  3170 (Concat) -> 3238 (Concat)
  3170 (Concat) -> 3240 (Concat)
  3170 (Concat) -> 3237 (Concat)
  3170 (Concat) -> 3278 (Concat)
  3170 (Concat) -> 3245 (Slice)
  3170 (Concat) -> 3246 (Slice)
  3170 (Concat) -> 3247 (Slice)
  3170 (Concat) -> 3142 (Concat)
  3170 (Concat) -> 3248 (Concat)
  3170 (Concat) -> 3249 (Concat)
  3170 (Concat) -> 3250 (Concat)
  3170 (Concat) -> 3119 (Slice)
  3170 (Concat) -> 3251 (Concat)
  3170 (Concat) -> 3167 (Concat)
  3170 (Concat) -> 3224 (Concat)
  3170 (Concat) -> 3254 (Concat)
  3170 (Concat) -> 3202 (Concat)
  3170 (Concat) -> 3259 (Slice)
  3170 (Concat) -> 3260 (Slice)
  3170 (Concat) -> 3118 (Concat)
  3170 (Concat) -> 3261 (Slice)
  3170 (Concat) -> 3271 (Concat)
  3170 (Concat) -> 3262 (Concat)
  3170 (Concat) -> 3265 (Concat)
  3170 (Concat) -> 3268 (Concat)
  3170 (Concat) -> 3205 (Slice)
  3170 (Concat) -> 3269 (Concat)
  3170 (Concat) -> 3270 (Concat)
  3170 (Concat) -> 3272 (Concat)
  3170 (Concat) -> 3273 (Slice)
  3170 (Concat) -> 3275 (Slice)
  3170 (Concat) -> 3194 (Concat)
  3170 (Concat) -> 3274 (Slice)
  3170 (Concat) -> 3276 (Concat)
  3170 (Concat) -> 3277 (Concat)
  3170 (Concat) -> 3279 (Concat)
  3170 (Concat) -> 3280 (Concat)
  3170 (Concat) -> 3281 (Concat)
  3170 (Concat) -> 3252 (Concat)
  3170 (Concat) -> 3179 (Concat)
  3170 (Concat) -> 3115 (Concat)
  3170 (Concat) -> 3258 (Concat)
  3170 (Concat) -> 3166 (Concat)
  3170 (Concat) -> 3160 (Concat)
  3170 (Concat) -> 3239 (Concat)
  3170 (Concat) -> 3137 (Concat)
  3170 (Concat) -> 3183 (Concat)
  3170 (Concat) -> 3242 (Concat)
  3170 (Concat) -> 3181 (Concat)
  3170 (Concat) -> 3129 (Concat)
  3170 (Concat) -> 3161 (Slice)
  3170 (Concat) -> 3232 (Slice)
  3170 (Concat) -> 3213 (Concat)
  3170 (Concat) -> 3114 (Concat)
  3170 (Concat) -> 3263 (Concat)
  3138 (Concat) -> 3231 (Slice)
  3138 (Concat) -> 3219 (Slice)
  3138 (Concat) -> 3236 (Concat)
  3138 (Concat) -> 3225 (Concat)
  3138 (Concat) -> 3177 (Slice)
  3138 (Concat) -> 3234 (Concat)
  3138 (Concat) -> 3190 (Slice)
  3138 (Concat) -> 3210 (Concat)
  3138 (Concat) -> 3218 (Slice)
  3138 (Concat) -> 3143 (Concat)
  3138 (Concat) -> 3168 (Concat)
  3138 (Concat) -> 3217 (Slice)
  3138 (Concat) -> 3222 (Concat)
  3138 (Concat) -> 3214 (Concat)
  3138 (Concat) -> 3211 (Concat)
  3138 (Concat) -> 3121 (Slice)
  3138 (Concat) -> 3226 (Concat)
  3138 (Concat) -> 3111 (Div)
  3138 (Concat) -> 3221 (Concat)
  3138 (Concat) -> 3241 (Concat)
  3138 (Concat) -> 3209 (Concat)
  3138 (Concat) -> 3208 (Concat)
  3138 (Concat) -> 3133 (Slice)
  3138 (Concat) -> 3207 (Concat)
  3138 (Concat) -> 3204 (Slice)
  3138 (Concat) -> 3203 (Slice)
  3138 (Concat) -> 3148 (Slice)
  3138 (Concat) -> 3215 (Concat)
  3138 (Concat) -> 3199 (Concat)
  3138 (Concat) -> 3171 (Concat)
  3138 (Concat) -> 3127 (Concat)
  3138 (Concat) -> 3244 (Concat)
  3138 (Concat) -> 3196 (Concat)
  3138 (Concat) -> 3200 (Concat)
  3138 (Concat) -> 3195 (Concat)
  3138 (Concat) -> 3144 (Concat)
  3138 (Concat) -> 3264 (Concat)
  3138 (Concat) -> 3193 (Concat)
  3138 (Concat) -> 3228 (Concat)
  3138 (Concat) -> 3192 (Concat)
  3138 (Concat) -> 3201 (Concat)
  3138 (Concat) -> 3141 (Concat)
  3138 (Concat) -> 3189 (Slice)
  3138 (Concat) -> 3188 (Concat)
  3138 (Concat) -> 3233 (Slice)
  3138 (Concat) -> 3132 (Concat)
  3138 (Concat) -> 3185 (Concat)
  3138 (Concat) -> 3134 (Slice)
  3138 (Concat) -> 3182 (Concat)
  3138 (Concat) -> 3180 (Concat)
  3138 (Concat) -> 3130 (Concat)
  3138 (Concat) -> 3165 (Concat)
  3138 (Concat) -> 3176 (Slice)
  3138 (Concat) -> 3191 (Slice)
  3138 (Concat) -> 3175 (Slice)
  3138 (Concat) -> 3172 (Concat)
  3138 (Concat) -> 3173 (Concat)
  3138 (Concat) -> 3169 (Concat)
  3138 (Concat) -> 3230 (Concat)
  3138 (Concat) -> 3116 (Concat)
  3138 (Concat) -> 3267 (Concat)
  3138 (Concat) -> 3235 (Concat)
  3138 (Concat) -> 3122 (Concat)
  3138 (Concat) -> 3163 (Slice)
  3138 (Concat) -> 3212 (Concat)
  3138 (Concat) -> 3136 (Concat)
  3138 (Concat) -> 3128 (Concat)
  3138 (Concat) -> 3174 (Concat)
  3138 (Concat) -> 3155 (Concat)
  3138 (Concat) -> 3229 (Concat)
  3138 (Concat) -> 3186 (Concat)
  3138 (Concat) -> 3126 (Concat)
  3138 (Concat) -> 3120 (Slice)
  3138 (Concat) -> 3257 (Concat)
  3138 (Concat) -> 3184 (Concat)
  3138 (Concat) -> 3124 (Concat)
  3138 (Concat) -> 3256 (Concat)
  3138 (Concat) -> 3112 (Sub)
  3138 (Concat) -> 3113 (Concat)
  3138 (Concat) -> 3223 (Concat)
  3138 (Concat) -> 3197 (Concat)
  3138 (Concat) -> 3123 (Concat)
  3138 (Concat) -> 3220 (Concat)
  3138 (Concat) -> 3187 (Concat)
  3138 (Concat) -> 3157 (Concat)
  3138 (Concat) -> 3117 (Concat)
  3138 (Concat) -> 3135 (Slice)
  3138 (Concat) -> 3151 (Concat)
  3138 (Concat) -> 3150 (Concat)
  3138 (Concat) -> 3170 (Concat)
  3138 (Concat) -> 3154 (Concat)
  3138 (Concat) -> 3140 (Concat)
  3138 (Concat) -> 3146 (Concat)
  3138 (Concat) -> 3125 (Concat)
  3138 (Concat) -> 3147 (Slice)
  3138 (Concat) -> 3227 (Concat)
  3138 (Concat) -> 3131 (Concat)
  3138 (Concat) -> 3178 (Concat)
  3138 (Concat) -> 3149 (Slice)
  3138 (Concat) -> 3206 (Concat)
  3138 (Concat) -> 3152 (Concat)
  3138 (Concat) -> 3243 (Concat)
  3138 (Concat) -> 3139 (Concat)
  3138 (Concat) -> 3110 (Concat)
  3138 (Concat) -> 3216 (Concat)
  3138 (Concat) -> 3153 (Concat)
  3138 (Concat) -> 3156 (Concat)
  3138 (Concat) -> 3198 (Concat)
  3138 (Concat) -> 3255 (Concat)
  3138 (Concat) -> 3159 (Concat)
  3138 (Concat) -> 3145 (Concat)
  3138 (Concat) -> 3266 (Concat)
  3138 (Concat) -> 3162 (Slice)
  3138 (Concat) -> 3158 (Concat)
  3138 (Concat) -> 3253 (Concat)
  3138 (Concat) -> 3164 (Concat)
  3138 (Concat) -> 3238 (Concat)
  3138 (Concat) -> 3240 (Concat)
  3138 (Concat) -> 3237 (Concat)
  3138 (Concat) -> 3278 (Concat)
  3138 (Concat) -> 3245 (Slice)
  3138 (Concat) -> 3246 (Slice)
  3138 (Concat) -> 3247 (Slice)
  3138 (Concat) -> 3142 (Concat)
  3138 (Concat) -> 3248 (Concat)
  3138 (Concat) -> 3249 (Concat)
  3138 (Concat) -> 3250 (Concat)
  3138 (Concat) -> 3119 (Slice)
  3138 (Concat) -> 3251 (Concat)
  3138 (Concat) -> 3167 (Concat)
  3138 (Concat) -> 3224 (Concat)
  3138 (Concat) -> 3254 (Concat)
  3138 (Concat) -> 3202 (Concat)
  3138 (Concat) -> 3259 (Slice)
  3138 (Concat) -> 3260 (Slice)
  3138 (Concat) -> 3118 (Concat)
  3138 (Concat) -> 3261 (Slice)
  3138 (Concat) -> 3271 (Concat)
  3138 (Concat) -> 3262 (Concat)
  3138 (Concat) -> 3265 (Concat)
  3138 (Concat) -> 3268 (Concat)
  3138 (Concat) -> 3205 (Slice)
  3138 (Concat) -> 3269 (Concat)
  3138 (Concat) -> 3270 (Concat)
  3138 (Concat) -> 3272 (Concat)
  3138 (Concat) -> 3273 (Slice)
  3138 (Concat) -> 3275 (Slice)
  3138 (Concat) -> 3194 (Concat)
  3138 (Concat) -> 3274 (Slice)
  3138 (Concat) -> 3276 (Concat)
  3138 (Concat) -> 3277 (Concat)
  3138 (Concat) -> 3279 (Concat)
  3138 (Concat) -> 3280 (Concat)
  3138 (Concat) -> 3281 (Concat)
  3138 (Concat) -> 3252 (Concat)
  3138 (Concat) -> 3179 (Concat)
  3138 (Concat) -> 3115 (Concat)
  3138 (Concat) -> 3258 (Concat)
  3138 (Concat) -> 3166 (Concat)
  3138 (Concat) -> 3160 (Concat)
  3138 (Concat) -> 3239 (Concat)
  3138 (Concat) -> 3137 (Concat)
  3138 (Concat) -> 3183 (Concat)
  3138 (Concat) -> 3242 (Concat)
  3138 (Concat) -> 3181 (Concat)
  3138 (Concat) -> 3129 (Concat)
  3138 (Concat) -> 3161 (Slice)
  3138 (Concat) -> 3232 (Slice)
  3138 (Concat) -> 3213 (Concat)
  3138 (Concat) -> 3114 (Concat)
  3138 (Concat) -> 3263 (Concat)
  3154 (Concat) -> 3231 (Slice)
  3154 (Concat) -> 3219 (Slice)
  3154 (Concat) -> 3236 (Concat)
  3154 (Concat) -> 3225 (Concat)
  3154 (Concat) -> 3177 (Slice)
  3154 (Concat) -> 3234 (Concat)
  3154 (Concat) -> 3190 (Slice)
  3154 (Concat) -> 3210 (Concat)
  3154 (Concat) -> 3218 (Slice)
  3154 (Concat) -> 3143 (Concat)
  3154 (Concat) -> 3168 (Concat)
  3154 (Concat) -> 3217 (Slice)
  3154 (Concat) -> 3222 (Concat)
  3154 (Concat) -> 3214 (Concat)
  3154 (Concat) -> 3211 (Concat)
  3154 (Concat) -> 3121 (Slice)
  3154 (Concat) -> 3226 (Concat)
  3154 (Concat) -> 3111 (Div)
  3154 (Concat) -> 3221 (Concat)
  3154 (Concat) -> 3241 (Concat)
  3154 (Concat) -> 3209 (Concat)
  3154 (Concat) -> 3208 (Concat)
  3154 (Concat) -> 3133 (Slice)
  3154 (Concat) -> 3207 (Concat)
  3154 (Concat) -> 3204 (Slice)
  3154 (Concat) -> 3203 (Slice)
  3154 (Concat) -> 3148 (Slice)
  3154 (Concat) -> 3215 (Concat)
  3154 (Concat) -> 3199 (Concat)
  3154 (Concat) -> 3171 (Concat)
  3154 (Concat) -> 3127 (Concat)
  3154 (Concat) -> 3244 (Concat)
  3154 (Concat) -> 3196 (Concat)
  3154 (Concat) -> 3200 (Concat)
  3154 (Concat) -> 3195 (Concat)
  3154 (Concat) -> 3144 (Concat)
  3154 (Concat) -> 3264 (Concat)
  3154 (Concat) -> 3193 (Concat)
  3154 (Concat) -> 3228 (Concat)
  3154 (Concat) -> 3192 (Concat)
  3154 (Concat) -> 3201 (Concat)
  3154 (Concat) -> 3141 (Concat)
  3154 (Concat) -> 3189 (Slice)
  3154 (Concat) -> 3188 (Concat)
  3154 (Concat) -> 3233 (Slice)
  3154 (Concat) -> 3132 (Concat)
  3154 (Concat) -> 3185 (Concat)
  3154 (Concat) -> 3134 (Slice)
  3154 (Concat) -> 3182 (Concat)
  3154 (Concat) -> 3180 (Concat)
  3154 (Concat) -> 3130 (Concat)
  3154 (Concat) -> 3165 (Concat)
  3154 (Concat) -> 3176 (Slice)
  3154 (Concat) -> 3191 (Slice)
  3154 (Concat) -> 3175 (Slice)
  3154 (Concat) -> 3172 (Concat)
  3154 (Concat) -> 3173 (Concat)
  3154 (Concat) -> 3169 (Concat)
  3154 (Concat) -> 3230 (Concat)
  3154 (Concat) -> 3116 (Concat)
  3154 (Concat) -> 3267 (Concat)
  3154 (Concat) -> 3235 (Concat)
  3154 (Concat) -> 3122 (Concat)
  3154 (Concat) -> 3163 (Slice)
  3154 (Concat) -> 3212 (Concat)
  3154 (Concat) -> 3136 (Concat)
  3154 (Concat) -> 3128 (Concat)
  3154 (Concat) -> 3174 (Concat)
  3154 (Concat) -> 3155 (Concat)
  3154 (Concat) -> 3229 (Concat)
  3154 (Concat) -> 3186 (Concat)
  3154 (Concat) -> 3126 (Concat)
  3154 (Concat) -> 3120 (Slice)
  3154 (Concat) -> 3257 (Concat)
  3154 (Concat) -> 3184 (Concat)
  3154 (Concat) -> 3124 (Concat)
  3154 (Concat) -> 3256 (Concat)
  3154 (Concat) -> 3112 (Sub)
  3154 (Concat) -> 3113 (Concat)
  3154 (Concat) -> 3223 (Concat)
  3154 (Concat) -> 3197 (Concat)
  3154 (Concat) -> 3123 (Concat)
  3154 (Concat) -> 3220 (Concat)
  3154 (Concat) -> 3187 (Concat)
  3154 (Concat) -> 3157 (Concat)
  3154 (Concat) -> 3117 (Concat)
  3154 (Concat) -> 3135 (Slice)
  3154 (Concat) -> 3151 (Concat)
  3154 (Concat) -> 3150 (Concat)
  3154 (Concat) -> 3170 (Concat)
  3154 (Concat) -> 3138 (Concat)
  3154 (Concat) -> 3140 (Concat)
  3154 (Concat) -> 3146 (Concat)
  3154 (Concat) -> 3125 (Concat)
  3154 (Concat) -> 3147 (Slice)
  3154 (Concat) -> 3227 (Concat)
  3154 (Concat) -> 3131 (Concat)
  3154 (Concat) -> 3178 (Concat)
  3154 (Concat) -> 3149 (Slice)
  3154 (Concat) -> 3206 (Concat)
  3154 (Concat) -> 3152 (Concat)
  3154 (Concat) -> 3243 (Concat)
  3154 (Concat) -> 3139 (Concat)
  3154 (Concat) -> 3110 (Concat)
  3154 (Concat) -> 3216 (Concat)
  3154 (Concat) -> 3153 (Concat)
  3154 (Concat) -> 3156 (Concat)
  3154 (Concat) -> 3198 (Concat)
  3154 (Concat) -> 3255 (Concat)
  3154 (Concat) -> 3159 (Concat)
  3154 (Concat) -> 3145 (Concat)
  3154 (Concat) -> 3266 (Concat)
  3154 (Concat) -> 3162 (Slice)
  3154 (Concat) -> 3158 (Concat)
  3154 (Concat) -> 3253 (Concat)
  3154 (Concat) -> 3164 (Concat)
  3154 (Concat) -> 3238 (Concat)
  3154 (Concat) -> 3240 (Concat)
  3154 (Concat) -> 3237 (Concat)
  3154 (Concat) -> 3278 (Concat)
  3154 (Concat) -> 3245 (Slice)
  3154 (Concat) -> 3246 (Slice)
  3154 (Concat) -> 3247 (Slice)
  3154 (Concat) -> 3142 (Concat)
  3154 (Concat) -> 3248 (Concat)
  3154 (Concat) -> 3249 (Concat)
  3154 (Concat) -> 3250 (Concat)
  3154 (Concat) -> 3119 (Slice)
  3154 (Concat) -> 3251 (Concat)
  3154 (Concat) -> 3167 (Concat)
  3154 (Concat) -> 3224 (Concat)
  3154 (Concat) -> 3254 (Concat)
  3154 (Concat) -> 3202 (Concat)
  3154 (Concat) -> 3259 (Slice)
  3154 (Concat) -> 3260 (Slice)
  3154 (Concat) -> 3118 (Concat)
  3154 (Concat) -> 3261 (Slice)
  3154 (Concat) -> 3271 (Concat)
  3154 (Concat) -> 3262 (Concat)
  3154 (Concat) -> 3265 (Concat)
  3154 (Concat) -> 3268 (Concat)
  3154 (Concat) -> 3205 (Slice)
  3154 (Concat) -> 3269 (Concat)
  3154 (Concat) -> 3270 (Concat)
  3154 (Concat) -> 3272 (Concat)
  3154 (Concat) -> 3273 (Slice)
  3154 (Concat) -> 3275 (Slice)
  3154 (Concat) -> 3194 (Concat)
  3154 (Concat) -> 3274 (Slice)
  3154 (Concat) -> 3276 (Concat)
  3154 (Concat) -> 3277 (Concat)
  3154 (Concat) -> 3279 (Concat)
  3154 (Concat) -> 3280 (Concat)
  3154 (Concat) -> 3281 (Concat)
  3154 (Concat) -> 3252 (Concat)
  3154 (Concat) -> 3179 (Concat)
  3154 (Concat) -> 3115 (Concat)
  3154 (Concat) -> 3258 (Concat)
  3154 (Concat) -> 3166 (Concat)
  3154 (Concat) -> 3160 (Concat)
  3154 (Concat) -> 3239 (Concat)
  3154 (Concat) -> 3137 (Concat)
  3154 (Concat) -> 3183 (Concat)
  3154 (Concat) -> 3242 (Concat)
  3154 (Concat) -> 3181 (Concat)
  3154 (Concat) -> 3129 (Concat)
  3154 (Concat) -> 3161 (Slice)
  3154 (Concat) -> 3232 (Slice)
  3154 (Concat) -> 3213 (Concat)
  3154 (Concat) -> 3114 (Concat)
  3154 (Concat) -> 3263 (Concat)
  3140 (Concat) -> 3231 (Slice)
  3140 (Concat) -> 3219 (Slice)
  3140 (Concat) -> 3236 (Concat)
  3140 (Concat) -> 3225 (Concat)
  3140 (Concat) -> 3177 (Slice)
  3140 (Concat) -> 3234 (Concat)
  3140 (Concat) -> 3190 (Slice)
  3140 (Concat) -> 3210 (Concat)
  3140 (Concat) -> 3218 (Slice)
  3140 (Concat) -> 3143 (Concat)
  3140 (Concat) -> 3168 (Concat)
  3140 (Concat) -> 3217 (Slice)
  3140 (Concat) -> 3222 (Concat)
  3140 (Concat) -> 3214 (Concat)
  3140 (Concat) -> 3211 (Concat)
  3140 (Concat) -> 3121 (Slice)
  3140 (Concat) -> 3226 (Concat)
  3140 (Concat) -> 3111 (Div)
  3140 (Concat) -> 3221 (Concat)
  3140 (Concat) -> 3241 (Concat)
  3140 (Concat) -> 3209 (Concat)
  3140 (Concat) -> 3208 (Concat)
  3140 (Concat) -> 3133 (Slice)
  3140 (Concat) -> 3207 (Concat)
  3140 (Concat) -> 3204 (Slice)
  3140 (Concat) -> 3203 (Slice)
  3140 (Concat) -> 3148 (Slice)
  3140 (Concat) -> 3215 (Concat)
  3140 (Concat) -> 3199 (Concat)
  3140 (Concat) -> 3171 (Concat)
  3140 (Concat) -> 3127 (Concat)
  3140 (Concat) -> 3244 (Concat)
  3140 (Concat) -> 3196 (Concat)
  3140 (Concat) -> 3200 (Concat)
  3140 (Concat) -> 3195 (Concat)
  3140 (Concat) -> 3144 (Concat)
  3140 (Concat) -> 3264 (Concat)
  3140 (Concat) -> 3193 (Concat)
  3140 (Concat) -> 3228 (Concat)
  3140 (Concat) -> 3192 (Concat)
  3140 (Concat) -> 3201 (Concat)
  3140 (Concat) -> 3141 (Concat)
  3140 (Concat) -> 3189 (Slice)
  3140 (Concat) -> 3188 (Concat)
  3140 (Concat) -> 3233 (Slice)
  3140 (Concat) -> 3132 (Concat)
  3140 (Concat) -> 3185 (Concat)
  3140 (Concat) -> 3134 (Slice)
  3140 (Concat) -> 3182 (Concat)
  3140 (Concat) -> 3180 (Concat)
  3140 (Concat) -> 3130 (Concat)
  3140 (Concat) -> 3165 (Concat)
  3140 (Concat) -> 3176 (Slice)
  3140 (Concat) -> 3191 (Slice)
  3140 (Concat) -> 3175 (Slice)
  3140 (Concat) -> 3172 (Concat)
  3140 (Concat) -> 3173 (Concat)
  3140 (Concat) -> 3169 (Concat)
  3140 (Concat) -> 3230 (Concat)
  3140 (Concat) -> 3116 (Concat)
  3140 (Concat) -> 3267 (Concat)
  3140 (Concat) -> 3235 (Concat)
  3140 (Concat) -> 3122 (Concat)
  3140 (Concat) -> 3163 (Slice)
  3140 (Concat) -> 3212 (Concat)
  3140 (Concat) -> 3136 (Concat)
  3140 (Concat) -> 3128 (Concat)
  3140 (Concat) -> 3174 (Concat)
  3140 (Concat) -> 3155 (Concat)
  3140 (Concat) -> 3229 (Concat)
  3140 (Concat) -> 3186 (Concat)
  3140 (Concat) -> 3126 (Concat)
  3140 (Concat) -> 3120 (Slice)
  3140 (Concat) -> 3257 (Concat)
  3140 (Concat) -> 3184 (Concat)
  3140 (Concat) -> 3124 (Concat)
  3140 (Concat) -> 3256 (Concat)
  3140 (Concat) -> 3112 (Sub)
  3140 (Concat) -> 3113 (Concat)
  3140 (Concat) -> 3223 (Concat)
  3140 (Concat) -> 3197 (Concat)
  3140 (Concat) -> 3123 (Concat)
  3140 (Concat) -> 3220 (Concat)
  3140 (Concat) -> 3187 (Concat)
  3140 (Concat) -> 3157 (Concat)
  3140 (Concat) -> 3117 (Concat)
  3140 (Concat) -> 3135 (Slice)
  3140 (Concat) -> 3151 (Concat)
  3140 (Concat) -> 3150 (Concat)
  3140 (Concat) -> 3170 (Concat)
  3140 (Concat) -> 3138 (Concat)
  3140 (Concat) -> 3154 (Concat)
  3140 (Concat) -> 3146 (Concat)
  3140 (Concat) -> 3125 (Concat)
  3140 (Concat) -> 3147 (Slice)
  3140 (Concat) -> 3227 (Concat)
  3140 (Concat) -> 3131 (Concat)
  3140 (Concat) -> 3178 (Concat)
  3140 (Concat) -> 3149 (Slice)
  3140 (Concat) -> 3206 (Concat)
  3140 (Concat) -> 3152 (Concat)
  3140 (Concat) -> 3243 (Concat)
  3140 (Concat) -> 3139 (Concat)
  3140 (Concat) -> 3110 (Concat)
  3140 (Concat) -> 3216 (Concat)
  3140 (Concat) -> 3153 (Concat)
  3140 (Concat) -> 3156 (Concat)
  3140 (Concat) -> 3198 (Concat)
  3140 (Concat) -> 3255 (Concat)
  3140 (Concat) -> 3159 (Concat)
  3140 (Concat) -> 3145 (Concat)
  3140 (Concat) -> 3266 (Concat)
  3140 (Concat) -> 3162 (Slice)
  3140 (Concat) -> 3158 (Concat)
  3140 (Concat) -> 3253 (Concat)
  3140 (Concat) -> 3164 (Concat)
  3140 (Concat) -> 3238 (Concat)
  3140 (Concat) -> 3240 (Concat)
  3140 (Concat) -> 3237 (Concat)
  3140 (Concat) -> 3278 (Concat)
  3140 (Concat) -> 3245 (Slice)
  3140 (Concat) -> 3246 (Slice)
  3140 (Concat) -> 3247 (Slice)
  3140 (Concat) -> 3142 (Concat)
  3140 (Concat) -> 3248 (Concat)
  3140 (Concat) -> 3249 (Concat)
  3140 (Concat) -> 3250 (Concat)
  3140 (Concat) -> 3119 (Slice)
  3140 (Concat) -> 3251 (Concat)
  3140 (Concat) -> 3167 (Concat)
  3140 (Concat) -> 3224 (Concat)
  3140 (Concat) -> 3254 (Concat)
  3140 (Concat) -> 3202 (Concat)
  3140 (Concat) -> 3259 (Slice)
  3140 (Concat) -> 3260 (Slice)
  3140 (Concat) -> 3118 (Concat)
  3140 (Concat) -> 3261 (Slice)
  3140 (Concat) -> 3271 (Concat)
  3140 (Concat) -> 3262 (Concat)
  3140 (Concat) -> 3265 (Concat)
  3140 (Concat) -> 3268 (Concat)
  3140 (Concat) -> 3205 (Slice)
  3140 (Concat) -> 3269 (Concat)
  3140 (Concat) -> 3270 (Concat)
  3140 (Concat) -> 3272 (Concat)
  3140 (Concat) -> 3273 (Slice)
  3140 (Concat) -> 3275 (Slice)
  3140 (Concat) -> 3194 (Concat)
  3140 (Concat) -> 3274 (Slice)
  3140 (Concat) -> 3276 (Concat)
  3140 (Concat) -> 3277 (Concat)
  3140 (Concat) -> 3279 (Concat)
  3140 (Concat) -> 3280 (Concat)
  3140 (Concat) -> 3281 (Concat)
  3140 (Concat) -> 3252 (Concat)
  3140 (Concat) -> 3179 (Concat)
  3140 (Concat) -> 3115 (Concat)
  3140 (Concat) -> 3258 (Concat)
  3140 (Concat) -> 3166 (Concat)
  3140 (Concat) -> 3160 (Concat)
  3140 (Concat) -> 3239 (Concat)
  3140 (Concat) -> 3137 (Concat)
  3140 (Concat) -> 3183 (Concat)
  3140 (Concat) -> 3242 (Concat)
  3140 (Concat) -> 3181 (Concat)
  3140 (Concat) -> 3129 (Concat)
  3140 (Concat) -> 3161 (Slice)
  3140 (Concat) -> 3232 (Slice)
  3140 (Concat) -> 3213 (Concat)
  3140 (Concat) -> 3114 (Concat)
  3140 (Concat) -> 3263 (Concat)
  3146 (Concat) -> 3231 (Slice)
  3146 (Concat) -> 3219 (Slice)
  3146 (Concat) -> 3236 (Concat)
  3146 (Concat) -> 3225 (Concat)
  3146 (Concat) -> 3177 (Slice)
  3146 (Concat) -> 3234 (Concat)
  3146 (Concat) -> 3190 (Slice)
  3146 (Concat) -> 3210 (Concat)
  3146 (Concat) -> 3218 (Slice)
  3146 (Concat) -> 3143 (Concat)
  3146 (Concat) -> 3168 (Concat)
  3146 (Concat) -> 3217 (Slice)
  3146 (Concat) -> 3222 (Concat)
  3146 (Concat) -> 3214 (Concat)
  3146 (Concat) -> 3211 (Concat)
  3146 (Concat) -> 3121 (Slice)
  3146 (Concat) -> 3226 (Concat)
  3146 (Concat) -> 3111 (Div)
  3146 (Concat) -> 3221 (Concat)
  3146 (Concat) -> 3241 (Concat)
  3146 (Concat) -> 3209 (Concat)
  3146 (Concat) -> 3208 (Concat)
  3146 (Concat) -> 3133 (Slice)
  3146 (Concat) -> 3207 (Concat)
  3146 (Concat) -> 3204 (Slice)
  3146 (Concat) -> 3203 (Slice)
  3146 (Concat) -> 3148 (Slice)
  3146 (Concat) -> 3215 (Concat)
  3146 (Concat) -> 3199 (Concat)
  3146 (Concat) -> 3171 (Concat)
  3146 (Concat) -> 3127 (Concat)
  3146 (Concat) -> 3244 (Concat)
  3146 (Concat) -> 3196 (Concat)
  3146 (Concat) -> 3200 (Concat)
  3146 (Concat) -> 3195 (Concat)
  3146 (Concat) -> 3144 (Concat)
  3146 (Concat) -> 3264 (Concat)
  3146 (Concat) -> 3193 (Concat)
  3146 (Concat) -> 3228 (Concat)
  3146 (Concat) -> 3192 (Concat)
  3146 (Concat) -> 3201 (Concat)
  3146 (Concat) -> 3141 (Concat)
  3146 (Concat) -> 3189 (Slice)
  3146 (Concat) -> 3188 (Concat)
  3146 (Concat) -> 3233 (Slice)
  3146 (Concat) -> 3132 (Concat)
  3146 (Concat) -> 3185 (Concat)
  3146 (Concat) -> 3134 (Slice)
  3146 (Concat) -> 3182 (Concat)
  3146 (Concat) -> 3180 (Concat)
  3146 (Concat) -> 3130 (Concat)
  3146 (Concat) -> 3165 (Concat)
  3146 (Concat) -> 3176 (Slice)
  3146 (Concat) -> 3191 (Slice)
  3146 (Concat) -> 3175 (Slice)
  3146 (Concat) -> 3172 (Concat)
  3146 (Concat) -> 3173 (Concat)
  3146 (Concat) -> 3169 (Concat)
  3146 (Concat) -> 3230 (Concat)
  3146 (Concat) -> 3116 (Concat)
  3146 (Concat) -> 3267 (Concat)
  3146 (Concat) -> 3235 (Concat)
  3146 (Concat) -> 3122 (Concat)
  3146 (Concat) -> 3163 (Slice)
  3146 (Concat) -> 3212 (Concat)
  3146 (Concat) -> 3136 (Concat)
  3146 (Concat) -> 3128 (Concat)
  3146 (Concat) -> 3174 (Concat)
  3146 (Concat) -> 3155 (Concat)
  3146 (Concat) -> 3229 (Concat)
  3146 (Concat) -> 3186 (Concat)
  3146 (Concat) -> 3126 (Concat)
  3146 (Concat) -> 3120 (Slice)
  3146 (Concat) -> 3257 (Concat)
  3146 (Concat) -> 3184 (Concat)
  3146 (Concat) -> 3124 (Concat)
  3146 (Concat) -> 3256 (Concat)
  3146 (Concat) -> 3112 (Sub)
  3146 (Concat) -> 3113 (Concat)
  3146 (Concat) -> 3223 (Concat)
  3146 (Concat) -> 3197 (Concat)
  3146 (Concat) -> 3123 (Concat)
  3146 (Concat) -> 3220 (Concat)
  3146 (Concat) -> 3187 (Concat)
  3146 (Concat) -> 3157 (Concat)
  3146 (Concat) -> 3117 (Concat)
  3146 (Concat) -> 3135 (Slice)
  3146 (Concat) -> 3151 (Concat)
  3146 (Concat) -> 3150 (Concat)
  3146 (Concat) -> 3170 (Concat)
  3146 (Concat) -> 3138 (Concat)
  3146 (Concat) -> 3154 (Concat)
  3146 (Concat) -> 3140 (Concat)
  3146 (Concat) -> 3125 (Concat)
  3146 (Concat) -> 3147 (Slice)
  3146 (Concat) -> 3227 (Concat)
  3146 (Concat) -> 3131 (Concat)
  3146 (Concat) -> 3178 (Concat)
  3146 (Concat) -> 3149 (Slice)
  3146 (Concat) -> 3206 (Concat)
  3146 (Concat) -> 3152 (Concat)
  3146 (Concat) -> 3243 (Concat)
  3146 (Concat) -> 3139 (Concat)
  3146 (Concat) -> 3110 (Concat)
  3146 (Concat) -> 3216 (Concat)
  3146 (Concat) -> 3153 (Concat)
  3146 (Concat) -> 3156 (Concat)
  3146 (Concat) -> 3198 (Concat)
  3146 (Concat) -> 3255 (Concat)
  3146 (Concat) -> 3159 (Concat)
  3146 (Concat) -> 3145 (Concat)
  3146 (Concat) -> 3266 (Concat)
  3146 (Concat) -> 3162 (Slice)
  3146 (Concat) -> 3158 (Concat)
  3146 (Concat) -> 3253 (Concat)
  3146 (Concat) -> 3164 (Concat)
  3146 (Concat) -> 3238 (Concat)
  3146 (Concat) -> 3240 (Concat)
  3146 (Concat) -> 3237 (Concat)
  3146 (Concat) -> 3278 (Concat)
  3146 (Concat) -> 3245 (Slice)
  3146 (Concat) -> 3246 (Slice)
  3146 (Concat) -> 3247 (Slice)
  3146 (Concat) -> 3142 (Concat)
  3146 (Concat) -> 3248 (Concat)
  3146 (Concat) -> 3249 (Concat)
  3146 (Concat) -> 3250 (Concat)
  3146 (Concat) -> 3119 (Slice)
  3146 (Concat) -> 3251 (Concat)
  3146 (Concat) -> 3167 (Concat)
  3146 (Concat) -> 3224 (Concat)
  3146 (Concat) -> 3254 (Concat)
  3146 (Concat) -> 3202 (Concat)
  3146 (Concat) -> 3259 (Slice)
  3146 (Concat) -> 3260 (Slice)
  3146 (Concat) -> 3118 (Concat)
  3146 (Concat) -> 3261 (Slice)
  3146 (Concat) -> 3271 (Concat)
  3146 (Concat) -> 3262 (Concat)
  3146 (Concat) -> 3265 (Concat)
  3146 (Concat) -> 3268 (Concat)
  3146 (Concat) -> 3205 (Slice)
  3146 (Concat) -> 3269 (Concat)
  3146 (Concat) -> 3270 (Concat)
  3146 (Concat) -> 3272 (Concat)
  3146 (Concat) -> 3273 (Slice)
  3146 (Concat) -> 3275 (Slice)
  3146 (Concat) -> 3194 (Concat)
  3146 (Concat) -> 3274 (Slice)
  3146 (Concat) -> 3276 (Concat)
  3146 (Concat) -> 3277 (Concat)
  3146 (Concat) -> 3279 (Concat)
  3146 (Concat) -> 3280 (Concat)
  3146 (Concat) -> 3281 (Concat)
  3146 (Concat) -> 3252 (Concat)
  3146 (Concat) -> 3179 (Concat)
  3146 (Concat) -> 3115 (Concat)
  3146 (Concat) -> 3258 (Concat)
  3146 (Concat) -> 3166 (Concat)
  3146 (Concat) -> 3160 (Concat)
  3146 (Concat) -> 3239 (Concat)
  3146 (Concat) -> 3137 (Concat)
  3146 (Concat) -> 3183 (Concat)
  3146 (Concat) -> 3242 (Concat)
  3146 (Concat) -> 3181 (Concat)
  3146 (Concat) -> 3129 (Concat)
  3146 (Concat) -> 3161 (Slice)
  3146 (Concat) -> 3232 (Slice)
  3146 (Concat) -> 3213 (Concat)
  3146 (Concat) -> 3114 (Concat)
  3146 (Concat) -> 3263 (Concat)
  3125 (Concat) -> 3231 (Slice)
  3125 (Concat) -> 3219 (Slice)
  3125 (Concat) -> 3236 (Concat)
  3125 (Concat) -> 3225 (Concat)
  3125 (Concat) -> 3177 (Slice)
  3125 (Concat) -> 3234 (Concat)
  3125 (Concat) -> 3190 (Slice)
  3125 (Concat) -> 3210 (Concat)
  3125 (Concat) -> 3218 (Slice)
  3125 (Concat) -> 3143 (Concat)
  3125 (Concat) -> 3168 (Concat)
  3125 (Concat) -> 3217 (Slice)
  3125 (Concat) -> 3222 (Concat)
  3125 (Concat) -> 3214 (Concat)
  3125 (Concat) -> 3211 (Concat)
  3125 (Concat) -> 3121 (Slice)
  3125 (Concat) -> 3226 (Concat)
  3125 (Concat) -> 3111 (Div)
  3125 (Concat) -> 3221 (Concat)
  3125 (Concat) -> 3241 (Concat)
  3125 (Concat) -> 3209 (Concat)
  3125 (Concat) -> 3208 (Concat)
  3125 (Concat) -> 3133 (Slice)
  3125 (Concat) -> 3207 (Concat)
  3125 (Concat) -> 3204 (Slice)
  3125 (Concat) -> 3203 (Slice)
  3125 (Concat) -> 3148 (Slice)
  3125 (Concat) -> 3215 (Concat)
  3125 (Concat) -> 3199 (Concat)
  3125 (Concat) -> 3171 (Concat)
  3125 (Concat) -> 3127 (Concat)
  3125 (Concat) -> 3244 (Concat)
  3125 (Concat) -> 3196 (Concat)
  3125 (Concat) -> 3200 (Concat)
  3125 (Concat) -> 3195 (Concat)
  3125 (Concat) -> 3144 (Concat)
  3125 (Concat) -> 3264 (Concat)
  3125 (Concat) -> 3193 (Concat)
  3125 (Concat) -> 3228 (Concat)
  3125 (Concat) -> 3192 (Concat)
  3125 (Concat) -> 3201 (Concat)
  3125 (Concat) -> 3141 (Concat)
  3125 (Concat) -> 3189 (Slice)
  3125 (Concat) -> 3188 (Concat)
  3125 (Concat) -> 3233 (Slice)
  3125 (Concat) -> 3132 (Concat)
  3125 (Concat) -> 3185 (Concat)
  3125 (Concat) -> 3134 (Slice)
  3125 (Concat) -> 3182 (Concat)
  3125 (Concat) -> 3180 (Concat)
  3125 (Concat) -> 3130 (Concat)
  3125 (Concat) -> 3165 (Concat)
  3125 (Concat) -> 3176 (Slice)
  3125 (Concat) -> 3191 (Slice)
  3125 (Concat) -> 3175 (Slice)
  3125 (Concat) -> 3172 (Concat)
  3125 (Concat) -> 3173 (Concat)
  3125 (Concat) -> 3169 (Concat)
  3125 (Concat) -> 3230 (Concat)
  3125 (Concat) -> 3116 (Concat)
  3125 (Concat) -> 3267 (Concat)
  3125 (Concat) -> 3235 (Concat)
  3125 (Concat) -> 3122 (Concat)
  3125 (Concat) -> 3163 (Slice)
  3125 (Concat) -> 3212 (Concat)
  3125 (Concat) -> 3136 (Concat)
  3125 (Concat) -> 3128 (Concat)
  3125 (Concat) -> 3174 (Concat)
  3125 (Concat) -> 3155 (Concat)
  3125 (Concat) -> 3229 (Concat)
  3125 (Concat) -> 3186 (Concat)
  3125 (Concat) -> 3126 (Concat)
  3125 (Concat) -> 3120 (Slice)
  3125 (Concat) -> 3257 (Concat)
  3125 (Concat) -> 3184 (Concat)
  3125 (Concat) -> 3124 (Concat)
  3125 (Concat) -> 3256 (Concat)
  3125 (Concat) -> 3112 (Sub)
  3125 (Concat) -> 3113 (Concat)
  3125 (Concat) -> 3223 (Concat)
  3125 (Concat) -> 3197 (Concat)
  3125 (Concat) -> 3123 (Concat)
  3125 (Concat) -> 3220 (Concat)
  3125 (Concat) -> 3187 (Concat)
  3125 (Concat) -> 3157 (Concat)
  3125 (Concat) -> 3117 (Concat)
  3125 (Concat) -> 3135 (Slice)
  3125 (Concat) -> 3151 (Concat)
  3125 (Concat) -> 3150 (Concat)
  3125 (Concat) -> 3170 (Concat)
  3125 (Concat) -> 3138 (Concat)
  3125 (Concat) -> 3154 (Concat)
  3125 (Concat) -> 3140 (Concat)
  3125 (Concat) -> 3146 (Concat)
  3125 (Concat) -> 3147 (Slice)
  3125 (Concat) -> 3227 (Concat)
  3125 (Concat) -> 3131 (Concat)
  3125 (Concat) -> 3178 (Concat)
  3125 (Concat) -> 3149 (Slice)
  3125 (Concat) -> 3206 (Concat)
  3125 (Concat) -> 3152 (Concat)
  3125 (Concat) -> 3243 (Concat)
  3125 (Concat) -> 3139 (Concat)
  3125 (Concat) -> 3110 (Concat)
  3125 (Concat) -> 3216 (Concat)
  3125 (Concat) -> 3153 (Concat)
  3125 (Concat) -> 3156 (Concat)
  3125 (Concat) -> 3198 (Concat)
  3125 (Concat) -> 3255 (Concat)
  3125 (Concat) -> 3159 (Concat)
  3125 (Concat) -> 3145 (Concat)
  3125 (Concat) -> 3266 (Concat)
  3125 (Concat) -> 3162 (Slice)
  3125 (Concat) -> 3158 (Concat)
  3125 (Concat) -> 3253 (Concat)
  3125 (Concat) -> 3164 (Concat)
  3125 (Concat) -> 3238 (Concat)
  3125 (Concat) -> 3240 (Concat)
  3125 (Concat) -> 3237 (Concat)
  3125 (Concat) -> 3278 (Concat)
  3125 (Concat) -> 3245 (Slice)
  3125 (Concat) -> 3246 (Slice)
  3125 (Concat) -> 3247 (Slice)
  3125 (Concat) -> 3142 (Concat)
  3125 (Concat) -> 3248 (Concat)
  3125 (Concat) -> 3249 (Concat)
  3125 (Concat) -> 3250 (Concat)
  3125 (Concat) -> 3119 (Slice)
  3125 (Concat) -> 3251 (Concat)
  3125 (Concat) -> 3167 (Concat)
  3125 (Concat) -> 3224 (Concat)
  3125 (Concat) -> 3254 (Concat)
  3125 (Concat) -> 3202 (Concat)
  3125 (Concat) -> 3259 (Slice)
  3125 (Concat) -> 3260 (Slice)
  3125 (Concat) -> 3118 (Concat)
  3125 (Concat) -> 3261 (Slice)
  3125 (Concat) -> 3271 (Concat)
  3125 (Concat) -> 3262 (Concat)
  3125 (Concat) -> 3265 (Concat)
  3125 (Concat) -> 3268 (Concat)
  3125 (Concat) -> 3205 (Slice)
  3125 (Concat) -> 3269 (Concat)
  3125 (Concat) -> 3270 (Concat)
  3125 (Concat) -> 3272 (Concat)
  3125 (Concat) -> 3273 (Slice)
  3125 (Concat) -> 3275 (Slice)
  3125 (Concat) -> 3194 (Concat)
  3125 (Concat) -> 3274 (Slice)
  3125 (Concat) -> 3276 (Concat)
  3125 (Concat) -> 3277 (Concat)
  3125 (Concat) -> 3279 (Concat)
  3125 (Concat) -> 3280 (Concat)
  3125 (Concat) -> 3281 (Concat)
  3125 (Concat) -> 3252 (Concat)
  3125 (Concat) -> 3179 (Concat)
  3125 (Concat) -> 3115 (Concat)
  3125 (Concat) -> 3258 (Concat)
  3125 (Concat) -> 3166 (Concat)
  3125 (Concat) -> 3160 (Concat)
  3125 (Concat) -> 3239 (Concat)
  3125 (Concat) -> 3137 (Concat)
  3125 (Concat) -> 3183 (Concat)
  3125 (Concat) -> 3242 (Concat)
  3125 (Concat) -> 3181 (Concat)
  3125 (Concat) -> 3129 (Concat)
  3125 (Concat) -> 3161 (Slice)
  3125 (Concat) -> 3232 (Slice)
  3125 (Concat) -> 3213 (Concat)
  3125 (Concat) -> 3114 (Concat)
  3125 (Concat) -> 3263 (Concat)
  3147 (Slice) -> 3231 (Slice)
  3147 (Slice) -> 3219 (Slice)
  3147 (Slice) -> 3236 (Concat)
  3147 (Slice) -> 3225 (Concat)
  3147 (Slice) -> 3177 (Slice)
  3147 (Slice) -> 3234 (Concat)
  3147 (Slice) -> 3190 (Slice)
  3147 (Slice) -> 3210 (Concat)
  3147 (Slice) -> 3218 (Slice)
  3147 (Slice) -> 3143 (Concat)
  3147 (Slice) -> 3168 (Concat)
  3147 (Slice) -> 3217 (Slice)
  3147 (Slice) -> 3222 (Concat)
  3147 (Slice) -> 3214 (Concat)
  3147 (Slice) -> 3211 (Concat)
  3147 (Slice) -> 3121 (Slice)
  3147 (Slice) -> 3226 (Concat)
  3147 (Slice) -> 3111 (Div)
  3147 (Slice) -> 3221 (Concat)
  3147 (Slice) -> 3241 (Concat)
  3147 (Slice) -> 3209 (Concat)
  3147 (Slice) -> 3208 (Concat)
  3147 (Slice) -> 3133 (Slice)
  3147 (Slice) -> 3207 (Concat)
  3147 (Slice) -> 3204 (Slice)
  3147 (Slice) -> 3203 (Slice)
  3147 (Slice) -> 3148 (Slice)
  3147 (Slice) -> 3215 (Concat)
  3147 (Slice) -> 3199 (Concat)
  3147 (Slice) -> 3171 (Concat)
  3147 (Slice) -> 3127 (Concat)
  3147 (Slice) -> 3244 (Concat)
  3147 (Slice) -> 3196 (Concat)
  3147 (Slice) -> 3200 (Concat)
  3147 (Slice) -> 3195 (Concat)
  3147 (Slice) -> 3144 (Concat)
  3147 (Slice) -> 3264 (Concat)
  3147 (Slice) -> 3193 (Concat)
  3147 (Slice) -> 3228 (Concat)
  3147 (Slice) -> 3192 (Concat)
  3147 (Slice) -> 3201 (Concat)
  3147 (Slice) -> 3141 (Concat)
  3147 (Slice) -> 3189 (Slice)
  3147 (Slice) -> 3188 (Concat)
  3147 (Slice) -> 3233 (Slice)
  3147 (Slice) -> 3132 (Concat)
  3147 (Slice) -> 3185 (Concat)
  3147 (Slice) -> 3134 (Slice)
  3147 (Slice) -> 3182 (Concat)
  3147 (Slice) -> 3180 (Concat)
  3147 (Slice) -> 3130 (Concat)
  3147 (Slice) -> 3165 (Concat)
  3147 (Slice) -> 3176 (Slice)
  3147 (Slice) -> 3191 (Slice)
  3147 (Slice) -> 3175 (Slice)
  3147 (Slice) -> 3172 (Concat)
  3147 (Slice) -> 3173 (Concat)
  3147 (Slice) -> 3169 (Concat)
  3147 (Slice) -> 3230 (Concat)
  3147 (Slice) -> 3116 (Concat)
  3147 (Slice) -> 3267 (Concat)
  3147 (Slice) -> 3235 (Concat)
  3147 (Slice) -> 3122 (Concat)
  3147 (Slice) -> 3163 (Slice)
  3147 (Slice) -> 3212 (Concat)
  3147 (Slice) -> 3136 (Concat)
  3147 (Slice) -> 3128 (Concat)
  3147 (Slice) -> 3174 (Concat)
  3147 (Slice) -> 3155 (Concat)
  3147 (Slice) -> 3229 (Concat)
  3147 (Slice) -> 3186 (Concat)
  3147 (Slice) -> 3126 (Concat)
  3147 (Slice) -> 3120 (Slice)
  3147 (Slice) -> 3257 (Concat)
  3147 (Slice) -> 3184 (Concat)
  3147 (Slice) -> 3124 (Concat)
  3147 (Slice) -> 3256 (Concat)
  3147 (Slice) -> 3112 (Sub)
  3147 (Slice) -> 3113 (Concat)
  3147 (Slice) -> 3223 (Concat)
  3147 (Slice) -> 3197 (Concat)
  3147 (Slice) -> 3123 (Concat)
  3147 (Slice) -> 3220 (Concat)
  3147 (Slice) -> 3187 (Concat)
  3147 (Slice) -> 3157 (Concat)
  3147 (Slice) -> 3117 (Concat)
  3147 (Slice) -> 3135 (Slice)
  3147 (Slice) -> 3151 (Concat)
  3147 (Slice) -> 3150 (Concat)
  3147 (Slice) -> 3170 (Concat)
  3147 (Slice) -> 3138 (Concat)
  3147 (Slice) -> 3154 (Concat)
  3147 (Slice) -> 3140 (Concat)
  3147 (Slice) -> 3146 (Concat)
  3147 (Slice) -> 3125 (Concat)
  3147 (Slice) -> 3227 (Concat)
  3147 (Slice) -> 3131 (Concat)
  3147 (Slice) -> 3178 (Concat)
  3147 (Slice) -> 3149 (Slice)
  3147 (Slice) -> 3206 (Concat)
  3147 (Slice) -> 3152 (Concat)
  3147 (Slice) -> 3243 (Concat)
  3147 (Slice) -> 3139 (Concat)
  3147 (Slice) -> 3110 (Concat)
  3147 (Slice) -> 3216 (Concat)
  3147 (Slice) -> 3153 (Concat)
  3147 (Slice) -> 3156 (Concat)
  3147 (Slice) -> 3198 (Concat)
  3147 (Slice) -> 3255 (Concat)
  3147 (Slice) -> 3159 (Concat)
  3147 (Slice) -> 3145 (Concat)
  3147 (Slice) -> 3266 (Concat)
  3147 (Slice) -> 3162 (Slice)
  3147 (Slice) -> 3158 (Concat)
  3147 (Slice) -> 3253 (Concat)
  3147 (Slice) -> 3164 (Concat)
  3147 (Slice) -> 3238 (Concat)
  3147 (Slice) -> 3240 (Concat)
  3147 (Slice) -> 3237 (Concat)
  3147 (Slice) -> 3278 (Concat)
  3147 (Slice) -> 3245 (Slice)
  3147 (Slice) -> 3246 (Slice)
  3147 (Slice) -> 3247 (Slice)
  3147 (Slice) -> 3142 (Concat)
  3147 (Slice) -> 3248 (Concat)
  3147 (Slice) -> 3249 (Concat)
  3147 (Slice) -> 3250 (Concat)
  3147 (Slice) -> 3119 (Slice)
  3147 (Slice) -> 3251 (Concat)
  3147 (Slice) -> 3167 (Concat)
  3147 (Slice) -> 3224 (Concat)
  3147 (Slice) -> 3254 (Concat)
  3147 (Slice) -> 3202 (Concat)
  3147 (Slice) -> 3259 (Slice)
  3147 (Slice) -> 3260 (Slice)
  3147 (Slice) -> 3118 (Concat)
  3147 (Slice) -> 3261 (Slice)
  3147 (Slice) -> 3271 (Concat)
  3147 (Slice) -> 3262 (Concat)
  3147 (Slice) -> 3265 (Concat)
  3147 (Slice) -> 3268 (Concat)
  3147 (Slice) -> 3205 (Slice)
  3147 (Slice) -> 3269 (Concat)
  3147 (Slice) -> 3270 (Concat)
  3147 (Slice) -> 3272 (Concat)
  3147 (Slice) -> 3273 (Slice)
  3147 (Slice) -> 3275 (Slice)
  3147 (Slice) -> 3194 (Concat)
  3147 (Slice) -> 3274 (Slice)
  3147 (Slice) -> 3276 (Concat)
  3147 (Slice) -> 3277 (Concat)
  3147 (Slice) -> 3279 (Concat)
  3147 (Slice) -> 3280 (Concat)
  3147 (Slice) -> 3281 (Concat)
  3147 (Slice) -> 3252 (Concat)
  3147 (Slice) -> 3179 (Concat)
  3147 (Slice) -> 3115 (Concat)
  3147 (Slice) -> 3258 (Concat)
  3147 (Slice) -> 3166 (Concat)
  3147 (Slice) -> 3160 (Concat)
  3147 (Slice) -> 3239 (Concat)
  3147 (Slice) -> 3137 (Concat)
  3147 (Slice) -> 3183 (Concat)
  3147 (Slice) -> 3242 (Concat)
  3147 (Slice) -> 3181 (Concat)
  3147 (Slice) -> 3129 (Concat)
  3147 (Slice) -> 3161 (Slice)
  3147 (Slice) -> 3232 (Slice)
  3147 (Slice) -> 3213 (Concat)
  3147 (Slice) -> 3114 (Concat)
  3147 (Slice) -> 3263 (Concat)
  h.11.attn (Slice) -> h.9.attn (Slice)
  h.11.attn (Slice) -> h.8.attn (Slice)
  h.11.attn (Slice) -> h.4.attn (Slice)
  h.11.attn (Slice) -> h.1.attn (Slice)
  h.11.attn (Slice) -> h.7.attn (Slice)
  h.11.attn (Slice) -> h.0.attn (Slice)
  h.11.attn (Slice) -> h.2.attn (Slice)
  h.11.attn (Slice) -> h.3.attn (Slice)
  h.11.attn (Slice) -> h.10.attn (Slice)
  h.11.attn (Slice) -> h.5.attn (Slice)
  h.11.attn (Slice) -> h.6.attn (Slice)
  3227 (Concat) -> 3231 (Slice)
  3227 (Concat) -> 3219 (Slice)
  3227 (Concat) -> 3236 (Concat)
  3227 (Concat) -> 3225 (Concat)
  3227 (Concat) -> 3177 (Slice)
  3227 (Concat) -> 3234 (Concat)
  3227 (Concat) -> 3190 (Slice)
  3227 (Concat) -> 3210 (Concat)
  3227 (Concat) -> 3218 (Slice)
  3227 (Concat) -> 3143 (Concat)
  3227 (Concat) -> 3168 (Concat)
  3227 (Concat) -> 3217 (Slice)
  3227 (Concat) -> 3222 (Concat)
  3227 (Concat) -> 3214 (Concat)
  3227 (Concat) -> 3211 (Concat)
  3227 (Concat) -> 3121 (Slice)
  3227 (Concat) -> 3226 (Concat)
  3227 (Concat) -> 3111 (Div)
  3227 (Concat) -> 3221 (Concat)
  3227 (Concat) -> 3241 (Concat)
  3227 (Concat) -> 3209 (Concat)
  3227 (Concat) -> 3208 (Concat)
  3227 (Concat) -> 3133 (Slice)
  3227 (Concat) -> 3207 (Concat)
  3227 (Concat) -> 3204 (Slice)
  3227 (Concat) -> 3203 (Slice)
  3227 (Concat) -> 3148 (Slice)
  3227 (Concat) -> 3215 (Concat)
  3227 (Concat) -> 3199 (Concat)
  3227 (Concat) -> 3171 (Concat)
  3227 (Concat) -> 3127 (Concat)
  3227 (Concat) -> 3244 (Concat)
  3227 (Concat) -> 3196 (Concat)
  3227 (Concat) -> 3200 (Concat)
  3227 (Concat) -> 3195 (Concat)
  3227 (Concat) -> 3144 (Concat)
  3227 (Concat) -> 3264 (Concat)
  3227 (Concat) -> 3193 (Concat)
  3227 (Concat) -> 3228 (Concat)
  3227 (Concat) -> 3192 (Concat)
  3227 (Concat) -> 3201 (Concat)
  3227 (Concat) -> 3141 (Concat)
  3227 (Concat) -> 3189 (Slice)
  3227 (Concat) -> 3188 (Concat)
  3227 (Concat) -> 3233 (Slice)
  3227 (Concat) -> 3132 (Concat)
  3227 (Concat) -> 3185 (Concat)
  3227 (Concat) -> 3134 (Slice)
  3227 (Concat) -> 3182 (Concat)
  3227 (Concat) -> 3180 (Concat)
  3227 (Concat) -> 3130 (Concat)
  3227 (Concat) -> 3165 (Concat)
  3227 (Concat) -> 3176 (Slice)
  3227 (Concat) -> 3191 (Slice)
  3227 (Concat) -> 3175 (Slice)
  3227 (Concat) -> 3172 (Concat)
  3227 (Concat) -> 3173 (Concat)
  3227 (Concat) -> 3169 (Concat)
  3227 (Concat) -> 3230 (Concat)
  3227 (Concat) -> 3116 (Concat)
  3227 (Concat) -> 3267 (Concat)
  3227 (Concat) -> 3235 (Concat)
  3227 (Concat) -> 3122 (Concat)
  3227 (Concat) -> 3163 (Slice)
  3227 (Concat) -> 3212 (Concat)
  3227 (Concat) -> 3136 (Concat)
  3227 (Concat) -> 3128 (Concat)
  3227 (Concat) -> 3174 (Concat)
  3227 (Concat) -> 3155 (Concat)
  3227 (Concat) -> 3229 (Concat)
  3227 (Concat) -> 3186 (Concat)
  3227 (Concat) -> 3126 (Concat)
  3227 (Concat) -> 3120 (Slice)
  3227 (Concat) -> 3257 (Concat)
  3227 (Concat) -> 3184 (Concat)
  3227 (Concat) -> 3124 (Concat)
  3227 (Concat) -> 3256 (Concat)
  3227 (Concat) -> 3112 (Sub)
  3227 (Concat) -> 3113 (Concat)
  3227 (Concat) -> 3223 (Concat)
  3227 (Concat) -> 3197 (Concat)
  3227 (Concat) -> 3123 (Concat)
  3227 (Concat) -> 3220 (Concat)
  3227 (Concat) -> 3187 (Concat)
  3227 (Concat) -> 3157 (Concat)
  3227 (Concat) -> 3117 (Concat)
  3227 (Concat) -> 3135 (Slice)
  3227 (Concat) -> 3151 (Concat)
  3227 (Concat) -> 3150 (Concat)
  3227 (Concat) -> 3170 (Concat)
  3227 (Concat) -> 3138 (Concat)
  3227 (Concat) -> 3154 (Concat)
  3227 (Concat) -> 3140 (Concat)
  3227 (Concat) -> 3146 (Concat)
  3227 (Concat) -> 3125 (Concat)
  3227 (Concat) -> 3147 (Slice)
  3227 (Concat) -> 3131 (Concat)
  3227 (Concat) -> 3178 (Concat)
  3227 (Concat) -> 3149 (Slice)
  3227 (Concat) -> 3206 (Concat)
  3227 (Concat) -> 3152 (Concat)
  3227 (Concat) -> 3243 (Concat)
  3227 (Concat) -> 3139 (Concat)
  3227 (Concat) -> 3110 (Concat)
  3227 (Concat) -> 3216 (Concat)
  3227 (Concat) -> 3153 (Concat)
  3227 (Concat) -> 3156 (Concat)
  3227 (Concat) -> 3198 (Concat)
  3227 (Concat) -> 3255 (Concat)
  3227 (Concat) -> 3159 (Concat)
  3227 (Concat) -> 3145 (Concat)
  3227 (Concat) -> 3266 (Concat)
  3227 (Concat) -> 3162 (Slice)
  3227 (Concat) -> 3158 (Concat)
  3227 (Concat) -> 3253 (Concat)
  3227 (Concat) -> 3164 (Concat)
  3227 (Concat) -> 3238 (Concat)
  3227 (Concat) -> 3240 (Concat)
  3227 (Concat) -> 3237 (Concat)
  3227 (Concat) -> 3278 (Concat)
  3227 (Concat) -> 3245 (Slice)
  3227 (Concat) -> 3246 (Slice)
  3227 (Concat) -> 3247 (Slice)
  3227 (Concat) -> 3142 (Concat)
  3227 (Concat) -> 3248 (Concat)
  3227 (Concat) -> 3249 (Concat)
  3227 (Concat) -> 3250 (Concat)
  3227 (Concat) -> 3119 (Slice)
  3227 (Concat) -> 3251 (Concat)
  3227 (Concat) -> 3167 (Concat)
  3227 (Concat) -> 3224 (Concat)
  3227 (Concat) -> 3254 (Concat)
  3227 (Concat) -> 3202 (Concat)
  3227 (Concat) -> 3259 (Slice)
  3227 (Concat) -> 3260 (Slice)
  3227 (Concat) -> 3118 (Concat)
  3227 (Concat) -> 3261 (Slice)
  3227 (Concat) -> 3271 (Concat)
  3227 (Concat) -> 3262 (Concat)
  3227 (Concat) -> 3265 (Concat)
  3227 (Concat) -> 3268 (Concat)
  3227 (Concat) -> 3205 (Slice)
  3227 (Concat) -> 3269 (Concat)
  3227 (Concat) -> 3270 (Concat)
  3227 (Concat) -> 3272 (Concat)
  3227 (Concat) -> 3273 (Slice)
  3227 (Concat) -> 3275 (Slice)
  3227 (Concat) -> 3194 (Concat)
  3227 (Concat) -> 3274 (Slice)
  3227 (Concat) -> 3276 (Concat)
  3227 (Concat) -> 3277 (Concat)
  3227 (Concat) -> 3279 (Concat)
  3227 (Concat) -> 3280 (Concat)
  3227 (Concat) -> 3281 (Concat)
  3227 (Concat) -> 3252 (Concat)
  3227 (Concat) -> 3179 (Concat)
  3227 (Concat) -> 3115 (Concat)
  3227 (Concat) -> 3258 (Concat)
  3227 (Concat) -> 3166 (Concat)
  3227 (Concat) -> 3160 (Concat)
  3227 (Concat) -> 3239 (Concat)
  3227 (Concat) -> 3137 (Concat)
  3227 (Concat) -> 3183 (Concat)
  3227 (Concat) -> 3242 (Concat)
  3227 (Concat) -> 3181 (Concat)
  3227 (Concat) -> 3129 (Concat)
  3227 (Concat) -> 3161 (Slice)
  3227 (Concat) -> 3232 (Slice)
  3227 (Concat) -> 3213 (Concat)
  3227 (Concat) -> 3114 (Concat)
  3227 (Concat) -> 3263 (Concat)
  3131 (Concat) -> 3231 (Slice)
  3131 (Concat) -> 3219 (Slice)
  3131 (Concat) -> 3236 (Concat)
  3131 (Concat) -> 3225 (Concat)
  3131 (Concat) -> 3177 (Slice)
  3131 (Concat) -> 3234 (Concat)
  3131 (Concat) -> 3190 (Slice)
  3131 (Concat) -> 3210 (Concat)
  3131 (Concat) -> 3218 (Slice)
  3131 (Concat) -> 3143 (Concat)
  3131 (Concat) -> 3168 (Concat)
  3131 (Concat) -> 3217 (Slice)
  3131 (Concat) -> 3222 (Concat)
  3131 (Concat) -> 3214 (Concat)
  3131 (Concat) -> 3211 (Concat)
  3131 (Concat) -> 3121 (Slice)
  3131 (Concat) -> 3226 (Concat)
  3131 (Concat) -> 3111 (Div)
  3131 (Concat) -> 3221 (Concat)
  3131 (Concat) -> 3241 (Concat)
  3131 (Concat) -> 3209 (Concat)
  3131 (Concat) -> 3208 (Concat)
  3131 (Concat) -> 3133 (Slice)
  3131 (Concat) -> 3207 (Concat)
  3131 (Concat) -> 3204 (Slice)
  3131 (Concat) -> 3203 (Slice)
  3131 (Concat) -> 3148 (Slice)
  3131 (Concat) -> 3215 (Concat)
  3131 (Concat) -> 3199 (Concat)
  3131 (Concat) -> 3171 (Concat)
  3131 (Concat) -> 3127 (Concat)
  3131 (Concat) -> 3244 (Concat)
  3131 (Concat) -> 3196 (Concat)
  3131 (Concat) -> 3200 (Concat)
  3131 (Concat) -> 3195 (Concat)
  3131 (Concat) -> 3144 (Concat)
  3131 (Concat) -> 3264 (Concat)
  3131 (Concat) -> 3193 (Concat)
  3131 (Concat) -> 3228 (Concat)
  3131 (Concat) -> 3192 (Concat)
  3131 (Concat) -> 3201 (Concat)
  3131 (Concat) -> 3141 (Concat)
  3131 (Concat) -> 3189 (Slice)
  3131 (Concat) -> 3188 (Concat)
  3131 (Concat) -> 3233 (Slice)
  3131 (Concat) -> 3132 (Concat)
  3131 (Concat) -> 3185 (Concat)
  3131 (Concat) -> 3134 (Slice)
  3131 (Concat) -> 3182 (Concat)
  3131 (Concat) -> 3180 (Concat)
  3131 (Concat) -> 3130 (Concat)
  3131 (Concat) -> 3165 (Concat)
  3131 (Concat) -> 3176 (Slice)
  3131 (Concat) -> 3191 (Slice)
  3131 (Concat) -> 3175 (Slice)
  3131 (Concat) -> 3172 (Concat)
  3131 (Concat) -> 3173 (Concat)
  3131 (Concat) -> 3169 (Concat)
  3131 (Concat) -> 3230 (Concat)
  3131 (Concat) -> 3116 (Concat)
  3131 (Concat) -> 3267 (Concat)
  3131 (Concat) -> 3235 (Concat)
  3131 (Concat) -> 3122 (Concat)
  3131 (Concat) -> 3163 (Slice)
  3131 (Concat) -> 3212 (Concat)
  3131 (Concat) -> 3136 (Concat)
  3131 (Concat) -> 3128 (Concat)
  3131 (Concat) -> 3174 (Concat)
  3131 (Concat) -> 3155 (Concat)
  3131 (Concat) -> 3229 (Concat)
  3131 (Concat) -> 3186 (Concat)
  3131 (Concat) -> 3126 (Concat)
  3131 (Concat) -> 3120 (Slice)
  3131 (Concat) -> 3257 (Concat)
  3131 (Concat) -> 3184 (Concat)
  3131 (Concat) -> 3124 (Concat)
  3131 (Concat) -> 3256 (Concat)
  3131 (Concat) -> 3112 (Sub)
  3131 (Concat) -> 3113 (Concat)
  3131 (Concat) -> 3223 (Concat)
  3131 (Concat) -> 3197 (Concat)
  3131 (Concat) -> 3123 (Concat)
  3131 (Concat) -> 3220 (Concat)
  3131 (Concat) -> 3187 (Concat)
  3131 (Concat) -> 3157 (Concat)
  3131 (Concat) -> 3117 (Concat)
  3131 (Concat) -> 3135 (Slice)
  3131 (Concat) -> 3151 (Concat)
  3131 (Concat) -> 3150 (Concat)
  3131 (Concat) -> 3170 (Concat)
  3131 (Concat) -> 3138 (Concat)
  3131 (Concat) -> 3154 (Concat)
  3131 (Concat) -> 3140 (Concat)
  3131 (Concat) -> 3146 (Concat)
  3131 (Concat) -> 3125 (Concat)
  3131 (Concat) -> 3147 (Slice)
  3131 (Concat) -> 3227 (Concat)
  3131 (Concat) -> 3178 (Concat)
  3131 (Concat) -> 3149 (Slice)
  3131 (Concat) -> 3206 (Concat)
  3131 (Concat) -> 3152 (Concat)
  3131 (Concat) -> 3243 (Concat)
  3131 (Concat) -> 3139 (Concat)
  3131 (Concat) -> 3110 (Concat)
  3131 (Concat) -> 3216 (Concat)
  3131 (Concat) -> 3153 (Concat)
  3131 (Concat) -> 3156 (Concat)
  3131 (Concat) -> 3198 (Concat)
  3131 (Concat) -> 3255 (Concat)
  3131 (Concat) -> 3159 (Concat)
  3131 (Concat) -> 3145 (Concat)
  3131 (Concat) -> 3266 (Concat)
  3131 (Concat) -> 3162 (Slice)
  3131 (Concat) -> 3158 (Concat)
  3131 (Concat) -> 3253 (Concat)
  3131 (Concat) -> 3164 (Concat)
  3131 (Concat) -> 3238 (Concat)
  3131 (Concat) -> 3240 (Concat)
  3131 (Concat) -> 3237 (Concat)
  3131 (Concat) -> 3278 (Concat)
  3131 (Concat) -> 3245 (Slice)
  3131 (Concat) -> 3246 (Slice)
  3131 (Concat) -> 3247 (Slice)
  3131 (Concat) -> 3142 (Concat)
  3131 (Concat) -> 3248 (Concat)
  3131 (Concat) -> 3249 (Concat)
  3131 (Concat) -> 3250 (Concat)
  3131 (Concat) -> 3119 (Slice)
  3131 (Concat) -> 3251 (Concat)
  3131 (Concat) -> 3167 (Concat)
  3131 (Concat) -> 3224 (Concat)
  3131 (Concat) -> 3254 (Concat)
  3131 (Concat) -> 3202 (Concat)
  3131 (Concat) -> 3259 (Slice)
  3131 (Concat) -> 3260 (Slice)
  3131 (Concat) -> 3118 (Concat)
  3131 (Concat) -> 3261 (Slice)
  3131 (Concat) -> 3271 (Concat)
  3131 (Concat) -> 3262 (Concat)
  3131 (Concat) -> 3265 (Concat)
  3131 (Concat) -> 3268 (Concat)
  3131 (Concat) -> 3205 (Slice)
  3131 (Concat) -> 3269 (Concat)
  3131 (Concat) -> 3270 (Concat)
  3131 (Concat) -> 3272 (Concat)
  3131 (Concat) -> 3273 (Slice)
  3131 (Concat) -> 3275 (Slice)
  3131 (Concat) -> 3194 (Concat)
  3131 (Concat) -> 3274 (Slice)
  3131 (Concat) -> 3276 (Concat)
  3131 (Concat) -> 3277 (Concat)
  3131 (Concat) -> 3279 (Concat)
  3131 (Concat) -> 3280 (Concat)
  3131 (Concat) -> 3281 (Concat)
  3131 (Concat) -> 3252 (Concat)
  3131 (Concat) -> 3179 (Concat)
  3131 (Concat) -> 3115 (Concat)
  3131 (Concat) -> 3258 (Concat)
  3131 (Concat) -> 3166 (Concat)
  3131 (Concat) -> 3160 (Concat)
  3131 (Concat) -> 3239 (Concat)
  3131 (Concat) -> 3137 (Concat)
  3131 (Concat) -> 3183 (Concat)
  3131 (Concat) -> 3242 (Concat)
  3131 (Concat) -> 3181 (Concat)
  3131 (Concat) -> 3129 (Concat)
  3131 (Concat) -> 3161 (Slice)
  3131 (Concat) -> 3232 (Slice)
  3131 (Concat) -> 3213 (Concat)
  3131 (Concat) -> 3114 (Concat)
  3131 (Concat) -> 3263 (Concat)
  3178 (Concat) -> 3231 (Slice)
  3178 (Concat) -> 3219 (Slice)
  3178 (Concat) -> 3236 (Concat)
  3178 (Concat) -> 3225 (Concat)
  3178 (Concat) -> 3177 (Slice)
  3178 (Concat) -> 3234 (Concat)
  3178 (Concat) -> 3190 (Slice)
  3178 (Concat) -> 3210 (Concat)
  3178 (Concat) -> 3218 (Slice)
  3178 (Concat) -> 3143 (Concat)
  3178 (Concat) -> 3168 (Concat)
  3178 (Concat) -> 3217 (Slice)
  3178 (Concat) -> 3222 (Concat)
  3178 (Concat) -> 3214 (Concat)
  3178 (Concat) -> 3211 (Concat)
  3178 (Concat) -> 3121 (Slice)
  3178 (Concat) -> 3226 (Concat)
  3178 (Concat) -> 3111 (Div)
  3178 (Concat) -> 3221 (Concat)
  3178 (Concat) -> 3241 (Concat)
  3178 (Concat) -> 3209 (Concat)
  3178 (Concat) -> 3208 (Concat)
  3178 (Concat) -> 3133 (Slice)
  3178 (Concat) -> 3207 (Concat)
  3178 (Concat) -> 3204 (Slice)
  3178 (Concat) -> 3203 (Slice)
  3178 (Concat) -> 3148 (Slice)
  3178 (Concat) -> 3215 (Concat)
  3178 (Concat) -> 3199 (Concat)
  3178 (Concat) -> 3171 (Concat)
  3178 (Concat) -> 3127 (Concat)
  3178 (Concat) -> 3244 (Concat)
  3178 (Concat) -> 3196 (Concat)
  3178 (Concat) -> 3200 (Concat)
  3178 (Concat) -> 3195 (Concat)
  3178 (Concat) -> 3144 (Concat)
  3178 (Concat) -> 3264 (Concat)
  3178 (Concat) -> 3193 (Concat)
  3178 (Concat) -> 3228 (Concat)
  3178 (Concat) -> 3192 (Concat)
  3178 (Concat) -> 3201 (Concat)
  3178 (Concat) -> 3141 (Concat)
  3178 (Concat) -> 3189 (Slice)
  3178 (Concat) -> 3188 (Concat)
  3178 (Concat) -> 3233 (Slice)
  3178 (Concat) -> 3132 (Concat)
  3178 (Concat) -> 3185 (Concat)
  3178 (Concat) -> 3134 (Slice)
  3178 (Concat) -> 3182 (Concat)
  3178 (Concat) -> 3180 (Concat)
  3178 (Concat) -> 3130 (Concat)
  3178 (Concat) -> 3165 (Concat)
  3178 (Concat) -> 3176 (Slice)
  3178 (Concat) -> 3191 (Slice)
  3178 (Concat) -> 3175 (Slice)
  3178 (Concat) -> 3172 (Concat)
  3178 (Concat) -> 3173 (Concat)
  3178 (Concat) -> 3169 (Concat)
  3178 (Concat) -> 3230 (Concat)
  3178 (Concat) -> 3116 (Concat)
  3178 (Concat) -> 3267 (Concat)
  3178 (Concat) -> 3235 (Concat)
  3178 (Concat) -> 3122 (Concat)
  3178 (Concat) -> 3163 (Slice)
  3178 (Concat) -> 3212 (Concat)
  3178 (Concat) -> 3136 (Concat)
  3178 (Concat) -> 3128 (Concat)
  3178 (Concat) -> 3174 (Concat)
  3178 (Concat) -> 3155 (Concat)
  3178 (Concat) -> 3229 (Concat)
  3178 (Concat) -> 3186 (Concat)
  3178 (Concat) -> 3126 (Concat)
  3178 (Concat) -> 3120 (Slice)
  3178 (Concat) -> 3257 (Concat)
  3178 (Concat) -> 3184 (Concat)
  3178 (Concat) -> 3124 (Concat)
  3178 (Concat) -> 3256 (Concat)
  3178 (Concat) -> 3112 (Sub)
  3178 (Concat) -> 3113 (Concat)
  3178 (Concat) -> 3223 (Concat)
  3178 (Concat) -> 3197 (Concat)
  3178 (Concat) -> 3123 (Concat)
  3178 (Concat) -> 3220 (Concat)
  3178 (Concat) -> 3187 (Concat)
  3178 (Concat) -> 3157 (Concat)
  3178 (Concat) -> 3117 (Concat)
  3178 (Concat) -> 3135 (Slice)
  3178 (Concat) -> 3151 (Concat)
  3178 (Concat) -> 3150 (Concat)
  3178 (Concat) -> 3170 (Concat)
  3178 (Concat) -> 3138 (Concat)
  3178 (Concat) -> 3154 (Concat)
  3178 (Concat) -> 3140 (Concat)
  3178 (Concat) -> 3146 (Concat)
  3178 (Concat) -> 3125 (Concat)
  3178 (Concat) -> 3147 (Slice)
  3178 (Concat) -> 3227 (Concat)
  3178 (Concat) -> 3131 (Concat)
  3178 (Concat) -> 3149 (Slice)
  3178 (Concat) -> 3206 (Concat)
  3178 (Concat) -> 3152 (Concat)
  3178 (Concat) -> 3243 (Concat)
  3178 (Concat) -> 3139 (Concat)
  3178 (Concat) -> 3110 (Concat)
  3178 (Concat) -> 3216 (Concat)
  3178 (Concat) -> 3153 (Concat)
  3178 (Concat) -> 3156 (Concat)
  3178 (Concat) -> 3198 (Concat)
  3178 (Concat) -> 3255 (Concat)
  3178 (Concat) -> 3159 (Concat)
  3178 (Concat) -> 3145 (Concat)
  3178 (Concat) -> 3266 (Concat)
  3178 (Concat) -> 3162 (Slice)
  3178 (Concat) -> 3158 (Concat)
  3178 (Concat) -> 3253 (Concat)
  3178 (Concat) -> 3164 (Concat)
  3178 (Concat) -> 3238 (Concat)
  3178 (Concat) -> 3240 (Concat)
  3178 (Concat) -> 3237 (Concat)
  3178 (Concat) -> 3278 (Concat)
  3178 (Concat) -> 3245 (Slice)
  3178 (Concat) -> 3246 (Slice)
  3178 (Concat) -> 3247 (Slice)
  3178 (Concat) -> 3142 (Concat)
  3178 (Concat) -> 3248 (Concat)
  3178 (Concat) -> 3249 (Concat)
  3178 (Concat) -> 3250 (Concat)
  3178 (Concat) -> 3119 (Slice)
  3178 (Concat) -> 3251 (Concat)
  3178 (Concat) -> 3167 (Concat)
  3178 (Concat) -> 3224 (Concat)
  3178 (Concat) -> 3254 (Concat)
  3178 (Concat) -> 3202 (Concat)
  3178 (Concat) -> 3259 (Slice)
  3178 (Concat) -> 3260 (Slice)
  3178 (Concat) -> 3118 (Concat)
  3178 (Concat) -> 3261 (Slice)
  3178 (Concat) -> 3271 (Concat)
  3178 (Concat) -> 3262 (Concat)
  3178 (Concat) -> 3265 (Concat)
  3178 (Concat) -> 3268 (Concat)
  3178 (Concat) -> 3205 (Slice)
  3178 (Concat) -> 3269 (Concat)
  3178 (Concat) -> 3270 (Concat)
  3178 (Concat) -> 3272 (Concat)
  3178 (Concat) -> 3273 (Slice)
  3178 (Concat) -> 3275 (Slice)
  3178 (Concat) -> 3194 (Concat)
  3178 (Concat) -> 3274 (Slice)
  3178 (Concat) -> 3276 (Concat)
  3178 (Concat) -> 3277 (Concat)
  3178 (Concat) -> 3279 (Concat)
  3178 (Concat) -> 3280 (Concat)
  3178 (Concat) -> 3281 (Concat)
  3178 (Concat) -> 3252 (Concat)
  3178 (Concat) -> 3179 (Concat)
  3178 (Concat) -> 3115 (Concat)
  3178 (Concat) -> 3258 (Concat)
  3178 (Concat) -> 3166 (Concat)
  3178 (Concat) -> 3160 (Concat)
  3178 (Concat) -> 3239 (Concat)
  3178 (Concat) -> 3137 (Concat)
  3178 (Concat) -> 3183 (Concat)
  3178 (Concat) -> 3242 (Concat)
  3178 (Concat) -> 3181 (Concat)
  3178 (Concat) -> 3129 (Concat)
  3178 (Concat) -> 3161 (Slice)
  3178 (Concat) -> 3232 (Slice)
  3178 (Concat) -> 3213 (Concat)
  3178 (Concat) -> 3114 (Concat)
  3178 (Concat) -> 3263 (Concat)
  3149 (Slice) -> 3231 (Slice)
  3149 (Slice) -> 3219 (Slice)
  3149 (Slice) -> 3236 (Concat)
  3149 (Slice) -> 3225 (Concat)
  3149 (Slice) -> 3177 (Slice)
  3149 (Slice) -> 3234 (Concat)
  3149 (Slice) -> 3190 (Slice)
  3149 (Slice) -> 3210 (Concat)
  3149 (Slice) -> 3218 (Slice)
  3149 (Slice) -> 3143 (Concat)
  3149 (Slice) -> 3168 (Concat)
  3149 (Slice) -> 3217 (Slice)
  3149 (Slice) -> 3222 (Concat)
  3149 (Slice) -> 3214 (Concat)
  3149 (Slice) -> 3211 (Concat)
  3149 (Slice) -> 3121 (Slice)
  3149 (Slice) -> 3226 (Concat)
  3149 (Slice) -> 3111 (Div)
  3149 (Slice) -> 3221 (Concat)
  3149 (Slice) -> 3241 (Concat)
  3149 (Slice) -> 3209 (Concat)
  3149 (Slice) -> 3208 (Concat)
  3149 (Slice) -> 3133 (Slice)
  3149 (Slice) -> 3207 (Concat)
  3149 (Slice) -> 3204 (Slice)
  3149 (Slice) -> 3203 (Slice)
  3149 (Slice) -> 3148 (Slice)
  3149 (Slice) -> 3215 (Concat)
  3149 (Slice) -> 3199 (Concat)
  3149 (Slice) -> 3171 (Concat)
  3149 (Slice) -> 3127 (Concat)
  3149 (Slice) -> 3244 (Concat)
  3149 (Slice) -> 3196 (Concat)
  3149 (Slice) -> 3200 (Concat)
  3149 (Slice) -> 3195 (Concat)
  3149 (Slice) -> 3144 (Concat)
  3149 (Slice) -> 3264 (Concat)
  3149 (Slice) -> 3193 (Concat)
  3149 (Slice) -> 3228 (Concat)
  3149 (Slice) -> 3192 (Concat)
  3149 (Slice) -> 3201 (Concat)
  3149 (Slice) -> 3141 (Concat)
  3149 (Slice) -> 3189 (Slice)
  3149 (Slice) -> 3188 (Concat)
  3149 (Slice) -> 3233 (Slice)
  3149 (Slice) -> 3132 (Concat)
  3149 (Slice) -> 3185 (Concat)
  3149 (Slice) -> 3134 (Slice)
  3149 (Slice) -> 3182 (Concat)
  3149 (Slice) -> 3180 (Concat)
  3149 (Slice) -> 3130 (Concat)
  3149 (Slice) -> 3165 (Concat)
  3149 (Slice) -> 3176 (Slice)
  3149 (Slice) -> 3191 (Slice)
  3149 (Slice) -> 3175 (Slice)
  3149 (Slice) -> 3172 (Concat)
  3149 (Slice) -> 3173 (Concat)
  3149 (Slice) -> 3169 (Concat)
  3149 (Slice) -> 3230 (Concat)
  3149 (Slice) -> 3116 (Concat)
  3149 (Slice) -> 3267 (Concat)
  3149 (Slice) -> 3235 (Concat)
  3149 (Slice) -> 3122 (Concat)
  3149 (Slice) -> 3163 (Slice)
  3149 (Slice) -> 3212 (Concat)
  3149 (Slice) -> 3136 (Concat)
  3149 (Slice) -> 3128 (Concat)
  3149 (Slice) -> 3174 (Concat)
  3149 (Slice) -> 3155 (Concat)
  3149 (Slice) -> 3229 (Concat)
  3149 (Slice) -> 3186 (Concat)
  3149 (Slice) -> 3126 (Concat)
  3149 (Slice) -> 3120 (Slice)
  3149 (Slice) -> 3257 (Concat)
  3149 (Slice) -> 3184 (Concat)
  3149 (Slice) -> 3124 (Concat)
  3149 (Slice) -> 3256 (Concat)
  3149 (Slice) -> 3112 (Sub)
  3149 (Slice) -> 3113 (Concat)
  3149 (Slice) -> 3223 (Concat)
  3149 (Slice) -> 3197 (Concat)
  3149 (Slice) -> 3123 (Concat)
  3149 (Slice) -> 3220 (Concat)
  3149 (Slice) -> 3187 (Concat)
  3149 (Slice) -> 3157 (Concat)
  3149 (Slice) -> 3117 (Concat)
  3149 (Slice) -> 3135 (Slice)
  3149 (Slice) -> 3151 (Concat)
  3149 (Slice) -> 3150 (Concat)
  3149 (Slice) -> 3170 (Concat)
  3149 (Slice) -> 3138 (Concat)
  3149 (Slice) -> 3154 (Concat)
  3149 (Slice) -> 3140 (Concat)
  3149 (Slice) -> 3146 (Concat)
  3149 (Slice) -> 3125 (Concat)
  3149 (Slice) -> 3147 (Slice)
  3149 (Slice) -> 3227 (Concat)
  3149 (Slice) -> 3131 (Concat)
  3149 (Slice) -> 3178 (Concat)
  3149 (Slice) -> 3206 (Concat)
  3149 (Slice) -> 3152 (Concat)
  3149 (Slice) -> 3243 (Concat)
  3149 (Slice) -> 3139 (Concat)
  3149 (Slice) -> 3110 (Concat)
  3149 (Slice) -> 3216 (Concat)
  3149 (Slice) -> 3153 (Concat)
  3149 (Slice) -> 3156 (Concat)
  3149 (Slice) -> 3198 (Concat)
  3149 (Slice) -> 3255 (Concat)
  3149 (Slice) -> 3159 (Concat)
  3149 (Slice) -> 3145 (Concat)
  3149 (Slice) -> 3266 (Concat)
  3149 (Slice) -> 3162 (Slice)
  3149 (Slice) -> 3158 (Concat)
  3149 (Slice) -> 3253 (Concat)
  3149 (Slice) -> 3164 (Concat)
  3149 (Slice) -> 3238 (Concat)
  3149 (Slice) -> 3240 (Concat)
  3149 (Slice) -> 3237 (Concat)
  3149 (Slice) -> 3278 (Concat)
  3149 (Slice) -> 3245 (Slice)
  3149 (Slice) -> 3246 (Slice)
  3149 (Slice) -> 3247 (Slice)
  3149 (Slice) -> 3142 (Concat)
  3149 (Slice) -> 3248 (Concat)
  3149 (Slice) -> 3249 (Concat)
  3149 (Slice) -> 3250 (Concat)
  3149 (Slice) -> 3119 (Slice)
  3149 (Slice) -> 3251 (Concat)
  3149 (Slice) -> 3167 (Concat)
  3149 (Slice) -> 3224 (Concat)
  3149 (Slice) -> 3254 (Concat)
  3149 (Slice) -> 3202 (Concat)
  3149 (Slice) -> 3259 (Slice)
  3149 (Slice) -> 3260 (Slice)
  3149 (Slice) -> 3118 (Concat)
  3149 (Slice) -> 3261 (Slice)
  3149 (Slice) -> 3271 (Concat)
  3149 (Slice) -> 3262 (Concat)
  3149 (Slice) -> 3265 (Concat)
  3149 (Slice) -> 3268 (Concat)
  3149 (Slice) -> 3205 (Slice)
  3149 (Slice) -> 3269 (Concat)
  3149 (Slice) -> 3270 (Concat)
  3149 (Slice) -> 3272 (Concat)
  3149 (Slice) -> 3273 (Slice)
  3149 (Slice) -> 3275 (Slice)
  3149 (Slice) -> 3194 (Concat)
  3149 (Slice) -> 3274 (Slice)
  3149 (Slice) -> 3276 (Concat)
  3149 (Slice) -> 3277 (Concat)
  3149 (Slice) -> 3279 (Concat)
  3149 (Slice) -> 3280 (Concat)
  3149 (Slice) -> 3281 (Concat)
  3149 (Slice) -> 3252 (Concat)
  3149 (Slice) -> 3179 (Concat)
  3149 (Slice) -> 3115 (Concat)
  3149 (Slice) -> 3258 (Concat)
  3149 (Slice) -> 3166 (Concat)
  3149 (Slice) -> 3160 (Concat)
  3149 (Slice) -> 3239 (Concat)
  3149 (Slice) -> 3137 (Concat)
  3149 (Slice) -> 3183 (Concat)
  3149 (Slice) -> 3242 (Concat)
  3149 (Slice) -> 3181 (Concat)
  3149 (Slice) -> 3129 (Concat)
  3149 (Slice) -> 3161 (Slice)
  3149 (Slice) -> 3232 (Slice)
  3149 (Slice) -> 3213 (Concat)
  3149 (Slice) -> 3114 (Concat)
  3149 (Slice) -> 3263 (Concat)
  3206 (Concat) -> 3231 (Slice)
  3206 (Concat) -> 3219 (Slice)
  3206 (Concat) -> 3236 (Concat)
  3206 (Concat) -> 3225 (Concat)
  3206 (Concat) -> 3177 (Slice)
  3206 (Concat) -> 3234 (Concat)
  3206 (Concat) -> 3190 (Slice)
  3206 (Concat) -> 3210 (Concat)
  3206 (Concat) -> 3218 (Slice)
  3206 (Concat) -> 3143 (Concat)
  3206 (Concat) -> 3168 (Concat)
  3206 (Concat) -> 3217 (Slice)
  3206 (Concat) -> 3222 (Concat)
  3206 (Concat) -> 3214 (Concat)
  3206 (Concat) -> 3211 (Concat)
  3206 (Concat) -> 3121 (Slice)
  3206 (Concat) -> 3226 (Concat)
  3206 (Concat) -> 3111 (Div)
  3206 (Concat) -> 3221 (Concat)
  3206 (Concat) -> 3241 (Concat)
  3206 (Concat) -> 3209 (Concat)
  3206 (Concat) -> 3208 (Concat)
  3206 (Concat) -> 3133 (Slice)
  3206 (Concat) -> 3207 (Concat)
  3206 (Concat) -> 3204 (Slice)
  3206 (Concat) -> 3203 (Slice)
  3206 (Concat) -> 3148 (Slice)
  3206 (Concat) -> 3215 (Concat)
  3206 (Concat) -> 3199 (Concat)
  3206 (Concat) -> 3171 (Concat)
  3206 (Concat) -> 3127 (Concat)
  3206 (Concat) -> 3244 (Concat)
  3206 (Concat) -> 3196 (Concat)
  3206 (Concat) -> 3200 (Concat)
  3206 (Concat) -> 3195 (Concat)
  3206 (Concat) -> 3144 (Concat)
  3206 (Concat) -> 3264 (Concat)
  3206 (Concat) -> 3193 (Concat)
  3206 (Concat) -> 3228 (Concat)
  3206 (Concat) -> 3192 (Concat)
  3206 (Concat) -> 3201 (Concat)
  3206 (Concat) -> 3141 (Concat)
  3206 (Concat) -> 3189 (Slice)
  3206 (Concat) -> 3188 (Concat)
  3206 (Concat) -> 3233 (Slice)
  3206 (Concat) -> 3132 (Concat)
  3206 (Concat) -> 3185 (Concat)
  3206 (Concat) -> 3134 (Slice)
  3206 (Concat) -> 3182 (Concat)
  3206 (Concat) -> 3180 (Concat)
  3206 (Concat) -> 3130 (Concat)
  3206 (Concat) -> 3165 (Concat)
  3206 (Concat) -> 3176 (Slice)
  3206 (Concat) -> 3191 (Slice)
  3206 (Concat) -> 3175 (Slice)
  3206 (Concat) -> 3172 (Concat)
  3206 (Concat) -> 3173 (Concat)
  3206 (Concat) -> 3169 (Concat)
  3206 (Concat) -> 3230 (Concat)
  3206 (Concat) -> 3116 (Concat)
  3206 (Concat) -> 3267 (Concat)
  3206 (Concat) -> 3235 (Concat)
  3206 (Concat) -> 3122 (Concat)
  3206 (Concat) -> 3163 (Slice)
  3206 (Concat) -> 3212 (Concat)
  3206 (Concat) -> 3136 (Concat)
  3206 (Concat) -> 3128 (Concat)
  3206 (Concat) -> 3174 (Concat)
  3206 (Concat) -> 3155 (Concat)
  3206 (Concat) -> 3229 (Concat)
  3206 (Concat) -> 3186 (Concat)
  3206 (Concat) -> 3126 (Concat)
  3206 (Concat) -> 3120 (Slice)
  3206 (Concat) -> 3257 (Concat)
  3206 (Concat) -> 3184 (Concat)
  3206 (Concat) -> 3124 (Concat)
  3206 (Concat) -> 3256 (Concat)
  3206 (Concat) -> 3112 (Sub)
  3206 (Concat) -> 3113 (Concat)
  3206 (Concat) -> 3223 (Concat)
  3206 (Concat) -> 3197 (Concat)
  3206 (Concat) -> 3123 (Concat)
  3206 (Concat) -> 3220 (Concat)
  3206 (Concat) -> 3187 (Concat)
  3206 (Concat) -> 3157 (Concat)
  3206 (Concat) -> 3117 (Concat)
  3206 (Concat) -> 3135 (Slice)
  3206 (Concat) -> 3151 (Concat)
  3206 (Concat) -> 3150 (Concat)
  3206 (Concat) -> 3170 (Concat)
  3206 (Concat) -> 3138 (Concat)
  3206 (Concat) -> 3154 (Concat)
  3206 (Concat) -> 3140 (Concat)
  3206 (Concat) -> 3146 (Concat)
  3206 (Concat) -> 3125 (Concat)
  3206 (Concat) -> 3147 (Slice)
  3206 (Concat) -> 3227 (Concat)
  3206 (Concat) -> 3131 (Concat)
  3206 (Concat) -> 3178 (Concat)
  3206 (Concat) -> 3149 (Slice)
  3206 (Concat) -> 3152 (Concat)
  3206 (Concat) -> 3243 (Concat)
  3206 (Concat) -> 3139 (Concat)
  3206 (Concat) -> 3110 (Concat)
  3206 (Concat) -> 3216 (Concat)
  3206 (Concat) -> 3153 (Concat)
  3206 (Concat) -> 3156 (Concat)
  3206 (Concat) -> 3198 (Concat)
  3206 (Concat) -> 3255 (Concat)
  3206 (Concat) -> 3159 (Concat)
  3206 (Concat) -> 3145 (Concat)
  3206 (Concat) -> 3266 (Concat)
  3206 (Concat) -> 3162 (Slice)
  3206 (Concat) -> 3158 (Concat)
  3206 (Concat) -> 3253 (Concat)
  3206 (Concat) -> 3164 (Concat)
  3206 (Concat) -> 3238 (Concat)
  3206 (Concat) -> 3240 (Concat)
  3206 (Concat) -> 3237 (Concat)
  3206 (Concat) -> 3278 (Concat)
  3206 (Concat) -> 3245 (Slice)
  3206 (Concat) -> 3246 (Slice)
  3206 (Concat) -> 3247 (Slice)
  3206 (Concat) -> 3142 (Concat)
  3206 (Concat) -> 3248 (Concat)
  3206 (Concat) -> 3249 (Concat)
  3206 (Concat) -> 3250 (Concat)
  3206 (Concat) -> 3119 (Slice)
  3206 (Concat) -> 3251 (Concat)
  3206 (Concat) -> 3167 (Concat)
  3206 (Concat) -> 3224 (Concat)
  3206 (Concat) -> 3254 (Concat)
  3206 (Concat) -> 3202 (Concat)
  3206 (Concat) -> 3259 (Slice)
  3206 (Concat) -> 3260 (Slice)
  3206 (Concat) -> 3118 (Concat)
  3206 (Concat) -> 3261 (Slice)
  3206 (Concat) -> 3271 (Concat)
  3206 (Concat) -> 3262 (Concat)
  3206 (Concat) -> 3265 (Concat)
  3206 (Concat) -> 3268 (Concat)
  3206 (Concat) -> 3205 (Slice)
  3206 (Concat) -> 3269 (Concat)
  3206 (Concat) -> 3270 (Concat)
  3206 (Concat) -> 3272 (Concat)
  3206 (Concat) -> 3273 (Slice)
  3206 (Concat) -> 3275 (Slice)
  3206 (Concat) -> 3194 (Concat)
  3206 (Concat) -> 3274 (Slice)
  3206 (Concat) -> 3276 (Concat)
  3206 (Concat) -> 3277 (Concat)
  3206 (Concat) -> 3279 (Concat)
  3206 (Concat) -> 3280 (Concat)
  3206 (Concat) -> 3281 (Concat)
  3206 (Concat) -> 3252 (Concat)
  3206 (Concat) -> 3179 (Concat)
  3206 (Concat) -> 3115 (Concat)
  3206 (Concat) -> 3258 (Concat)
  3206 (Concat) -> 3166 (Concat)
  3206 (Concat) -> 3160 (Concat)
  3206 (Concat) -> 3239 (Concat)
  3206 (Concat) -> 3137 (Concat)
  3206 (Concat) -> 3183 (Concat)
  3206 (Concat) -> 3242 (Concat)
  3206 (Concat) -> 3181 (Concat)
  3206 (Concat) -> 3129 (Concat)
  3206 (Concat) -> 3161 (Slice)
  3206 (Concat) -> 3232 (Slice)
  3206 (Concat) -> 3213 (Concat)
  3206 (Concat) -> 3114 (Concat)
  3206 (Concat) -> 3263 (Concat)
  3152 (Concat) -> 3231 (Slice)
  3152 (Concat) -> 3219 (Slice)
  3152 (Concat) -> 3236 (Concat)
  3152 (Concat) -> 3225 (Concat)
  3152 (Concat) -> 3177 (Slice)
  3152 (Concat) -> 3234 (Concat)
  3152 (Concat) -> 3190 (Slice)
  3152 (Concat) -> 3210 (Concat)
  3152 (Concat) -> 3218 (Slice)
  3152 (Concat) -> 3143 (Concat)
  3152 (Concat) -> 3168 (Concat)
  3152 (Concat) -> 3217 (Slice)
  3152 (Concat) -> 3222 (Concat)
  3152 (Concat) -> 3214 (Concat)
  3152 (Concat) -> 3211 (Concat)
  3152 (Concat) -> 3121 (Slice)
  3152 (Concat) -> 3226 (Concat)
  3152 (Concat) -> 3111 (Div)
  3152 (Concat) -> 3221 (Concat)
  3152 (Concat) -> 3241 (Concat)
  3152 (Concat) -> 3209 (Concat)
  3152 (Concat) -> 3208 (Concat)
  3152 (Concat) -> 3133 (Slice)
  3152 (Concat) -> 3207 (Concat)
  3152 (Concat) -> 3204 (Slice)
  3152 (Concat) -> 3203 (Slice)
  3152 (Concat) -> 3148 (Slice)
  3152 (Concat) -> 3215 (Concat)
  3152 (Concat) -> 3199 (Concat)
  3152 (Concat) -> 3171 (Concat)
  3152 (Concat) -> 3127 (Concat)
  3152 (Concat) -> 3244 (Concat)
  3152 (Concat) -> 3196 (Concat)
  3152 (Concat) -> 3200 (Concat)
  3152 (Concat) -> 3195 (Concat)
  3152 (Concat) -> 3144 (Concat)
  3152 (Concat) -> 3264 (Concat)
  3152 (Concat) -> 3193 (Concat)
  3152 (Concat) -> 3228 (Concat)
  3152 (Concat) -> 3192 (Concat)
  3152 (Concat) -> 3201 (Concat)
  3152 (Concat) -> 3141 (Concat)
  3152 (Concat) -> 3189 (Slice)
  3152 (Concat) -> 3188 (Concat)
  3152 (Concat) -> 3233 (Slice)
  3152 (Concat) -> 3132 (Concat)
  3152 (Concat) -> 3185 (Concat)
  3152 (Concat) -> 3134 (Slice)
  3152 (Concat) -> 3182 (Concat)
  3152 (Concat) -> 3180 (Concat)
  3152 (Concat) -> 3130 (Concat)
  3152 (Concat) -> 3165 (Concat)
  3152 (Concat) -> 3176 (Slice)
  3152 (Concat) -> 3191 (Slice)
  3152 (Concat) -> 3175 (Slice)
  3152 (Concat) -> 3172 (Concat)
  3152 (Concat) -> 3173 (Concat)
  3152 (Concat) -> 3169 (Concat)
  3152 (Concat) -> 3230 (Concat)
  3152 (Concat) -> 3116 (Concat)
  3152 (Concat) -> 3267 (Concat)
  3152 (Concat) -> 3235 (Concat)
  3152 (Concat) -> 3122 (Concat)
  3152 (Concat) -> 3163 (Slice)
  3152 (Concat) -> 3212 (Concat)
  3152 (Concat) -> 3136 (Concat)
  3152 (Concat) -> 3128 (Concat)
  3152 (Concat) -> 3174 (Concat)
  3152 (Concat) -> 3155 (Concat)
  3152 (Concat) -> 3229 (Concat)
  3152 (Concat) -> 3186 (Concat)
  3152 (Concat) -> 3126 (Concat)
  3152 (Concat) -> 3120 (Slice)
  3152 (Concat) -> 3257 (Concat)
  3152 (Concat) -> 3184 (Concat)
  3152 (Concat) -> 3124 (Concat)
  3152 (Concat) -> 3256 (Concat)
  3152 (Concat) -> 3112 (Sub)
  3152 (Concat) -> 3113 (Concat)
  3152 (Concat) -> 3223 (Concat)
  3152 (Concat) -> 3197 (Concat)
  3152 (Concat) -> 3123 (Concat)
  3152 (Concat) -> 3220 (Concat)
  3152 (Concat) -> 3187 (Concat)
  3152 (Concat) -> 3157 (Concat)
  3152 (Concat) -> 3117 (Concat)
  3152 (Concat) -> 3135 (Slice)
  3152 (Concat) -> 3151 (Concat)
  3152 (Concat) -> 3150 (Concat)
  3152 (Concat) -> 3170 (Concat)
  3152 (Concat) -> 3138 (Concat)
  3152 (Concat) -> 3154 (Concat)
  3152 (Concat) -> 3140 (Concat)
  3152 (Concat) -> 3146 (Concat)
  3152 (Concat) -> 3125 (Concat)
  3152 (Concat) -> 3147 (Slice)
  3152 (Concat) -> 3227 (Concat)
  3152 (Concat) -> 3131 (Concat)
  3152 (Concat) -> 3178 (Concat)
  3152 (Concat) -> 3149 (Slice)
  3152 (Concat) -> 3206 (Concat)
  3152 (Concat) -> 3243 (Concat)
  3152 (Concat) -> 3139 (Concat)
  3152 (Concat) -> 3110 (Concat)
  3152 (Concat) -> 3216 (Concat)
  3152 (Concat) -> 3153 (Concat)
  3152 (Concat) -> 3156 (Concat)
  3152 (Concat) -> 3198 (Concat)
  3152 (Concat) -> 3255 (Concat)
  3152 (Concat) -> 3159 (Concat)
  3152 (Concat) -> 3145 (Concat)
  3152 (Concat) -> 3266 (Concat)
  3152 (Concat) -> 3162 (Slice)
  3152 (Concat) -> 3158 (Concat)
  3152 (Concat) -> 3253 (Concat)
  3152 (Concat) -> 3164 (Concat)
  3152 (Concat) -> 3238 (Concat)
  3152 (Concat) -> 3240 (Concat)
  3152 (Concat) -> 3237 (Concat)
  3152 (Concat) -> 3278 (Concat)
  3152 (Concat) -> 3245 (Slice)
  3152 (Concat) -> 3246 (Slice)
  3152 (Concat) -> 3247 (Slice)
  3152 (Concat) -> 3142 (Concat)
  3152 (Concat) -> 3248 (Concat)
  3152 (Concat) -> 3249 (Concat)
  3152 (Concat) -> 3250 (Concat)
  3152 (Concat) -> 3119 (Slice)
  3152 (Concat) -> 3251 (Concat)
  3152 (Concat) -> 3167 (Concat)
  3152 (Concat) -> 3224 (Concat)
  3152 (Concat) -> 3254 (Concat)
  3152 (Concat) -> 3202 (Concat)
  3152 (Concat) -> 3259 (Slice)
  3152 (Concat) -> 3260 (Slice)
  3152 (Concat) -> 3118 (Concat)
  3152 (Concat) -> 3261 (Slice)
  3152 (Concat) -> 3271 (Concat)
  3152 (Concat) -> 3262 (Concat)
  3152 (Concat) -> 3265 (Concat)
  3152 (Concat) -> 3268 (Concat)
  3152 (Concat) -> 3205 (Slice)
  3152 (Concat) -> 3269 (Concat)
  3152 (Concat) -> 3270 (Concat)
  3152 (Concat) -> 3272 (Concat)
  3152 (Concat) -> 3273 (Slice)
  3152 (Concat) -> 3275 (Slice)
  3152 (Concat) -> 3194 (Concat)
  3152 (Concat) -> 3274 (Slice)
  3152 (Concat) -> 3276 (Concat)
  3152 (Concat) -> 3277 (Concat)
  3152 (Concat) -> 3279 (Concat)
  3152 (Concat) -> 3280 (Concat)
  3152 (Concat) -> 3281 (Concat)
  3152 (Concat) -> 3252 (Concat)
  3152 (Concat) -> 3179 (Concat)
  3152 (Concat) -> 3115 (Concat)
  3152 (Concat) -> 3258 (Concat)
  3152 (Concat) -> 3166 (Concat)
  3152 (Concat) -> 3160 (Concat)
  3152 (Concat) -> 3239 (Concat)
  3152 (Concat) -> 3137 (Concat)
  3152 (Concat) -> 3183 (Concat)
  3152 (Concat) -> 3242 (Concat)
  3152 (Concat) -> 3181 (Concat)
  3152 (Concat) -> 3129 (Concat)
  3152 (Concat) -> 3161 (Slice)
  3152 (Concat) -> 3232 (Slice)
  3152 (Concat) -> 3213 (Concat)
  3152 (Concat) -> 3114 (Concat)
  3152 (Concat) -> 3263 (Concat)
  3243 (Concat) -> 3231 (Slice)
  3243 (Concat) -> 3219 (Slice)
  3243 (Concat) -> 3236 (Concat)
  3243 (Concat) -> 3225 (Concat)
  3243 (Concat) -> 3177 (Slice)
  3243 (Concat) -> 3234 (Concat)
  3243 (Concat) -> 3190 (Slice)
  3243 (Concat) -> 3210 (Concat)
  3243 (Concat) -> 3218 (Slice)
  3243 (Concat) -> 3143 (Concat)
  3243 (Concat) -> 3168 (Concat)
  3243 (Concat) -> 3217 (Slice)
  3243 (Concat) -> 3222 (Concat)
  3243 (Concat) -> 3214 (Concat)
  3243 (Concat) -> 3211 (Concat)
  3243 (Concat) -> 3121 (Slice)
  3243 (Concat) -> 3226 (Concat)
  3243 (Concat) -> 3111 (Div)
  3243 (Concat) -> 3221 (Concat)
  3243 (Concat) -> 3241 (Concat)
  3243 (Concat) -> 3209 (Concat)
  3243 (Concat) -> 3208 (Concat)
  3243 (Concat) -> 3133 (Slice)
  3243 (Concat) -> 3207 (Concat)
  3243 (Concat) -> 3204 (Slice)
  3243 (Concat) -> 3203 (Slice)
  3243 (Concat) -> 3148 (Slice)
  3243 (Concat) -> 3215 (Concat)
  3243 (Concat) -> 3199 (Concat)
  3243 (Concat) -> 3171 (Concat)
  3243 (Concat) -> 3127 (Concat)
  3243 (Concat) -> 3244 (Concat)
  3243 (Concat) -> 3196 (Concat)
  3243 (Concat) -> 3200 (Concat)
  3243 (Concat) -> 3195 (Concat)
  3243 (Concat) -> 3144 (Concat)
  3243 (Concat) -> 3264 (Concat)
  3243 (Concat) -> 3193 (Concat)
  3243 (Concat) -> 3228 (Concat)
  3243 (Concat) -> 3192 (Concat)
  3243 (Concat) -> 3201 (Concat)
  3243 (Concat) -> 3141 (Concat)
  3243 (Concat) -> 3189 (Slice)
  3243 (Concat) -> 3188 (Concat)
  3243 (Concat) -> 3233 (Slice)
  3243 (Concat) -> 3132 (Concat)
  3243 (Concat) -> 3185 (Concat)
  3243 (Concat) -> 3134 (Slice)
  3243 (Concat) -> 3182 (Concat)
  3243 (Concat) -> 3180 (Concat)
  3243 (Concat) -> 3130 (Concat)
  3243 (Concat) -> 3165 (Concat)
  3243 (Concat) -> 3176 (Slice)
  3243 (Concat) -> 3191 (Slice)
  3243 (Concat) -> 3175 (Slice)
  3243 (Concat) -> 3172 (Concat)
  3243 (Concat) -> 3173 (Concat)
  3243 (Concat) -> 3169 (Concat)
  3243 (Concat) -> 3230 (Concat)
  3243 (Concat) -> 3116 (Concat)
  3243 (Concat) -> 3267 (Concat)
  3243 (Concat) -> 3235 (Concat)
  3243 (Concat) -> 3122 (Concat)
  3243 (Concat) -> 3163 (Slice)
  3243 (Concat) -> 3212 (Concat)
  3243 (Concat) -> 3136 (Concat)
  3243 (Concat) -> 3128 (Concat)
  3243 (Concat) -> 3174 (Concat)
  3243 (Concat) -> 3155 (Concat)
  3243 (Concat) -> 3229 (Concat)
  3243 (Concat) -> 3186 (Concat)
  3243 (Concat) -> 3126 (Concat)
  3243 (Concat) -> 3120 (Slice)
  3243 (Concat) -> 3257 (Concat)
  3243 (Concat) -> 3184 (Concat)
  3243 (Concat) -> 3124 (Concat)
  3243 (Concat) -> 3256 (Concat)
  3243 (Concat) -> 3112 (Sub)
  3243 (Concat) -> 3113 (Concat)
  3243 (Concat) -> 3223 (Concat)
  3243 (Concat) -> 3197 (Concat)
  3243 (Concat) -> 3123 (Concat)
  3243 (Concat) -> 3220 (Concat)
  3243 (Concat) -> 3187 (Concat)
  3243 (Concat) -> 3157 (Concat)
  3243 (Concat) -> 3117 (Concat)
  3243 (Concat) -> 3135 (Slice)
  3243 (Concat) -> 3151 (Concat)
  3243 (Concat) -> 3150 (Concat)
  3243 (Concat) -> 3170 (Concat)
  3243 (Concat) -> 3138 (Concat)
  3243 (Concat) -> 3154 (Concat)
  3243 (Concat) -> 3140 (Concat)
  3243 (Concat) -> 3146 (Concat)
  3243 (Concat) -> 3125 (Concat)
  3243 (Concat) -> 3147 (Slice)
  3243 (Concat) -> 3227 (Concat)
  3243 (Concat) -> 3131 (Concat)
  3243 (Concat) -> 3178 (Concat)
  3243 (Concat) -> 3149 (Slice)
  3243 (Concat) -> 3206 (Concat)
  3243 (Concat) -> 3152 (Concat)
  3243 (Concat) -> 3139 (Concat)
  3243 (Concat) -> 3110 (Concat)
  3243 (Concat) -> 3216 (Concat)
  3243 (Concat) -> 3153 (Concat)
  3243 (Concat) -> 3156 (Concat)
  3243 (Concat) -> 3198 (Concat)
  3243 (Concat) -> 3255 (Concat)
  3243 (Concat) -> 3159 (Concat)
  3243 (Concat) -> 3145 (Concat)
  3243 (Concat) -> 3266 (Concat)
  3243 (Concat) -> 3162 (Slice)
  3243 (Concat) -> 3158 (Concat)
  3243 (Concat) -> 3253 (Concat)
  3243 (Concat) -> 3164 (Concat)
  3243 (Concat) -> 3238 (Concat)
  3243 (Concat) -> 3240 (Concat)
  3243 (Concat) -> 3237 (Concat)
  3243 (Concat) -> 3278 (Concat)
  3243 (Concat) -> 3245 (Slice)
  3243 (Concat) -> 3246 (Slice)
  3243 (Concat) -> 3247 (Slice)
  3243 (Concat) -> 3142 (Concat)
  3243 (Concat) -> 3248 (Concat)
  3243 (Concat) -> 3249 (Concat)
  3243 (Concat) -> 3250 (Concat)
  3243 (Concat) -> 3119 (Slice)
  3243 (Concat) -> 3251 (Concat)
  3243 (Concat) -> 3167 (Concat)
  3243 (Concat) -> 3224 (Concat)
  3243 (Concat) -> 3254 (Concat)
  3243 (Concat) -> 3202 (Concat)
  3243 (Concat) -> 3259 (Slice)
  3243 (Concat) -> 3260 (Slice)
  3243 (Concat) -> 3118 (Concat)
  3243 (Concat) -> 3261 (Slice)
  3243 (Concat) -> 3271 (Concat)
  3243 (Concat) -> 3262 (Concat)
  3243 (Concat) -> 3265 (Concat)
  3243 (Concat) -> 3268 (Concat)
  3243 (Concat) -> 3205 (Slice)
  3243 (Concat) -> 3269 (Concat)
  3243 (Concat) -> 3270 (Concat)
  3243 (Concat) -> 3272 (Concat)
  3243 (Concat) -> 3273 (Slice)
  3243 (Concat) -> 3275 (Slice)
  3243 (Concat) -> 3194 (Concat)
  3243 (Concat) -> 3274 (Slice)
  3243 (Concat) -> 3276 (Concat)
  3243 (Concat) -> 3277 (Concat)
  3243 (Concat) -> 3279 (Concat)
  3243 (Concat) -> 3280 (Concat)
  3243 (Concat) -> 3281 (Concat)
  3243 (Concat) -> 3252 (Concat)
  3243 (Concat) -> 3179 (Concat)
  3243 (Concat) -> 3115 (Concat)
  3243 (Concat) -> 3258 (Concat)
  3243 (Concat) -> 3166 (Concat)
  3243 (Concat) -> 3160 (Concat)
  3243 (Concat) -> 3239 (Concat)
  3243 (Concat) -> 3137 (Concat)
  3243 (Concat) -> 3183 (Concat)
  3243 (Concat) -> 3242 (Concat)
  3243 (Concat) -> 3181 (Concat)
  3243 (Concat) -> 3129 (Concat)
  3243 (Concat) -> 3161 (Slice)
  3243 (Concat) -> 3232 (Slice)
  3243 (Concat) -> 3213 (Concat)
  3243 (Concat) -> 3114 (Concat)
  3243 (Concat) -> 3263 (Concat)
  3139 (Concat) -> 3231 (Slice)
  3139 (Concat) -> 3219 (Slice)
  3139 (Concat) -> 3236 (Concat)
  3139 (Concat) -> 3225 (Concat)
  3139 (Concat) -> 3177 (Slice)
  3139 (Concat) -> 3234 (Concat)
  3139 (Concat) -> 3190 (Slice)
  3139 (Concat) -> 3210 (Concat)
  3139 (Concat) -> 3218 (Slice)
  3139 (Concat) -> 3143 (Concat)
  3139 (Concat) -> 3168 (Concat)
  3139 (Concat) -> 3217 (Slice)
  3139 (Concat) -> 3222 (Concat)
  3139 (Concat) -> 3214 (Concat)
  3139 (Concat) -> 3211 (Concat)
  3139 (Concat) -> 3121 (Slice)
  3139 (Concat) -> 3226 (Concat)
  3139 (Concat) -> 3111 (Div)
  3139 (Concat) -> 3221 (Concat)
  3139 (Concat) -> 3241 (Concat)
  3139 (Concat) -> 3209 (Concat)
  3139 (Concat) -> 3208 (Concat)
  3139 (Concat) -> 3133 (Slice)
  3139 (Concat) -> 3207 (Concat)
  3139 (Concat) -> 3204 (Slice)
  3139 (Concat) -> 3203 (Slice)
  3139 (Concat) -> 3148 (Slice)
  3139 (Concat) -> 3215 (Concat)
  3139 (Concat) -> 3199 (Concat)
  3139 (Concat) -> 3171 (Concat)
  3139 (Concat) -> 3127 (Concat)
  3139 (Concat) -> 3244 (Concat)
  3139 (Concat) -> 3196 (Concat)
  3139 (Concat) -> 3200 (Concat)
  3139 (Concat) -> 3195 (Concat)
  3139 (Concat) -> 3144 (Concat)
  3139 (Concat) -> 3264 (Concat)
  3139 (Concat) -> 3193 (Concat)
  3139 (Concat) -> 3228 (Concat)
  3139 (Concat) -> 3192 (Concat)
  3139 (Concat) -> 3201 (Concat)
  3139 (Concat) -> 3141 (Concat)
  3139 (Concat) -> 3189 (Slice)
  3139 (Concat) -> 3188 (Concat)
  3139 (Concat) -> 3233 (Slice)
  3139 (Concat) -> 3132 (Concat)
  3139 (Concat) -> 3185 (Concat)
  3139 (Concat) -> 3134 (Slice)
  3139 (Concat) -> 3182 (Concat)
  3139 (Concat) -> 3180 (Concat)
  3139 (Concat) -> 3130 (Concat)
  3139 (Concat) -> 3165 (Concat)
  3139 (Concat) -> 3176 (Slice)
  3139 (Concat) -> 3191 (Slice)
  3139 (Concat) -> 3175 (Slice)
  3139 (Concat) -> 3172 (Concat)
  3139 (Concat) -> 3173 (Concat)
  3139 (Concat) -> 3169 (Concat)
  3139 (Concat) -> 3230 (Concat)
  3139 (Concat) -> 3116 (Concat)
  3139 (Concat) -> 3267 (Concat)
  3139 (Concat) -> 3235 (Concat)
  3139 (Concat) -> 3122 (Concat)
  3139 (Concat) -> 3163 (Slice)
  3139 (Concat) -> 3212 (Concat)
  3139 (Concat) -> 3136 (Concat)
  3139 (Concat) -> 3128 (Concat)
  3139 (Concat) -> 3174 (Concat)
  3139 (Concat) -> 3155 (Concat)
  3139 (Concat) -> 3229 (Concat)
  3139 (Concat) -> 3186 (Concat)
  3139 (Concat) -> 3126 (Concat)
  3139 (Concat) -> 3120 (Slice)
  3139 (Concat) -> 3257 (Concat)
  3139 (Concat) -> 3184 (Concat)
  3139 (Concat) -> 3124 (Concat)
  3139 (Concat) -> 3256 (Concat)
  3139 (Concat) -> 3112 (Sub)
  3139 (Concat) -> 3113 (Concat)
  3139 (Concat) -> 3223 (Concat)
  3139 (Concat) -> 3197 (Concat)
  3139 (Concat) -> 3123 (Concat)
  3139 (Concat) -> 3220 (Concat)
  3139 (Concat) -> 3187 (Concat)
  3139 (Concat) -> 3157 (Concat)
  3139 (Concat) -> 3117 (Concat)
  3139 (Concat) -> 3135 (Slice)
  3139 (Concat) -> 3151 (Concat)
  3139 (Concat) -> 3150 (Concat)
  3139 (Concat) -> 3170 (Concat)
  3139 (Concat) -> 3138 (Concat)
  3139 (Concat) -> 3154 (Concat)
  3139 (Concat) -> 3140 (Concat)
  3139 (Concat) -> 3146 (Concat)
  3139 (Concat) -> 3125 (Concat)
  3139 (Concat) -> 3147 (Slice)
  3139 (Concat) -> 3227 (Concat)
  3139 (Concat) -> 3131 (Concat)
  3139 (Concat) -> 3178 (Concat)
  3139 (Concat) -> 3149 (Slice)
  3139 (Concat) -> 3206 (Concat)
  3139 (Concat) -> 3152 (Concat)
  3139 (Concat) -> 3243 (Concat)
  3139 (Concat) -> 3110 (Concat)
  3139 (Concat) -> 3216 (Concat)
  3139 (Concat) -> 3153 (Concat)
  3139 (Concat) -> 3156 (Concat)
  3139 (Concat) -> 3198 (Concat)
  3139 (Concat) -> 3255 (Concat)
  3139 (Concat) -> 3159 (Concat)
  3139 (Concat) -> 3145 (Concat)
  3139 (Concat) -> 3266 (Concat)
  3139 (Concat) -> 3162 (Slice)
  3139 (Concat) -> 3158 (Concat)
  3139 (Concat) -> 3253 (Concat)
  3139 (Concat) -> 3164 (Concat)
  3139 (Concat) -> 3238 (Concat)
  3139 (Concat) -> 3240 (Concat)
  3139 (Concat) -> 3237 (Concat)
  3139 (Concat) -> 3278 (Concat)
  3139 (Concat) -> 3245 (Slice)
  3139 (Concat) -> 3246 (Slice)
  3139 (Concat) -> 3247 (Slice)
  3139 (Concat) -> 3142 (Concat)
  3139 (Concat) -> 3248 (Concat)
  3139 (Concat) -> 3249 (Concat)
  3139 (Concat) -> 3250 (Concat)
  3139 (Concat) -> 3119 (Slice)
  3139 (Concat) -> 3251 (Concat)
  3139 (Concat) -> 3167 (Concat)
  3139 (Concat) -> 3224 (Concat)
  3139 (Concat) -> 3254 (Concat)
  3139 (Concat) -> 3202 (Concat)
  3139 (Concat) -> 3259 (Slice)
  3139 (Concat) -> 3260 (Slice)
  3139 (Concat) -> 3118 (Concat)
  3139 (Concat) -> 3261 (Slice)
  3139 (Concat) -> 3271 (Concat)
  3139 (Concat) -> 3262 (Concat)
  3139 (Concat) -> 3265 (Concat)
  3139 (Concat) -> 3268 (Concat)
  3139 (Concat) -> 3205 (Slice)
  3139 (Concat) -> 3269 (Concat)
  3139 (Concat) -> 3270 (Concat)
  3139 (Concat) -> 3272 (Concat)
  3139 (Concat) -> 3273 (Slice)
  3139 (Concat) -> 3275 (Slice)
  3139 (Concat) -> 3194 (Concat)
  3139 (Concat) -> 3274 (Slice)
  3139 (Concat) -> 3276 (Concat)
  3139 (Concat) -> 3277 (Concat)
  3139 (Concat) -> 3279 (Concat)
  3139 (Concat) -> 3280 (Concat)
  3139 (Concat) -> 3281 (Concat)
  3139 (Concat) -> 3252 (Concat)
  3139 (Concat) -> 3179 (Concat)
  3139 (Concat) -> 3115 (Concat)
  3139 (Concat) -> 3258 (Concat)
  3139 (Concat) -> 3166 (Concat)
  3139 (Concat) -> 3160 (Concat)
  3139 (Concat) -> 3239 (Concat)
  3139 (Concat) -> 3137 (Concat)
  3139 (Concat) -> 3183 (Concat)
  3139 (Concat) -> 3242 (Concat)
  3139 (Concat) -> 3181 (Concat)
  3139 (Concat) -> 3129 (Concat)
  3139 (Concat) -> 3161 (Slice)
  3139 (Concat) -> 3232 (Slice)
  3139 (Concat) -> 3213 (Concat)
  3139 (Concat) -> 3114 (Concat)
  3139 (Concat) -> 3263 (Concat)
  3110 (Concat) -> 3231 (Slice)
  3110 (Concat) -> 3219 (Slice)
  3110 (Concat) -> 3236 (Concat)
  3110 (Concat) -> 3225 (Concat)
  3110 (Concat) -> 3177 (Slice)
  3110 (Concat) -> 3234 (Concat)
  3110 (Concat) -> 3190 (Slice)
  3110 (Concat) -> 3210 (Concat)
  3110 (Concat) -> 3218 (Slice)
  3110 (Concat) -> 3143 (Concat)
  3110 (Concat) -> 3168 (Concat)
  3110 (Concat) -> 3217 (Slice)
  3110 (Concat) -> 3222 (Concat)
  3110 (Concat) -> 3214 (Concat)
  3110 (Concat) -> 3211 (Concat)
  3110 (Concat) -> 3121 (Slice)
  3110 (Concat) -> 3226 (Concat)
  3110 (Concat) -> 3111 (Div)
  3110 (Concat) -> 3221 (Concat)
  3110 (Concat) -> 3241 (Concat)
  3110 (Concat) -> 3209 (Concat)
  3110 (Concat) -> 3208 (Concat)
  3110 (Concat) -> 3133 (Slice)
  3110 (Concat) -> 3207 (Concat)
  3110 (Concat) -> 3204 (Slice)
  3110 (Concat) -> 3203 (Slice)
  3110 (Concat) -> 3148 (Slice)
  3110 (Concat) -> 3215 (Concat)
  3110 (Concat) -> 3199 (Concat)
  3110 (Concat) -> 3171 (Concat)
  3110 (Concat) -> 3127 (Concat)
  3110 (Concat) -> 3244 (Concat)
  3110 (Concat) -> 3196 (Concat)
  3110 (Concat) -> 3200 (Concat)
  3110 (Concat) -> 3195 (Concat)
  3110 (Concat) -> 3144 (Concat)
  3110 (Concat) -> 3264 (Concat)
  3110 (Concat) -> 3193 (Concat)
  3110 (Concat) -> 3228 (Concat)
  3110 (Concat) -> 3192 (Concat)
  3110 (Concat) -> 3201 (Concat)
  3110 (Concat) -> 3141 (Concat)
  3110 (Concat) -> 3189 (Slice)
  3110 (Concat) -> 3188 (Concat)
  3110 (Concat) -> 3233 (Slice)
  3110 (Concat) -> 3132 (Concat)
  3110 (Concat) -> 3185 (Concat)
  3110 (Concat) -> 3134 (Slice)
  3110 (Concat) -> 3182 (Concat)
  3110 (Concat) -> 3180 (Concat)
  3110 (Concat) -> 3130 (Concat)
  3110 (Concat) -> 3165 (Concat)
  3110 (Concat) -> 3176 (Slice)
  3110 (Concat) -> 3191 (Slice)
  3110 (Concat) -> 3175 (Slice)
  3110 (Concat) -> 3172 (Concat)
  3110 (Concat) -> 3173 (Concat)
  3110 (Concat) -> 3169 (Concat)
  3110 (Concat) -> 3230 (Concat)
  3110 (Concat) -> 3116 (Concat)
  3110 (Concat) -> 3267 (Concat)
  3110 (Concat) -> 3235 (Concat)
  3110 (Concat) -> 3122 (Concat)
  3110 (Concat) -> 3163 (Slice)
  3110 (Concat) -> 3212 (Concat)
  3110 (Concat) -> 3136 (Concat)
  3110 (Concat) -> 3128 (Concat)
  3110 (Concat) -> 3174 (Concat)
  3110 (Concat) -> 3155 (Concat)
  3110 (Concat) -> 3229 (Concat)
  3110 (Concat) -> 3186 (Concat)
  3110 (Concat) -> 3126 (Concat)
  3110 (Concat) -> 3120 (Slice)
  3110 (Concat) -> 3257 (Concat)
  3110 (Concat) -> 3184 (Concat)
  3110 (Concat) -> 3124 (Concat)
  3110 (Concat) -> 3256 (Concat)
  3110 (Concat) -> 3112 (Sub)
  3110 (Concat) -> 3113 (Concat)
  3110 (Concat) -> 3223 (Concat)
  3110 (Concat) -> 3197 (Concat)
  3110 (Concat) -> 3123 (Concat)
  3110 (Concat) -> 3220 (Concat)
  3110 (Concat) -> 3187 (Concat)
  3110 (Concat) -> 3157 (Concat)
  3110 (Concat) -> 3117 (Concat)
  3110 (Concat) -> 3135 (Slice)
  3110 (Concat) -> 3151 (Concat)
  3110 (Concat) -> 3150 (Concat)
  3110 (Concat) -> 3170 (Concat)
  3110 (Concat) -> 3138 (Concat)
  3110 (Concat) -> 3154 (Concat)
  3110 (Concat) -> 3140 (Concat)
  3110 (Concat) -> 3146 (Concat)
  3110 (Concat) -> 3125 (Concat)
  3110 (Concat) -> 3147 (Slice)
  3110 (Concat) -> 3227 (Concat)
  3110 (Concat) -> 3131 (Concat)
  3110 (Concat) -> 3178 (Concat)
  3110 (Concat) -> 3149 (Slice)
  3110 (Concat) -> 3206 (Concat)
  3110 (Concat) -> 3152 (Concat)
  3110 (Concat) -> 3243 (Concat)
  3110 (Concat) -> 3139 (Concat)
  3110 (Concat) -> 3216 (Concat)
  3110 (Concat) -> 3153 (Concat)
  3110 (Concat) -> 3156 (Concat)
  3110 (Concat) -> 3198 (Concat)
  3110 (Concat) -> 3255 (Concat)
  3110 (Concat) -> 3159 (Concat)
  3110 (Concat) -> 3145 (Concat)
  3110 (Concat) -> 3266 (Concat)
  3110 (Concat) -> 3162 (Slice)
  3110 (Concat) -> 3158 (Concat)
  3110 (Concat) -> 3253 (Concat)
  3110 (Concat) -> 3164 (Concat)
  3110 (Concat) -> 3238 (Concat)
  3110 (Concat) -> 3240 (Concat)
  3110 (Concat) -> 3237 (Concat)
  3110 (Concat) -> 3278 (Concat)
  3110 (Concat) -> 3245 (Slice)
  3110 (Concat) -> 3246 (Slice)
  3110 (Concat) -> 3247 (Slice)
  3110 (Concat) -> 3142 (Concat)
  3110 (Concat) -> 3248 (Concat)
  3110 (Concat) -> 3249 (Concat)
  3110 (Concat) -> 3250 (Concat)
  3110 (Concat) -> 3119 (Slice)
  3110 (Concat) -> 3251 (Concat)
  3110 (Concat) -> 3167 (Concat)
  3110 (Concat) -> 3224 (Concat)
  3110 (Concat) -> 3254 (Concat)
  3110 (Concat) -> 3202 (Concat)
  3110 (Concat) -> 3259 (Slice)
  3110 (Concat) -> 3260 (Slice)
  3110 (Concat) -> 3118 (Concat)
  3110 (Concat) -> 3261 (Slice)
  3110 (Concat) -> 3271 (Concat)
  3110 (Concat) -> 3262 (Concat)
  3110 (Concat) -> 3265 (Concat)
  3110 (Concat) -> 3268 (Concat)
  3110 (Concat) -> 3205 (Slice)
  3110 (Concat) -> 3269 (Concat)
  3110 (Concat) -> 3270 (Concat)
  3110 (Concat) -> 3272 (Concat)
  3110 (Concat) -> 3273 (Slice)
  3110 (Concat) -> 3275 (Slice)
  3110 (Concat) -> 3194 (Concat)
  3110 (Concat) -> 3274 (Slice)
  3110 (Concat) -> 3276 (Concat)
  3110 (Concat) -> 3277 (Concat)
  3110 (Concat) -> 3279 (Concat)
  3110 (Concat) -> 3280 (Concat)
  3110 (Concat) -> 3281 (Concat)
  3110 (Concat) -> 3252 (Concat)
  3110 (Concat) -> 3179 (Concat)
  3110 (Concat) -> 3115 (Concat)
  3110 (Concat) -> 3258 (Concat)
  3110 (Concat) -> 3166 (Concat)
  3110 (Concat) -> 3160 (Concat)
  3110 (Concat) -> 3239 (Concat)
  3110 (Concat) -> 3137 (Concat)
  3110 (Concat) -> 3183 (Concat)
  3110 (Concat) -> 3242 (Concat)
  3110 (Concat) -> 3181 (Concat)
  3110 (Concat) -> 3129 (Concat)
  3110 (Concat) -> 3161 (Slice)
  3110 (Concat) -> 3232 (Slice)
  3110 (Concat) -> 3213 (Concat)
  3110 (Concat) -> 3114 (Concat)
  3110 (Concat) -> 3263 (Concat)
  3216 (Concat) -> 3231 (Slice)
  3216 (Concat) -> 3219 (Slice)
  3216 (Concat) -> 3236 (Concat)
  3216 (Concat) -> 3225 (Concat)
  3216 (Concat) -> 3177 (Slice)
  3216 (Concat) -> 3234 (Concat)
  3216 (Concat) -> 3190 (Slice)
  3216 (Concat) -> 3210 (Concat)
  3216 (Concat) -> 3218 (Slice)
  3216 (Concat) -> 3143 (Concat)
  3216 (Concat) -> 3168 (Concat)
  3216 (Concat) -> 3217 (Slice)
  3216 (Concat) -> 3222 (Concat)
  3216 (Concat) -> 3214 (Concat)
  3216 (Concat) -> 3211 (Concat)
  3216 (Concat) -> 3121 (Slice)
  3216 (Concat) -> 3226 (Concat)
  3216 (Concat) -> 3111 (Div)
  3216 (Concat) -> 3221 (Concat)
  3216 (Concat) -> 3241 (Concat)
  3216 (Concat) -> 3209 (Concat)
  3216 (Concat) -> 3208 (Concat)
  3216 (Concat) -> 3133 (Slice)
  3216 (Concat) -> 3207 (Concat)
  3216 (Concat) -> 3204 (Slice)
  3216 (Concat) -> 3203 (Slice)
  3216 (Concat) -> 3148 (Slice)
  3216 (Concat) -> 3215 (Concat)
  3216 (Concat) -> 3199 (Concat)
  3216 (Concat) -> 3171 (Concat)
  3216 (Concat) -> 3127 (Concat)
  3216 (Concat) -> 3244 (Concat)
  3216 (Concat) -> 3196 (Concat)
  3216 (Concat) -> 3200 (Concat)
  3216 (Concat) -> 3195 (Concat)
  3216 (Concat) -> 3144 (Concat)
  3216 (Concat) -> 3264 (Concat)
  3216 (Concat) -> 3193 (Concat)
  3216 (Concat) -> 3228 (Concat)
  3216 (Concat) -> 3192 (Concat)
  3216 (Concat) -> 3201 (Concat)
  3216 (Concat) -> 3141 (Concat)
  3216 (Concat) -> 3189 (Slice)
  3216 (Concat) -> 3188 (Concat)
  3216 (Concat) -> 3233 (Slice)
  3216 (Concat) -> 3132 (Concat)
  3216 (Concat) -> 3185 (Concat)
  3216 (Concat) -> 3134 (Slice)
  3216 (Concat) -> 3182 (Concat)
  3216 (Concat) -> 3180 (Concat)
  3216 (Concat) -> 3130 (Concat)
  3216 (Concat) -> 3165 (Concat)
  3216 (Concat) -> 3176 (Slice)
  3216 (Concat) -> 3191 (Slice)
  3216 (Concat) -> 3175 (Slice)
  3216 (Concat) -> 3172 (Concat)
  3216 (Concat) -> 3173 (Concat)
  3216 (Concat) -> 3169 (Concat)
  3216 (Concat) -> 3230 (Concat)
  3216 (Concat) -> 3116 (Concat)
  3216 (Concat) -> 3267 (Concat)
  3216 (Concat) -> 3235 (Concat)
  3216 (Concat) -> 3122 (Concat)
  3216 (Concat) -> 3163 (Slice)
  3216 (Concat) -> 3212 (Concat)
  3216 (Concat) -> 3136 (Concat)
  3216 (Concat) -> 3128 (Concat)
  3216 (Concat) -> 3174 (Concat)
  3216 (Concat) -> 3155 (Concat)
  3216 (Concat) -> 3229 (Concat)
  3216 (Concat) -> 3186 (Concat)
  3216 (Concat) -> 3126 (Concat)
  3216 (Concat) -> 3120 (Slice)
  3216 (Concat) -> 3257 (Concat)
  3216 (Concat) -> 3184 (Concat)
  3216 (Concat) -> 3124 (Concat)
  3216 (Concat) -> 3256 (Concat)
  3216 (Concat) -> 3112 (Sub)
  3216 (Concat) -> 3113 (Concat)
  3216 (Concat) -> 3223 (Concat)
  3216 (Concat) -> 3197 (Concat)
  3216 (Concat) -> 3123 (Concat)
  3216 (Concat) -> 3220 (Concat)
  3216 (Concat) -> 3187 (Concat)
  3216 (Concat) -> 3157 (Concat)
  3216 (Concat) -> 3117 (Concat)
  3216 (Concat) -> 3135 (Slice)
  3216 (Concat) -> 3151 (Concat)
  3216 (Concat) -> 3150 (Concat)
  3216 (Concat) -> 3170 (Concat)
  3216 (Concat) -> 3138 (Concat)
  3216 (Concat) -> 3154 (Concat)
  3216 (Concat) -> 3140 (Concat)
  3216 (Concat) -> 3146 (Concat)
  3216 (Concat) -> 3125 (Concat)
  3216 (Concat) -> 3147 (Slice)
  3216 (Concat) -> 3227 (Concat)
  3216 (Concat) -> 3131 (Concat)
  3216 (Concat) -> 3178 (Concat)
  3216 (Concat) -> 3149 (Slice)
  3216 (Concat) -> 3206 (Concat)
  3216 (Concat) -> 3152 (Concat)
  3216 (Concat) -> 3243 (Concat)
  3216 (Concat) -> 3139 (Concat)
  3216 (Concat) -> 3110 (Concat)
  3216 (Concat) -> 3153 (Concat)
  3216 (Concat) -> 3156 (Concat)
  3216 (Concat) -> 3198 (Concat)
  3216 (Concat) -> 3255 (Concat)
  3216 (Concat) -> 3159 (Concat)
  3216 (Concat) -> 3145 (Concat)
  3216 (Concat) -> 3266 (Concat)
  3216 (Concat) -> 3162 (Slice)
  3216 (Concat) -> 3158 (Concat)
  3216 (Concat) -> 3253 (Concat)
  3216 (Concat) -> 3164 (Concat)
  3216 (Concat) -> 3238 (Concat)
  3216 (Concat) -> 3240 (Concat)
  3216 (Concat) -> 3237 (Concat)
  3216 (Concat) -> 3278 (Concat)
  3216 (Concat) -> 3245 (Slice)
  3216 (Concat) -> 3246 (Slice)
  3216 (Concat) -> 3247 (Slice)
  3216 (Concat) -> 3142 (Concat)
  3216 (Concat) -> 3248 (Concat)
  3216 (Concat) -> 3249 (Concat)
  3216 (Concat) -> 3250 (Concat)
  3216 (Concat) -> 3119 (Slice)
  3216 (Concat) -> 3251 (Concat)
  3216 (Concat) -> 3167 (Concat)
  3216 (Concat) -> 3224 (Concat)
  3216 (Concat) -> 3254 (Concat)
  3216 (Concat) -> 3202 (Concat)
  3216 (Concat) -> 3259 (Slice)
  3216 (Concat) -> 3260 (Slice)
  3216 (Concat) -> 3118 (Concat)
  3216 (Concat) -> 3261 (Slice)
  3216 (Concat) -> 3271 (Concat)
  3216 (Concat) -> 3262 (Concat)
  3216 (Concat) -> 3265 (Concat)
  3216 (Concat) -> 3268 (Concat)
  3216 (Concat) -> 3205 (Slice)
  3216 (Concat) -> 3269 (Concat)
  3216 (Concat) -> 3270 (Concat)
  3216 (Concat) -> 3272 (Concat)
  3216 (Concat) -> 3273 (Slice)
  3216 (Concat) -> 3275 (Slice)
  3216 (Concat) -> 3194 (Concat)
  3216 (Concat) -> 3274 (Slice)
  3216 (Concat) -> 3276 (Concat)
  3216 (Concat) -> 3277 (Concat)
  3216 (Concat) -> 3279 (Concat)
  3216 (Concat) -> 3280 (Concat)
  3216 (Concat) -> 3281 (Concat)
  3216 (Concat) -> 3252 (Concat)
  3216 (Concat) -> 3179 (Concat)
  3216 (Concat) -> 3115 (Concat)
  3216 (Concat) -> 3258 (Concat)
  3216 (Concat) -> 3166 (Concat)
  3216 (Concat) -> 3160 (Concat)
  3216 (Concat) -> 3239 (Concat)
  3216 (Concat) -> 3137 (Concat)
  3216 (Concat) -> 3183 (Concat)
  3216 (Concat) -> 3242 (Concat)
  3216 (Concat) -> 3181 (Concat)
  3216 (Concat) -> 3129 (Concat)
  3216 (Concat) -> 3161 (Slice)
  3216 (Concat) -> 3232 (Slice)
  3216 (Concat) -> 3213 (Concat)
  3216 (Concat) -> 3114 (Concat)
  3216 (Concat) -> 3263 (Concat)
  3153 (Concat) -> 3231 (Slice)
  3153 (Concat) -> 3219 (Slice)
  3153 (Concat) -> 3236 (Concat)
  3153 (Concat) -> 3225 (Concat)
  3153 (Concat) -> 3177 (Slice)
  3153 (Concat) -> 3234 (Concat)
  3153 (Concat) -> 3190 (Slice)
  3153 (Concat) -> 3210 (Concat)
  3153 (Concat) -> 3218 (Slice)
  3153 (Concat) -> 3143 (Concat)
  3153 (Concat) -> 3168 (Concat)
  3153 (Concat) -> 3217 (Slice)
  3153 (Concat) -> 3222 (Concat)
  3153 (Concat) -> 3214 (Concat)
  3153 (Concat) -> 3211 (Concat)
  3153 (Concat) -> 3121 (Slice)
  3153 (Concat) -> 3226 (Concat)
  3153 (Concat) -> 3111 (Div)
  3153 (Concat) -> 3221 (Concat)
  3153 (Concat) -> 3241 (Concat)
  3153 (Concat) -> 3209 (Concat)
  3153 (Concat) -> 3208 (Concat)
  3153 (Concat) -> 3133 (Slice)
  3153 (Concat) -> 3207 (Concat)
  3153 (Concat) -> 3204 (Slice)
  3153 (Concat) -> 3203 (Slice)
  3153 (Concat) -> 3148 (Slice)
  3153 (Concat) -> 3215 (Concat)
  3153 (Concat) -> 3199 (Concat)
  3153 (Concat) -> 3171 (Concat)
  3153 (Concat) -> 3127 (Concat)
  3153 (Concat) -> 3244 (Concat)
  3153 (Concat) -> 3196 (Concat)
  3153 (Concat) -> 3200 (Concat)
  3153 (Concat) -> 3195 (Concat)
  3153 (Concat) -> 3144 (Concat)
  3153 (Concat) -> 3264 (Concat)
  3153 (Concat) -> 3193 (Concat)
  3153 (Concat) -> 3228 (Concat)
  3153 (Concat) -> 3192 (Concat)
  3153 (Concat) -> 3201 (Concat)
  3153 (Concat) -> 3141 (Concat)
  3153 (Concat) -> 3189 (Slice)
  3153 (Concat) -> 3188 (Concat)
  3153 (Concat) -> 3233 (Slice)
  3153 (Concat) -> 3132 (Concat)
  3153 (Concat) -> 3185 (Concat)
  3153 (Concat) -> 3134 (Slice)
  3153 (Concat) -> 3182 (Concat)
  3153 (Concat) -> 3180 (Concat)
  3153 (Concat) -> 3130 (Concat)
  3153 (Concat) -> 3165 (Concat)
  3153 (Concat) -> 3176 (Slice)
  3153 (Concat) -> 3191 (Slice)
  3153 (Concat) -> 3175 (Slice)
  3153 (Concat) -> 3172 (Concat)
  3153 (Concat) -> 3173 (Concat)
  3153 (Concat) -> 3169 (Concat)
  3153 (Concat) -> 3230 (Concat)
  3153 (Concat) -> 3116 (Concat)
  3153 (Concat) -> 3267 (Concat)
  3153 (Concat) -> 3235 (Concat)
  3153 (Concat) -> 3122 (Concat)
  3153 (Concat) -> 3163 (Slice)
  3153 (Concat) -> 3212 (Concat)
  3153 (Concat) -> 3136 (Concat)
  3153 (Concat) -> 3128 (Concat)
  3153 (Concat) -> 3174 (Concat)
  3153 (Concat) -> 3155 (Concat)
  3153 (Concat) -> 3229 (Concat)
  3153 (Concat) -> 3186 (Concat)
  3153 (Concat) -> 3126 (Concat)
  3153 (Concat) -> 3120 (Slice)
  3153 (Concat) -> 3257 (Concat)
  3153 (Concat) -> 3184 (Concat)
  3153 (Concat) -> 3124 (Concat)
  3153 (Concat) -> 3256 (Concat)
  3153 (Concat) -> 3112 (Sub)
  3153 (Concat) -> 3113 (Concat)
  3153 (Concat) -> 3223 (Concat)
  3153 (Concat) -> 3197 (Concat)
  3153 (Concat) -> 3123 (Concat)
  3153 (Concat) -> 3220 (Concat)
  3153 (Concat) -> 3187 (Concat)
  3153 (Concat) -> 3157 (Concat)
  3153 (Concat) -> 3117 (Concat)
  3153 (Concat) -> 3135 (Slice)
  3153 (Concat) -> 3151 (Concat)
  3153 (Concat) -> 3150 (Concat)
  3153 (Concat) -> 3170 (Concat)
  3153 (Concat) -> 3138 (Concat)
  3153 (Concat) -> 3154 (Concat)
  3153 (Concat) -> 3140 (Concat)
  3153 (Concat) -> 3146 (Concat)
  3153 (Concat) -> 3125 (Concat)
  3153 (Concat) -> 3147 (Slice)
  3153 (Concat) -> 3227 (Concat)
  3153 (Concat) -> 3131 (Concat)
  3153 (Concat) -> 3178 (Concat)
  3153 (Concat) -> 3149 (Slice)
  3153 (Concat) -> 3206 (Concat)
  3153 (Concat) -> 3152 (Concat)
  3153 (Concat) -> 3243 (Concat)
  3153 (Concat) -> 3139 (Concat)
  3153 (Concat) -> 3110 (Concat)
  3153 (Concat) -> 3216 (Concat)
  3153 (Concat) -> 3156 (Concat)
  3153 (Concat) -> 3198 (Concat)
  3153 (Concat) -> 3255 (Concat)
  3153 (Concat) -> 3159 (Concat)
  3153 (Concat) -> 3145 (Concat)
  3153 (Concat) -> 3266 (Concat)
  3153 (Concat) -> 3162 (Slice)
  3153 (Concat) -> 3158 (Concat)
  3153 (Concat) -> 3253 (Concat)
  3153 (Concat) -> 3164 (Concat)
  3153 (Concat) -> 3238 (Concat)
  3153 (Concat) -> 3240 (Concat)
  3153 (Concat) -> 3237 (Concat)
  3153 (Concat) -> 3278 (Concat)
  3153 (Concat) -> 3245 (Slice)
  3153 (Concat) -> 3246 (Slice)
  3153 (Concat) -> 3247 (Slice)
  3153 (Concat) -> 3142 (Concat)
  3153 (Concat) -> 3248 (Concat)
  3153 (Concat) -> 3249 (Concat)
  3153 (Concat) -> 3250 (Concat)
  3153 (Concat) -> 3119 (Slice)
  3153 (Concat) -> 3251 (Concat)
  3153 (Concat) -> 3167 (Concat)
  3153 (Concat) -> 3224 (Concat)
  3153 (Concat) -> 3254 (Concat)
  3153 (Concat) -> 3202 (Concat)
  3153 (Concat) -> 3259 (Slice)
  3153 (Concat) -> 3260 (Slice)
  3153 (Concat) -> 3118 (Concat)
  3153 (Concat) -> 3261 (Slice)
  3153 (Concat) -> 3271 (Concat)
  3153 (Concat) -> 3262 (Concat)
  3153 (Concat) -> 3265 (Concat)
  3153 (Concat) -> 3268 (Concat)
  3153 (Concat) -> 3205 (Slice)
  3153 (Concat) -> 3269 (Concat)
  3153 (Concat) -> 3270 (Concat)
  3153 (Concat) -> 3272 (Concat)
  3153 (Concat) -> 3273 (Slice)
  3153 (Concat) -> 3275 (Slice)
  3153 (Concat) -> 3194 (Concat)
  3153 (Concat) -> 3274 (Slice)
  3153 (Concat) -> 3276 (Concat)
  3153 (Concat) -> 3277 (Concat)
  3153 (Concat) -> 3279 (Concat)
  3153 (Concat) -> 3280 (Concat)
  3153 (Concat) -> 3281 (Concat)
  3153 (Concat) -> 3252 (Concat)
  3153 (Concat) -> 3179 (Concat)
  3153 (Concat) -> 3115 (Concat)
  3153 (Concat) -> 3258 (Concat)
  3153 (Concat) -> 3166 (Concat)
  3153 (Concat) -> 3160 (Concat)
  3153 (Concat) -> 3239 (Concat)
  3153 (Concat) -> 3137 (Concat)
  3153 (Concat) -> 3183 (Concat)
  3153 (Concat) -> 3242 (Concat)
  3153 (Concat) -> 3181 (Concat)
  3153 (Concat) -> 3129 (Concat)
  3153 (Concat) -> 3161 (Slice)
  3153 (Concat) -> 3232 (Slice)
  3153 (Concat) -> 3213 (Concat)
  3153 (Concat) -> 3114 (Concat)
  3153 (Concat) -> 3263 (Concat)
  3156 (Concat) -> 3231 (Slice)
  3156 (Concat) -> 3219 (Slice)
  3156 (Concat) -> 3236 (Concat)
  3156 (Concat) -> 3225 (Concat)
  3156 (Concat) -> 3177 (Slice)
  3156 (Concat) -> 3234 (Concat)
  3156 (Concat) -> 3190 (Slice)
  3156 (Concat) -> 3210 (Concat)
  3156 (Concat) -> 3218 (Slice)
  3156 (Concat) -> 3143 (Concat)
  3156 (Concat) -> 3168 (Concat)
  3156 (Concat) -> 3217 (Slice)
  3156 (Concat) -> 3222 (Concat)
  3156 (Concat) -> 3214 (Concat)
  3156 (Concat) -> 3211 (Concat)
  3156 (Concat) -> 3121 (Slice)
  3156 (Concat) -> 3226 (Concat)
  3156 (Concat) -> 3111 (Div)
  3156 (Concat) -> 3221 (Concat)
  3156 (Concat) -> 3241 (Concat)
  3156 (Concat) -> 3209 (Concat)
  3156 (Concat) -> 3208 (Concat)
  3156 (Concat) -> 3133 (Slice)
  3156 (Concat) -> 3207 (Concat)
  3156 (Concat) -> 3204 (Slice)
  3156 (Concat) -> 3203 (Slice)
  3156 (Concat) -> 3148 (Slice)
  3156 (Concat) -> 3215 (Concat)
  3156 (Concat) -> 3199 (Concat)
  3156 (Concat) -> 3171 (Concat)
  3156 (Concat) -> 3127 (Concat)
  3156 (Concat) -> 3244 (Concat)
  3156 (Concat) -> 3196 (Concat)
  3156 (Concat) -> 3200 (Concat)
  3156 (Concat) -> 3195 (Concat)
  3156 (Concat) -> 3144 (Concat)
  3156 (Concat) -> 3264 (Concat)
  3156 (Concat) -> 3193 (Concat)
  3156 (Concat) -> 3228 (Concat)
  3156 (Concat) -> 3192 (Concat)
  3156 (Concat) -> 3201 (Concat)
  3156 (Concat) -> 3141 (Concat)
  3156 (Concat) -> 3189 (Slice)
  3156 (Concat) -> 3188 (Concat)
  3156 (Concat) -> 3233 (Slice)
  3156 (Concat) -> 3132 (Concat)
  3156 (Concat) -> 3185 (Concat)
  3156 (Concat) -> 3134 (Slice)
  3156 (Concat) -> 3182 (Concat)
  3156 (Concat) -> 3180 (Concat)
  3156 (Concat) -> 3130 (Concat)
  3156 (Concat) -> 3165 (Concat)
  3156 (Concat) -> 3176 (Slice)
  3156 (Concat) -> 3191 (Slice)
  3156 (Concat) -> 3175 (Slice)
  3156 (Concat) -> 3172 (Concat)
  3156 (Concat) -> 3173 (Concat)
  3156 (Concat) -> 3169 (Concat)
  3156 (Concat) -> 3230 (Concat)
  3156 (Concat) -> 3116 (Concat)
  3156 (Concat) -> 3267 (Concat)
  3156 (Concat) -> 3235 (Concat)
  3156 (Concat) -> 3122 (Concat)
  3156 (Concat) -> 3163 (Slice)
  3156 (Concat) -> 3212 (Concat)
  3156 (Concat) -> 3136 (Concat)
  3156 (Concat) -> 3128 (Concat)
  3156 (Concat) -> 3174 (Concat)
  3156 (Concat) -> 3155 (Concat)
  3156 (Concat) -> 3229 (Concat)
  3156 (Concat) -> 3186 (Concat)
  3156 (Concat) -> 3126 (Concat)
  3156 (Concat) -> 3120 (Slice)
  3156 (Concat) -> 3257 (Concat)
  3156 (Concat) -> 3184 (Concat)
  3156 (Concat) -> 3124 (Concat)
  3156 (Concat) -> 3256 (Concat)
  3156 (Concat) -> 3112 (Sub)
  3156 (Concat) -> 3113 (Concat)
  3156 (Concat) -> 3223 (Concat)
  3156 (Concat) -> 3197 (Concat)
  3156 (Concat) -> 3123 (Concat)
  3156 (Concat) -> 3220 (Concat)
  3156 (Concat) -> 3187 (Concat)
  3156 (Concat) -> 3157 (Concat)
  3156 (Concat) -> 3117 (Concat)
  3156 (Concat) -> 3135 (Slice)
  3156 (Concat) -> 3151 (Concat)
  3156 (Concat) -> 3150 (Concat)
  3156 (Concat) -> 3170 (Concat)
  3156 (Concat) -> 3138 (Concat)
  3156 (Concat) -> 3154 (Concat)
  3156 (Concat) -> 3140 (Concat)
  3156 (Concat) -> 3146 (Concat)
  3156 (Concat) -> 3125 (Concat)
  3156 (Concat) -> 3147 (Slice)
  3156 (Concat) -> 3227 (Concat)
  3156 (Concat) -> 3131 (Concat)
  3156 (Concat) -> 3178 (Concat)
  3156 (Concat) -> 3149 (Slice)
  3156 (Concat) -> 3206 (Concat)
  3156 (Concat) -> 3152 (Concat)
  3156 (Concat) -> 3243 (Concat)
  3156 (Concat) -> 3139 (Concat)
  3156 (Concat) -> 3110 (Concat)
  3156 (Concat) -> 3216 (Concat)
  3156 (Concat) -> 3153 (Concat)
  3156 (Concat) -> 3198 (Concat)
  3156 (Concat) -> 3255 (Concat)
  3156 (Concat) -> 3159 (Concat)
  3156 (Concat) -> 3145 (Concat)
  3156 (Concat) -> 3266 (Concat)
  3156 (Concat) -> 3162 (Slice)
  3156 (Concat) -> 3158 (Concat)
  3156 (Concat) -> 3253 (Concat)
  3156 (Concat) -> 3164 (Concat)
  3156 (Concat) -> 3238 (Concat)
  3156 (Concat) -> 3240 (Concat)
  3156 (Concat) -> 3237 (Concat)
  3156 (Concat) -> 3278 (Concat)
  3156 (Concat) -> 3245 (Slice)
  3156 (Concat) -> 3246 (Slice)
  3156 (Concat) -> 3247 (Slice)
  3156 (Concat) -> 3142 (Concat)
  3156 (Concat) -> 3248 (Concat)
  3156 (Concat) -> 3249 (Concat)
  3156 (Concat) -> 3250 (Concat)
  3156 (Concat) -> 3119 (Slice)
  3156 (Concat) -> 3251 (Concat)
  3156 (Concat) -> 3167 (Concat)
  3156 (Concat) -> 3224 (Concat)
  3156 (Concat) -> 3254 (Concat)
  3156 (Concat) -> 3202 (Concat)
  3156 (Concat) -> 3259 (Slice)
  3156 (Concat) -> 3260 (Slice)
  3156 (Concat) -> 3118 (Concat)
  3156 (Concat) -> 3261 (Slice)
  3156 (Concat) -> 3271 (Concat)
  3156 (Concat) -> 3262 (Concat)
  3156 (Concat) -> 3265 (Concat)
  3156 (Concat) -> 3268 (Concat)
  3156 (Concat) -> 3205 (Slice)
  3156 (Concat) -> 3269 (Concat)
  3156 (Concat) -> 3270 (Concat)
  3156 (Concat) -> 3272 (Concat)
  3156 (Concat) -> 3273 (Slice)
  3156 (Concat) -> 3275 (Slice)
  3156 (Concat) -> 3194 (Concat)
  3156 (Concat) -> 3274 (Slice)
  3156 (Concat) -> 3276 (Concat)
  3156 (Concat) -> 3277 (Concat)
  3156 (Concat) -> 3279 (Concat)
  3156 (Concat) -> 3280 (Concat)
  3156 (Concat) -> 3281 (Concat)
  3156 (Concat) -> 3252 (Concat)
  3156 (Concat) -> 3179 (Concat)
  3156 (Concat) -> 3115 (Concat)
  3156 (Concat) -> 3258 (Concat)
  3156 (Concat) -> 3166 (Concat)
  3156 (Concat) -> 3160 (Concat)
  3156 (Concat) -> 3239 (Concat)
  3156 (Concat) -> 3137 (Concat)
  3156 (Concat) -> 3183 (Concat)
  3156 (Concat) -> 3242 (Concat)
  3156 (Concat) -> 3181 (Concat)
  3156 (Concat) -> 3129 (Concat)
  3156 (Concat) -> 3161 (Slice)
  3156 (Concat) -> 3232 (Slice)
  3156 (Concat) -> 3213 (Concat)
  3156 (Concat) -> 3114 (Concat)
  3156 (Concat) -> 3263 (Concat)
  3198 (Concat) -> 3231 (Slice)
  3198 (Concat) -> 3219 (Slice)
  3198 (Concat) -> 3236 (Concat)
  3198 (Concat) -> 3225 (Concat)
  3198 (Concat) -> 3177 (Slice)
  3198 (Concat) -> 3234 (Concat)
  3198 (Concat) -> 3190 (Slice)
  3198 (Concat) -> 3210 (Concat)
  3198 (Concat) -> 3218 (Slice)
  3198 (Concat) -> 3143 (Concat)
  3198 (Concat) -> 3168 (Concat)
  3198 (Concat) -> 3217 (Slice)
  3198 (Concat) -> 3222 (Concat)
  3198 (Concat) -> 3214 (Concat)
  3198 (Concat) -> 3211 (Concat)
  3198 (Concat) -> 3121 (Slice)
  3198 (Concat) -> 3226 (Concat)
  3198 (Concat) -> 3111 (Div)
  3198 (Concat) -> 3221 (Concat)
  3198 (Concat) -> 3241 (Concat)
  3198 (Concat) -> 3209 (Concat)
  3198 (Concat) -> 3208 (Concat)
  3198 (Concat) -> 3133 (Slice)
  3198 (Concat) -> 3207 (Concat)
  3198 (Concat) -> 3204 (Slice)
  3198 (Concat) -> 3203 (Slice)
  3198 (Concat) -> 3148 (Slice)
  3198 (Concat) -> 3215 (Concat)
  3198 (Concat) -> 3199 (Concat)
  3198 (Concat) -> 3171 (Concat)
  3198 (Concat) -> 3127 (Concat)
  3198 (Concat) -> 3244 (Concat)
  3198 (Concat) -> 3196 (Concat)
  3198 (Concat) -> 3200 (Concat)
  3198 (Concat) -> 3195 (Concat)
  3198 (Concat) -> 3144 (Concat)
  3198 (Concat) -> 3264 (Concat)
  3198 (Concat) -> 3193 (Concat)
  3198 (Concat) -> 3228 (Concat)
  3198 (Concat) -> 3192 (Concat)
  3198 (Concat) -> 3201 (Concat)
  3198 (Concat) -> 3141 (Concat)
  3198 (Concat) -> 3189 (Slice)
  3198 (Concat) -> 3188 (Concat)
  3198 (Concat) -> 3233 (Slice)
  3198 (Concat) -> 3132 (Concat)
  3198 (Concat) -> 3185 (Concat)
  3198 (Concat) -> 3134 (Slice)
  3198 (Concat) -> 3182 (Concat)
  3198 (Concat) -> 3180 (Concat)
  3198 (Concat) -> 3130 (Concat)
  3198 (Concat) -> 3165 (Concat)
  3198 (Concat) -> 3176 (Slice)
  3198 (Concat) -> 3191 (Slice)
  3198 (Concat) -> 3175 (Slice)
  3198 (Concat) -> 3172 (Concat)
  3198 (Concat) -> 3173 (Concat)
  3198 (Concat) -> 3169 (Concat)
  3198 (Concat) -> 3230 (Concat)
  3198 (Concat) -> 3116 (Concat)
  3198 (Concat) -> 3267 (Concat)
  3198 (Concat) -> 3235 (Concat)
  3198 (Concat) -> 3122 (Concat)
  3198 (Concat) -> 3163 (Slice)
  3198 (Concat) -> 3212 (Concat)
  3198 (Concat) -> 3136 (Concat)
  3198 (Concat) -> 3128 (Concat)
  3198 (Concat) -> 3174 (Concat)
  3198 (Concat) -> 3155 (Concat)
  3198 (Concat) -> 3229 (Concat)
  3198 (Concat) -> 3186 (Concat)
  3198 (Concat) -> 3126 (Concat)
  3198 (Concat) -> 3120 (Slice)
  3198 (Concat) -> 3257 (Concat)
  3198 (Concat) -> 3184 (Concat)
  3198 (Concat) -> 3124 (Concat)
  3198 (Concat) -> 3256 (Concat)
  3198 (Concat) -> 3112 (Sub)
  3198 (Concat) -> 3113 (Concat)
  3198 (Concat) -> 3223 (Concat)
  3198 (Concat) -> 3197 (Concat)
  3198 (Concat) -> 3123 (Concat)
  3198 (Concat) -> 3220 (Concat)
  3198 (Concat) -> 3187 (Concat)
  3198 (Concat) -> 3157 (Concat)
  3198 (Concat) -> 3117 (Concat)
  3198 (Concat) -> 3135 (Slice)
  3198 (Concat) -> 3151 (Concat)
  3198 (Concat) -> 3150 (Concat)
  3198 (Concat) -> 3170 (Concat)
  3198 (Concat) -> 3138 (Concat)
  3198 (Concat) -> 3154 (Concat)
  3198 (Concat) -> 3140 (Concat)
  3198 (Concat) -> 3146 (Concat)
  3198 (Concat) -> 3125 (Concat)
  3198 (Concat) -> 3147 (Slice)
  3198 (Concat) -> 3227 (Concat)
  3198 (Concat) -> 3131 (Concat)
  3198 (Concat) -> 3178 (Concat)
  3198 (Concat) -> 3149 (Slice)
  3198 (Concat) -> 3206 (Concat)
  3198 (Concat) -> 3152 (Concat)
  3198 (Concat) -> 3243 (Concat)
  3198 (Concat) -> 3139 (Concat)
  3198 (Concat) -> 3110 (Concat)
  3198 (Concat) -> 3216 (Concat)
  3198 (Concat) -> 3153 (Concat)
  3198 (Concat) -> 3156 (Concat)
  3198 (Concat) -> 3255 (Concat)
  3198 (Concat) -> 3159 (Concat)
  3198 (Concat) -> 3145 (Concat)
  3198 (Concat) -> 3266 (Concat)
  3198 (Concat) -> 3162 (Slice)
  3198 (Concat) -> 3158 (Concat)
  3198 (Concat) -> 3253 (Concat)
  3198 (Concat) -> 3164 (Concat)
  3198 (Concat) -> 3238 (Concat)
  3198 (Concat) -> 3240 (Concat)
  3198 (Concat) -> 3237 (Concat)
  3198 (Concat) -> 3278 (Concat)
  3198 (Concat) -> 3245 (Slice)
  3198 (Concat) -> 3246 (Slice)
  3198 (Concat) -> 3247 (Slice)
  3198 (Concat) -> 3142 (Concat)
  3198 (Concat) -> 3248 (Concat)
  3198 (Concat) -> 3249 (Concat)
  3198 (Concat) -> 3250 (Concat)
  3198 (Concat) -> 3119 (Slice)
  3198 (Concat) -> 3251 (Concat)
  3198 (Concat) -> 3167 (Concat)
  3198 (Concat) -> 3224 (Concat)
  3198 (Concat) -> 3254 (Concat)
  3198 (Concat) -> 3202 (Concat)
  3198 (Concat) -> 3259 (Slice)
  3198 (Concat) -> 3260 (Slice)
  3198 (Concat) -> 3118 (Concat)
  3198 (Concat) -> 3261 (Slice)
  3198 (Concat) -> 3271 (Concat)
  3198 (Concat) -> 3262 (Concat)
  3198 (Concat) -> 3265 (Concat)
  3198 (Concat) -> 3268 (Concat)
  3198 (Concat) -> 3205 (Slice)
  3198 (Concat) -> 3269 (Concat)
  3198 (Concat) -> 3270 (Concat)
  3198 (Concat) -> 3272 (Concat)
  3198 (Concat) -> 3273 (Slice)
  3198 (Concat) -> 3275 (Slice)
  3198 (Concat) -> 3194 (Concat)
  3198 (Concat) -> 3274 (Slice)
  3198 (Concat) -> 3276 (Concat)
  3198 (Concat) -> 3277 (Concat)
  3198 (Concat) -> 3279 (Concat)
  3198 (Concat) -> 3280 (Concat)
  3198 (Concat) -> 3281 (Concat)
  3198 (Concat) -> 3252 (Concat)
  3198 (Concat) -> 3179 (Concat)
  3198 (Concat) -> 3115 (Concat)
  3198 (Concat) -> 3258 (Concat)
  3198 (Concat) -> 3166 (Concat)
  3198 (Concat) -> 3160 (Concat)
  3198 (Concat) -> 3239 (Concat)
  3198 (Concat) -> 3137 (Concat)
  3198 (Concat) -> 3183 (Concat)
  3198 (Concat) -> 3242 (Concat)
  3198 (Concat) -> 3181 (Concat)
  3198 (Concat) -> 3129 (Concat)
  3198 (Concat) -> 3161 (Slice)
  3198 (Concat) -> 3232 (Slice)
  3198 (Concat) -> 3213 (Concat)
  3198 (Concat) -> 3114 (Concat)
  3198 (Concat) -> 3263 (Concat)
  3255 (Concat) -> 3231 (Slice)
  3255 (Concat) -> 3219 (Slice)
  3255 (Concat) -> 3236 (Concat)
  3255 (Concat) -> 3225 (Concat)
  3255 (Concat) -> 3177 (Slice)
  3255 (Concat) -> 3234 (Concat)
  3255 (Concat) -> 3190 (Slice)
  3255 (Concat) -> 3210 (Concat)
  3255 (Concat) -> 3218 (Slice)
  3255 (Concat) -> 3143 (Concat)
  3255 (Concat) -> 3168 (Concat)
  3255 (Concat) -> 3217 (Slice)
  3255 (Concat) -> 3222 (Concat)
  3255 (Concat) -> 3214 (Concat)
  3255 (Concat) -> 3211 (Concat)
  3255 (Concat) -> 3121 (Slice)
  3255 (Concat) -> 3226 (Concat)
  3255 (Concat) -> 3111 (Div)
  3255 (Concat) -> 3221 (Concat)
  3255 (Concat) -> 3241 (Concat)
  3255 (Concat) -> 3209 (Concat)
  3255 (Concat) -> 3208 (Concat)
  3255 (Concat) -> 3133 (Slice)
  3255 (Concat) -> 3207 (Concat)
  3255 (Concat) -> 3204 (Slice)
  3255 (Concat) -> 3203 (Slice)
  3255 (Concat) -> 3148 (Slice)
  3255 (Concat) -> 3215 (Concat)
  3255 (Concat) -> 3199 (Concat)
  3255 (Concat) -> 3171 (Concat)
  3255 (Concat) -> 3127 (Concat)
  3255 (Concat) -> 3244 (Concat)
  3255 (Concat) -> 3196 (Concat)
  3255 (Concat) -> 3200 (Concat)
  3255 (Concat) -> 3195 (Concat)
  3255 (Concat) -> 3144 (Concat)
  3255 (Concat) -> 3264 (Concat)
  3255 (Concat) -> 3193 (Concat)
  3255 (Concat) -> 3228 (Concat)
  3255 (Concat) -> 3192 (Concat)
  3255 (Concat) -> 3201 (Concat)
  3255 (Concat) -> 3141 (Concat)
  3255 (Concat) -> 3189 (Slice)
  3255 (Concat) -> 3188 (Concat)
  3255 (Concat) -> 3233 (Slice)
  3255 (Concat) -> 3132 (Concat)
  3255 (Concat) -> 3185 (Concat)
  3255 (Concat) -> 3134 (Slice)
  3255 (Concat) -> 3182 (Concat)
  3255 (Concat) -> 3180 (Concat)
  3255 (Concat) -> 3130 (Concat)
  3255 (Concat) -> 3165 (Concat)
  3255 (Concat) -> 3176 (Slice)
  3255 (Concat) -> 3191 (Slice)
  3255 (Concat) -> 3175 (Slice)
  3255 (Concat) -> 3172 (Concat)
  3255 (Concat) -> 3173 (Concat)
  3255 (Concat) -> 3169 (Concat)
  3255 (Concat) -> 3230 (Concat)
  3255 (Concat) -> 3116 (Concat)
  3255 (Concat) -> 3267 (Concat)
  3255 (Concat) -> 3235 (Concat)
  3255 (Concat) -> 3122 (Concat)
  3255 (Concat) -> 3163 (Slice)
  3255 (Concat) -> 3212 (Concat)
  3255 (Concat) -> 3136 (Concat)
  3255 (Concat) -> 3128 (Concat)
  3255 (Concat) -> 3174 (Concat)
  3255 (Concat) -> 3155 (Concat)
  3255 (Concat) -> 3229 (Concat)
  3255 (Concat) -> 3186 (Concat)
  3255 (Concat) -> 3126 (Concat)
  3255 (Concat) -> 3120 (Slice)
  3255 (Concat) -> 3257 (Concat)
  3255 (Concat) -> 3184 (Concat)
  3255 (Concat) -> 3124 (Concat)
  3255 (Concat) -> 3256 (Concat)
  3255 (Concat) -> 3112 (Sub)
  3255 (Concat) -> 3113 (Concat)
  3255 (Concat) -> 3223 (Concat)
  3255 (Concat) -> 3197 (Concat)
  3255 (Concat) -> 3123 (Concat)
  3255 (Concat) -> 3220 (Concat)
  3255 (Concat) -> 3187 (Concat)
  3255 (Concat) -> 3157 (Concat)
  3255 (Concat) -> 3117 (Concat)
  3255 (Concat) -> 3135 (Slice)
  3255 (Concat) -> 3151 (Concat)
  3255 (Concat) -> 3150 (Concat)
  3255 (Concat) -> 3170 (Concat)
  3255 (Concat) -> 3138 (Concat)
  3255 (Concat) -> 3154 (Concat)
  3255 (Concat) -> 3140 (Concat)
  3255 (Concat) -> 3146 (Concat)
  3255 (Concat) -> 3125 (Concat)
  3255 (Concat) -> 3147 (Slice)
  3255 (Concat) -> 3227 (Concat)
  3255 (Concat) -> 3131 (Concat)
  3255 (Concat) -> 3178 (Concat)
  3255 (Concat) -> 3149 (Slice)
  3255 (Concat) -> 3206 (Concat)
  3255 (Concat) -> 3152 (Concat)
  3255 (Concat) -> 3243 (Concat)
  3255 (Concat) -> 3139 (Concat)
  3255 (Concat) -> 3110 (Concat)
  3255 (Concat) -> 3216 (Concat)
  3255 (Concat) -> 3153 (Concat)
  3255 (Concat) -> 3156 (Concat)
  3255 (Concat) -> 3198 (Concat)
  3255 (Concat) -> 3159 (Concat)
  3255 (Concat) -> 3145 (Concat)
  3255 (Concat) -> 3266 (Concat)
  3255 (Concat) -> 3162 (Slice)
  3255 (Concat) -> 3158 (Concat)
  3255 (Concat) -> 3253 (Concat)
  3255 (Concat) -> 3164 (Concat)
  3255 (Concat) -> 3238 (Concat)
  3255 (Concat) -> 3240 (Concat)
  3255 (Concat) -> 3237 (Concat)
  3255 (Concat) -> 3278 (Concat)
  3255 (Concat) -> 3245 (Slice)
  3255 (Concat) -> 3246 (Slice)
  3255 (Concat) -> 3247 (Slice)
  3255 (Concat) -> 3142 (Concat)
  3255 (Concat) -> 3248 (Concat)
  3255 (Concat) -> 3249 (Concat)
  3255 (Concat) -> 3250 (Concat)
  3255 (Concat) -> 3119 (Slice)
  3255 (Concat) -> 3251 (Concat)
  3255 (Concat) -> 3167 (Concat)
  3255 (Concat) -> 3224 (Concat)
  3255 (Concat) -> 3254 (Concat)
  3255 (Concat) -> 3202 (Concat)
  3255 (Concat) -> 3259 (Slice)
  3255 (Concat) -> 3260 (Slice)
  3255 (Concat) -> 3118 (Concat)
  3255 (Concat) -> 3261 (Slice)
  3255 (Concat) -> 3271 (Concat)
  3255 (Concat) -> 3262 (Concat)
  3255 (Concat) -> 3265 (Concat)
  3255 (Concat) -> 3268 (Concat)
  3255 (Concat) -> 3205 (Slice)
  3255 (Concat) -> 3269 (Concat)
  3255 (Concat) -> 3270 (Concat)
  3255 (Concat) -> 3272 (Concat)
  3255 (Concat) -> 3273 (Slice)
  3255 (Concat) -> 3275 (Slice)
  3255 (Concat) -> 3194 (Concat)
  3255 (Concat) -> 3274 (Slice)
  3255 (Concat) -> 3276 (Concat)
  3255 (Concat) -> 3277 (Concat)
  3255 (Concat) -> 3279 (Concat)
  3255 (Concat) -> 3280 (Concat)
  3255 (Concat) -> 3281 (Concat)
  3255 (Concat) -> 3252 (Concat)
  3255 (Concat) -> 3179 (Concat)
  3255 (Concat) -> 3115 (Concat)
  3255 (Concat) -> 3258 (Concat)
  3255 (Concat) -> 3166 (Concat)
  3255 (Concat) -> 3160 (Concat)
  3255 (Concat) -> 3239 (Concat)
  3255 (Concat) -> 3137 (Concat)
  3255 (Concat) -> 3183 (Concat)
  3255 (Concat) -> 3242 (Concat)
  3255 (Concat) -> 3181 (Concat)
  3255 (Concat) -> 3129 (Concat)
  3255 (Concat) -> 3161 (Slice)
  3255 (Concat) -> 3232 (Slice)
  3255 (Concat) -> 3213 (Concat)
  3255 (Concat) -> 3114 (Concat)
  3255 (Concat) -> 3263 (Concat)
  3159 (Concat) -> 3231 (Slice)
  3159 (Concat) -> 3219 (Slice)
  3159 (Concat) -> 3236 (Concat)
  3159 (Concat) -> 3225 (Concat)
  3159 (Concat) -> 3177 (Slice)
  3159 (Concat) -> 3234 (Concat)
  3159 (Concat) -> 3190 (Slice)
  3159 (Concat) -> 3210 (Concat)
  3159 (Concat) -> 3218 (Slice)
  3159 (Concat) -> 3143 (Concat)
  3159 (Concat) -> 3168 (Concat)
  3159 (Concat) -> 3217 (Slice)
  3159 (Concat) -> 3222 (Concat)
  3159 (Concat) -> 3214 (Concat)
  3159 (Concat) -> 3211 (Concat)
  3159 (Concat) -> 3121 (Slice)
  3159 (Concat) -> 3226 (Concat)
  3159 (Concat) -> 3111 (Div)
  3159 (Concat) -> 3221 (Concat)
  3159 (Concat) -> 3241 (Concat)
  3159 (Concat) -> 3209 (Concat)
  3159 (Concat) -> 3208 (Concat)
  3159 (Concat) -> 3133 (Slice)
  3159 (Concat) -> 3207 (Concat)
  3159 (Concat) -> 3204 (Slice)
  3159 (Concat) -> 3203 (Slice)
  3159 (Concat) -> 3148 (Slice)
  3159 (Concat) -> 3215 (Concat)
  3159 (Concat) -> 3199 (Concat)
  3159 (Concat) -> 3171 (Concat)
  3159 (Concat) -> 3127 (Concat)
  3159 (Concat) -> 3244 (Concat)
  3159 (Concat) -> 3196 (Concat)
  3159 (Concat) -> 3200 (Concat)
  3159 (Concat) -> 3195 (Concat)
  3159 (Concat) -> 3144 (Concat)
  3159 (Concat) -> 3264 (Concat)
  3159 (Concat) -> 3193 (Concat)
  3159 (Concat) -> 3228 (Concat)
  3159 (Concat) -> 3192 (Concat)
  3159 (Concat) -> 3201 (Concat)
  3159 (Concat) -> 3141 (Concat)
  3159 (Concat) -> 3189 (Slice)
  3159 (Concat) -> 3188 (Concat)
  3159 (Concat) -> 3233 (Slice)
  3159 (Concat) -> 3132 (Concat)
  3159 (Concat) -> 3185 (Concat)
  3159 (Concat) -> 3134 (Slice)
  3159 (Concat) -> 3182 (Concat)
  3159 (Concat) -> 3180 (Concat)
  3159 (Concat) -> 3130 (Concat)
  3159 (Concat) -> 3165 (Concat)
  3159 (Concat) -> 3176 (Slice)
  3159 (Concat) -> 3191 (Slice)
  3159 (Concat) -> 3175 (Slice)
  3159 (Concat) -> 3172 (Concat)
  3159 (Concat) -> 3173 (Concat)
  3159 (Concat) -> 3169 (Concat)
  3159 (Concat) -> 3230 (Concat)
  3159 (Concat) -> 3116 (Concat)
  3159 (Concat) -> 3267 (Concat)
  3159 (Concat) -> 3235 (Concat)
  3159 (Concat) -> 3122 (Concat)
  3159 (Concat) -> 3163 (Slice)
  3159 (Concat) -> 3212 (Concat)
  3159 (Concat) -> 3136 (Concat)
  3159 (Concat) -> 3128 (Concat)
  3159 (Concat) -> 3174 (Concat)
  3159 (Concat) -> 3155 (Concat)
  3159 (Concat) -> 3229 (Concat)
  3159 (Concat) -> 3186 (Concat)
  3159 (Concat) -> 3126 (Concat)
  3159 (Concat) -> 3120 (Slice)
  3159 (Concat) -> 3257 (Concat)
  3159 (Concat) -> 3184 (Concat)
  3159 (Concat) -> 3124 (Concat)
  3159 (Concat) -> 3256 (Concat)
  3159 (Concat) -> 3112 (Sub)
  3159 (Concat) -> 3113 (Concat)
  3159 (Concat) -> 3223 (Concat)
  3159 (Concat) -> 3197 (Concat)
  3159 (Concat) -> 3123 (Concat)
  3159 (Concat) -> 3220 (Concat)
  3159 (Concat) -> 3187 (Concat)
  3159 (Concat) -> 3157 (Concat)
  3159 (Concat) -> 3117 (Concat)
  3159 (Concat) -> 3135 (Slice)
  3159 (Concat) -> 3151 (Concat)
  3159 (Concat) -> 3150 (Concat)
  3159 (Concat) -> 3170 (Concat)
  3159 (Concat) -> 3138 (Concat)
  3159 (Concat) -> 3154 (Concat)
  3159 (Concat) -> 3140 (Concat)
  3159 (Concat) -> 3146 (Concat)
  3159 (Concat) -> 3125 (Concat)
  3159 (Concat) -> 3147 (Slice)
  3159 (Concat) -> 3227 (Concat)
  3159 (Concat) -> 3131 (Concat)
  3159 (Concat) -> 3178 (Concat)
  3159 (Concat) -> 3149 (Slice)
  3159 (Concat) -> 3206 (Concat)
  3159 (Concat) -> 3152 (Concat)
  3159 (Concat) -> 3243 (Concat)
  3159 (Concat) -> 3139 (Concat)
  3159 (Concat) -> 3110 (Concat)
  3159 (Concat) -> 3216 (Concat)
  3159 (Concat) -> 3153 (Concat)
  3159 (Concat) -> 3156 (Concat)
  3159 (Concat) -> 3198 (Concat)
  3159 (Concat) -> 3255 (Concat)
  3159 (Concat) -> 3145 (Concat)
  3159 (Concat) -> 3266 (Concat)
  3159 (Concat) -> 3162 (Slice)
  3159 (Concat) -> 3158 (Concat)
  3159 (Concat) -> 3253 (Concat)
  3159 (Concat) -> 3164 (Concat)
  3159 (Concat) -> 3238 (Concat)
  3159 (Concat) -> 3240 (Concat)
  3159 (Concat) -> 3237 (Concat)
  3159 (Concat) -> 3278 (Concat)
  3159 (Concat) -> 3245 (Slice)
  3159 (Concat) -> 3246 (Slice)
  3159 (Concat) -> 3247 (Slice)
  3159 (Concat) -> 3142 (Concat)
  3159 (Concat) -> 3248 (Concat)
  3159 (Concat) -> 3249 (Concat)
  3159 (Concat) -> 3250 (Concat)
  3159 (Concat) -> 3119 (Slice)
  3159 (Concat) -> 3251 (Concat)
  3159 (Concat) -> 3167 (Concat)
  3159 (Concat) -> 3224 (Concat)
  3159 (Concat) -> 3254 (Concat)
  3159 (Concat) -> 3202 (Concat)
  3159 (Concat) -> 3259 (Slice)
  3159 (Concat) -> 3260 (Slice)
  3159 (Concat) -> 3118 (Concat)
  3159 (Concat) -> 3261 (Slice)
  3159 (Concat) -> 3271 (Concat)
  3159 (Concat) -> 3262 (Concat)
  3159 (Concat) -> 3265 (Concat)
  3159 (Concat) -> 3268 (Concat)
  3159 (Concat) -> 3205 (Slice)
  3159 (Concat) -> 3269 (Concat)
  3159 (Concat) -> 3270 (Concat)
  3159 (Concat) -> 3272 (Concat)
  3159 (Concat) -> 3273 (Slice)
  3159 (Concat) -> 3275 (Slice)
  3159 (Concat) -> 3194 (Concat)
  3159 (Concat) -> 3274 (Slice)
  3159 (Concat) -> 3276 (Concat)
  3159 (Concat) -> 3277 (Concat)
  3159 (Concat) -> 3279 (Concat)
  3159 (Concat) -> 3280 (Concat)
  3159 (Concat) -> 3281 (Concat)
  3159 (Concat) -> 3252 (Concat)
  3159 (Concat) -> 3179 (Concat)
  3159 (Concat) -> 3115 (Concat)
  3159 (Concat) -> 3258 (Concat)
  3159 (Concat) -> 3166 (Concat)
  3159 (Concat) -> 3160 (Concat)
  3159 (Concat) -> 3239 (Concat)
  3159 (Concat) -> 3137 (Concat)
  3159 (Concat) -> 3183 (Concat)
  3159 (Concat) -> 3242 (Concat)
  3159 (Concat) -> 3181 (Concat)
  3159 (Concat) -> 3129 (Concat)
  3159 (Concat) -> 3161 (Slice)
  3159 (Concat) -> 3232 (Slice)
  3159 (Concat) -> 3213 (Concat)
  3159 (Concat) -> 3114 (Concat)
  3159 (Concat) -> 3263 (Concat)
  3145 (Concat) -> 3231 (Slice)
  3145 (Concat) -> 3219 (Slice)
  3145 (Concat) -> 3236 (Concat)
  3145 (Concat) -> 3225 (Concat)
  3145 (Concat) -> 3177 (Slice)
  3145 (Concat) -> 3234 (Concat)
  3145 (Concat) -> 3190 (Slice)
  3145 (Concat) -> 3210 (Concat)
  3145 (Concat) -> 3218 (Slice)
  3145 (Concat) -> 3143 (Concat)
  3145 (Concat) -> 3168 (Concat)
  3145 (Concat) -> 3217 (Slice)
  3145 (Concat) -> 3222 (Concat)
  3145 (Concat) -> 3214 (Concat)
  3145 (Concat) -> 3211 (Concat)
  3145 (Concat) -> 3121 (Slice)
  3145 (Concat) -> 3226 (Concat)
  3145 (Concat) -> 3111 (Div)
  3145 (Concat) -> 3221 (Concat)
  3145 (Concat) -> 3241 (Concat)
  3145 (Concat) -> 3209 (Concat)
  3145 (Concat) -> 3208 (Concat)
  3145 (Concat) -> 3133 (Slice)
  3145 (Concat) -> 3207 (Concat)
  3145 (Concat) -> 3204 (Slice)
  3145 (Concat) -> 3203 (Slice)
  3145 (Concat) -> 3148 (Slice)
  3145 (Concat) -> 3215 (Concat)
  3145 (Concat) -> 3199 (Concat)
  3145 (Concat) -> 3171 (Concat)
  3145 (Concat) -> 3127 (Concat)
  3145 (Concat) -> 3244 (Concat)
  3145 (Concat) -> 3196 (Concat)
  3145 (Concat) -> 3200 (Concat)
  3145 (Concat) -> 3195 (Concat)
  3145 (Concat) -> 3144 (Concat)
  3145 (Concat) -> 3264 (Concat)
  3145 (Concat) -> 3193 (Concat)
  3145 (Concat) -> 3228 (Concat)
  3145 (Concat) -> 3192 (Concat)
  3145 (Concat) -> 3201 (Concat)
  3145 (Concat) -> 3141 (Concat)
  3145 (Concat) -> 3189 (Slice)
  3145 (Concat) -> 3188 (Concat)
  3145 (Concat) -> 3233 (Slice)
  3145 (Concat) -> 3132 (Concat)
  3145 (Concat) -> 3185 (Concat)
  3145 (Concat) -> 3134 (Slice)
  3145 (Concat) -> 3182 (Concat)
  3145 (Concat) -> 3180 (Concat)
  3145 (Concat) -> 3130 (Concat)
  3145 (Concat) -> 3165 (Concat)
  3145 (Concat) -> 3176 (Slice)
  3145 (Concat) -> 3191 (Slice)
  3145 (Concat) -> 3175 (Slice)
  3145 (Concat) -> 3172 (Concat)
  3145 (Concat) -> 3173 (Concat)
  3145 (Concat) -> 3169 (Concat)
  3145 (Concat) -> 3230 (Concat)
  3145 (Concat) -> 3116 (Concat)
  3145 (Concat) -> 3267 (Concat)
  3145 (Concat) -> 3235 (Concat)
  3145 (Concat) -> 3122 (Concat)
  3145 (Concat) -> 3163 (Slice)
  3145 (Concat) -> 3212 (Concat)
  3145 (Concat) -> 3136 (Concat)
  3145 (Concat) -> 3128 (Concat)
  3145 (Concat) -> 3174 (Concat)
  3145 (Concat) -> 3155 (Concat)
  3145 (Concat) -> 3229 (Concat)
  3145 (Concat) -> 3186 (Concat)
  3145 (Concat) -> 3126 (Concat)
  3145 (Concat) -> 3120 (Slice)
  3145 (Concat) -> 3257 (Concat)
  3145 (Concat) -> 3184 (Concat)
  3145 (Concat) -> 3124 (Concat)
  3145 (Concat) -> 3256 (Concat)
  3145 (Concat) -> 3112 (Sub)
  3145 (Concat) -> 3113 (Concat)
  3145 (Concat) -> 3223 (Concat)
  3145 (Concat) -> 3197 (Concat)
  3145 (Concat) -> 3123 (Concat)
  3145 (Concat) -> 3220 (Concat)
  3145 (Concat) -> 3187 (Concat)
  3145 (Concat) -> 3157 (Concat)
  3145 (Concat) -> 3117 (Concat)
  3145 (Concat) -> 3135 (Slice)
  3145 (Concat) -> 3151 (Concat)
  3145 (Concat) -> 3150 (Concat)
  3145 (Concat) -> 3170 (Concat)
  3145 (Concat) -> 3138 (Concat)
  3145 (Concat) -> 3154 (Concat)
  3145 (Concat) -> 3140 (Concat)
  3145 (Concat) -> 3146 (Concat)
  3145 (Concat) -> 3125 (Concat)
  3145 (Concat) -> 3147 (Slice)
  3145 (Concat) -> 3227 (Concat)
  3145 (Concat) -> 3131 (Concat)
  3145 (Concat) -> 3178 (Concat)
  3145 (Concat) -> 3149 (Slice)
  3145 (Concat) -> 3206 (Concat)
  3145 (Concat) -> 3152 (Concat)
  3145 (Concat) -> 3243 (Concat)
  3145 (Concat) -> 3139 (Concat)
  3145 (Concat) -> 3110 (Concat)
  3145 (Concat) -> 3216 (Concat)
  3145 (Concat) -> 3153 (Concat)
  3145 (Concat) -> 3156 (Concat)
  3145 (Concat) -> 3198 (Concat)
  3145 (Concat) -> 3255 (Concat)
  3145 (Concat) -> 3159 (Concat)
  3145 (Concat) -> 3266 (Concat)
  3145 (Concat) -> 3162 (Slice)
  3145 (Concat) -> 3158 (Concat)
  3145 (Concat) -> 3253 (Concat)
  3145 (Concat) -> 3164 (Concat)
  3145 (Concat) -> 3238 (Concat)
  3145 (Concat) -> 3240 (Concat)
  3145 (Concat) -> 3237 (Concat)
  3145 (Concat) -> 3278 (Concat)
  3145 (Concat) -> 3245 (Slice)
  3145 (Concat) -> 3246 (Slice)
  3145 (Concat) -> 3247 (Slice)
  3145 (Concat) -> 3142 (Concat)
  3145 (Concat) -> 3248 (Concat)
  3145 (Concat) -> 3249 (Concat)
  3145 (Concat) -> 3250 (Concat)
  3145 (Concat) -> 3119 (Slice)
  3145 (Concat) -> 3251 (Concat)
  3145 (Concat) -> 3167 (Concat)
  3145 (Concat) -> 3224 (Concat)
  3145 (Concat) -> 3254 (Concat)
  3145 (Concat) -> 3202 (Concat)
  3145 (Concat) -> 3259 (Slice)
  3145 (Concat) -> 3260 (Slice)
  3145 (Concat) -> 3118 (Concat)
  3145 (Concat) -> 3261 (Slice)
  3145 (Concat) -> 3271 (Concat)
  3145 (Concat) -> 3262 (Concat)
  3145 (Concat) -> 3265 (Concat)
  3145 (Concat) -> 3268 (Concat)
  3145 (Concat) -> 3205 (Slice)
  3145 (Concat) -> 3269 (Concat)
  3145 (Concat) -> 3270 (Concat)
  3145 (Concat) -> 3272 (Concat)
  3145 (Concat) -> 3273 (Slice)
  3145 (Concat) -> 3275 (Slice)
  3145 (Concat) -> 3194 (Concat)
  3145 (Concat) -> 3274 (Slice)
  3145 (Concat) -> 3276 (Concat)
  3145 (Concat) -> 3277 (Concat)
  3145 (Concat) -> 3279 (Concat)
  3145 (Concat) -> 3280 (Concat)
  3145 (Concat) -> 3281 (Concat)
  3145 (Concat) -> 3252 (Concat)
  3145 (Concat) -> 3179 (Concat)
  3145 (Concat) -> 3115 (Concat)
  3145 (Concat) -> 3258 (Concat)
  3145 (Concat) -> 3166 (Concat)
  3145 (Concat) -> 3160 (Concat)
  3145 (Concat) -> 3239 (Concat)
  3145 (Concat) -> 3137 (Concat)
  3145 (Concat) -> 3183 (Concat)
  3145 (Concat) -> 3242 (Concat)
  3145 (Concat) -> 3181 (Concat)
  3145 (Concat) -> 3129 (Concat)
  3145 (Concat) -> 3161 (Slice)
  3145 (Concat) -> 3232 (Slice)
  3145 (Concat) -> 3213 (Concat)
  3145 (Concat) -> 3114 (Concat)
  3145 (Concat) -> 3263 (Concat)
  3266 (Concat) -> 3231 (Slice)
  3266 (Concat) -> 3219 (Slice)
  3266 (Concat) -> 3236 (Concat)
  3266 (Concat) -> 3225 (Concat)
  3266 (Concat) -> 3177 (Slice)
  3266 (Concat) -> 3234 (Concat)
  3266 (Concat) -> 3190 (Slice)
  3266 (Concat) -> 3210 (Concat)
  3266 (Concat) -> 3218 (Slice)
  3266 (Concat) -> 3143 (Concat)
  3266 (Concat) -> 3168 (Concat)
  3266 (Concat) -> 3217 (Slice)
  3266 (Concat) -> 3222 (Concat)
  3266 (Concat) -> 3214 (Concat)
  3266 (Concat) -> 3211 (Concat)
  3266 (Concat) -> 3121 (Slice)
  3266 (Concat) -> 3226 (Concat)
  3266 (Concat) -> 3111 (Div)
  3266 (Concat) -> 3221 (Concat)
  3266 (Concat) -> 3241 (Concat)
  3266 (Concat) -> 3209 (Concat)
  3266 (Concat) -> 3208 (Concat)
  3266 (Concat) -> 3133 (Slice)
  3266 (Concat) -> 3207 (Concat)
  3266 (Concat) -> 3204 (Slice)
  3266 (Concat) -> 3203 (Slice)
  3266 (Concat) -> 3148 (Slice)
  3266 (Concat) -> 3215 (Concat)
  3266 (Concat) -> 3199 (Concat)
  3266 (Concat) -> 3171 (Concat)
  3266 (Concat) -> 3127 (Concat)
  3266 (Concat) -> 3244 (Concat)
  3266 (Concat) -> 3196 (Concat)
  3266 (Concat) -> 3200 (Concat)
  3266 (Concat) -> 3195 (Concat)
  3266 (Concat) -> 3144 (Concat)
  3266 (Concat) -> 3264 (Concat)
  3266 (Concat) -> 3193 (Concat)
  3266 (Concat) -> 3228 (Concat)
  3266 (Concat) -> 3192 (Concat)
  3266 (Concat) -> 3201 (Concat)
  3266 (Concat) -> 3141 (Concat)
  3266 (Concat) -> 3189 (Slice)
  3266 (Concat) -> 3188 (Concat)
  3266 (Concat) -> 3233 (Slice)
  3266 (Concat) -> 3132 (Concat)
  3266 (Concat) -> 3185 (Concat)
  3266 (Concat) -> 3134 (Slice)
  3266 (Concat) -> 3182 (Concat)
  3266 (Concat) -> 3180 (Concat)
  3266 (Concat) -> 3130 (Concat)
  3266 (Concat) -> 3165 (Concat)
  3266 (Concat) -> 3176 (Slice)
  3266 (Concat) -> 3191 (Slice)
  3266 (Concat) -> 3175 (Slice)
  3266 (Concat) -> 3172 (Concat)
  3266 (Concat) -> 3173 (Concat)
  3266 (Concat) -> 3169 (Concat)
  3266 (Concat) -> 3230 (Concat)
  3266 (Concat) -> 3116 (Concat)
  3266 (Concat) -> 3267 (Concat)
  3266 (Concat) -> 3235 (Concat)
  3266 (Concat) -> 3122 (Concat)
  3266 (Concat) -> 3163 (Slice)
  3266 (Concat) -> 3212 (Concat)
  3266 (Concat) -> 3136 (Concat)
  3266 (Concat) -> 3128 (Concat)
  3266 (Concat) -> 3174 (Concat)
  3266 (Concat) -> 3155 (Concat)
  3266 (Concat) -> 3229 (Concat)
  3266 (Concat) -> 3186 (Concat)
  3266 (Concat) -> 3126 (Concat)
  3266 (Concat) -> 3120 (Slice)
  3266 (Concat) -> 3257 (Concat)
  3266 (Concat) -> 3184 (Concat)
  3266 (Concat) -> 3124 (Concat)
  3266 (Concat) -> 3256 (Concat)
  3266 (Concat) -> 3112 (Sub)
  3266 (Concat) -> 3113 (Concat)
  3266 (Concat) -> 3223 (Concat)
  3266 (Concat) -> 3197 (Concat)
  3266 (Concat) -> 3123 (Concat)
  3266 (Concat) -> 3220 (Concat)
  3266 (Concat) -> 3187 (Concat)
  3266 (Concat) -> 3157 (Concat)
  3266 (Concat) -> 3117 (Concat)
  3266 (Concat) -> 3135 (Slice)
  3266 (Concat) -> 3151 (Concat)
  3266 (Concat) -> 3150 (Concat)
  3266 (Concat) -> 3170 (Concat)
  3266 (Concat) -> 3138 (Concat)
  3266 (Concat) -> 3154 (Concat)
  3266 (Concat) -> 3140 (Concat)
  3266 (Concat) -> 3146 (Concat)
  3266 (Concat) -> 3125 (Concat)
  3266 (Concat) -> 3147 (Slice)
  3266 (Concat) -> 3227 (Concat)
  3266 (Concat) -> 3131 (Concat)
  3266 (Concat) -> 3178 (Concat)
  3266 (Concat) -> 3149 (Slice)
  3266 (Concat) -> 3206 (Concat)
  3266 (Concat) -> 3152 (Concat)
  3266 (Concat) -> 3243 (Concat)
  3266 (Concat) -> 3139 (Concat)
  3266 (Concat) -> 3110 (Concat)
  3266 (Concat) -> 3216 (Concat)
  3266 (Concat) -> 3153 (Concat)
  3266 (Concat) -> 3156 (Concat)
  3266 (Concat) -> 3198 (Concat)
  3266 (Concat) -> 3255 (Concat)
  3266 (Concat) -> 3159 (Concat)
  3266 (Concat) -> 3145 (Concat)
  3266 (Concat) -> 3162 (Slice)
  3266 (Concat) -> 3158 (Concat)
  3266 (Concat) -> 3253 (Concat)
  3266 (Concat) -> 3164 (Concat)
  3266 (Concat) -> 3238 (Concat)
  3266 (Concat) -> 3240 (Concat)
  3266 (Concat) -> 3237 (Concat)
  3266 (Concat) -> 3278 (Concat)
  3266 (Concat) -> 3245 (Slice)
  3266 (Concat) -> 3246 (Slice)
  3266 (Concat) -> 3247 (Slice)
  3266 (Concat) -> 3142 (Concat)
  3266 (Concat) -> 3248 (Concat)
  3266 (Concat) -> 3249 (Concat)
  3266 (Concat) -> 3250 (Concat)
  3266 (Concat) -> 3119 (Slice)
  3266 (Concat) -> 3251 (Concat)
  3266 (Concat) -> 3167 (Concat)
  3266 (Concat) -> 3224 (Concat)
  3266 (Concat) -> 3254 (Concat)
  3266 (Concat) -> 3202 (Concat)
  3266 (Concat) -> 3259 (Slice)
  3266 (Concat) -> 3260 (Slice)
  3266 (Concat) -> 3118 (Concat)
  3266 (Concat) -> 3261 (Slice)
  3266 (Concat) -> 3271 (Concat)
  3266 (Concat) -> 3262 (Concat)
  3266 (Concat) -> 3265 (Concat)
  3266 (Concat) -> 3268 (Concat)
  3266 (Concat) -> 3205 (Slice)
  3266 (Concat) -> 3269 (Concat)
  3266 (Concat) -> 3270 (Concat)
  3266 (Concat) -> 3272 (Concat)
  3266 (Concat) -> 3273 (Slice)
  3266 (Concat) -> 3275 (Slice)
  3266 (Concat) -> 3194 (Concat)
  3266 (Concat) -> 3274 (Slice)
  3266 (Concat) -> 3276 (Concat)
  3266 (Concat) -> 3277 (Concat)
  3266 (Concat) -> 3279 (Concat)
  3266 (Concat) -> 3280 (Concat)
  3266 (Concat) -> 3281 (Concat)
  3266 (Concat) -> 3252 (Concat)
  3266 (Concat) -> 3179 (Concat)
  3266 (Concat) -> 3115 (Concat)
  3266 (Concat) -> 3258 (Concat)
  3266 (Concat) -> 3166 (Concat)
  3266 (Concat) -> 3160 (Concat)
  3266 (Concat) -> 3239 (Concat)
  3266 (Concat) -> 3137 (Concat)
  3266 (Concat) -> 3183 (Concat)
  3266 (Concat) -> 3242 (Concat)
  3266 (Concat) -> 3181 (Concat)
  3266 (Concat) -> 3129 (Concat)
  3266 (Concat) -> 3161 (Slice)
  3266 (Concat) -> 3232 (Slice)
  3266 (Concat) -> 3213 (Concat)
  3266 (Concat) -> 3114 (Concat)
  3266 (Concat) -> 3263 (Concat)
  3162 (Slice) -> 3231 (Slice)
  3162 (Slice) -> 3219 (Slice)
  3162 (Slice) -> 3236 (Concat)
  3162 (Slice) -> 3225 (Concat)
  3162 (Slice) -> 3177 (Slice)
  3162 (Slice) -> 3234 (Concat)
  3162 (Slice) -> 3190 (Slice)
  3162 (Slice) -> 3210 (Concat)
  3162 (Slice) -> 3218 (Slice)
  3162 (Slice) -> 3143 (Concat)
  3162 (Slice) -> 3168 (Concat)
  3162 (Slice) -> 3217 (Slice)
  3162 (Slice) -> 3222 (Concat)
  3162 (Slice) -> 3214 (Concat)
  3162 (Slice) -> 3211 (Concat)
  3162 (Slice) -> 3121 (Slice)
  3162 (Slice) -> 3226 (Concat)
  3162 (Slice) -> 3111 (Div)
  3162 (Slice) -> 3221 (Concat)
  3162 (Slice) -> 3241 (Concat)
  3162 (Slice) -> 3209 (Concat)
  3162 (Slice) -> 3208 (Concat)
  3162 (Slice) -> 3133 (Slice)
  3162 (Slice) -> 3207 (Concat)
  3162 (Slice) -> 3204 (Slice)
  3162 (Slice) -> 3203 (Slice)
  3162 (Slice) -> 3148 (Slice)
  3162 (Slice) -> 3215 (Concat)
  3162 (Slice) -> 3199 (Concat)
  3162 (Slice) -> 3171 (Concat)
  3162 (Slice) -> 3127 (Concat)
  3162 (Slice) -> 3244 (Concat)
  3162 (Slice) -> 3196 (Concat)
  3162 (Slice) -> 3200 (Concat)
  3162 (Slice) -> 3195 (Concat)
  3162 (Slice) -> 3144 (Concat)
  3162 (Slice) -> 3264 (Concat)
  3162 (Slice) -> 3193 (Concat)
  3162 (Slice) -> 3228 (Concat)
  3162 (Slice) -> 3192 (Concat)
  3162 (Slice) -> 3201 (Concat)
  3162 (Slice) -> 3141 (Concat)
  3162 (Slice) -> 3189 (Slice)
  3162 (Slice) -> 3188 (Concat)
  3162 (Slice) -> 3233 (Slice)
  3162 (Slice) -> 3132 (Concat)
  3162 (Slice) -> 3185 (Concat)
  3162 (Slice) -> 3134 (Slice)
  3162 (Slice) -> 3182 (Concat)
  3162 (Slice) -> 3180 (Concat)
  3162 (Slice) -> 3130 (Concat)
  3162 (Slice) -> 3165 (Concat)
  3162 (Slice) -> 3176 (Slice)
  3162 (Slice) -> 3191 (Slice)
  3162 (Slice) -> 3175 (Slice)
  3162 (Slice) -> 3172 (Concat)
  3162 (Slice) -> 3173 (Concat)
  3162 (Slice) -> 3169 (Concat)
  3162 (Slice) -> 3230 (Concat)
  3162 (Slice) -> 3116 (Concat)
  3162 (Slice) -> 3267 (Concat)
  3162 (Slice) -> 3235 (Concat)
  3162 (Slice) -> 3122 (Concat)
  3162 (Slice) -> 3163 (Slice)
  3162 (Slice) -> 3212 (Concat)
  3162 (Slice) -> 3136 (Concat)
  3162 (Slice) -> 3128 (Concat)
  3162 (Slice) -> 3174 (Concat)
  3162 (Slice) -> 3155 (Concat)
  3162 (Slice) -> 3229 (Concat)
  3162 (Slice) -> 3186 (Concat)
  3162 (Slice) -> 3126 (Concat)
  3162 (Slice) -> 3120 (Slice)
  3162 (Slice) -> 3257 (Concat)
  3162 (Slice) -> 3184 (Concat)
  3162 (Slice) -> 3124 (Concat)
  3162 (Slice) -> 3256 (Concat)
  3162 (Slice) -> 3112 (Sub)
  3162 (Slice) -> 3113 (Concat)
  3162 (Slice) -> 3223 (Concat)
  3162 (Slice) -> 3197 (Concat)
  3162 (Slice) -> 3123 (Concat)
  3162 (Slice) -> 3220 (Concat)
  3162 (Slice) -> 3187 (Concat)
  3162 (Slice) -> 3157 (Concat)
  3162 (Slice) -> 3117 (Concat)
  3162 (Slice) -> 3135 (Slice)
  3162 (Slice) -> 3151 (Concat)
  3162 (Slice) -> 3150 (Concat)
  3162 (Slice) -> 3170 (Concat)
  3162 (Slice) -> 3138 (Concat)
  3162 (Slice) -> 3154 (Concat)
  3162 (Slice) -> 3140 (Concat)
  3162 (Slice) -> 3146 (Concat)
  3162 (Slice) -> 3125 (Concat)
  3162 (Slice) -> 3147 (Slice)
  3162 (Slice) -> 3227 (Concat)
  3162 (Slice) -> 3131 (Concat)
  3162 (Slice) -> 3178 (Concat)
  3162 (Slice) -> 3149 (Slice)
  3162 (Slice) -> 3206 (Concat)
  3162 (Slice) -> 3152 (Concat)
  3162 (Slice) -> 3243 (Concat)
  3162 (Slice) -> 3139 (Concat)
  3162 (Slice) -> 3110 (Concat)
  3162 (Slice) -> 3216 (Concat)
  3162 (Slice) -> 3153 (Concat)
  3162 (Slice) -> 3156 (Concat)
  3162 (Slice) -> 3198 (Concat)
  3162 (Slice) -> 3255 (Concat)
  3162 (Slice) -> 3159 (Concat)
  3162 (Slice) -> 3145 (Concat)
  3162 (Slice) -> 3266 (Concat)
  3162 (Slice) -> 3158 (Concat)
  3162 (Slice) -> 3253 (Concat)
  3162 (Slice) -> 3164 (Concat)
  3162 (Slice) -> 3238 (Concat)
  3162 (Slice) -> 3240 (Concat)
  3162 (Slice) -> 3237 (Concat)
  3162 (Slice) -> 3278 (Concat)
  3162 (Slice) -> 3245 (Slice)
  3162 (Slice) -> 3246 (Slice)
  3162 (Slice) -> 3247 (Slice)
  3162 (Slice) -> 3142 (Concat)
  3162 (Slice) -> 3248 (Concat)
  3162 (Slice) -> 3249 (Concat)
  3162 (Slice) -> 3250 (Concat)
  3162 (Slice) -> 3119 (Slice)
  3162 (Slice) -> 3251 (Concat)
  3162 (Slice) -> 3167 (Concat)
  3162 (Slice) -> 3224 (Concat)
  3162 (Slice) -> 3254 (Concat)
  3162 (Slice) -> 3202 (Concat)
  3162 (Slice) -> 3259 (Slice)
  3162 (Slice) -> 3260 (Slice)
  3162 (Slice) -> 3118 (Concat)
  3162 (Slice) -> 3261 (Slice)
  3162 (Slice) -> 3271 (Concat)
  3162 (Slice) -> 3262 (Concat)
  3162 (Slice) -> 3265 (Concat)
  3162 (Slice) -> 3268 (Concat)
  3162 (Slice) -> 3205 (Slice)
  3162 (Slice) -> 3269 (Concat)
  3162 (Slice) -> 3270 (Concat)
  3162 (Slice) -> 3272 (Concat)
  3162 (Slice) -> 3273 (Slice)
  3162 (Slice) -> 3275 (Slice)
  3162 (Slice) -> 3194 (Concat)
  3162 (Slice) -> 3274 (Slice)
  3162 (Slice) -> 3276 (Concat)
  3162 (Slice) -> 3277 (Concat)
  3162 (Slice) -> 3279 (Concat)
  3162 (Slice) -> 3280 (Concat)
  3162 (Slice) -> 3281 (Concat)
  3162 (Slice) -> 3252 (Concat)
  3162 (Slice) -> 3179 (Concat)
  3162 (Slice) -> 3115 (Concat)
  3162 (Slice) -> 3258 (Concat)
  3162 (Slice) -> 3166 (Concat)
  3162 (Slice) -> 3160 (Concat)
  3162 (Slice) -> 3239 (Concat)
  3162 (Slice) -> 3137 (Concat)
  3162 (Slice) -> 3183 (Concat)
  3162 (Slice) -> 3242 (Concat)
  3162 (Slice) -> 3181 (Concat)
  3162 (Slice) -> 3129 (Concat)
  3162 (Slice) -> 3161 (Slice)
  3162 (Slice) -> 3232 (Slice)
  3162 (Slice) -> 3213 (Concat)
  3162 (Slice) -> 3114 (Concat)
  3162 (Slice) -> 3263 (Concat)
  3158 (Concat) -> 3231 (Slice)
  3158 (Concat) -> 3219 (Slice)
  3158 (Concat) -> 3236 (Concat)
  3158 (Concat) -> 3225 (Concat)
  3158 (Concat) -> 3177 (Slice)
  3158 (Concat) -> 3234 (Concat)
  3158 (Concat) -> 3190 (Slice)
  3158 (Concat) -> 3210 (Concat)
  3158 (Concat) -> 3218 (Slice)
  3158 (Concat) -> 3143 (Concat)
  3158 (Concat) -> 3168 (Concat)
  3158 (Concat) -> 3217 (Slice)
  3158 (Concat) -> 3222 (Concat)
  3158 (Concat) -> 3214 (Concat)
  3158 (Concat) -> 3211 (Concat)
  3158 (Concat) -> 3121 (Slice)
  3158 (Concat) -> 3226 (Concat)
  3158 (Concat) -> 3111 (Div)
  3158 (Concat) -> 3221 (Concat)
  3158 (Concat) -> 3241 (Concat)
  3158 (Concat) -> 3209 (Concat)
  3158 (Concat) -> 3208 (Concat)
  3158 (Concat) -> 3133 (Slice)
  3158 (Concat) -> 3207 (Concat)
  3158 (Concat) -> 3204 (Slice)
  3158 (Concat) -> 3203 (Slice)
  3158 (Concat) -> 3148 (Slice)
  3158 (Concat) -> 3215 (Concat)
  3158 (Concat) -> 3199 (Concat)
  3158 (Concat) -> 3171 (Concat)
  3158 (Concat) -> 3127 (Concat)
  3158 (Concat) -> 3244 (Concat)
  3158 (Concat) -> 3196 (Concat)
  3158 (Concat) -> 3200 (Concat)
  3158 (Concat) -> 3195 (Concat)
  3158 (Concat) -> 3144 (Concat)
  3158 (Concat) -> 3264 (Concat)
  3158 (Concat) -> 3193 (Concat)
  3158 (Concat) -> 3228 (Concat)
  3158 (Concat) -> 3192 (Concat)
  3158 (Concat) -> 3201 (Concat)
  3158 (Concat) -> 3141 (Concat)
  3158 (Concat) -> 3189 (Slice)
  3158 (Concat) -> 3188 (Concat)
  3158 (Concat) -> 3233 (Slice)
  3158 (Concat) -> 3132 (Concat)
  3158 (Concat) -> 3185 (Concat)
  3158 (Concat) -> 3134 (Slice)
  3158 (Concat) -> 3182 (Concat)
  3158 (Concat) -> 3180 (Concat)
  3158 (Concat) -> 3130 (Concat)
  3158 (Concat) -> 3165 (Concat)
  3158 (Concat) -> 3176 (Slice)
  3158 (Concat) -> 3191 (Slice)
  3158 (Concat) -> 3175 (Slice)
  3158 (Concat) -> 3172 (Concat)
  3158 (Concat) -> 3173 (Concat)
  3158 (Concat) -> 3169 (Concat)
  3158 (Concat) -> 3230 (Concat)
  3158 (Concat) -> 3116 (Concat)
  3158 (Concat) -> 3267 (Concat)
  3158 (Concat) -> 3235 (Concat)
  3158 (Concat) -> 3122 (Concat)
  3158 (Concat) -> 3163 (Slice)
  3158 (Concat) -> 3212 (Concat)
  3158 (Concat) -> 3136 (Concat)
  3158 (Concat) -> 3128 (Concat)
  3158 (Concat) -> 3174 (Concat)
  3158 (Concat) -> 3155 (Concat)
  3158 (Concat) -> 3229 (Concat)
  3158 (Concat) -> 3186 (Concat)
  3158 (Concat) -> 3126 (Concat)
  3158 (Concat) -> 3120 (Slice)
  3158 (Concat) -> 3257 (Concat)
  3158 (Concat) -> 3184 (Concat)
  3158 (Concat) -> 3124 (Concat)
  3158 (Concat) -> 3256 (Concat)
  3158 (Concat) -> 3112 (Sub)
  3158 (Concat) -> 3113 (Concat)
  3158 (Concat) -> 3223 (Concat)
  3158 (Concat) -> 3197 (Concat)
  3158 (Concat) -> 3123 (Concat)
  3158 (Concat) -> 3220 (Concat)
  3158 (Concat) -> 3187 (Concat)
  3158 (Concat) -> 3157 (Concat)
  3158 (Concat) -> 3117 (Concat)
  3158 (Concat) -> 3135 (Slice)
  3158 (Concat) -> 3151 (Concat)
  3158 (Concat) -> 3150 (Concat)
  3158 (Concat) -> 3170 (Concat)
  3158 (Concat) -> 3138 (Concat)
  3158 (Concat) -> 3154 (Concat)
  3158 (Concat) -> 3140 (Concat)
  3158 (Concat) -> 3146 (Concat)
  3158 (Concat) -> 3125 (Concat)
  3158 (Concat) -> 3147 (Slice)
  3158 (Concat) -> 3227 (Concat)
  3158 (Concat) -> 3131 (Concat)
  3158 (Concat) -> 3178 (Concat)
  3158 (Concat) -> 3149 (Slice)
  3158 (Concat) -> 3206 (Concat)
  3158 (Concat) -> 3152 (Concat)
  3158 (Concat) -> 3243 (Concat)
  3158 (Concat) -> 3139 (Concat)
  3158 (Concat) -> 3110 (Concat)
  3158 (Concat) -> 3216 (Concat)
  3158 (Concat) -> 3153 (Concat)
  3158 (Concat) -> 3156 (Concat)
  3158 (Concat) -> 3198 (Concat)
  3158 (Concat) -> 3255 (Concat)
  3158 (Concat) -> 3159 (Concat)
  3158 (Concat) -> 3145 (Concat)
  3158 (Concat) -> 3266 (Concat)
  3158 (Concat) -> 3162 (Slice)
  3158 (Concat) -> 3253 (Concat)
  3158 (Concat) -> 3164 (Concat)
  3158 (Concat) -> 3238 (Concat)
  3158 (Concat) -> 3240 (Concat)
  3158 (Concat) -> 3237 (Concat)
  3158 (Concat) -> 3278 (Concat)
  3158 (Concat) -> 3245 (Slice)
  3158 (Concat) -> 3246 (Slice)
  3158 (Concat) -> 3247 (Slice)
  3158 (Concat) -> 3142 (Concat)
  3158 (Concat) -> 3248 (Concat)
  3158 (Concat) -> 3249 (Concat)
  3158 (Concat) -> 3250 (Concat)
  3158 (Concat) -> 3119 (Slice)
  3158 (Concat) -> 3251 (Concat)
  3158 (Concat) -> 3167 (Concat)
  3158 (Concat) -> 3224 (Concat)
  3158 (Concat) -> 3254 (Concat)
  3158 (Concat) -> 3202 (Concat)
  3158 (Concat) -> 3259 (Slice)
  3158 (Concat) -> 3260 (Slice)
  3158 (Concat) -> 3118 (Concat)
  3158 (Concat) -> 3261 (Slice)
  3158 (Concat) -> 3271 (Concat)
  3158 (Concat) -> 3262 (Concat)
  3158 (Concat) -> 3265 (Concat)
  3158 (Concat) -> 3268 (Concat)
  3158 (Concat) -> 3205 (Slice)
  3158 (Concat) -> 3269 (Concat)
  3158 (Concat) -> 3270 (Concat)
  3158 (Concat) -> 3272 (Concat)
  3158 (Concat) -> 3273 (Slice)
  3158 (Concat) -> 3275 (Slice)
  3158 (Concat) -> 3194 (Concat)
  3158 (Concat) -> 3274 (Slice)
  3158 (Concat) -> 3276 (Concat)
  3158 (Concat) -> 3277 (Concat)
  3158 (Concat) -> 3279 (Concat)
  3158 (Concat) -> 3280 (Concat)
  3158 (Concat) -> 3281 (Concat)
  3158 (Concat) -> 3252 (Concat)
  3158 (Concat) -> 3179 (Concat)
  3158 (Concat) -> 3115 (Concat)
  3158 (Concat) -> 3258 (Concat)
  3158 (Concat) -> 3166 (Concat)
  3158 (Concat) -> 3160 (Concat)
  3158 (Concat) -> 3239 (Concat)
  3158 (Concat) -> 3137 (Concat)
  3158 (Concat) -> 3183 (Concat)
  3158 (Concat) -> 3242 (Concat)
  3158 (Concat) -> 3181 (Concat)
  3158 (Concat) -> 3129 (Concat)
  3158 (Concat) -> 3161 (Slice)
  3158 (Concat) -> 3232 (Slice)
  3158 (Concat) -> 3213 (Concat)
  3158 (Concat) -> 3114 (Concat)
  3158 (Concat) -> 3263 (Concat)
  3253 (Concat) -> 3231 (Slice)
  3253 (Concat) -> 3219 (Slice)
  3253 (Concat) -> 3236 (Concat)
  3253 (Concat) -> 3225 (Concat)
  3253 (Concat) -> 3177 (Slice)
  3253 (Concat) -> 3234 (Concat)
  3253 (Concat) -> 3190 (Slice)
  3253 (Concat) -> 3210 (Concat)
  3253 (Concat) -> 3218 (Slice)
  3253 (Concat) -> 3143 (Concat)
  3253 (Concat) -> 3168 (Concat)
  3253 (Concat) -> 3217 (Slice)
  3253 (Concat) -> 3222 (Concat)
  3253 (Concat) -> 3214 (Concat)
  3253 (Concat) -> 3211 (Concat)
  3253 (Concat) -> 3121 (Slice)
  3253 (Concat) -> 3226 (Concat)
  3253 (Concat) -> 3111 (Div)
  3253 (Concat) -> 3221 (Concat)
  3253 (Concat) -> 3241 (Concat)
  3253 (Concat) -> 3209 (Concat)
  3253 (Concat) -> 3208 (Concat)
  3253 (Concat) -> 3133 (Slice)
  3253 (Concat) -> 3207 (Concat)
  3253 (Concat) -> 3204 (Slice)
  3253 (Concat) -> 3203 (Slice)
  3253 (Concat) -> 3148 (Slice)
  3253 (Concat) -> 3215 (Concat)
  3253 (Concat) -> 3199 (Concat)
  3253 (Concat) -> 3171 (Concat)
  3253 (Concat) -> 3127 (Concat)
  3253 (Concat) -> 3244 (Concat)
  3253 (Concat) -> 3196 (Concat)
  3253 (Concat) -> 3200 (Concat)
  3253 (Concat) -> 3195 (Concat)
  3253 (Concat) -> 3144 (Concat)
  3253 (Concat) -> 3264 (Concat)
  3253 (Concat) -> 3193 (Concat)
  3253 (Concat) -> 3228 (Concat)
  3253 (Concat) -> 3192 (Concat)
  3253 (Concat) -> 3201 (Concat)
  3253 (Concat) -> 3141 (Concat)
  3253 (Concat) -> 3189 (Slice)
  3253 (Concat) -> 3188 (Concat)
  3253 (Concat) -> 3233 (Slice)
  3253 (Concat) -> 3132 (Concat)
  3253 (Concat) -> 3185 (Concat)
  3253 (Concat) -> 3134 (Slice)
  3253 (Concat) -> 3182 (Concat)
  3253 (Concat) -> 3180 (Concat)
  3253 (Concat) -> 3130 (Concat)
  3253 (Concat) -> 3165 (Concat)
  3253 (Concat) -> 3176 (Slice)
  3253 (Concat) -> 3191 (Slice)
  3253 (Concat) -> 3175 (Slice)
  3253 (Concat) -> 3172 (Concat)
  3253 (Concat) -> 3173 (Concat)
  3253 (Concat) -> 3169 (Concat)
  3253 (Concat) -> 3230 (Concat)
  3253 (Concat) -> 3116 (Concat)
  3253 (Concat) -> 3267 (Concat)
  3253 (Concat) -> 3235 (Concat)
  3253 (Concat) -> 3122 (Concat)
  3253 (Concat) -> 3163 (Slice)
  3253 (Concat) -> 3212 (Concat)
  3253 (Concat) -> 3136 (Concat)
  3253 (Concat) -> 3128 (Concat)
  3253 (Concat) -> 3174 (Concat)
  3253 (Concat) -> 3155 (Concat)
  3253 (Concat) -> 3229 (Concat)
  3253 (Concat) -> 3186 (Concat)
  3253 (Concat) -> 3126 (Concat)
  3253 (Concat) -> 3120 (Slice)
  3253 (Concat) -> 3257 (Concat)
  3253 (Concat) -> 3184 (Concat)
  3253 (Concat) -> 3124 (Concat)
  3253 (Concat) -> 3256 (Concat)
  3253 (Concat) -> 3112 (Sub)
  3253 (Concat) -> 3113 (Concat)
  3253 (Concat) -> 3223 (Concat)
  3253 (Concat) -> 3197 (Concat)
  3253 (Concat) -> 3123 (Concat)
  3253 (Concat) -> 3220 (Concat)
  3253 (Concat) -> 3187 (Concat)
  3253 (Concat) -> 3157 (Concat)
  3253 (Concat) -> 3117 (Concat)
  3253 (Concat) -> 3135 (Slice)
  3253 (Concat) -> 3151 (Concat)
  3253 (Concat) -> 3150 (Concat)
  3253 (Concat) -> 3170 (Concat)
  3253 (Concat) -> 3138 (Concat)
  3253 (Concat) -> 3154 (Concat)
  3253 (Concat) -> 3140 (Concat)
  3253 (Concat) -> 3146 (Concat)
  3253 (Concat) -> 3125 (Concat)
  3253 (Concat) -> 3147 (Slice)
  3253 (Concat) -> 3227 (Concat)
  3253 (Concat) -> 3131 (Concat)
  3253 (Concat) -> 3178 (Concat)
  3253 (Concat) -> 3149 (Slice)
  3253 (Concat) -> 3206 (Concat)
  3253 (Concat) -> 3152 (Concat)
  3253 (Concat) -> 3243 (Concat)
  3253 (Concat) -> 3139 (Concat)
  3253 (Concat) -> 3110 (Concat)
  3253 (Concat) -> 3216 (Concat)
  3253 (Concat) -> 3153 (Concat)
  3253 (Concat) -> 3156 (Concat)
  3253 (Concat) -> 3198 (Concat)
  3253 (Concat) -> 3255 (Concat)
  3253 (Concat) -> 3159 (Concat)
  3253 (Concat) -> 3145 (Concat)
  3253 (Concat) -> 3266 (Concat)
  3253 (Concat) -> 3162 (Slice)
  3253 (Concat) -> 3158 (Concat)
  3253 (Concat) -> 3164 (Concat)
  3253 (Concat) -> 3238 (Concat)
  3253 (Concat) -> 3240 (Concat)
  3253 (Concat) -> 3237 (Concat)
  3253 (Concat) -> 3278 (Concat)
  3253 (Concat) -> 3245 (Slice)
  3253 (Concat) -> 3246 (Slice)
  3253 (Concat) -> 3247 (Slice)
  3253 (Concat) -> 3142 (Concat)
  3253 (Concat) -> 3248 (Concat)
  3253 (Concat) -> 3249 (Concat)
  3253 (Concat) -> 3250 (Concat)
  3253 (Concat) -> 3119 (Slice)
  3253 (Concat) -> 3251 (Concat)
  3253 (Concat) -> 3167 (Concat)
  3253 (Concat) -> 3224 (Concat)
  3253 (Concat) -> 3254 (Concat)
  3253 (Concat) -> 3202 (Concat)
  3253 (Concat) -> 3259 (Slice)
  3253 (Concat) -> 3260 (Slice)
  3253 (Concat) -> 3118 (Concat)
  3253 (Concat) -> 3261 (Slice)
  3253 (Concat) -> 3271 (Concat)
  3253 (Concat) -> 3262 (Concat)
  3253 (Concat) -> 3265 (Concat)
  3253 (Concat) -> 3268 (Concat)
  3253 (Concat) -> 3205 (Slice)
  3253 (Concat) -> 3269 (Concat)
  3253 (Concat) -> 3270 (Concat)
  3253 (Concat) -> 3272 (Concat)
  3253 (Concat) -> 3273 (Slice)
  3253 (Concat) -> 3275 (Slice)
  3253 (Concat) -> 3194 (Concat)
  3253 (Concat) -> 3274 (Slice)
  3253 (Concat) -> 3276 (Concat)
  3253 (Concat) -> 3277 (Concat)
  3253 (Concat) -> 3279 (Concat)
  3253 (Concat) -> 3280 (Concat)
  3253 (Concat) -> 3281 (Concat)
  3253 (Concat) -> 3252 (Concat)
  3253 (Concat) -> 3179 (Concat)
  3253 (Concat) -> 3115 (Concat)
  3253 (Concat) -> 3258 (Concat)
  3253 (Concat) -> 3166 (Concat)
  3253 (Concat) -> 3160 (Concat)
  3253 (Concat) -> 3239 (Concat)
  3253 (Concat) -> 3137 (Concat)
  3253 (Concat) -> 3183 (Concat)
  3253 (Concat) -> 3242 (Concat)
  3253 (Concat) -> 3181 (Concat)
  3253 (Concat) -> 3129 (Concat)
  3253 (Concat) -> 3161 (Slice)
  3253 (Concat) -> 3232 (Slice)
  3253 (Concat) -> 3213 (Concat)
  3253 (Concat) -> 3114 (Concat)
  3253 (Concat) -> 3263 (Concat)
  h.7.attn (Slice) -> h.9.attn (Slice)
  h.7.attn (Slice) -> h.8.attn (Slice)
  h.7.attn (Slice) -> h.4.attn (Slice)
  h.7.attn (Slice) -> h.1.attn (Slice)
  h.7.attn (Slice) -> h.11.attn (Slice)
  h.7.attn (Slice) -> h.0.attn (Slice)
  h.7.attn (Slice) -> h.2.attn (Slice)
  h.7.attn (Slice) -> h.3.attn (Slice)
  h.7.attn (Slice) -> h.10.attn (Slice)
  h.7.attn (Slice) -> h.5.attn (Slice)
  h.7.attn (Slice) -> h.6.attn (Slice)
  3164 (Concat) -> 3231 (Slice)
  3164 (Concat) -> 3219 (Slice)
  3164 (Concat) -> 3236 (Concat)
  3164 (Concat) -> 3225 (Concat)
  3164 (Concat) -> 3177 (Slice)
  3164 (Concat) -> 3234 (Concat)
  3164 (Concat) -> 3190 (Slice)
  3164 (Concat) -> 3210 (Concat)
  3164 (Concat) -> 3218 (Slice)
  3164 (Concat) -> 3143 (Concat)
  3164 (Concat) -> 3168 (Concat)
  3164 (Concat) -> 3217 (Slice)
  3164 (Concat) -> 3222 (Concat)
  3164 (Concat) -> 3214 (Concat)
  3164 (Concat) -> 3211 (Concat)
  3164 (Concat) -> 3121 (Slice)
  3164 (Concat) -> 3226 (Concat)
  3164 (Concat) -> 3111 (Div)
  3164 (Concat) -> 3221 (Concat)
  3164 (Concat) -> 3241 (Concat)
  3164 (Concat) -> 3209 (Concat)
  3164 (Concat) -> 3208 (Concat)
  3164 (Concat) -> 3133 (Slice)
  3164 (Concat) -> 3207 (Concat)
  3164 (Concat) -> 3204 (Slice)
  3164 (Concat) -> 3203 (Slice)
  3164 (Concat) -> 3148 (Slice)
  3164 (Concat) -> 3215 (Concat)
  3164 (Concat) -> 3199 (Concat)
  3164 (Concat) -> 3171 (Concat)
  3164 (Concat) -> 3127 (Concat)
  3164 (Concat) -> 3244 (Concat)
  3164 (Concat) -> 3196 (Concat)
  3164 (Concat) -> 3200 (Concat)
  3164 (Concat) -> 3195 (Concat)
  3164 (Concat) -> 3144 (Concat)
  3164 (Concat) -> 3264 (Concat)
  3164 (Concat) -> 3193 (Concat)
  3164 (Concat) -> 3228 (Concat)
  3164 (Concat) -> 3192 (Concat)
  3164 (Concat) -> 3201 (Concat)
  3164 (Concat) -> 3141 (Concat)
  3164 (Concat) -> 3189 (Slice)
  3164 (Concat) -> 3188 (Concat)
  3164 (Concat) -> 3233 (Slice)
  3164 (Concat) -> 3132 (Concat)
  3164 (Concat) -> 3185 (Concat)
  3164 (Concat) -> 3134 (Slice)
  3164 (Concat) -> 3182 (Concat)
  3164 (Concat) -> 3180 (Concat)
  3164 (Concat) -> 3130 (Concat)
  3164 (Concat) -> 3165 (Concat)
  3164 (Concat) -> 3176 (Slice)
  3164 (Concat) -> 3191 (Slice)
  3164 (Concat) -> 3175 (Slice)
  3164 (Concat) -> 3172 (Concat)
  3164 (Concat) -> 3173 (Concat)
  3164 (Concat) -> 3169 (Concat)
  3164 (Concat) -> 3230 (Concat)
  3164 (Concat) -> 3116 (Concat)
  3164 (Concat) -> 3267 (Concat)
  3164 (Concat) -> 3235 (Concat)
  3164 (Concat) -> 3122 (Concat)
  3164 (Concat) -> 3163 (Slice)
  3164 (Concat) -> 3212 (Concat)
  3164 (Concat) -> 3136 (Concat)
  3164 (Concat) -> 3128 (Concat)
  3164 (Concat) -> 3174 (Concat)
  3164 (Concat) -> 3155 (Concat)
  3164 (Concat) -> 3229 (Concat)
  3164 (Concat) -> 3186 (Concat)
  3164 (Concat) -> 3126 (Concat)
  3164 (Concat) -> 3120 (Slice)
  3164 (Concat) -> 3257 (Concat)
  3164 (Concat) -> 3184 (Concat)
  3164 (Concat) -> 3124 (Concat)
  3164 (Concat) -> 3256 (Concat)
  3164 (Concat) -> 3112 (Sub)
  3164 (Concat) -> 3113 (Concat)
  3164 (Concat) -> 3223 (Concat)
  3164 (Concat) -> 3197 (Concat)
  3164 (Concat) -> 3123 (Concat)
  3164 (Concat) -> 3220 (Concat)
  3164 (Concat) -> 3187 (Concat)
  3164 (Concat) -> 3157 (Concat)
  3164 (Concat) -> 3117 (Concat)
  3164 (Concat) -> 3135 (Slice)
  3164 (Concat) -> 3151 (Concat)
  3164 (Concat) -> 3150 (Concat)
  3164 (Concat) -> 3170 (Concat)
  3164 (Concat) -> 3138 (Concat)
  3164 (Concat) -> 3154 (Concat)
  3164 (Concat) -> 3140 (Concat)
  3164 (Concat) -> 3146 (Concat)
  3164 (Concat) -> 3125 (Concat)
  3164 (Concat) -> 3147 (Slice)
  3164 (Concat) -> 3227 (Concat)
  3164 (Concat) -> 3131 (Concat)
  3164 (Concat) -> 3178 (Concat)
  3164 (Concat) -> 3149 (Slice)
  3164 (Concat) -> 3206 (Concat)
  3164 (Concat) -> 3152 (Concat)
  3164 (Concat) -> 3243 (Concat)
  3164 (Concat) -> 3139 (Concat)
  3164 (Concat) -> 3110 (Concat)
  3164 (Concat) -> 3216 (Concat)
  3164 (Concat) -> 3153 (Concat)
  3164 (Concat) -> 3156 (Concat)
  3164 (Concat) -> 3198 (Concat)
  3164 (Concat) -> 3255 (Concat)
  3164 (Concat) -> 3159 (Concat)
  3164 (Concat) -> 3145 (Concat)
  3164 (Concat) -> 3266 (Concat)
  3164 (Concat) -> 3162 (Slice)
  3164 (Concat) -> 3158 (Concat)
  3164 (Concat) -> 3253 (Concat)
  3164 (Concat) -> 3238 (Concat)
  3164 (Concat) -> 3240 (Concat)
  3164 (Concat) -> 3237 (Concat)
  3164 (Concat) -> 3278 (Concat)
  3164 (Concat) -> 3245 (Slice)
  3164 (Concat) -> 3246 (Slice)
  3164 (Concat) -> 3247 (Slice)
  3164 (Concat) -> 3142 (Concat)
  3164 (Concat) -> 3248 (Concat)
  3164 (Concat) -> 3249 (Concat)
  3164 (Concat) -> 3250 (Concat)
  3164 (Concat) -> 3119 (Slice)
  3164 (Concat) -> 3251 (Concat)
  3164 (Concat) -> 3167 (Concat)
  3164 (Concat) -> 3224 (Concat)
  3164 (Concat) -> 3254 (Concat)
  3164 (Concat) -> 3202 (Concat)
  3164 (Concat) -> 3259 (Slice)
  3164 (Concat) -> 3260 (Slice)
  3164 (Concat) -> 3118 (Concat)
  3164 (Concat) -> 3261 (Slice)
  3164 (Concat) -> 3271 (Concat)
  3164 (Concat) -> 3262 (Concat)
  3164 (Concat) -> 3265 (Concat)
  3164 (Concat) -> 3268 (Concat)
  3164 (Concat) -> 3205 (Slice)
  3164 (Concat) -> 3269 (Concat)
  3164 (Concat) -> 3270 (Concat)
  3164 (Concat) -> 3272 (Concat)
  3164 (Concat) -> 3273 (Slice)
  3164 (Concat) -> 3275 (Slice)
  3164 (Concat) -> 3194 (Concat)
  3164 (Concat) -> 3274 (Slice)
  3164 (Concat) -> 3276 (Concat)
  3164 (Concat) -> 3277 (Concat)
  3164 (Concat) -> 3279 (Concat)
  3164 (Concat) -> 3280 (Concat)
  3164 (Concat) -> 3281 (Concat)
  3164 (Concat) -> 3252 (Concat)
  3164 (Concat) -> 3179 (Concat)
  3164 (Concat) -> 3115 (Concat)
  3164 (Concat) -> 3258 (Concat)
  3164 (Concat) -> 3166 (Concat)
  3164 (Concat) -> 3160 (Concat)
  3164 (Concat) -> 3239 (Concat)
  3164 (Concat) -> 3137 (Concat)
  3164 (Concat) -> 3183 (Concat)
  3164 (Concat) -> 3242 (Concat)
  3164 (Concat) -> 3181 (Concat)
  3164 (Concat) -> 3129 (Concat)
  3164 (Concat) -> 3161 (Slice)
  3164 (Concat) -> 3232 (Slice)
  3164 (Concat) -> 3213 (Concat)
  3164 (Concat) -> 3114 (Concat)
  3164 (Concat) -> 3263 (Concat)
  3238 (Concat) -> 3231 (Slice)
  3238 (Concat) -> 3219 (Slice)
  3238 (Concat) -> 3236 (Concat)
  3238 (Concat) -> 3225 (Concat)
  3238 (Concat) -> 3177 (Slice)
  3238 (Concat) -> 3234 (Concat)
  3238 (Concat) -> 3190 (Slice)
  3238 (Concat) -> 3210 (Concat)
  3238 (Concat) -> 3218 (Slice)
  3238 (Concat) -> 3143 (Concat)
  3238 (Concat) -> 3168 (Concat)
  3238 (Concat) -> 3217 (Slice)
  3238 (Concat) -> 3222 (Concat)
  3238 (Concat) -> 3214 (Concat)
  3238 (Concat) -> 3211 (Concat)
  3238 (Concat) -> 3121 (Slice)
  3238 (Concat) -> 3226 (Concat)
  3238 (Concat) -> 3111 (Div)
  3238 (Concat) -> 3221 (Concat)
  3238 (Concat) -> 3241 (Concat)
  3238 (Concat) -> 3209 (Concat)
  3238 (Concat) -> 3208 (Concat)
  3238 (Concat) -> 3133 (Slice)
  3238 (Concat) -> 3207 (Concat)
  3238 (Concat) -> 3204 (Slice)
  3238 (Concat) -> 3203 (Slice)
  3238 (Concat) -> 3148 (Slice)
  3238 (Concat) -> 3215 (Concat)
  3238 (Concat) -> 3199 (Concat)
  3238 (Concat) -> 3171 (Concat)
  3238 (Concat) -> 3127 (Concat)
  3238 (Concat) -> 3244 (Concat)
  3238 (Concat) -> 3196 (Concat)
  3238 (Concat) -> 3200 (Concat)
  3238 (Concat) -> 3195 (Concat)
  3238 (Concat) -> 3144 (Concat)
  3238 (Concat) -> 3264 (Concat)
  3238 (Concat) -> 3193 (Concat)
  3238 (Concat) -> 3228 (Concat)
  3238 (Concat) -> 3192 (Concat)
  3238 (Concat) -> 3201 (Concat)
  3238 (Concat) -> 3141 (Concat)
  3238 (Concat) -> 3189 (Slice)
  3238 (Concat) -> 3188 (Concat)
  3238 (Concat) -> 3233 (Slice)
  3238 (Concat) -> 3132 (Concat)
  3238 (Concat) -> 3185 (Concat)
  3238 (Concat) -> 3134 (Slice)
  3238 (Concat) -> 3182 (Concat)
  3238 (Concat) -> 3180 (Concat)
  3238 (Concat) -> 3130 (Concat)
  3238 (Concat) -> 3165 (Concat)
  3238 (Concat) -> 3176 (Slice)
  3238 (Concat) -> 3191 (Slice)
  3238 (Concat) -> 3175 (Slice)
  3238 (Concat) -> 3172 (Concat)
  3238 (Concat) -> 3173 (Concat)
  3238 (Concat) -> 3169 (Concat)
  3238 (Concat) -> 3230 (Concat)
  3238 (Concat) -> 3116 (Concat)
  3238 (Concat) -> 3267 (Concat)
  3238 (Concat) -> 3235 (Concat)
  3238 (Concat) -> 3122 (Concat)
  3238 (Concat) -> 3163 (Slice)
  3238 (Concat) -> 3212 (Concat)
  3238 (Concat) -> 3136 (Concat)
  3238 (Concat) -> 3128 (Concat)
  3238 (Concat) -> 3174 (Concat)
  3238 (Concat) -> 3155 (Concat)
  3238 (Concat) -> 3229 (Concat)
  3238 (Concat) -> 3186 (Concat)
  3238 (Concat) -> 3126 (Concat)
  3238 (Concat) -> 3120 (Slice)
  3238 (Concat) -> 3257 (Concat)
  3238 (Concat) -> 3184 (Concat)
  3238 (Concat) -> 3124 (Concat)
  3238 (Concat) -> 3256 (Concat)
  3238 (Concat) -> 3112 (Sub)
  3238 (Concat) -> 3113 (Concat)
  3238 (Concat) -> 3223 (Concat)
  3238 (Concat) -> 3197 (Concat)
  3238 (Concat) -> 3123 (Concat)
  3238 (Concat) -> 3220 (Concat)
  3238 (Concat) -> 3187 (Concat)
  3238 (Concat) -> 3157 (Concat)
  3238 (Concat) -> 3117 (Concat)
  3238 (Concat) -> 3135 (Slice)
  3238 (Concat) -> 3151 (Concat)
  3238 (Concat) -> 3150 (Concat)
  3238 (Concat) -> 3170 (Concat)
  3238 (Concat) -> 3138 (Concat)
  3238 (Concat) -> 3154 (Concat)
  3238 (Concat) -> 3140 (Concat)
  3238 (Concat) -> 3146 (Concat)
  3238 (Concat) -> 3125 (Concat)
  3238 (Concat) -> 3147 (Slice)
  3238 (Concat) -> 3227 (Concat)
  3238 (Concat) -> 3131 (Concat)
  3238 (Concat) -> 3178 (Concat)
  3238 (Concat) -> 3149 (Slice)
  3238 (Concat) -> 3206 (Concat)
  3238 (Concat) -> 3152 (Concat)
  3238 (Concat) -> 3243 (Concat)
  3238 (Concat) -> 3139 (Concat)
  3238 (Concat) -> 3110 (Concat)
  3238 (Concat) -> 3216 (Concat)
  3238 (Concat) -> 3153 (Concat)
  3238 (Concat) -> 3156 (Concat)
  3238 (Concat) -> 3198 (Concat)
  3238 (Concat) -> 3255 (Concat)
  3238 (Concat) -> 3159 (Concat)
  3238 (Concat) -> 3145 (Concat)
  3238 (Concat) -> 3266 (Concat)
  3238 (Concat) -> 3162 (Slice)
  3238 (Concat) -> 3158 (Concat)
  3238 (Concat) -> 3253 (Concat)
  3238 (Concat) -> 3164 (Concat)
  3238 (Concat) -> 3240 (Concat)
  3238 (Concat) -> 3237 (Concat)
  3238 (Concat) -> 3278 (Concat)
  3238 (Concat) -> 3245 (Slice)
  3238 (Concat) -> 3246 (Slice)
  3238 (Concat) -> 3247 (Slice)
  3238 (Concat) -> 3142 (Concat)
  3238 (Concat) -> 3248 (Concat)
  3238 (Concat) -> 3249 (Concat)
  3238 (Concat) -> 3250 (Concat)
  3238 (Concat) -> 3119 (Slice)
  3238 (Concat) -> 3251 (Concat)
  3238 (Concat) -> 3167 (Concat)
  3238 (Concat) -> 3224 (Concat)
  3238 (Concat) -> 3254 (Concat)
  3238 (Concat) -> 3202 (Concat)
  3238 (Concat) -> 3259 (Slice)
  3238 (Concat) -> 3260 (Slice)
  3238 (Concat) -> 3118 (Concat)
  3238 (Concat) -> 3261 (Slice)
  3238 (Concat) -> 3271 (Concat)
  3238 (Concat) -> 3262 (Concat)
  3238 (Concat) -> 3265 (Concat)
  3238 (Concat) -> 3268 (Concat)
  3238 (Concat) -> 3205 (Slice)
  3238 (Concat) -> 3269 (Concat)
  3238 (Concat) -> 3270 (Concat)
  3238 (Concat) -> 3272 (Concat)
  3238 (Concat) -> 3273 (Slice)
  3238 (Concat) -> 3275 (Slice)
  3238 (Concat) -> 3194 (Concat)
  3238 (Concat) -> 3274 (Slice)
  3238 (Concat) -> 3276 (Concat)
  3238 (Concat) -> 3277 (Concat)
  3238 (Concat) -> 3279 (Concat)
  3238 (Concat) -> 3280 (Concat)
  3238 (Concat) -> 3281 (Concat)
  3238 (Concat) -> 3252 (Concat)
  3238 (Concat) -> 3179 (Concat)
  3238 (Concat) -> 3115 (Concat)
  3238 (Concat) -> 3258 (Concat)
  3238 (Concat) -> 3166 (Concat)
  3238 (Concat) -> 3160 (Concat)
  3238 (Concat) -> 3239 (Concat)
  3238 (Concat) -> 3137 (Concat)
  3238 (Concat) -> 3183 (Concat)
  3238 (Concat) -> 3242 (Concat)
  3238 (Concat) -> 3181 (Concat)
  3238 (Concat) -> 3129 (Concat)
  3238 (Concat) -> 3161 (Slice)
  3238 (Concat) -> 3232 (Slice)
  3238 (Concat) -> 3213 (Concat)
  3238 (Concat) -> 3114 (Concat)
  3238 (Concat) -> 3263 (Concat)
  3240 (Concat) -> 3231 (Slice)
  3240 (Concat) -> 3219 (Slice)
  3240 (Concat) -> 3236 (Concat)
  3240 (Concat) -> 3225 (Concat)
  3240 (Concat) -> 3177 (Slice)
  3240 (Concat) -> 3234 (Concat)
  3240 (Concat) -> 3190 (Slice)
  3240 (Concat) -> 3210 (Concat)
  3240 (Concat) -> 3218 (Slice)
  3240 (Concat) -> 3143 (Concat)
  3240 (Concat) -> 3168 (Concat)
  3240 (Concat) -> 3217 (Slice)
  3240 (Concat) -> 3222 (Concat)
  3240 (Concat) -> 3214 (Concat)
  3240 (Concat) -> 3211 (Concat)
  3240 (Concat) -> 3121 (Slice)
  3240 (Concat) -> 3226 (Concat)
  3240 (Concat) -> 3111 (Div)
  3240 (Concat) -> 3221 (Concat)
  3240 (Concat) -> 3241 (Concat)
  3240 (Concat) -> 3209 (Concat)
  3240 (Concat) -> 3208 (Concat)
  3240 (Concat) -> 3133 (Slice)
  3240 (Concat) -> 3207 (Concat)
  3240 (Concat) -> 3204 (Slice)
  3240 (Concat) -> 3203 (Slice)
  3240 (Concat) -> 3148 (Slice)
  3240 (Concat) -> 3215 (Concat)
  3240 (Concat) -> 3199 (Concat)
  3240 (Concat) -> 3171 (Concat)
  3240 (Concat) -> 3127 (Concat)
  3240 (Concat) -> 3244 (Concat)
  3240 (Concat) -> 3196 (Concat)
  3240 (Concat) -> 3200 (Concat)
  3240 (Concat) -> 3195 (Concat)
  3240 (Concat) -> 3144 (Concat)
  3240 (Concat) -> 3264 (Concat)
  3240 (Concat) -> 3193 (Concat)
  3240 (Concat) -> 3228 (Concat)
  3240 (Concat) -> 3192 (Concat)
  3240 (Concat) -> 3201 (Concat)
  3240 (Concat) -> 3141 (Concat)
  3240 (Concat) -> 3189 (Slice)
  3240 (Concat) -> 3188 (Concat)
  3240 (Concat) -> 3233 (Slice)
  3240 (Concat) -> 3132 (Concat)
  3240 (Concat) -> 3185 (Concat)
  3240 (Concat) -> 3134 (Slice)
  3240 (Concat) -> 3182 (Concat)
  3240 (Concat) -> 3180 (Concat)
  3240 (Concat) -> 3130 (Concat)
  3240 (Concat) -> 3165 (Concat)
  3240 (Concat) -> 3176 (Slice)
  3240 (Concat) -> 3191 (Slice)
  3240 (Concat) -> 3175 (Slice)
  3240 (Concat) -> 3172 (Concat)
  3240 (Concat) -> 3173 (Concat)
  3240 (Concat) -> 3169 (Concat)
  3240 (Concat) -> 3230 (Concat)
  3240 (Concat) -> 3116 (Concat)
  3240 (Concat) -> 3267 (Concat)
  3240 (Concat) -> 3235 (Concat)
  3240 (Concat) -> 3122 (Concat)
  3240 (Concat) -> 3163 (Slice)
  3240 (Concat) -> 3212 (Concat)
  3240 (Concat) -> 3136 (Concat)
  3240 (Concat) -> 3128 (Concat)
  3240 (Concat) -> 3174 (Concat)
  3240 (Concat) -> 3155 (Concat)
  3240 (Concat) -> 3229 (Concat)
  3240 (Concat) -> 3186 (Concat)
  3240 (Concat) -> 3126 (Concat)
  3240 (Concat) -> 3120 (Slice)
  3240 (Concat) -> 3257 (Concat)
  3240 (Concat) -> 3184 (Concat)
  3240 (Concat) -> 3124 (Concat)
  3240 (Concat) -> 3256 (Concat)
  3240 (Concat) -> 3112 (Sub)
  3240 (Concat) -> 3113 (Concat)
  3240 (Concat) -> 3223 (Concat)
  3240 (Concat) -> 3197 (Concat)
  3240 (Concat) -> 3123 (Concat)
  3240 (Concat) -> 3220 (Concat)
  3240 (Concat) -> 3187 (Concat)
  3240 (Concat) -> 3157 (Concat)
  3240 (Concat) -> 3117 (Concat)
  3240 (Concat) -> 3135 (Slice)
  3240 (Concat) -> 3151 (Concat)
  3240 (Concat) -> 3150 (Concat)
  3240 (Concat) -> 3170 (Concat)
  3240 (Concat) -> 3138 (Concat)
  3240 (Concat) -> 3154 (Concat)
  3240 (Concat) -> 3140 (Concat)
  3240 (Concat) -> 3146 (Concat)
  3240 (Concat) -> 3125 (Concat)
  3240 (Concat) -> 3147 (Slice)
  3240 (Concat) -> 3227 (Concat)
  3240 (Concat) -> 3131 (Concat)
  3240 (Concat) -> 3178 (Concat)
  3240 (Concat) -> 3149 (Slice)
  3240 (Concat) -> 3206 (Concat)
  3240 (Concat) -> 3152 (Concat)
  3240 (Concat) -> 3243 (Concat)
  3240 (Concat) -> 3139 (Concat)
  3240 (Concat) -> 3110 (Concat)
  3240 (Concat) -> 3216 (Concat)
  3240 (Concat) -> 3153 (Concat)
  3240 (Concat) -> 3156 (Concat)
  3240 (Concat) -> 3198 (Concat)
  3240 (Concat) -> 3255 (Concat)
  3240 (Concat) -> 3159 (Concat)
  3240 (Concat) -> 3145 (Concat)
  3240 (Concat) -> 3266 (Concat)
  3240 (Concat) -> 3162 (Slice)
  3240 (Concat) -> 3158 (Concat)
  3240 (Concat) -> 3253 (Concat)
  3240 (Concat) -> 3164 (Concat)
  3240 (Concat) -> 3238 (Concat)
  3240 (Concat) -> 3237 (Concat)
  3240 (Concat) -> 3278 (Concat)
  3240 (Concat) -> 3245 (Slice)
  3240 (Concat) -> 3246 (Slice)
  3240 (Concat) -> 3247 (Slice)
  3240 (Concat) -> 3142 (Concat)
  3240 (Concat) -> 3248 (Concat)
  3240 (Concat) -> 3249 (Concat)
  3240 (Concat) -> 3250 (Concat)
  3240 (Concat) -> 3119 (Slice)
  3240 (Concat) -> 3251 (Concat)
  3240 (Concat) -> 3167 (Concat)
  3240 (Concat) -> 3224 (Concat)
  3240 (Concat) -> 3254 (Concat)
  3240 (Concat) -> 3202 (Concat)
  3240 (Concat) -> 3259 (Slice)
  3240 (Concat) -> 3260 (Slice)
  3240 (Concat) -> 3118 (Concat)
  3240 (Concat) -> 3261 (Slice)
  3240 (Concat) -> 3271 (Concat)
  3240 (Concat) -> 3262 (Concat)
  3240 (Concat) -> 3265 (Concat)
  3240 (Concat) -> 3268 (Concat)
  3240 (Concat) -> 3205 (Slice)
  3240 (Concat) -> 3269 (Concat)
  3240 (Concat) -> 3270 (Concat)
  3240 (Concat) -> 3272 (Concat)
  3240 (Concat) -> 3273 (Slice)
  3240 (Concat) -> 3275 (Slice)
  3240 (Concat) -> 3194 (Concat)
  3240 (Concat) -> 3274 (Slice)
  3240 (Concat) -> 3276 (Concat)
  3240 (Concat) -> 3277 (Concat)
  3240 (Concat) -> 3279 (Concat)
  3240 (Concat) -> 3280 (Concat)
  3240 (Concat) -> 3281 (Concat)
  3240 (Concat) -> 3252 (Concat)
  3240 (Concat) -> 3179 (Concat)
  3240 (Concat) -> 3115 (Concat)
  3240 (Concat) -> 3258 (Concat)
  3240 (Concat) -> 3166 (Concat)
  3240 (Concat) -> 3160 (Concat)
  3240 (Concat) -> 3239 (Concat)
  3240 (Concat) -> 3137 (Concat)
  3240 (Concat) -> 3183 (Concat)
  3240 (Concat) -> 3242 (Concat)
  3240 (Concat) -> 3181 (Concat)
  3240 (Concat) -> 3129 (Concat)
  3240 (Concat) -> 3161 (Slice)
  3240 (Concat) -> 3232 (Slice)
  3240 (Concat) -> 3213 (Concat)
  3240 (Concat) -> 3114 (Concat)
  3240 (Concat) -> 3263 (Concat)
  3237 (Concat) -> 3231 (Slice)
  3237 (Concat) -> 3219 (Slice)
  3237 (Concat) -> 3236 (Concat)
  3237 (Concat) -> 3225 (Concat)
  3237 (Concat) -> 3177 (Slice)
  3237 (Concat) -> 3234 (Concat)
  3237 (Concat) -> 3190 (Slice)
  3237 (Concat) -> 3210 (Concat)
  3237 (Concat) -> 3218 (Slice)
  3237 (Concat) -> 3143 (Concat)
  3237 (Concat) -> 3168 (Concat)
  3237 (Concat) -> 3217 (Slice)
  3237 (Concat) -> 3222 (Concat)
  3237 (Concat) -> 3214 (Concat)
  3237 (Concat) -> 3211 (Concat)
  3237 (Concat) -> 3121 (Slice)
  3237 (Concat) -> 3226 (Concat)
  3237 (Concat) -> 3111 (Div)
  3237 (Concat) -> 3221 (Concat)
  3237 (Concat) -> 3241 (Concat)
  3237 (Concat) -> 3209 (Concat)
  3237 (Concat) -> 3208 (Concat)
  3237 (Concat) -> 3133 (Slice)
  3237 (Concat) -> 3207 (Concat)
  3237 (Concat) -> 3204 (Slice)
  3237 (Concat) -> 3203 (Slice)
  3237 (Concat) -> 3148 (Slice)
  3237 (Concat) -> 3215 (Concat)
  3237 (Concat) -> 3199 (Concat)
  3237 (Concat) -> 3171 (Concat)
  3237 (Concat) -> 3127 (Concat)
  3237 (Concat) -> 3244 (Concat)
  3237 (Concat) -> 3196 (Concat)
  3237 (Concat) -> 3200 (Concat)
  3237 (Concat) -> 3195 (Concat)
  3237 (Concat) -> 3144 (Concat)
  3237 (Concat) -> 3264 (Concat)
  3237 (Concat) -> 3193 (Concat)
  3237 (Concat) -> 3228 (Concat)
  3237 (Concat) -> 3192 (Concat)
  3237 (Concat) -> 3201 (Concat)
  3237 (Concat) -> 3141 (Concat)
  3237 (Concat) -> 3189 (Slice)
  3237 (Concat) -> 3188 (Concat)
  3237 (Concat) -> 3233 (Slice)
  3237 (Concat) -> 3132 (Concat)
  3237 (Concat) -> 3185 (Concat)
  3237 (Concat) -> 3134 (Slice)
  3237 (Concat) -> 3182 (Concat)
  3237 (Concat) -> 3180 (Concat)
  3237 (Concat) -> 3130 (Concat)
  3237 (Concat) -> 3165 (Concat)
  3237 (Concat) -> 3176 (Slice)
  3237 (Concat) -> 3191 (Slice)
  3237 (Concat) -> 3175 (Slice)
  3237 (Concat) -> 3172 (Concat)
  3237 (Concat) -> 3173 (Concat)
  3237 (Concat) -> 3169 (Concat)
  3237 (Concat) -> 3230 (Concat)
  3237 (Concat) -> 3116 (Concat)
  3237 (Concat) -> 3267 (Concat)
  3237 (Concat) -> 3235 (Concat)
  3237 (Concat) -> 3122 (Concat)
  3237 (Concat) -> 3163 (Slice)
  3237 (Concat) -> 3212 (Concat)
  3237 (Concat) -> 3136 (Concat)
  3237 (Concat) -> 3128 (Concat)
  3237 (Concat) -> 3174 (Concat)
  3237 (Concat) -> 3155 (Concat)
  3237 (Concat) -> 3229 (Concat)
  3237 (Concat) -> 3186 (Concat)
  3237 (Concat) -> 3126 (Concat)
  3237 (Concat) -> 3120 (Slice)
  3237 (Concat) -> 3257 (Concat)
  3237 (Concat) -> 3184 (Concat)
  3237 (Concat) -> 3124 (Concat)
  3237 (Concat) -> 3256 (Concat)
  3237 (Concat) -> 3112 (Sub)
  3237 (Concat) -> 3113 (Concat)
  3237 (Concat) -> 3223 (Concat)
  3237 (Concat) -> 3197 (Concat)
  3237 (Concat) -> 3123 (Concat)
  3237 (Concat) -> 3220 (Concat)
  3237 (Concat) -> 3187 (Concat)
  3237 (Concat) -> 3157 (Concat)
  3237 (Concat) -> 3117 (Concat)
  3237 (Concat) -> 3135 (Slice)
  3237 (Concat) -> 3151 (Concat)
  3237 (Concat) -> 3150 (Concat)
  3237 (Concat) -> 3170 (Concat)
  3237 (Concat) -> 3138 (Concat)
  3237 (Concat) -> 3154 (Concat)
  3237 (Concat) -> 3140 (Concat)
  3237 (Concat) -> 3146 (Concat)
  3237 (Concat) -> 3125 (Concat)
  3237 (Concat) -> 3147 (Slice)
  3237 (Concat) -> 3227 (Concat)
  3237 (Concat) -> 3131 (Concat)
  3237 (Concat) -> 3178 (Concat)
  3237 (Concat) -> 3149 (Slice)
  3237 (Concat) -> 3206 (Concat)
  3237 (Concat) -> 3152 (Concat)
  3237 (Concat) -> 3243 (Concat)
  3237 (Concat) -> 3139 (Concat)
  3237 (Concat) -> 3110 (Concat)
  3237 (Concat) -> 3216 (Concat)
  3237 (Concat) -> 3153 (Concat)
  3237 (Concat) -> 3156 (Concat)
  3237 (Concat) -> 3198 (Concat)
  3237 (Concat) -> 3255 (Concat)
  3237 (Concat) -> 3159 (Concat)
  3237 (Concat) -> 3145 (Concat)
  3237 (Concat) -> 3266 (Concat)
  3237 (Concat) -> 3162 (Slice)
  3237 (Concat) -> 3158 (Concat)
  3237 (Concat) -> 3253 (Concat)
  3237 (Concat) -> 3164 (Concat)
  3237 (Concat) -> 3238 (Concat)
  3237 (Concat) -> 3240 (Concat)
  3237 (Concat) -> 3278 (Concat)
  3237 (Concat) -> 3245 (Slice)
  3237 (Concat) -> 3246 (Slice)
  3237 (Concat) -> 3247 (Slice)
  3237 (Concat) -> 3142 (Concat)
  3237 (Concat) -> 3248 (Concat)
  3237 (Concat) -> 3249 (Concat)
  3237 (Concat) -> 3250 (Concat)
  3237 (Concat) -> 3119 (Slice)
  3237 (Concat) -> 3251 (Concat)
  3237 (Concat) -> 3167 (Concat)
  3237 (Concat) -> 3224 (Concat)
  3237 (Concat) -> 3254 (Concat)
  3237 (Concat) -> 3202 (Concat)
  3237 (Concat) -> 3259 (Slice)
  3237 (Concat) -> 3260 (Slice)
  3237 (Concat) -> 3118 (Concat)
  3237 (Concat) -> 3261 (Slice)
  3237 (Concat) -> 3271 (Concat)
  3237 (Concat) -> 3262 (Concat)
  3237 (Concat) -> 3265 (Concat)
  3237 (Concat) -> 3268 (Concat)
  3237 (Concat) -> 3205 (Slice)
  3237 (Concat) -> 3269 (Concat)
  3237 (Concat) -> 3270 (Concat)
  3237 (Concat) -> 3272 (Concat)
  3237 (Concat) -> 3273 (Slice)
  3237 (Concat) -> 3275 (Slice)
  3237 (Concat) -> 3194 (Concat)
  3237 (Concat) -> 3274 (Slice)
  3237 (Concat) -> 3276 (Concat)
  3237 (Concat) -> 3277 (Concat)
  3237 (Concat) -> 3279 (Concat)
  3237 (Concat) -> 3280 (Concat)
  3237 (Concat) -> 3281 (Concat)
  3237 (Concat) -> 3252 (Concat)
  3237 (Concat) -> 3179 (Concat)
  3237 (Concat) -> 3115 (Concat)
  3237 (Concat) -> 3258 (Concat)
  3237 (Concat) -> 3166 (Concat)
  3237 (Concat) -> 3160 (Concat)
  3237 (Concat) -> 3239 (Concat)
  3237 (Concat) -> 3137 (Concat)
  3237 (Concat) -> 3183 (Concat)
  3237 (Concat) -> 3242 (Concat)
  3237 (Concat) -> 3181 (Concat)
  3237 (Concat) -> 3129 (Concat)
  3237 (Concat) -> 3161 (Slice)
  3237 (Concat) -> 3232 (Slice)
  3237 (Concat) -> 3213 (Concat)
  3237 (Concat) -> 3114 (Concat)
  3237 (Concat) -> 3263 (Concat)
  3278 (Concat) -> 3231 (Slice)
  3278 (Concat) -> 3219 (Slice)
  3278 (Concat) -> 3236 (Concat)
  3278 (Concat) -> 3225 (Concat)
  3278 (Concat) -> 3177 (Slice)
  3278 (Concat) -> 3234 (Concat)
  3278 (Concat) -> 3190 (Slice)
  3278 (Concat) -> 3210 (Concat)
  3278 (Concat) -> 3218 (Slice)
  3278 (Concat) -> 3143 (Concat)
  3278 (Concat) -> 3168 (Concat)
  3278 (Concat) -> 3217 (Slice)
  3278 (Concat) -> 3222 (Concat)
  3278 (Concat) -> 3214 (Concat)
  3278 (Concat) -> 3211 (Concat)
  3278 (Concat) -> 3121 (Slice)
  3278 (Concat) -> 3226 (Concat)
  3278 (Concat) -> 3111 (Div)
  3278 (Concat) -> 3221 (Concat)
  3278 (Concat) -> 3241 (Concat)
  3278 (Concat) -> 3209 (Concat)
  3278 (Concat) -> 3208 (Concat)
  3278 (Concat) -> 3133 (Slice)
  3278 (Concat) -> 3207 (Concat)
  3278 (Concat) -> 3204 (Slice)
  3278 (Concat) -> 3203 (Slice)
  3278 (Concat) -> 3148 (Slice)
  3278 (Concat) -> 3215 (Concat)
  3278 (Concat) -> 3199 (Concat)
  3278 (Concat) -> 3171 (Concat)
  3278 (Concat) -> 3127 (Concat)
  3278 (Concat) -> 3244 (Concat)
  3278 (Concat) -> 3196 (Concat)
  3278 (Concat) -> 3200 (Concat)
  3278 (Concat) -> 3195 (Concat)
  3278 (Concat) -> 3144 (Concat)
  3278 (Concat) -> 3264 (Concat)
  3278 (Concat) -> 3193 (Concat)
  3278 (Concat) -> 3228 (Concat)
  3278 (Concat) -> 3192 (Concat)
  3278 (Concat) -> 3201 (Concat)
  3278 (Concat) -> 3141 (Concat)
  3278 (Concat) -> 3189 (Slice)
  3278 (Concat) -> 3188 (Concat)
  3278 (Concat) -> 3233 (Slice)
  3278 (Concat) -> 3132 (Concat)
  3278 (Concat) -> 3185 (Concat)
  3278 (Concat) -> 3134 (Slice)
  3278 (Concat) -> 3182 (Concat)
  3278 (Concat) -> 3180 (Concat)
  3278 (Concat) -> 3130 (Concat)
  3278 (Concat) -> 3165 (Concat)
  3278 (Concat) -> 3176 (Slice)
  3278 (Concat) -> 3191 (Slice)
  3278 (Concat) -> 3175 (Slice)
  3278 (Concat) -> 3172 (Concat)
  3278 (Concat) -> 3173 (Concat)
  3278 (Concat) -> 3169 (Concat)
  3278 (Concat) -> 3230 (Concat)
  3278 (Concat) -> 3116 (Concat)
  3278 (Concat) -> 3267 (Concat)
  3278 (Concat) -> 3235 (Concat)
  3278 (Concat) -> 3122 (Concat)
  3278 (Concat) -> 3163 (Slice)
  3278 (Concat) -> 3212 (Concat)
  3278 (Concat) -> 3136 (Concat)
  3278 (Concat) -> 3128 (Concat)
  3278 (Concat) -> 3174 (Concat)
  3278 (Concat) -> 3155 (Concat)
  3278 (Concat) -> 3229 (Concat)
  3278 (Concat) -> 3186 (Concat)
  3278 (Concat) -> 3126 (Concat)
  3278 (Concat) -> 3120 (Slice)
  3278 (Concat) -> 3257 (Concat)
  3278 (Concat) -> 3184 (Concat)
  3278 (Concat) -> 3124 (Concat)
  3278 (Concat) -> 3256 (Concat)
  3278 (Concat) -> 3112 (Sub)
  3278 (Concat) -> 3113 (Concat)
  3278 (Concat) -> 3223 (Concat)
  3278 (Concat) -> 3197 (Concat)
  3278 (Concat) -> 3123 (Concat)
  3278 (Concat) -> 3220 (Concat)
  3278 (Concat) -> 3187 (Concat)
  3278 (Concat) -> 3157 (Concat)
  3278 (Concat) -> 3117 (Concat)
  3278 (Concat) -> 3135 (Slice)
  3278 (Concat) -> 3151 (Concat)
  3278 (Concat) -> 3150 (Concat)
  3278 (Concat) -> 3170 (Concat)
  3278 (Concat) -> 3138 (Concat)
  3278 (Concat) -> 3154 (Concat)
  3278 (Concat) -> 3140 (Concat)
  3278 (Concat) -> 3146 (Concat)
  3278 (Concat) -> 3125 (Concat)
  3278 (Concat) -> 3147 (Slice)
  3278 (Concat) -> 3227 (Concat)
  3278 (Concat) -> 3131 (Concat)
  3278 (Concat) -> 3178 (Concat)
  3278 (Concat) -> 3149 (Slice)
  3278 (Concat) -> 3206 (Concat)
  3278 (Concat) -> 3152 (Concat)
  3278 (Concat) -> 3243 (Concat)
  3278 (Concat) -> 3139 (Concat)
  3278 (Concat) -> 3110 (Concat)
  3278 (Concat) -> 3216 (Concat)
  3278 (Concat) -> 3153 (Concat)
  3278 (Concat) -> 3156 (Concat)
  3278 (Concat) -> 3198 (Concat)
  3278 (Concat) -> 3255 (Concat)
  3278 (Concat) -> 3159 (Concat)
  3278 (Concat) -> 3145 (Concat)
  3278 (Concat) -> 3266 (Concat)
  3278 (Concat) -> 3162 (Slice)
  3278 (Concat) -> 3158 (Concat)
  3278 (Concat) -> 3253 (Concat)
  3278 (Concat) -> 3164 (Concat)
  3278 (Concat) -> 3238 (Concat)
  3278 (Concat) -> 3240 (Concat)
  3278 (Concat) -> 3237 (Concat)
  3278 (Concat) -> 3245 (Slice)
  3278 (Concat) -> 3246 (Slice)
  3278 (Concat) -> 3247 (Slice)
  3278 (Concat) -> 3142 (Concat)
  3278 (Concat) -> 3248 (Concat)
  3278 (Concat) -> 3249 (Concat)
  3278 (Concat) -> 3250 (Concat)
  3278 (Concat) -> 3119 (Slice)
  3278 (Concat) -> 3251 (Concat)
  3278 (Concat) -> 3167 (Concat)
  3278 (Concat) -> 3224 (Concat)
  3278 (Concat) -> 3254 (Concat)
  3278 (Concat) -> 3202 (Concat)
  3278 (Concat) -> 3259 (Slice)
  3278 (Concat) -> 3260 (Slice)
  3278 (Concat) -> 3118 (Concat)
  3278 (Concat) -> 3261 (Slice)
  3278 (Concat) -> 3271 (Concat)
  3278 (Concat) -> 3262 (Concat)
  3278 (Concat) -> 3265 (Concat)
  3278 (Concat) -> 3268 (Concat)
  3278 (Concat) -> 3205 (Slice)
  3278 (Concat) -> 3269 (Concat)
  3278 (Concat) -> 3270 (Concat)
  3278 (Concat) -> 3272 (Concat)
  3278 (Concat) -> 3273 (Slice)
  3278 (Concat) -> 3275 (Slice)
  3278 (Concat) -> 3194 (Concat)
  3278 (Concat) -> 3274 (Slice)
  3278 (Concat) -> 3276 (Concat)
  3278 (Concat) -> 3277 (Concat)
  3278 (Concat) -> 3279 (Concat)
  3278 (Concat) -> 3280 (Concat)
  3278 (Concat) -> 3281 (Concat)
  3278 (Concat) -> 3252 (Concat)
  3278 (Concat) -> 3179 (Concat)
  3278 (Concat) -> 3115 (Concat)
  3278 (Concat) -> 3258 (Concat)
  3278 (Concat) -> 3166 (Concat)
  3278 (Concat) -> 3160 (Concat)
  3278 (Concat) -> 3239 (Concat)
  3278 (Concat) -> 3137 (Concat)
  3278 (Concat) -> 3183 (Concat)
  3278 (Concat) -> 3242 (Concat)
  3278 (Concat) -> 3181 (Concat)
  3278 (Concat) -> 3129 (Concat)
  3278 (Concat) -> 3161 (Slice)
  3278 (Concat) -> 3232 (Slice)
  3278 (Concat) -> 3213 (Concat)
  3278 (Concat) -> 3114 (Concat)
  3278 (Concat) -> 3263 (Concat)
  3245 (Slice) -> 3231 (Slice)
  3245 (Slice) -> 3219 (Slice)
  3245 (Slice) -> 3236 (Concat)
  3245 (Slice) -> 3225 (Concat)
  3245 (Slice) -> 3177 (Slice)
  3245 (Slice) -> 3234 (Concat)
  3245 (Slice) -> 3190 (Slice)
  3245 (Slice) -> 3210 (Concat)
  3245 (Slice) -> 3218 (Slice)
  3245 (Slice) -> 3143 (Concat)
  3245 (Slice) -> 3168 (Concat)
  3245 (Slice) -> 3217 (Slice)
  3245 (Slice) -> 3222 (Concat)
  3245 (Slice) -> 3214 (Concat)
  3245 (Slice) -> 3211 (Concat)
  3245 (Slice) -> 3121 (Slice)
  3245 (Slice) -> 3226 (Concat)
  3245 (Slice) -> 3111 (Div)
  3245 (Slice) -> 3221 (Concat)
  3245 (Slice) -> 3241 (Concat)
  3245 (Slice) -> 3209 (Concat)
  3245 (Slice) -> 3208 (Concat)
  3245 (Slice) -> 3133 (Slice)
  3245 (Slice) -> 3207 (Concat)
  3245 (Slice) -> 3204 (Slice)
  3245 (Slice) -> 3203 (Slice)
  3245 (Slice) -> 3148 (Slice)
  3245 (Slice) -> 3215 (Concat)
  3245 (Slice) -> 3199 (Concat)
  3245 (Slice) -> 3171 (Concat)
  3245 (Slice) -> 3127 (Concat)
  3245 (Slice) -> 3244 (Concat)
  3245 (Slice) -> 3196 (Concat)
  3245 (Slice) -> 3200 (Concat)
  3245 (Slice) -> 3195 (Concat)
  3245 (Slice) -> 3144 (Concat)
  3245 (Slice) -> 3264 (Concat)
  3245 (Slice) -> 3193 (Concat)
  3245 (Slice) -> 3228 (Concat)
  3245 (Slice) -> 3192 (Concat)
  3245 (Slice) -> 3201 (Concat)
  3245 (Slice) -> 3141 (Concat)
  3245 (Slice) -> 3189 (Slice)
  3245 (Slice) -> 3188 (Concat)
  3245 (Slice) -> 3233 (Slice)
  3245 (Slice) -> 3132 (Concat)
  3245 (Slice) -> 3185 (Concat)
  3245 (Slice) -> 3134 (Slice)
  3245 (Slice) -> 3182 (Concat)
  3245 (Slice) -> 3180 (Concat)
  3245 (Slice) -> 3130 (Concat)
  3245 (Slice) -> 3165 (Concat)
  3245 (Slice) -> 3176 (Slice)
  3245 (Slice) -> 3191 (Slice)
  3245 (Slice) -> 3175 (Slice)
  3245 (Slice) -> 3172 (Concat)
  3245 (Slice) -> 3173 (Concat)
  3245 (Slice) -> 3169 (Concat)
  3245 (Slice) -> 3230 (Concat)
  3245 (Slice) -> 3116 (Concat)
  3245 (Slice) -> 3267 (Concat)
  3245 (Slice) -> 3235 (Concat)
  3245 (Slice) -> 3122 (Concat)
  3245 (Slice) -> 3163 (Slice)
  3245 (Slice) -> 3212 (Concat)
  3245 (Slice) -> 3136 (Concat)
  3245 (Slice) -> 3128 (Concat)
  3245 (Slice) -> 3174 (Concat)
  3245 (Slice) -> 3155 (Concat)
  3245 (Slice) -> 3229 (Concat)
  3245 (Slice) -> 3186 (Concat)
  3245 (Slice) -> 3126 (Concat)
  3245 (Slice) -> 3120 (Slice)
  3245 (Slice) -> 3257 (Concat)
  3245 (Slice) -> 3184 (Concat)
  3245 (Slice) -> 3124 (Concat)
  3245 (Slice) -> 3256 (Concat)
  3245 (Slice) -> 3112 (Sub)
  3245 (Slice) -> 3113 (Concat)
  3245 (Slice) -> 3223 (Concat)
  3245 (Slice) -> 3197 (Concat)
  3245 (Slice) -> 3123 (Concat)
  3245 (Slice) -> 3220 (Concat)
  3245 (Slice) -> 3187 (Concat)
  3245 (Slice) -> 3157 (Concat)
  3245 (Slice) -> 3117 (Concat)
  3245 (Slice) -> 3135 (Slice)
  3245 (Slice) -> 3151 (Concat)
  3245 (Slice) -> 3150 (Concat)
  3245 (Slice) -> 3170 (Concat)
  3245 (Slice) -> 3138 (Concat)
  3245 (Slice) -> 3154 (Concat)
  3245 (Slice) -> 3140 (Concat)
  3245 (Slice) -> 3146 (Concat)
  3245 (Slice) -> 3125 (Concat)
  3245 (Slice) -> 3147 (Slice)
  3245 (Slice) -> 3227 (Concat)
  3245 (Slice) -> 3131 (Concat)
  3245 (Slice) -> 3178 (Concat)
  3245 (Slice) -> 3149 (Slice)
  3245 (Slice) -> 3206 (Concat)
  3245 (Slice) -> 3152 (Concat)
  3245 (Slice) -> 3243 (Concat)
  3245 (Slice) -> 3139 (Concat)
  3245 (Slice) -> 3110 (Concat)
  3245 (Slice) -> 3216 (Concat)
  3245 (Slice) -> 3153 (Concat)
  3245 (Slice) -> 3156 (Concat)
  3245 (Slice) -> 3198 (Concat)
  3245 (Slice) -> 3255 (Concat)
  3245 (Slice) -> 3159 (Concat)
  3245 (Slice) -> 3145 (Concat)
  3245 (Slice) -> 3266 (Concat)
  3245 (Slice) -> 3162 (Slice)
  3245 (Slice) -> 3158 (Concat)
  3245 (Slice) -> 3253 (Concat)
  3245 (Slice) -> 3164 (Concat)
  3245 (Slice) -> 3238 (Concat)
  3245 (Slice) -> 3240 (Concat)
  3245 (Slice) -> 3237 (Concat)
  3245 (Slice) -> 3278 (Concat)
  3245 (Slice) -> 3246 (Slice)
  3245 (Slice) -> 3247 (Slice)
  3245 (Slice) -> 3142 (Concat)
  3245 (Slice) -> 3248 (Concat)
  3245 (Slice) -> 3249 (Concat)
  3245 (Slice) -> 3250 (Concat)
  3245 (Slice) -> 3119 (Slice)
  3245 (Slice) -> 3251 (Concat)
  3245 (Slice) -> 3167 (Concat)
  3245 (Slice) -> 3224 (Concat)
  3245 (Slice) -> 3254 (Concat)
  3245 (Slice) -> 3202 (Concat)
  3245 (Slice) -> 3259 (Slice)
  3245 (Slice) -> 3260 (Slice)
  3245 (Slice) -> 3118 (Concat)
  3245 (Slice) -> 3261 (Slice)
  3245 (Slice) -> 3271 (Concat)
  3245 (Slice) -> 3262 (Concat)
  3245 (Slice) -> 3265 (Concat)
  3245 (Slice) -> 3268 (Concat)
  3245 (Slice) -> 3205 (Slice)
  3245 (Slice) -> 3269 (Concat)
  3245 (Slice) -> 3270 (Concat)
  3245 (Slice) -> 3272 (Concat)
  3245 (Slice) -> 3273 (Slice)
  3245 (Slice) -> 3275 (Slice)
  3245 (Slice) -> 3194 (Concat)
  3245 (Slice) -> 3274 (Slice)
  3245 (Slice) -> 3276 (Concat)
  3245 (Slice) -> 3277 (Concat)
  3245 (Slice) -> 3279 (Concat)
  3245 (Slice) -> 3280 (Concat)
  3245 (Slice) -> 3281 (Concat)
  3245 (Slice) -> 3252 (Concat)
  3245 (Slice) -> 3179 (Concat)
  3245 (Slice) -> 3115 (Concat)
  3245 (Slice) -> 3258 (Concat)
  3245 (Slice) -> 3166 (Concat)
  3245 (Slice) -> 3160 (Concat)
  3245 (Slice) -> 3239 (Concat)
  3245 (Slice) -> 3137 (Concat)
  3245 (Slice) -> 3183 (Concat)
  3245 (Slice) -> 3242 (Concat)
  3245 (Slice) -> 3181 (Concat)
  3245 (Slice) -> 3129 (Concat)
  3245 (Slice) -> 3161 (Slice)
  3245 (Slice) -> 3232 (Slice)
  3245 (Slice) -> 3213 (Concat)
  3245 (Slice) -> 3114 (Concat)
  3245 (Slice) -> 3263 (Concat)
  3246 (Slice) -> 3231 (Slice)
  3246 (Slice) -> 3219 (Slice)
  3246 (Slice) -> 3236 (Concat)
  3246 (Slice) -> 3225 (Concat)
  3246 (Slice) -> 3177 (Slice)
  3246 (Slice) -> 3234 (Concat)
  3246 (Slice) -> 3190 (Slice)
  3246 (Slice) -> 3210 (Concat)
  3246 (Slice) -> 3218 (Slice)
  3246 (Slice) -> 3143 (Concat)
  3246 (Slice) -> 3168 (Concat)
  3246 (Slice) -> 3217 (Slice)
  3246 (Slice) -> 3222 (Concat)
  3246 (Slice) -> 3214 (Concat)
  3246 (Slice) -> 3211 (Concat)
  3246 (Slice) -> 3121 (Slice)
  3246 (Slice) -> 3226 (Concat)
  3246 (Slice) -> 3111 (Div)
  3246 (Slice) -> 3221 (Concat)
  3246 (Slice) -> 3241 (Concat)
  3246 (Slice) -> 3209 (Concat)
  3246 (Slice) -> 3208 (Concat)
  3246 (Slice) -> 3133 (Slice)
  3246 (Slice) -> 3207 (Concat)
  3246 (Slice) -> 3204 (Slice)
  3246 (Slice) -> 3203 (Slice)
  3246 (Slice) -> 3148 (Slice)
  3246 (Slice) -> 3215 (Concat)
  3246 (Slice) -> 3199 (Concat)
  3246 (Slice) -> 3171 (Concat)
  3246 (Slice) -> 3127 (Concat)
  3246 (Slice) -> 3244 (Concat)
  3246 (Slice) -> 3196 (Concat)
  3246 (Slice) -> 3200 (Concat)
  3246 (Slice) -> 3195 (Concat)
  3246 (Slice) -> 3144 (Concat)
  3246 (Slice) -> 3264 (Concat)
  3246 (Slice) -> 3193 (Concat)
  3246 (Slice) -> 3228 (Concat)
  3246 (Slice) -> 3192 (Concat)
  3246 (Slice) -> 3201 (Concat)
  3246 (Slice) -> 3141 (Concat)
  3246 (Slice) -> 3189 (Slice)
  3246 (Slice) -> 3188 (Concat)
  3246 (Slice) -> 3233 (Slice)
  3246 (Slice) -> 3132 (Concat)
  3246 (Slice) -> 3185 (Concat)
  3246 (Slice) -> 3134 (Slice)
  3246 (Slice) -> 3182 (Concat)
  3246 (Slice) -> 3180 (Concat)
  3246 (Slice) -> 3130 (Concat)
  3246 (Slice) -> 3165 (Concat)
  3246 (Slice) -> 3176 (Slice)
  3246 (Slice) -> 3191 (Slice)
  3246 (Slice) -> 3175 (Slice)
  3246 (Slice) -> 3172 (Concat)
  3246 (Slice) -> 3173 (Concat)
  3246 (Slice) -> 3169 (Concat)
  3246 (Slice) -> 3230 (Concat)
  3246 (Slice) -> 3116 (Concat)
  3246 (Slice) -> 3267 (Concat)
  3246 (Slice) -> 3235 (Concat)
  3246 (Slice) -> 3122 (Concat)
  3246 (Slice) -> 3163 (Slice)
  3246 (Slice) -> 3212 (Concat)
  3246 (Slice) -> 3136 (Concat)
  3246 (Slice) -> 3128 (Concat)
  3246 (Slice) -> 3174 (Concat)
  3246 (Slice) -> 3155 (Concat)
  3246 (Slice) -> 3229 (Concat)
  3246 (Slice) -> 3186 (Concat)
  3246 (Slice) -> 3126 (Concat)
  3246 (Slice) -> 3120 (Slice)
  3246 (Slice) -> 3257 (Concat)
  3246 (Slice) -> 3184 (Concat)
  3246 (Slice) -> 3124 (Concat)
  3246 (Slice) -> 3256 (Concat)
  3246 (Slice) -> 3112 (Sub)
  3246 (Slice) -> 3113 (Concat)
  3246 (Slice) -> 3223 (Concat)
  3246 (Slice) -> 3197 (Concat)
  3246 (Slice) -> 3123 (Concat)
  3246 (Slice) -> 3220 (Concat)
  3246 (Slice) -> 3187 (Concat)
  3246 (Slice) -> 3157 (Concat)
  3246 (Slice) -> 3117 (Concat)
  3246 (Slice) -> 3135 (Slice)
  3246 (Slice) -> 3151 (Concat)
  3246 (Slice) -> 3150 (Concat)
  3246 (Slice) -> 3170 (Concat)
  3246 (Slice) -> 3138 (Concat)
  3246 (Slice) -> 3154 (Concat)
  3246 (Slice) -> 3140 (Concat)
  3246 (Slice) -> 3146 (Concat)
  3246 (Slice) -> 3125 (Concat)
  3246 (Slice) -> 3147 (Slice)
  3246 (Slice) -> 3227 (Concat)
  3246 (Slice) -> 3131 (Concat)
  3246 (Slice) -> 3178 (Concat)
  3246 (Slice) -> 3149 (Slice)
  3246 (Slice) -> 3206 (Concat)
  3246 (Slice) -> 3152 (Concat)
  3246 (Slice) -> 3243 (Concat)
  3246 (Slice) -> 3139 (Concat)
  3246 (Slice) -> 3110 (Concat)
  3246 (Slice) -> 3216 (Concat)
  3246 (Slice) -> 3153 (Concat)
  3246 (Slice) -> 3156 (Concat)
  3246 (Slice) -> 3198 (Concat)
  3246 (Slice) -> 3255 (Concat)
  3246 (Slice) -> 3159 (Concat)
  3246 (Slice) -> 3145 (Concat)
  3246 (Slice) -> 3266 (Concat)
  3246 (Slice) -> 3162 (Slice)
  3246 (Slice) -> 3158 (Concat)
  3246 (Slice) -> 3253 (Concat)
  3246 (Slice) -> 3164 (Concat)
  3246 (Slice) -> 3238 (Concat)
  3246 (Slice) -> 3240 (Concat)
  3246 (Slice) -> 3237 (Concat)
  3246 (Slice) -> 3278 (Concat)
  3246 (Slice) -> 3245 (Slice)
  3246 (Slice) -> 3247 (Slice)
  3246 (Slice) -> 3142 (Concat)
  3246 (Slice) -> 3248 (Concat)
  3246 (Slice) -> 3249 (Concat)
  3246 (Slice) -> 3250 (Concat)
  3246 (Slice) -> 3119 (Slice)
  3246 (Slice) -> 3251 (Concat)
  3246 (Slice) -> 3167 (Concat)
  3246 (Slice) -> 3224 (Concat)
  3246 (Slice) -> 3254 (Concat)
  3246 (Slice) -> 3202 (Concat)
  3246 (Slice) -> 3259 (Slice)
  3246 (Slice) -> 3260 (Slice)
  3246 (Slice) -> 3118 (Concat)
  3246 (Slice) -> 3261 (Slice)
  3246 (Slice) -> 3271 (Concat)
  3246 (Slice) -> 3262 (Concat)
  3246 (Slice) -> 3265 (Concat)
  3246 (Slice) -> 3268 (Concat)
  3246 (Slice) -> 3205 (Slice)
  3246 (Slice) -> 3269 (Concat)
  3246 (Slice) -> 3270 (Concat)
  3246 (Slice) -> 3272 (Concat)
  3246 (Slice) -> 3273 (Slice)
  3246 (Slice) -> 3275 (Slice)
  3246 (Slice) -> 3194 (Concat)
  3246 (Slice) -> 3274 (Slice)
  3246 (Slice) -> 3276 (Concat)
  3246 (Slice) -> 3277 (Concat)
  3246 (Slice) -> 3279 (Concat)
  3246 (Slice) -> 3280 (Concat)
  3246 (Slice) -> 3281 (Concat)
  3246 (Slice) -> 3252 (Concat)
  3246 (Slice) -> 3179 (Concat)
  3246 (Slice) -> 3115 (Concat)
  3246 (Slice) -> 3258 (Concat)
  3246 (Slice) -> 3166 (Concat)
  3246 (Slice) -> 3160 (Concat)
  3246 (Slice) -> 3239 (Concat)
  3246 (Slice) -> 3137 (Concat)
  3246 (Slice) -> 3183 (Concat)
  3246 (Slice) -> 3242 (Concat)
  3246 (Slice) -> 3181 (Concat)
  3246 (Slice) -> 3129 (Concat)
  3246 (Slice) -> 3161 (Slice)
  3246 (Slice) -> 3232 (Slice)
  3246 (Slice) -> 3213 (Concat)
  3246 (Slice) -> 3114 (Concat)
  3246 (Slice) -> 3263 (Concat)
  3247 (Slice) -> 3231 (Slice)
  3247 (Slice) -> 3219 (Slice)
  3247 (Slice) -> 3236 (Concat)
  3247 (Slice) -> 3225 (Concat)
  3247 (Slice) -> 3177 (Slice)
  3247 (Slice) -> 3234 (Concat)
  3247 (Slice) -> 3190 (Slice)
  3247 (Slice) -> 3210 (Concat)
  3247 (Slice) -> 3218 (Slice)
  3247 (Slice) -> 3143 (Concat)
  3247 (Slice) -> 3168 (Concat)
  3247 (Slice) -> 3217 (Slice)
  3247 (Slice) -> 3222 (Concat)
  3247 (Slice) -> 3214 (Concat)
  3247 (Slice) -> 3211 (Concat)
  3247 (Slice) -> 3121 (Slice)
  3247 (Slice) -> 3226 (Concat)
  3247 (Slice) -> 3111 (Div)
  3247 (Slice) -> 3221 (Concat)
  3247 (Slice) -> 3241 (Concat)
  3247 (Slice) -> 3209 (Concat)
  3247 (Slice) -> 3208 (Concat)
  3247 (Slice) -> 3133 (Slice)
  3247 (Slice) -> 3207 (Concat)
  3247 (Slice) -> 3204 (Slice)
  3247 (Slice) -> 3203 (Slice)
  3247 (Slice) -> 3148 (Slice)
  3247 (Slice) -> 3215 (Concat)
  3247 (Slice) -> 3199 (Concat)
  3247 (Slice) -> 3171 (Concat)
  3247 (Slice) -> 3127 (Concat)
  3247 (Slice) -> 3244 (Concat)
  3247 (Slice) -> 3196 (Concat)
  3247 (Slice) -> 3200 (Concat)
  3247 (Slice) -> 3195 (Concat)
  3247 (Slice) -> 3144 (Concat)
  3247 (Slice) -> 3264 (Concat)
  3247 (Slice) -> 3193 (Concat)
  3247 (Slice) -> 3228 (Concat)
  3247 (Slice) -> 3192 (Concat)
  3247 (Slice) -> 3201 (Concat)
  3247 (Slice) -> 3141 (Concat)
  3247 (Slice) -> 3189 (Slice)
  3247 (Slice) -> 3188 (Concat)
  3247 (Slice) -> 3233 (Slice)
  3247 (Slice) -> 3132 (Concat)
  3247 (Slice) -> 3185 (Concat)
  3247 (Slice) -> 3134 (Slice)
  3247 (Slice) -> 3182 (Concat)
  3247 (Slice) -> 3180 (Concat)
  3247 (Slice) -> 3130 (Concat)
  3247 (Slice) -> 3165 (Concat)
  3247 (Slice) -> 3176 (Slice)
  3247 (Slice) -> 3191 (Slice)
  3247 (Slice) -> 3175 (Slice)
  3247 (Slice) -> 3172 (Concat)
  3247 (Slice) -> 3173 (Concat)
  3247 (Slice) -> 3169 (Concat)
  3247 (Slice) -> 3230 (Concat)
  3247 (Slice) -> 3116 (Concat)
  3247 (Slice) -> 3267 (Concat)
  3247 (Slice) -> 3235 (Concat)
  3247 (Slice) -> 3122 (Concat)
  3247 (Slice) -> 3163 (Slice)
  3247 (Slice) -> 3212 (Concat)
  3247 (Slice) -> 3136 (Concat)
  3247 (Slice) -> 3128 (Concat)
  3247 (Slice) -> 3174 (Concat)
  3247 (Slice) -> 3155 (Concat)
  3247 (Slice) -> 3229 (Concat)
  3247 (Slice) -> 3186 (Concat)
  3247 (Slice) -> 3126 (Concat)
  3247 (Slice) -> 3120 (Slice)
  3247 (Slice) -> 3257 (Concat)
  3247 (Slice) -> 3184 (Concat)
  3247 (Slice) -> 3124 (Concat)
  3247 (Slice) -> 3256 (Concat)
  3247 (Slice) -> 3112 (Sub)
  3247 (Slice) -> 3113 (Concat)
  3247 (Slice) -> 3223 (Concat)
  3247 (Slice) -> 3197 (Concat)
  3247 (Slice) -> 3123 (Concat)
  3247 (Slice) -> 3220 (Concat)
  3247 (Slice) -> 3187 (Concat)
  3247 (Slice) -> 3157 (Concat)
  3247 (Slice) -> 3117 (Concat)
  3247 (Slice) -> 3135 (Slice)
  3247 (Slice) -> 3151 (Concat)
  3247 (Slice) -> 3150 (Concat)
  3247 (Slice) -> 3170 (Concat)
  3247 (Slice) -> 3138 (Concat)
  3247 (Slice) -> 3154 (Concat)
  3247 (Slice) -> 3140 (Concat)
  3247 (Slice) -> 3146 (Concat)
  3247 (Slice) -> 3125 (Concat)
  3247 (Slice) -> 3147 (Slice)
  3247 (Slice) -> 3227 (Concat)
  3247 (Slice) -> 3131 (Concat)
  3247 (Slice) -> 3178 (Concat)
  3247 (Slice) -> 3149 (Slice)
  3247 (Slice) -> 3206 (Concat)
  3247 (Slice) -> 3152 (Concat)
  3247 (Slice) -> 3243 (Concat)
  3247 (Slice) -> 3139 (Concat)
  3247 (Slice) -> 3110 (Concat)
  3247 (Slice) -> 3216 (Concat)
  3247 (Slice) -> 3153 (Concat)
  3247 (Slice) -> 3156 (Concat)
  3247 (Slice) -> 3198 (Concat)
  3247 (Slice) -> 3255 (Concat)
  3247 (Slice) -> 3159 (Concat)
  3247 (Slice) -> 3145 (Concat)
  3247 (Slice) -> 3266 (Concat)
  3247 (Slice) -> 3162 (Slice)
  3247 (Slice) -> 3158 (Concat)
  3247 (Slice) -> 3253 (Concat)
  3247 (Slice) -> 3164 (Concat)
  3247 (Slice) -> 3238 (Concat)
  3247 (Slice) -> 3240 (Concat)
  3247 (Slice) -> 3237 (Concat)
  3247 (Slice) -> 3278 (Concat)
  3247 (Slice) -> 3245 (Slice)
  3247 (Slice) -> 3246 (Slice)
  3247 (Slice) -> 3142 (Concat)
  3247 (Slice) -> 3248 (Concat)
  3247 (Slice) -> 3249 (Concat)
  3247 (Slice) -> 3250 (Concat)
  3247 (Slice) -> 3119 (Slice)
  3247 (Slice) -> 3251 (Concat)
  3247 (Slice) -> 3167 (Concat)
  3247 (Slice) -> 3224 (Concat)
  3247 (Slice) -> 3254 (Concat)
  3247 (Slice) -> 3202 (Concat)
  3247 (Slice) -> 3259 (Slice)
  3247 (Slice) -> 3260 (Slice)
  3247 (Slice) -> 3118 (Concat)
  3247 (Slice) -> 3261 (Slice)
  3247 (Slice) -> 3271 (Concat)
  3247 (Slice) -> 3262 (Concat)
  3247 (Slice) -> 3265 (Concat)
  3247 (Slice) -> 3268 (Concat)
  3247 (Slice) -> 3205 (Slice)
  3247 (Slice) -> 3269 (Concat)
  3247 (Slice) -> 3270 (Concat)
  3247 (Slice) -> 3272 (Concat)
  3247 (Slice) -> 3273 (Slice)
  3247 (Slice) -> 3275 (Slice)
  3247 (Slice) -> 3194 (Concat)
  3247 (Slice) -> 3274 (Slice)
  3247 (Slice) -> 3276 (Concat)
  3247 (Slice) -> 3277 (Concat)
  3247 (Slice) -> 3279 (Concat)
  3247 (Slice) -> 3280 (Concat)
  3247 (Slice) -> 3281 (Concat)
  3247 (Slice) -> 3252 (Concat)
  3247 (Slice) -> 3179 (Concat)
  3247 (Slice) -> 3115 (Concat)
  3247 (Slice) -> 3258 (Concat)
  3247 (Slice) -> 3166 (Concat)
  3247 (Slice) -> 3160 (Concat)
  3247 (Slice) -> 3239 (Concat)
  3247 (Slice) -> 3137 (Concat)
  3247 (Slice) -> 3183 (Concat)
  3247 (Slice) -> 3242 (Concat)
  3247 (Slice) -> 3181 (Concat)
  3247 (Slice) -> 3129 (Concat)
  3247 (Slice) -> 3161 (Slice)
  3247 (Slice) -> 3232 (Slice)
  3247 (Slice) -> 3213 (Concat)
  3247 (Slice) -> 3114 (Concat)
  3247 (Slice) -> 3263 (Concat)
  h.1.ln_1 (Add) -> h.6.attn.c_proj (Gemm)
  h.1.ln_1 (Add) -> h.5.mlp.c_proj (Gemm)
  h.1.ln_1 (Add) -> h.6.mlp.c_proj (Gemm)
  h.1.ln_1 (Add) -> h.3.ln_2 (Add)
  h.1.ln_1 (Add) -> h.0.ln_1 (Add)
  h.1.ln_1 (Add) -> h.9.mlp.c_proj (Gemm)
  h.1.ln_1 (Add) -> h.6.ln_1 (Add)
  h.1.ln_1 (Add) -> h.2.ln_1 (Add)
  h.1.ln_1 (Add) -> h.11.attn.c_proj (Gemm)
  h.1.ln_1 (Add) -> h.5.attn.c_proj (Gemm)
  h.1.ln_1 (Add) -> h.10.ln_1 (Add)
  h.1.ln_1 (Add) -> h.1.attn.c_proj (Gemm)
  h.1.ln_1 (Add) -> h.0.attn.c_proj (Gemm)
  h.1.ln_1 (Add) -> h.8.ln_1 (Add)
  h.1.ln_1 (Add) -> h.11.mlp.c_proj (Gemm)
  h.1.ln_1 (Add) -> h.6.ln_2 (Add)
  h.1.ln_1 (Add) -> h.0.ln_2 (Add)
  h.1.ln_1 (Add) -> h.9.attn.c_proj (Gemm)
  h.1.ln_1 (Add) -> h.0.mlp.c_proj (Gemm)
  h.1.ln_1 (Add) -> h.10.ln_2 (Add)
  h.1.ln_1 (Add) -> h.1.ln_2 (Add)
  h.1.ln_1 (Add) -> h.4.ln_2 (Add)
  h.1.ln_1 (Add) -> h.1.mlp.c_proj (Gemm)
  h.1.ln_1 (Add) -> h.11.ln_1 (Add)
  h.1.ln_1 (Add) -> h.8.attn.c_proj (Gemm)
  h.1.ln_1 (Add) -> h.10.attn.c_proj (Gemm)
  h.1.ln_1 (Add) -> h.10.mlp.c_proj (Gemm)
  h.1.ln_1 (Add) -> h.11.ln_2 (Add)
  h.1.ln_1 (Add) -> h.3.ln_1 (Add)
  h.1.ln_1 (Add) -> h.8.ln_2 (Add)
  h.1.ln_1 (Add) -> h.3.mlp.c_proj (Gemm)
  h.1.ln_1 (Add) -> h.2.attn.c_proj (Gemm)
  h.1.ln_1 (Add) -> h.2.ln_2 (Add)
  h.1.ln_1 (Add) -> h.2.mlp.c_proj (Gemm)
  h.1.ln_1 (Add) -> h.7.mlp.c_proj (Gemm)
  h.1.ln_1 (Add) -> h.3.attn.c_proj (Gemm)
  h.1.ln_1 (Add) -> h.7.attn.c_proj (Gemm)
  h.1.ln_1 (Add) -> h.4.attn.c_proj (Gemm)
  h.1.ln_1 (Add) -> h.4.ln_1 (Add)
  h.1.ln_1 (Add) -> h.4.mlp.c_proj (Gemm)
  h.1.ln_1 (Add) -> h.5.ln_2 (Add)
  h.1.ln_1 (Add) -> h.7.ln_1 (Add)
  h.1.ln_1 (Add) -> h.5.ln_1 (Add)
  h.1.ln_1 (Add) -> h.7.ln_2 (Add)
  h.1.ln_1 (Add) -> h.8.mlp.c_proj (Gemm)
  h.1.ln_1 (Add) -> h.9.ln_1 (Add)
  h.1.ln_1 (Add) -> h.9.ln_2 (Add)
  h.1.ln_1 (Add) -> ln_f (Add)
  3142 (Concat) -> 3231 (Slice)
  3142 (Concat) -> 3219 (Slice)
  3142 (Concat) -> 3236 (Concat)
  3142 (Concat) -> 3225 (Concat)
  3142 (Concat) -> 3177 (Slice)
  3142 (Concat) -> 3234 (Concat)
  3142 (Concat) -> 3190 (Slice)
  3142 (Concat) -> 3210 (Concat)
  3142 (Concat) -> 3218 (Slice)
  3142 (Concat) -> 3143 (Concat)
  3142 (Concat) -> 3168 (Concat)
  3142 (Concat) -> 3217 (Slice)
  3142 (Concat) -> 3222 (Concat)
  3142 (Concat) -> 3214 (Concat)
  3142 (Concat) -> 3211 (Concat)
  3142 (Concat) -> 3121 (Slice)
  3142 (Concat) -> 3226 (Concat)
  3142 (Concat) -> 3111 (Div)
  3142 (Concat) -> 3221 (Concat)
  3142 (Concat) -> 3241 (Concat)
  3142 (Concat) -> 3209 (Concat)
  3142 (Concat) -> 3208 (Concat)
  3142 (Concat) -> 3133 (Slice)
  3142 (Concat) -> 3207 (Concat)
  3142 (Concat) -> 3204 (Slice)
  3142 (Concat) -> 3203 (Slice)
  3142 (Concat) -> 3148 (Slice)
  3142 (Concat) -> 3215 (Concat)
  3142 (Concat) -> 3199 (Concat)
  3142 (Concat) -> 3171 (Concat)
  3142 (Concat) -> 3127 (Concat)
  3142 (Concat) -> 3244 (Concat)
  3142 (Concat) -> 3196 (Concat)
  3142 (Concat) -> 3200 (Concat)
  3142 (Concat) -> 3195 (Concat)
  3142 (Concat) -> 3144 (Concat)
  3142 (Concat) -> 3264 (Concat)
  3142 (Concat) -> 3193 (Concat)
  3142 (Concat) -> 3228 (Concat)
  3142 (Concat) -> 3192 (Concat)
  3142 (Concat) -> 3201 (Concat)
  3142 (Concat) -> 3141 (Concat)
  3142 (Concat) -> 3189 (Slice)
  3142 (Concat) -> 3188 (Concat)
  3142 (Concat) -> 3233 (Slice)
  3142 (Concat) -> 3132 (Concat)
  3142 (Concat) -> 3185 (Concat)
  3142 (Concat) -> 3134 (Slice)
  3142 (Concat) -> 3182 (Concat)
  3142 (Concat) -> 3180 (Concat)
  3142 (Concat) -> 3130 (Concat)
  3142 (Concat) -> 3165 (Concat)
  3142 (Concat) -> 3176 (Slice)
  3142 (Concat) -> 3191 (Slice)
  3142 (Concat) -> 3175 (Slice)
  3142 (Concat) -> 3172 (Concat)
  3142 (Concat) -> 3173 (Concat)
  3142 (Concat) -> 3169 (Concat)
  3142 (Concat) -> 3230 (Concat)
  3142 (Concat) -> 3116 (Concat)
  3142 (Concat) -> 3267 (Concat)
  3142 (Concat) -> 3235 (Concat)
  3142 (Concat) -> 3122 (Concat)
  3142 (Concat) -> 3163 (Slice)
  3142 (Concat) -> 3212 (Concat)
  3142 (Concat) -> 3136 (Concat)
  3142 (Concat) -> 3128 (Concat)
  3142 (Concat) -> 3174 (Concat)
  3142 (Concat) -> 3155 (Concat)
  3142 (Concat) -> 3229 (Concat)
  3142 (Concat) -> 3186 (Concat)
  3142 (Concat) -> 3126 (Concat)
  3142 (Concat) -> 3120 (Slice)
  3142 (Concat) -> 3257 (Concat)
  3142 (Concat) -> 3184 (Concat)
  3142 (Concat) -> 3124 (Concat)
  3142 (Concat) -> 3256 (Concat)
  3142 (Concat) -> 3112 (Sub)
  3142 (Concat) -> 3113 (Concat)
  3142 (Concat) -> 3223 (Concat)
  3142 (Concat) -> 3197 (Concat)
  3142 (Concat) -> 3123 (Concat)
  3142 (Concat) -> 3220 (Concat)
  3142 (Concat) -> 3187 (Concat)
  3142 (Concat) -> 3157 (Concat)
  3142 (Concat) -> 3117 (Concat)
  3142 (Concat) -> 3135 (Slice)
  3142 (Concat) -> 3151 (Concat)
  3142 (Concat) -> 3150 (Concat)
  3142 (Concat) -> 3170 (Concat)
  3142 (Concat) -> 3138 (Concat)
  3142 (Concat) -> 3154 (Concat)
  3142 (Concat) -> 3140 (Concat)
  3142 (Concat) -> 3146 (Concat)
  3142 (Concat) -> 3125 (Concat)
  3142 (Concat) -> 3147 (Slice)
  3142 (Concat) -> 3227 (Concat)
  3142 (Concat) -> 3131 (Concat)
  3142 (Concat) -> 3178 (Concat)
  3142 (Concat) -> 3149 (Slice)
  3142 (Concat) -> 3206 (Concat)
  3142 (Concat) -> 3152 (Concat)
  3142 (Concat) -> 3243 (Concat)
  3142 (Concat) -> 3139 (Concat)
  3142 (Concat) -> 3110 (Concat)
  3142 (Concat) -> 3216 (Concat)
  3142 (Concat) -> 3153 (Concat)
  3142 (Concat) -> 3156 (Concat)
  3142 (Concat) -> 3198 (Concat)
  3142 (Concat) -> 3255 (Concat)
  3142 (Concat) -> 3159 (Concat)
  3142 (Concat) -> 3145 (Concat)
  3142 (Concat) -> 3266 (Concat)
  3142 (Concat) -> 3162 (Slice)
  3142 (Concat) -> 3158 (Concat)
  3142 (Concat) -> 3253 (Concat)
  3142 (Concat) -> 3164 (Concat)
  3142 (Concat) -> 3238 (Concat)
  3142 (Concat) -> 3240 (Concat)
  3142 (Concat) -> 3237 (Concat)
  3142 (Concat) -> 3278 (Concat)
  3142 (Concat) -> 3245 (Slice)
  3142 (Concat) -> 3246 (Slice)
  3142 (Concat) -> 3247 (Slice)
  3142 (Concat) -> 3248 (Concat)
  3142 (Concat) -> 3249 (Concat)
  3142 (Concat) -> 3250 (Concat)
  3142 (Concat) -> 3119 (Slice)
  3142 (Concat) -> 3251 (Concat)
  3142 (Concat) -> 3167 (Concat)
  3142 (Concat) -> 3224 (Concat)
  3142 (Concat) -> 3254 (Concat)
  3142 (Concat) -> 3202 (Concat)
  3142 (Concat) -> 3259 (Slice)
  3142 (Concat) -> 3260 (Slice)
  3142 (Concat) -> 3118 (Concat)
  3142 (Concat) -> 3261 (Slice)
  3142 (Concat) -> 3271 (Concat)
  3142 (Concat) -> 3262 (Concat)
  3142 (Concat) -> 3265 (Concat)
  3142 (Concat) -> 3268 (Concat)
  3142 (Concat) -> 3205 (Slice)
  3142 (Concat) -> 3269 (Concat)
  3142 (Concat) -> 3270 (Concat)
  3142 (Concat) -> 3272 (Concat)
  3142 (Concat) -> 3273 (Slice)
  3142 (Concat) -> 3275 (Slice)
  3142 (Concat) -> 3194 (Concat)
  3142 (Concat) -> 3274 (Slice)
  3142 (Concat) -> 3276 (Concat)
  3142 (Concat) -> 3277 (Concat)
  3142 (Concat) -> 3279 (Concat)
  3142 (Concat) -> 3280 (Concat)
  3142 (Concat) -> 3281 (Concat)
  3142 (Concat) -> 3252 (Concat)
  3142 (Concat) -> 3179 (Concat)
  3142 (Concat) -> 3115 (Concat)
  3142 (Concat) -> 3258 (Concat)
  3142 (Concat) -> 3166 (Concat)
  3142 (Concat) -> 3160 (Concat)
  3142 (Concat) -> 3239 (Concat)
  3142 (Concat) -> 3137 (Concat)
  3142 (Concat) -> 3183 (Concat)
  3142 (Concat) -> 3242 (Concat)
  3142 (Concat) -> 3181 (Concat)
  3142 (Concat) -> 3129 (Concat)
  3142 (Concat) -> 3161 (Slice)
  3142 (Concat) -> 3232 (Slice)
  3142 (Concat) -> 3213 (Concat)
  3142 (Concat) -> 3114 (Concat)
  3142 (Concat) -> 3263 (Concat)
  3248 (Concat) -> 3231 (Slice)
  3248 (Concat) -> 3219 (Slice)
  3248 (Concat) -> 3236 (Concat)
  3248 (Concat) -> 3225 (Concat)
  3248 (Concat) -> 3177 (Slice)
  3248 (Concat) -> 3234 (Concat)
  3248 (Concat) -> 3190 (Slice)
  3248 (Concat) -> 3210 (Concat)
  3248 (Concat) -> 3218 (Slice)
  3248 (Concat) -> 3143 (Concat)
  3248 (Concat) -> 3168 (Concat)
  3248 (Concat) -> 3217 (Slice)
  3248 (Concat) -> 3222 (Concat)
  3248 (Concat) -> 3214 (Concat)
  3248 (Concat) -> 3211 (Concat)
  3248 (Concat) -> 3121 (Slice)
  3248 (Concat) -> 3226 (Concat)
  3248 (Concat) -> 3111 (Div)
  3248 (Concat) -> 3221 (Concat)
  3248 (Concat) -> 3241 (Concat)
  3248 (Concat) -> 3209 (Concat)
  3248 (Concat) -> 3208 (Concat)
  3248 (Concat) -> 3133 (Slice)
  3248 (Concat) -> 3207 (Concat)
  3248 (Concat) -> 3204 (Slice)
  3248 (Concat) -> 3203 (Slice)
  3248 (Concat) -> 3148 (Slice)
  3248 (Concat) -> 3215 (Concat)
  3248 (Concat) -> 3199 (Concat)
  3248 (Concat) -> 3171 (Concat)
  3248 (Concat) -> 3127 (Concat)
  3248 (Concat) -> 3244 (Concat)
  3248 (Concat) -> 3196 (Concat)
  3248 (Concat) -> 3200 (Concat)
  3248 (Concat) -> 3195 (Concat)
  3248 (Concat) -> 3144 (Concat)
  3248 (Concat) -> 3264 (Concat)
  3248 (Concat) -> 3193 (Concat)
  3248 (Concat) -> 3228 (Concat)
  3248 (Concat) -> 3192 (Concat)
  3248 (Concat) -> 3201 (Concat)
  3248 (Concat) -> 3141 (Concat)
  3248 (Concat) -> 3189 (Slice)
  3248 (Concat) -> 3188 (Concat)
  3248 (Concat) -> 3233 (Slice)
  3248 (Concat) -> 3132 (Concat)
  3248 (Concat) -> 3185 (Concat)
  3248 (Concat) -> 3134 (Slice)
  3248 (Concat) -> 3182 (Concat)
  3248 (Concat) -> 3180 (Concat)
  3248 (Concat) -> 3130 (Concat)
  3248 (Concat) -> 3165 (Concat)
  3248 (Concat) -> 3176 (Slice)
  3248 (Concat) -> 3191 (Slice)
  3248 (Concat) -> 3175 (Slice)
  3248 (Concat) -> 3172 (Concat)
  3248 (Concat) -> 3173 (Concat)
  3248 (Concat) -> 3169 (Concat)
  3248 (Concat) -> 3230 (Concat)
  3248 (Concat) -> 3116 (Concat)
  3248 (Concat) -> 3267 (Concat)
  3248 (Concat) -> 3235 (Concat)
  3248 (Concat) -> 3122 (Concat)
  3248 (Concat) -> 3163 (Slice)
  3248 (Concat) -> 3212 (Concat)
  3248 (Concat) -> 3136 (Concat)
  3248 (Concat) -> 3128 (Concat)
  3248 (Concat) -> 3174 (Concat)
  3248 (Concat) -> 3155 (Concat)
  3248 (Concat) -> 3229 (Concat)
  3248 (Concat) -> 3186 (Concat)
  3248 (Concat) -> 3126 (Concat)
  3248 (Concat) -> 3120 (Slice)
  3248 (Concat) -> 3257 (Concat)
  3248 (Concat) -> 3184 (Concat)
  3248 (Concat) -> 3124 (Concat)
  3248 (Concat) -> 3256 (Concat)
  3248 (Concat) -> 3112 (Sub)
  3248 (Concat) -> 3113 (Concat)
  3248 (Concat) -> 3223 (Concat)
  3248 (Concat) -> 3197 (Concat)
  3248 (Concat) -> 3123 (Concat)
  3248 (Concat) -> 3220 (Concat)
  3248 (Concat) -> 3187 (Concat)
  3248 (Concat) -> 3157 (Concat)
  3248 (Concat) -> 3117 (Concat)
  3248 (Concat) -> 3135 (Slice)
  3248 (Concat) -> 3151 (Concat)
  3248 (Concat) -> 3150 (Concat)
  3248 (Concat) -> 3170 (Concat)
  3248 (Concat) -> 3138 (Concat)
  3248 (Concat) -> 3154 (Concat)
  3248 (Concat) -> 3140 (Concat)
  3248 (Concat) -> 3146 (Concat)
  3248 (Concat) -> 3125 (Concat)
  3248 (Concat) -> 3147 (Slice)
  3248 (Concat) -> 3227 (Concat)
  3248 (Concat) -> 3131 (Concat)
  3248 (Concat) -> 3178 (Concat)
  3248 (Concat) -> 3149 (Slice)
  3248 (Concat) -> 3206 (Concat)
  3248 (Concat) -> 3152 (Concat)
  3248 (Concat) -> 3243 (Concat)
  3248 (Concat) -> 3139 (Concat)
  3248 (Concat) -> 3110 (Concat)
  3248 (Concat) -> 3216 (Concat)
  3248 (Concat) -> 3153 (Concat)
  3248 (Concat) -> 3156 (Concat)
  3248 (Concat) -> 3198 (Concat)
  3248 (Concat) -> 3255 (Concat)
  3248 (Concat) -> 3159 (Concat)
  3248 (Concat) -> 3145 (Concat)
  3248 (Concat) -> 3266 (Concat)
  3248 (Concat) -> 3162 (Slice)
  3248 (Concat) -> 3158 (Concat)
  3248 (Concat) -> 3253 (Concat)
  3248 (Concat) -> 3164 (Concat)
  3248 (Concat) -> 3238 (Concat)
  3248 (Concat) -> 3240 (Concat)
  3248 (Concat) -> 3237 (Concat)
  3248 (Concat) -> 3278 (Concat)
  3248 (Concat) -> 3245 (Slice)
  3248 (Concat) -> 3246 (Slice)
  3248 (Concat) -> 3247 (Slice)
  3248 (Concat) -> 3142 (Concat)
  3248 (Concat) -> 3249 (Concat)
  3248 (Concat) -> 3250 (Concat)
  3248 (Concat) -> 3119 (Slice)
  3248 (Concat) -> 3251 (Concat)
  3248 (Concat) -> 3167 (Concat)
  3248 (Concat) -> 3224 (Concat)
  3248 (Concat) -> 3254 (Concat)
  3248 (Concat) -> 3202 (Concat)
  3248 (Concat) -> 3259 (Slice)
  3248 (Concat) -> 3260 (Slice)
  3248 (Concat) -> 3118 (Concat)
  3248 (Concat) -> 3261 (Slice)
  3248 (Concat) -> 3271 (Concat)
  3248 (Concat) -> 3262 (Concat)
  3248 (Concat) -> 3265 (Concat)
  3248 (Concat) -> 3268 (Concat)
  3248 (Concat) -> 3205 (Slice)
  3248 (Concat) -> 3269 (Concat)
  3248 (Concat) -> 3270 (Concat)
  3248 (Concat) -> 3272 (Concat)
  3248 (Concat) -> 3273 (Slice)
  3248 (Concat) -> 3275 (Slice)
  3248 (Concat) -> 3194 (Concat)
  3248 (Concat) -> 3274 (Slice)
  3248 (Concat) -> 3276 (Concat)
  3248 (Concat) -> 3277 (Concat)
  3248 (Concat) -> 3279 (Concat)
  3248 (Concat) -> 3280 (Concat)
  3248 (Concat) -> 3281 (Concat)
  3248 (Concat) -> 3252 (Concat)
  3248 (Concat) -> 3179 (Concat)
  3248 (Concat) -> 3115 (Concat)
  3248 (Concat) -> 3258 (Concat)
  3248 (Concat) -> 3166 (Concat)
  3248 (Concat) -> 3160 (Concat)
  3248 (Concat) -> 3239 (Concat)
  3248 (Concat) -> 3137 (Concat)
  3248 (Concat) -> 3183 (Concat)
  3248 (Concat) -> 3242 (Concat)
  3248 (Concat) -> 3181 (Concat)
  3248 (Concat) -> 3129 (Concat)
  3248 (Concat) -> 3161 (Slice)
  3248 (Concat) -> 3232 (Slice)
  3248 (Concat) -> 3213 (Concat)
  3248 (Concat) -> 3114 (Concat)
  3248 (Concat) -> 3263 (Concat)
  3249 (Concat) -> 3231 (Slice)
  3249 (Concat) -> 3219 (Slice)
  3249 (Concat) -> 3236 (Concat)
  3249 (Concat) -> 3225 (Concat)
  3249 (Concat) -> 3177 (Slice)
  3249 (Concat) -> 3234 (Concat)
  3249 (Concat) -> 3190 (Slice)
  3249 (Concat) -> 3210 (Concat)
  3249 (Concat) -> 3218 (Slice)
  3249 (Concat) -> 3143 (Concat)
  3249 (Concat) -> 3168 (Concat)
  3249 (Concat) -> 3217 (Slice)
  3249 (Concat) -> 3222 (Concat)
  3249 (Concat) -> 3214 (Concat)
  3249 (Concat) -> 3211 (Concat)
  3249 (Concat) -> 3121 (Slice)
  3249 (Concat) -> 3226 (Concat)
  3249 (Concat) -> 3111 (Div)
  3249 (Concat) -> 3221 (Concat)
  3249 (Concat) -> 3241 (Concat)
  3249 (Concat) -> 3209 (Concat)
  3249 (Concat) -> 3208 (Concat)
  3249 (Concat) -> 3133 (Slice)
  3249 (Concat) -> 3207 (Concat)
  3249 (Concat) -> 3204 (Slice)
  3249 (Concat) -> 3203 (Slice)
  3249 (Concat) -> 3148 (Slice)
  3249 (Concat) -> 3215 (Concat)
  3249 (Concat) -> 3199 (Concat)
  3249 (Concat) -> 3171 (Concat)
  3249 (Concat) -> 3127 (Concat)
  3249 (Concat) -> 3244 (Concat)
  3249 (Concat) -> 3196 (Concat)
  3249 (Concat) -> 3200 (Concat)
  3249 (Concat) -> 3195 (Concat)
  3249 (Concat) -> 3144 (Concat)
  3249 (Concat) -> 3264 (Concat)
  3249 (Concat) -> 3193 (Concat)
  3249 (Concat) -> 3228 (Concat)
  3249 (Concat) -> 3192 (Concat)
  3249 (Concat) -> 3201 (Concat)
  3249 (Concat) -> 3141 (Concat)
  3249 (Concat) -> 3189 (Slice)
  3249 (Concat) -> 3188 (Concat)
  3249 (Concat) -> 3233 (Slice)
  3249 (Concat) -> 3132 (Concat)
  3249 (Concat) -> 3185 (Concat)
  3249 (Concat) -> 3134 (Slice)
  3249 (Concat) -> 3182 (Concat)
  3249 (Concat) -> 3180 (Concat)
  3249 (Concat) -> 3130 (Concat)
  3249 (Concat) -> 3165 (Concat)
  3249 (Concat) -> 3176 (Slice)
  3249 (Concat) -> 3191 (Slice)
  3249 (Concat) -> 3175 (Slice)
  3249 (Concat) -> 3172 (Concat)
  3249 (Concat) -> 3173 (Concat)
  3249 (Concat) -> 3169 (Concat)
  3249 (Concat) -> 3230 (Concat)
  3249 (Concat) -> 3116 (Concat)
  3249 (Concat) -> 3267 (Concat)
  3249 (Concat) -> 3235 (Concat)
  3249 (Concat) -> 3122 (Concat)
  3249 (Concat) -> 3163 (Slice)
  3249 (Concat) -> 3212 (Concat)
  3249 (Concat) -> 3136 (Concat)
  3249 (Concat) -> 3128 (Concat)
  3249 (Concat) -> 3174 (Concat)
  3249 (Concat) -> 3155 (Concat)
  3249 (Concat) -> 3229 (Concat)
  3249 (Concat) -> 3186 (Concat)
  3249 (Concat) -> 3126 (Concat)
  3249 (Concat) -> 3120 (Slice)
  3249 (Concat) -> 3257 (Concat)
  3249 (Concat) -> 3184 (Concat)
  3249 (Concat) -> 3124 (Concat)
  3249 (Concat) -> 3256 (Concat)
  3249 (Concat) -> 3112 (Sub)
  3249 (Concat) -> 3113 (Concat)
  3249 (Concat) -> 3223 (Concat)
  3249 (Concat) -> 3197 (Concat)
  3249 (Concat) -> 3123 (Concat)
  3249 (Concat) -> 3220 (Concat)
  3249 (Concat) -> 3187 (Concat)
  3249 (Concat) -> 3157 (Concat)
  3249 (Concat) -> 3117 (Concat)
  3249 (Concat) -> 3135 (Slice)
  3249 (Concat) -> 3151 (Concat)
  3249 (Concat) -> 3150 (Concat)
  3249 (Concat) -> 3170 (Concat)
  3249 (Concat) -> 3138 (Concat)
  3249 (Concat) -> 3154 (Concat)
  3249 (Concat) -> 3140 (Concat)
  3249 (Concat) -> 3146 (Concat)
  3249 (Concat) -> 3125 (Concat)
  3249 (Concat) -> 3147 (Slice)
  3249 (Concat) -> 3227 (Concat)
  3249 (Concat) -> 3131 (Concat)
  3249 (Concat) -> 3178 (Concat)
  3249 (Concat) -> 3149 (Slice)
  3249 (Concat) -> 3206 (Concat)
  3249 (Concat) -> 3152 (Concat)
  3249 (Concat) -> 3243 (Concat)
  3249 (Concat) -> 3139 (Concat)
  3249 (Concat) -> 3110 (Concat)
  3249 (Concat) -> 3216 (Concat)
  3249 (Concat) -> 3153 (Concat)
  3249 (Concat) -> 3156 (Concat)
  3249 (Concat) -> 3198 (Concat)
  3249 (Concat) -> 3255 (Concat)
  3249 (Concat) -> 3159 (Concat)
  3249 (Concat) -> 3145 (Concat)
  3249 (Concat) -> 3266 (Concat)
  3249 (Concat) -> 3162 (Slice)
  3249 (Concat) -> 3158 (Concat)
  3249 (Concat) -> 3253 (Concat)
  3249 (Concat) -> 3164 (Concat)
  3249 (Concat) -> 3238 (Concat)
  3249 (Concat) -> 3240 (Concat)
  3249 (Concat) -> 3237 (Concat)
  3249 (Concat) -> 3278 (Concat)
  3249 (Concat) -> 3245 (Slice)
  3249 (Concat) -> 3246 (Slice)
  3249 (Concat) -> 3247 (Slice)
  3249 (Concat) -> 3142 (Concat)
  3249 (Concat) -> 3248 (Concat)
  3249 (Concat) -> 3250 (Concat)
  3249 (Concat) -> 3119 (Slice)
  3249 (Concat) -> 3251 (Concat)
  3249 (Concat) -> 3167 (Concat)
  3249 (Concat) -> 3224 (Concat)
  3249 (Concat) -> 3254 (Concat)
  3249 (Concat) -> 3202 (Concat)
  3249 (Concat) -> 3259 (Slice)
  3249 (Concat) -> 3260 (Slice)
  3249 (Concat) -> 3118 (Concat)
  3249 (Concat) -> 3261 (Slice)
  3249 (Concat) -> 3271 (Concat)
  3249 (Concat) -> 3262 (Concat)
  3249 (Concat) -> 3265 (Concat)
  3249 (Concat) -> 3268 (Concat)
  3249 (Concat) -> 3205 (Slice)
  3249 (Concat) -> 3269 (Concat)
  3249 (Concat) -> 3270 (Concat)
  3249 (Concat) -> 3272 (Concat)
  3249 (Concat) -> 3273 (Slice)
  3249 (Concat) -> 3275 (Slice)
  3249 (Concat) -> 3194 (Concat)
  3249 (Concat) -> 3274 (Slice)
  3249 (Concat) -> 3276 (Concat)
  3249 (Concat) -> 3277 (Concat)
  3249 (Concat) -> 3279 (Concat)
  3249 (Concat) -> 3280 (Concat)
  3249 (Concat) -> 3281 (Concat)
  3249 (Concat) -> 3252 (Concat)
  3249 (Concat) -> 3179 (Concat)
  3249 (Concat) -> 3115 (Concat)
  3249 (Concat) -> 3258 (Concat)
  3249 (Concat) -> 3166 (Concat)
  3249 (Concat) -> 3160 (Concat)
  3249 (Concat) -> 3239 (Concat)
  3249 (Concat) -> 3137 (Concat)
  3249 (Concat) -> 3183 (Concat)
  3249 (Concat) -> 3242 (Concat)
  3249 (Concat) -> 3181 (Concat)
  3249 (Concat) -> 3129 (Concat)
  3249 (Concat) -> 3161 (Slice)
  3249 (Concat) -> 3232 (Slice)
  3249 (Concat) -> 3213 (Concat)
  3249 (Concat) -> 3114 (Concat)
  3249 (Concat) -> 3263 (Concat)
  3250 (Concat) -> 3231 (Slice)
  3250 (Concat) -> 3219 (Slice)
  3250 (Concat) -> 3236 (Concat)
  3250 (Concat) -> 3225 (Concat)
  3250 (Concat) -> 3177 (Slice)
  3250 (Concat) -> 3234 (Concat)
  3250 (Concat) -> 3190 (Slice)
  3250 (Concat) -> 3210 (Concat)
  3250 (Concat) -> 3218 (Slice)
  3250 (Concat) -> 3143 (Concat)
  3250 (Concat) -> 3168 (Concat)
  3250 (Concat) -> 3217 (Slice)
  3250 (Concat) -> 3222 (Concat)
  3250 (Concat) -> 3214 (Concat)
  3250 (Concat) -> 3211 (Concat)
  3250 (Concat) -> 3121 (Slice)
  3250 (Concat) -> 3226 (Concat)
  3250 (Concat) -> 3111 (Div)
  3250 (Concat) -> 3221 (Concat)
  3250 (Concat) -> 3241 (Concat)
  3250 (Concat) -> 3209 (Concat)
  3250 (Concat) -> 3208 (Concat)
  3250 (Concat) -> 3133 (Slice)
  3250 (Concat) -> 3207 (Concat)
  3250 (Concat) -> 3204 (Slice)
  3250 (Concat) -> 3203 (Slice)
  3250 (Concat) -> 3148 (Slice)
  3250 (Concat) -> 3215 (Concat)
  3250 (Concat) -> 3199 (Concat)
  3250 (Concat) -> 3171 (Concat)
  3250 (Concat) -> 3127 (Concat)
  3250 (Concat) -> 3244 (Concat)
  3250 (Concat) -> 3196 (Concat)
  3250 (Concat) -> 3200 (Concat)
  3250 (Concat) -> 3195 (Concat)
  3250 (Concat) -> 3144 (Concat)
  3250 (Concat) -> 3264 (Concat)
  3250 (Concat) -> 3193 (Concat)
  3250 (Concat) -> 3228 (Concat)
  3250 (Concat) -> 3192 (Concat)
  3250 (Concat) -> 3201 (Concat)
  3250 (Concat) -> 3141 (Concat)
  3250 (Concat) -> 3189 (Slice)
  3250 (Concat) -> 3188 (Concat)
  3250 (Concat) -> 3233 (Slice)
  3250 (Concat) -> 3132 (Concat)
  3250 (Concat) -> 3185 (Concat)
  3250 (Concat) -> 3134 (Slice)
  3250 (Concat) -> 3182 (Concat)
  3250 (Concat) -> 3180 (Concat)
  3250 (Concat) -> 3130 (Concat)
  3250 (Concat) -> 3165 (Concat)
  3250 (Concat) -> 3176 (Slice)
  3250 (Concat) -> 3191 (Slice)
  3250 (Concat) -> 3175 (Slice)
  3250 (Concat) -> 3172 (Concat)
  3250 (Concat) -> 3173 (Concat)
  3250 (Concat) -> 3169 (Concat)
  3250 (Concat) -> 3230 (Concat)
  3250 (Concat) -> 3116 (Concat)
  3250 (Concat) -> 3267 (Concat)
  3250 (Concat) -> 3235 (Concat)
  3250 (Concat) -> 3122 (Concat)
  3250 (Concat) -> 3163 (Slice)
  3250 (Concat) -> 3212 (Concat)
  3250 (Concat) -> 3136 (Concat)
  3250 (Concat) -> 3128 (Concat)
  3250 (Concat) -> 3174 (Concat)
  3250 (Concat) -> 3155 (Concat)
  3250 (Concat) -> 3229 (Concat)
  3250 (Concat) -> 3186 (Concat)
  3250 (Concat) -> 3126 (Concat)
  3250 (Concat) -> 3120 (Slice)
  3250 (Concat) -> 3257 (Concat)
  3250 (Concat) -> 3184 (Concat)
  3250 (Concat) -> 3124 (Concat)
  3250 (Concat) -> 3256 (Concat)
  3250 (Concat) -> 3112 (Sub)
  3250 (Concat) -> 3113 (Concat)
  3250 (Concat) -> 3223 (Concat)
  3250 (Concat) -> 3197 (Concat)
  3250 (Concat) -> 3123 (Concat)
  3250 (Concat) -> 3220 (Concat)
  3250 (Concat) -> 3187 (Concat)
  3250 (Concat) -> 3157 (Concat)
  3250 (Concat) -> 3117 (Concat)
  3250 (Concat) -> 3135 (Slice)
  3250 (Concat) -> 3151 (Concat)
  3250 (Concat) -> 3150 (Concat)
  3250 (Concat) -> 3170 (Concat)
  3250 (Concat) -> 3138 (Concat)
  3250 (Concat) -> 3154 (Concat)
  3250 (Concat) -> 3140 (Concat)
  3250 (Concat) -> 3146 (Concat)
  3250 (Concat) -> 3125 (Concat)
  3250 (Concat) -> 3147 (Slice)
  3250 (Concat) -> 3227 (Concat)
  3250 (Concat) -> 3131 (Concat)
  3250 (Concat) -> 3178 (Concat)
  3250 (Concat) -> 3149 (Slice)
  3250 (Concat) -> 3206 (Concat)
  3250 (Concat) -> 3152 (Concat)
  3250 (Concat) -> 3243 (Concat)
  3250 (Concat) -> 3139 (Concat)
  3250 (Concat) -> 3110 (Concat)
  3250 (Concat) -> 3216 (Concat)
  3250 (Concat) -> 3153 (Concat)
  3250 (Concat) -> 3156 (Concat)
  3250 (Concat) -> 3198 (Concat)
  3250 (Concat) -> 3255 (Concat)
  3250 (Concat) -> 3159 (Concat)
  3250 (Concat) -> 3145 (Concat)
  3250 (Concat) -> 3266 (Concat)
  3250 (Concat) -> 3162 (Slice)
  3250 (Concat) -> 3158 (Concat)
  3250 (Concat) -> 3253 (Concat)
  3250 (Concat) -> 3164 (Concat)
  3250 (Concat) -> 3238 (Concat)
  3250 (Concat) -> 3240 (Concat)
  3250 (Concat) -> 3237 (Concat)
  3250 (Concat) -> 3278 (Concat)
  3250 (Concat) -> 3245 (Slice)
  3250 (Concat) -> 3246 (Slice)
  3250 (Concat) -> 3247 (Slice)
  3250 (Concat) -> 3142 (Concat)
  3250 (Concat) -> 3248 (Concat)
  3250 (Concat) -> 3249 (Concat)
  3250 (Concat) -> 3119 (Slice)
  3250 (Concat) -> 3251 (Concat)
  3250 (Concat) -> 3167 (Concat)
  3250 (Concat) -> 3224 (Concat)
  3250 (Concat) -> 3254 (Concat)
  3250 (Concat) -> 3202 (Concat)
  3250 (Concat) -> 3259 (Slice)
  3250 (Concat) -> 3260 (Slice)
  3250 (Concat) -> 3118 (Concat)
  3250 (Concat) -> 3261 (Slice)
  3250 (Concat) -> 3271 (Concat)
  3250 (Concat) -> 3262 (Concat)
  3250 (Concat) -> 3265 (Concat)
  3250 (Concat) -> 3268 (Concat)
  3250 (Concat) -> 3205 (Slice)
  3250 (Concat) -> 3269 (Concat)
  3250 (Concat) -> 3270 (Concat)
  3250 (Concat) -> 3272 (Concat)
  3250 (Concat) -> 3273 (Slice)
  3250 (Concat) -> 3275 (Slice)
  3250 (Concat) -> 3194 (Concat)
  3250 (Concat) -> 3274 (Slice)
  3250 (Concat) -> 3276 (Concat)
  3250 (Concat) -> 3277 (Concat)
  3250 (Concat) -> 3279 (Concat)
  3250 (Concat) -> 3280 (Concat)
  3250 (Concat) -> 3281 (Concat)
  3250 (Concat) -> 3252 (Concat)
  3250 (Concat) -> 3179 (Concat)
  3250 (Concat) -> 3115 (Concat)
  3250 (Concat) -> 3258 (Concat)
  3250 (Concat) -> 3166 (Concat)
  3250 (Concat) -> 3160 (Concat)
  3250 (Concat) -> 3239 (Concat)
  3250 (Concat) -> 3137 (Concat)
  3250 (Concat) -> 3183 (Concat)
  3250 (Concat) -> 3242 (Concat)
  3250 (Concat) -> 3181 (Concat)
  3250 (Concat) -> 3129 (Concat)
  3250 (Concat) -> 3161 (Slice)
  3250 (Concat) -> 3232 (Slice)
  3250 (Concat) -> 3213 (Concat)
  3250 (Concat) -> 3114 (Concat)
  3250 (Concat) -> 3263 (Concat)
  3119 (Slice) -> 3231 (Slice)
  3119 (Slice) -> 3219 (Slice)
  3119 (Slice) -> 3236 (Concat)
  3119 (Slice) -> 3225 (Concat)
  3119 (Slice) -> 3177 (Slice)
  3119 (Slice) -> 3234 (Concat)
  3119 (Slice) -> 3190 (Slice)
  3119 (Slice) -> 3210 (Concat)
  3119 (Slice) -> 3218 (Slice)
  3119 (Slice) -> 3143 (Concat)
  3119 (Slice) -> 3168 (Concat)
  3119 (Slice) -> 3217 (Slice)
  3119 (Slice) -> 3222 (Concat)
  3119 (Slice) -> 3214 (Concat)
  3119 (Slice) -> 3211 (Concat)
  3119 (Slice) -> 3121 (Slice)
  3119 (Slice) -> 3226 (Concat)
  3119 (Slice) -> 3111 (Div)
  3119 (Slice) -> 3221 (Concat)
  3119 (Slice) -> 3241 (Concat)
  3119 (Slice) -> 3209 (Concat)
  3119 (Slice) -> 3208 (Concat)
  3119 (Slice) -> 3133 (Slice)
  3119 (Slice) -> 3207 (Concat)
  3119 (Slice) -> 3204 (Slice)
  3119 (Slice) -> 3203 (Slice)
  3119 (Slice) -> 3148 (Slice)
  3119 (Slice) -> 3215 (Concat)
  3119 (Slice) -> 3199 (Concat)
  3119 (Slice) -> 3171 (Concat)
  3119 (Slice) -> 3127 (Concat)
  3119 (Slice) -> 3244 (Concat)
  3119 (Slice) -> 3196 (Concat)
  3119 (Slice) -> 3200 (Concat)
  3119 (Slice) -> 3195 (Concat)
  3119 (Slice) -> 3144 (Concat)
  3119 (Slice) -> 3264 (Concat)
  3119 (Slice) -> 3193 (Concat)
  3119 (Slice) -> 3228 (Concat)
  3119 (Slice) -> 3192 (Concat)
  3119 (Slice) -> 3201 (Concat)
  3119 (Slice) -> 3141 (Concat)
  3119 (Slice) -> 3189 (Slice)
  3119 (Slice) -> 3188 (Concat)
  3119 (Slice) -> 3233 (Slice)
  3119 (Slice) -> 3132 (Concat)
  3119 (Slice) -> 3185 (Concat)
  3119 (Slice) -> 3134 (Slice)
  3119 (Slice) -> 3182 (Concat)
  3119 (Slice) -> 3180 (Concat)
  3119 (Slice) -> 3130 (Concat)
  3119 (Slice) -> 3165 (Concat)
  3119 (Slice) -> 3176 (Slice)
  3119 (Slice) -> 3191 (Slice)
  3119 (Slice) -> 3175 (Slice)
  3119 (Slice) -> 3172 (Concat)
  3119 (Slice) -> 3173 (Concat)
  3119 (Slice) -> 3169 (Concat)
  3119 (Slice) -> 3230 (Concat)
  3119 (Slice) -> 3116 (Concat)
  3119 (Slice) -> 3267 (Concat)
  3119 (Slice) -> 3235 (Concat)
  3119 (Slice) -> 3122 (Concat)
  3119 (Slice) -> 3163 (Slice)
  3119 (Slice) -> 3212 (Concat)
  3119 (Slice) -> 3136 (Concat)
  3119 (Slice) -> 3128 (Concat)
  3119 (Slice) -> 3174 (Concat)
  3119 (Slice) -> 3155 (Concat)
  3119 (Slice) -> 3229 (Concat)
  3119 (Slice) -> 3186 (Concat)
  3119 (Slice) -> 3126 (Concat)
  3119 (Slice) -> 3120 (Slice)
  3119 (Slice) -> 3257 (Concat)
  3119 (Slice) -> 3184 (Concat)
  3119 (Slice) -> 3124 (Concat)
  3119 (Slice) -> 3256 (Concat)
  3119 (Slice) -> 3112 (Sub)
  3119 (Slice) -> 3113 (Concat)
  3119 (Slice) -> 3223 (Concat)
  3119 (Slice) -> 3197 (Concat)
  3119 (Slice) -> 3123 (Concat)
  3119 (Slice) -> 3220 (Concat)
  3119 (Slice) -> 3187 (Concat)
  3119 (Slice) -> 3157 (Concat)
  3119 (Slice) -> 3117 (Concat)
  3119 (Slice) -> 3135 (Slice)
  3119 (Slice) -> 3151 (Concat)
  3119 (Slice) -> 3150 (Concat)
  3119 (Slice) -> 3170 (Concat)
  3119 (Slice) -> 3138 (Concat)
  3119 (Slice) -> 3154 (Concat)
  3119 (Slice) -> 3140 (Concat)
  3119 (Slice) -> 3146 (Concat)
  3119 (Slice) -> 3125 (Concat)
  3119 (Slice) -> 3147 (Slice)
  3119 (Slice) -> 3227 (Concat)
  3119 (Slice) -> 3131 (Concat)
  3119 (Slice) -> 3178 (Concat)
  3119 (Slice) -> 3149 (Slice)
  3119 (Slice) -> 3206 (Concat)
  3119 (Slice) -> 3152 (Concat)
  3119 (Slice) -> 3243 (Concat)
  3119 (Slice) -> 3139 (Concat)
  3119 (Slice) -> 3110 (Concat)
  3119 (Slice) -> 3216 (Concat)
  3119 (Slice) -> 3153 (Concat)
  3119 (Slice) -> 3156 (Concat)
  3119 (Slice) -> 3198 (Concat)
  3119 (Slice) -> 3255 (Concat)
  3119 (Slice) -> 3159 (Concat)
  3119 (Slice) -> 3145 (Concat)
  3119 (Slice) -> 3266 (Concat)
  3119 (Slice) -> 3162 (Slice)
  3119 (Slice) -> 3158 (Concat)
  3119 (Slice) -> 3253 (Concat)
  3119 (Slice) -> 3164 (Concat)
  3119 (Slice) -> 3238 (Concat)
  3119 (Slice) -> 3240 (Concat)
  3119 (Slice) -> 3237 (Concat)
  3119 (Slice) -> 3278 (Concat)
  3119 (Slice) -> 3245 (Slice)
  3119 (Slice) -> 3246 (Slice)
  3119 (Slice) -> 3247 (Slice)
  3119 (Slice) -> 3142 (Concat)
  3119 (Slice) -> 3248 (Concat)
  3119 (Slice) -> 3249 (Concat)
  3119 (Slice) -> 3250 (Concat)
  3119 (Slice) -> 3251 (Concat)
  3119 (Slice) -> 3167 (Concat)
  3119 (Slice) -> 3224 (Concat)
  3119 (Slice) -> 3254 (Concat)
  3119 (Slice) -> 3202 (Concat)
  3119 (Slice) -> 3259 (Slice)
  3119 (Slice) -> 3260 (Slice)
  3119 (Slice) -> 3118 (Concat)
  3119 (Slice) -> 3261 (Slice)
  3119 (Slice) -> 3271 (Concat)
  3119 (Slice) -> 3262 (Concat)
  3119 (Slice) -> 3265 (Concat)
  3119 (Slice) -> 3268 (Concat)
  3119 (Slice) -> 3205 (Slice)
  3119 (Slice) -> 3269 (Concat)
  3119 (Slice) -> 3270 (Concat)
  3119 (Slice) -> 3272 (Concat)
  3119 (Slice) -> 3273 (Slice)
  3119 (Slice) -> 3275 (Slice)
  3119 (Slice) -> 3194 (Concat)
  3119 (Slice) -> 3274 (Slice)
  3119 (Slice) -> 3276 (Concat)
  3119 (Slice) -> 3277 (Concat)
  3119 (Slice) -> 3279 (Concat)
  3119 (Slice) -> 3280 (Concat)
  3119 (Slice) -> 3281 (Concat)
  3119 (Slice) -> 3252 (Concat)
  3119 (Slice) -> 3179 (Concat)
  3119 (Slice) -> 3115 (Concat)
  3119 (Slice) -> 3258 (Concat)
  3119 (Slice) -> 3166 (Concat)
  3119 (Slice) -> 3160 (Concat)
  3119 (Slice) -> 3239 (Concat)
  3119 (Slice) -> 3137 (Concat)
  3119 (Slice) -> 3183 (Concat)
  3119 (Slice) -> 3242 (Concat)
  3119 (Slice) -> 3181 (Concat)
  3119 (Slice) -> 3129 (Concat)
  3119 (Slice) -> 3161 (Slice)
  3119 (Slice) -> 3232 (Slice)
  3119 (Slice) -> 3213 (Concat)
  3119 (Slice) -> 3114 (Concat)
  3119 (Slice) -> 3263 (Concat)
  3251 (Concat) -> 3231 (Slice)
  3251 (Concat) -> 3219 (Slice)
  3251 (Concat) -> 3236 (Concat)
  3251 (Concat) -> 3225 (Concat)
  3251 (Concat) -> 3177 (Slice)
  3251 (Concat) -> 3234 (Concat)
  3251 (Concat) -> 3190 (Slice)
  3251 (Concat) -> 3210 (Concat)
  3251 (Concat) -> 3218 (Slice)
  3251 (Concat) -> 3143 (Concat)
  3251 (Concat) -> 3168 (Concat)
  3251 (Concat) -> 3217 (Slice)
  3251 (Concat) -> 3222 (Concat)
  3251 (Concat) -> 3214 (Concat)
  3251 (Concat) -> 3211 (Concat)
  3251 (Concat) -> 3121 (Slice)
  3251 (Concat) -> 3226 (Concat)
  3251 (Concat) -> 3111 (Div)
  3251 (Concat) -> 3221 (Concat)
  3251 (Concat) -> 3241 (Concat)
  3251 (Concat) -> 3209 (Concat)
  3251 (Concat) -> 3208 (Concat)
  3251 (Concat) -> 3133 (Slice)
  3251 (Concat) -> 3207 (Concat)
  3251 (Concat) -> 3204 (Slice)
  3251 (Concat) -> 3203 (Slice)
  3251 (Concat) -> 3148 (Slice)
  3251 (Concat) -> 3215 (Concat)
  3251 (Concat) -> 3199 (Concat)
  3251 (Concat) -> 3171 (Concat)
  3251 (Concat) -> 3127 (Concat)
  3251 (Concat) -> 3244 (Concat)
  3251 (Concat) -> 3196 (Concat)
  3251 (Concat) -> 3200 (Concat)
  3251 (Concat) -> 3195 (Concat)
  3251 (Concat) -> 3144 (Concat)
  3251 (Concat) -> 3264 (Concat)
  3251 (Concat) -> 3193 (Concat)
  3251 (Concat) -> 3228 (Concat)
  3251 (Concat) -> 3192 (Concat)
  3251 (Concat) -> 3201 (Concat)
  3251 (Concat) -> 3141 (Concat)
  3251 (Concat) -> 3189 (Slice)
  3251 (Concat) -> 3188 (Concat)
  3251 (Concat) -> 3233 (Slice)
  3251 (Concat) -> 3132 (Concat)
  3251 (Concat) -> 3185 (Concat)
  3251 (Concat) -> 3134 (Slice)
  3251 (Concat) -> 3182 (Concat)
  3251 (Concat) -> 3180 (Concat)
  3251 (Concat) -> 3130 (Concat)
  3251 (Concat) -> 3165 (Concat)
  3251 (Concat) -> 3176 (Slice)
  3251 (Concat) -> 3191 (Slice)
  3251 (Concat) -> 3175 (Slice)
  3251 (Concat) -> 3172 (Concat)
  3251 (Concat) -> 3173 (Concat)
  3251 (Concat) -> 3169 (Concat)
  3251 (Concat) -> 3230 (Concat)
  3251 (Concat) -> 3116 (Concat)
  3251 (Concat) -> 3267 (Concat)
  3251 (Concat) -> 3235 (Concat)
  3251 (Concat) -> 3122 (Concat)
  3251 (Concat) -> 3163 (Slice)
  3251 (Concat) -> 3212 (Concat)
  3251 (Concat) -> 3136 (Concat)
  3251 (Concat) -> 3128 (Concat)
  3251 (Concat) -> 3174 (Concat)
  3251 (Concat) -> 3155 (Concat)
  3251 (Concat) -> 3229 (Concat)
  3251 (Concat) -> 3186 (Concat)
  3251 (Concat) -> 3126 (Concat)
  3251 (Concat) -> 3120 (Slice)
  3251 (Concat) -> 3257 (Concat)
  3251 (Concat) -> 3184 (Concat)
  3251 (Concat) -> 3124 (Concat)
  3251 (Concat) -> 3256 (Concat)
  3251 (Concat) -> 3112 (Sub)
  3251 (Concat) -> 3113 (Concat)
  3251 (Concat) -> 3223 (Concat)
  3251 (Concat) -> 3197 (Concat)
  3251 (Concat) -> 3123 (Concat)
  3251 (Concat) -> 3220 (Concat)
  3251 (Concat) -> 3187 (Concat)
  3251 (Concat) -> 3157 (Concat)
  3251 (Concat) -> 3117 (Concat)
  3251 (Concat) -> 3135 (Slice)
  3251 (Concat) -> 3151 (Concat)
  3251 (Concat) -> 3150 (Concat)
  3251 (Concat) -> 3170 (Concat)
  3251 (Concat) -> 3138 (Concat)
  3251 (Concat) -> 3154 (Concat)
  3251 (Concat) -> 3140 (Concat)
  3251 (Concat) -> 3146 (Concat)
  3251 (Concat) -> 3125 (Concat)
  3251 (Concat) -> 3147 (Slice)
  3251 (Concat) -> 3227 (Concat)
  3251 (Concat) -> 3131 (Concat)
  3251 (Concat) -> 3178 (Concat)
  3251 (Concat) -> 3149 (Slice)
  3251 (Concat) -> 3206 (Concat)
  3251 (Concat) -> 3152 (Concat)
  3251 (Concat) -> 3243 (Concat)
  3251 (Concat) -> 3139 (Concat)
  3251 (Concat) -> 3110 (Concat)
  3251 (Concat) -> 3216 (Concat)
  3251 (Concat) -> 3153 (Concat)
  3251 (Concat) -> 3156 (Concat)
  3251 (Concat) -> 3198 (Concat)
  3251 (Concat) -> 3255 (Concat)
  3251 (Concat) -> 3159 (Concat)
  3251 (Concat) -> 3145 (Concat)
  3251 (Concat) -> 3266 (Concat)
  3251 (Concat) -> 3162 (Slice)
  3251 (Concat) -> 3158 (Concat)
  3251 (Concat) -> 3253 (Concat)
  3251 (Concat) -> 3164 (Concat)
  3251 (Concat) -> 3238 (Concat)
  3251 (Concat) -> 3240 (Concat)
  3251 (Concat) -> 3237 (Concat)
  3251 (Concat) -> 3278 (Concat)
  3251 (Concat) -> 3245 (Slice)
  3251 (Concat) -> 3246 (Slice)
  3251 (Concat) -> 3247 (Slice)
  3251 (Concat) -> 3142 (Concat)
  3251 (Concat) -> 3248 (Concat)
  3251 (Concat) -> 3249 (Concat)
  3251 (Concat) -> 3250 (Concat)
  3251 (Concat) -> 3119 (Slice)
  3251 (Concat) -> 3167 (Concat)
  3251 (Concat) -> 3224 (Concat)
  3251 (Concat) -> 3254 (Concat)
  3251 (Concat) -> 3202 (Concat)
  3251 (Concat) -> 3259 (Slice)
  3251 (Concat) -> 3260 (Slice)
  3251 (Concat) -> 3118 (Concat)
  3251 (Concat) -> 3261 (Slice)
  3251 (Concat) -> 3271 (Concat)
  3251 (Concat) -> 3262 (Concat)
  3251 (Concat) -> 3265 (Concat)
  3251 (Concat) -> 3268 (Concat)
  3251 (Concat) -> 3205 (Slice)
  3251 (Concat) -> 3269 (Concat)
  3251 (Concat) -> 3270 (Concat)
  3251 (Concat) -> 3272 (Concat)
  3251 (Concat) -> 3273 (Slice)
  3251 (Concat) -> 3275 (Slice)
  3251 (Concat) -> 3194 (Concat)
  3251 (Concat) -> 3274 (Slice)
  3251 (Concat) -> 3276 (Concat)
  3251 (Concat) -> 3277 (Concat)
  3251 (Concat) -> 3279 (Concat)
  3251 (Concat) -> 3280 (Concat)
  3251 (Concat) -> 3281 (Concat)
  3251 (Concat) -> 3252 (Concat)
  3251 (Concat) -> 3179 (Concat)
  3251 (Concat) -> 3115 (Concat)
  3251 (Concat) -> 3258 (Concat)
  3251 (Concat) -> 3166 (Concat)
  3251 (Concat) -> 3160 (Concat)
  3251 (Concat) -> 3239 (Concat)
  3251 (Concat) -> 3137 (Concat)
  3251 (Concat) -> 3183 (Concat)
  3251 (Concat) -> 3242 (Concat)
  3251 (Concat) -> 3181 (Concat)
  3251 (Concat) -> 3129 (Concat)
  3251 (Concat) -> 3161 (Slice)
  3251 (Concat) -> 3232 (Slice)
  3251 (Concat) -> 3213 (Concat)
  3251 (Concat) -> 3114 (Concat)
  3251 (Concat) -> 3263 (Concat)
  3167 (Concat) -> 3231 (Slice)
  3167 (Concat) -> 3219 (Slice)
  3167 (Concat) -> 3236 (Concat)
  3167 (Concat) -> 3225 (Concat)
  3167 (Concat) -> 3177 (Slice)
  3167 (Concat) -> 3234 (Concat)
  3167 (Concat) -> 3190 (Slice)
  3167 (Concat) -> 3210 (Concat)
  3167 (Concat) -> 3218 (Slice)
  3167 (Concat) -> 3143 (Concat)
  3167 (Concat) -> 3168 (Concat)
  3167 (Concat) -> 3217 (Slice)
  3167 (Concat) -> 3222 (Concat)
  3167 (Concat) -> 3214 (Concat)
  3167 (Concat) -> 3211 (Concat)
  3167 (Concat) -> 3121 (Slice)
  3167 (Concat) -> 3226 (Concat)
  3167 (Concat) -> 3111 (Div)
  3167 (Concat) -> 3221 (Concat)
  3167 (Concat) -> 3241 (Concat)
  3167 (Concat) -> 3209 (Concat)
  3167 (Concat) -> 3208 (Concat)
  3167 (Concat) -> 3133 (Slice)
  3167 (Concat) -> 3207 (Concat)
  3167 (Concat) -> 3204 (Slice)
  3167 (Concat) -> 3203 (Slice)
  3167 (Concat) -> 3148 (Slice)
  3167 (Concat) -> 3215 (Concat)
  3167 (Concat) -> 3199 (Concat)
  3167 (Concat) -> 3171 (Concat)
  3167 (Concat) -> 3127 (Concat)
  3167 (Concat) -> 3244 (Concat)
  3167 (Concat) -> 3196 (Concat)
  3167 (Concat) -> 3200 (Concat)
  3167 (Concat) -> 3195 (Concat)
  3167 (Concat) -> 3144 (Concat)
  3167 (Concat) -> 3264 (Concat)
  3167 (Concat) -> 3193 (Concat)
  3167 (Concat) -> 3228 (Concat)
  3167 (Concat) -> 3192 (Concat)
  3167 (Concat) -> 3201 (Concat)
  3167 (Concat) -> 3141 (Concat)
  3167 (Concat) -> 3189 (Slice)
  3167 (Concat) -> 3188 (Concat)
  3167 (Concat) -> 3233 (Slice)
  3167 (Concat) -> 3132 (Concat)
  3167 (Concat) -> 3185 (Concat)
  3167 (Concat) -> 3134 (Slice)
  3167 (Concat) -> 3182 (Concat)
  3167 (Concat) -> 3180 (Concat)
  3167 (Concat) -> 3130 (Concat)
  3167 (Concat) -> 3165 (Concat)
  3167 (Concat) -> 3176 (Slice)
  3167 (Concat) -> 3191 (Slice)
  3167 (Concat) -> 3175 (Slice)
  3167 (Concat) -> 3172 (Concat)
  3167 (Concat) -> 3173 (Concat)
  3167 (Concat) -> 3169 (Concat)
  3167 (Concat) -> 3230 (Concat)
  3167 (Concat) -> 3116 (Concat)
  3167 (Concat) -> 3267 (Concat)
  3167 (Concat) -> 3235 (Concat)
  3167 (Concat) -> 3122 (Concat)
  3167 (Concat) -> 3163 (Slice)
  3167 (Concat) -> 3212 (Concat)
  3167 (Concat) -> 3136 (Concat)
  3167 (Concat) -> 3128 (Concat)
  3167 (Concat) -> 3174 (Concat)
  3167 (Concat) -> 3155 (Concat)
  3167 (Concat) -> 3229 (Concat)
  3167 (Concat) -> 3186 (Concat)
  3167 (Concat) -> 3126 (Concat)
  3167 (Concat) -> 3120 (Slice)
  3167 (Concat) -> 3257 (Concat)
  3167 (Concat) -> 3184 (Concat)
  3167 (Concat) -> 3124 (Concat)
  3167 (Concat) -> 3256 (Concat)
  3167 (Concat) -> 3112 (Sub)
  3167 (Concat) -> 3113 (Concat)
  3167 (Concat) -> 3223 (Concat)
  3167 (Concat) -> 3197 (Concat)
  3167 (Concat) -> 3123 (Concat)
  3167 (Concat) -> 3220 (Concat)
  3167 (Concat) -> 3187 (Concat)
  3167 (Concat) -> 3157 (Concat)
  3167 (Concat) -> 3117 (Concat)
  3167 (Concat) -> 3135 (Slice)
  3167 (Concat) -> 3151 (Concat)
  3167 (Concat) -> 3150 (Concat)
  3167 (Concat) -> 3170 (Concat)
  3167 (Concat) -> 3138 (Concat)
  3167 (Concat) -> 3154 (Concat)
  3167 (Concat) -> 3140 (Concat)
  3167 (Concat) -> 3146 (Concat)
  3167 (Concat) -> 3125 (Concat)
  3167 (Concat) -> 3147 (Slice)
  3167 (Concat) -> 3227 (Concat)
  3167 (Concat) -> 3131 (Concat)
  3167 (Concat) -> 3178 (Concat)
  3167 (Concat) -> 3149 (Slice)
  3167 (Concat) -> 3206 (Concat)
  3167 (Concat) -> 3152 (Concat)
  3167 (Concat) -> 3243 (Concat)
  3167 (Concat) -> 3139 (Concat)
  3167 (Concat) -> 3110 (Concat)
  3167 (Concat) -> 3216 (Concat)
  3167 (Concat) -> 3153 (Concat)
  3167 (Concat) -> 3156 (Concat)
  3167 (Concat) -> 3198 (Concat)
  3167 (Concat) -> 3255 (Concat)
  3167 (Concat) -> 3159 (Concat)
  3167 (Concat) -> 3145 (Concat)
  3167 (Concat) -> 3266 (Concat)
  3167 (Concat) -> 3162 (Slice)
  3167 (Concat) -> 3158 (Concat)
  3167 (Concat) -> 3253 (Concat)
  3167 (Concat) -> 3164 (Concat)
  3167 (Concat) -> 3238 (Concat)
  3167 (Concat) -> 3240 (Concat)
  3167 (Concat) -> 3237 (Concat)
  3167 (Concat) -> 3278 (Concat)
  3167 (Concat) -> 3245 (Slice)
  3167 (Concat) -> 3246 (Slice)
  3167 (Concat) -> 3247 (Slice)
  3167 (Concat) -> 3142 (Concat)
  3167 (Concat) -> 3248 (Concat)
  3167 (Concat) -> 3249 (Concat)
  3167 (Concat) -> 3250 (Concat)
  3167 (Concat) -> 3119 (Slice)
  3167 (Concat) -> 3251 (Concat)
  3167 (Concat) -> 3224 (Concat)
  3167 (Concat) -> 3254 (Concat)
  3167 (Concat) -> 3202 (Concat)
  3167 (Concat) -> 3259 (Slice)
  3167 (Concat) -> 3260 (Slice)
  3167 (Concat) -> 3118 (Concat)
  3167 (Concat) -> 3261 (Slice)
  3167 (Concat) -> 3271 (Concat)
  3167 (Concat) -> 3262 (Concat)
  3167 (Concat) -> 3265 (Concat)
  3167 (Concat) -> 3268 (Concat)
  3167 (Concat) -> 3205 (Slice)
  3167 (Concat) -> 3269 (Concat)
  3167 (Concat) -> 3270 (Concat)
  3167 (Concat) -> 3272 (Concat)
  3167 (Concat) -> 3273 (Slice)
  3167 (Concat) -> 3275 (Slice)
  3167 (Concat) -> 3194 (Concat)
  3167 (Concat) -> 3274 (Slice)
  3167 (Concat) -> 3276 (Concat)
  3167 (Concat) -> 3277 (Concat)
  3167 (Concat) -> 3279 (Concat)
  3167 (Concat) -> 3280 (Concat)
  3167 (Concat) -> 3281 (Concat)
  3167 (Concat) -> 3252 (Concat)
  3167 (Concat) -> 3179 (Concat)
  3167 (Concat) -> 3115 (Concat)
  3167 (Concat) -> 3258 (Concat)
  3167 (Concat) -> 3166 (Concat)
  3167 (Concat) -> 3160 (Concat)
  3167 (Concat) -> 3239 (Concat)
  3167 (Concat) -> 3137 (Concat)
  3167 (Concat) -> 3183 (Concat)
  3167 (Concat) -> 3242 (Concat)
  3167 (Concat) -> 3181 (Concat)
  3167 (Concat) -> 3129 (Concat)
  3167 (Concat) -> 3161 (Slice)
  3167 (Concat) -> 3232 (Slice)
  3167 (Concat) -> 3213 (Concat)
  3167 (Concat) -> 3114 (Concat)
  3167 (Concat) -> 3263 (Concat)
  h.8.ln_1 (Add) -> h.6.attn.c_proj (Gemm)
  h.8.ln_1 (Add) -> h.5.mlp.c_proj (Gemm)
  h.8.ln_1 (Add) -> h.6.mlp.c_proj (Gemm)
  h.8.ln_1 (Add) -> h.3.ln_2 (Add)
  h.8.ln_1 (Add) -> h.0.ln_1 (Add)
  h.8.ln_1 (Add) -> h.9.mlp.c_proj (Gemm)
  h.8.ln_1 (Add) -> h.6.ln_1 (Add)
  h.8.ln_1 (Add) -> h.2.ln_1 (Add)
  h.8.ln_1 (Add) -> h.11.attn.c_proj (Gemm)
  h.8.ln_1 (Add) -> h.5.attn.c_proj (Gemm)
  h.8.ln_1 (Add) -> h.10.ln_1 (Add)
  h.8.ln_1 (Add) -> h.1.attn.c_proj (Gemm)
  h.8.ln_1 (Add) -> h.1.ln_1 (Add)
  h.8.ln_1 (Add) -> h.0.attn.c_proj (Gemm)
  h.8.ln_1 (Add) -> h.11.mlp.c_proj (Gemm)
  h.8.ln_1 (Add) -> h.6.ln_2 (Add)
  h.8.ln_1 (Add) -> h.0.ln_2 (Add)
  h.8.ln_1 (Add) -> h.9.attn.c_proj (Gemm)
  h.8.ln_1 (Add) -> h.0.mlp.c_proj (Gemm)
  h.8.ln_1 (Add) -> h.10.ln_2 (Add)
  h.8.ln_1 (Add) -> h.1.ln_2 (Add)
  h.8.ln_1 (Add) -> h.4.ln_2 (Add)
  h.8.ln_1 (Add) -> h.1.mlp.c_proj (Gemm)
  h.8.ln_1 (Add) -> h.11.ln_1 (Add)
  h.8.ln_1 (Add) -> h.8.attn.c_proj (Gemm)
  h.8.ln_1 (Add) -> h.10.attn.c_proj (Gemm)
  h.8.ln_1 (Add) -> h.10.mlp.c_proj (Gemm)
  h.8.ln_1 (Add) -> h.11.ln_2 (Add)
  h.8.ln_1 (Add) -> h.3.ln_1 (Add)
  h.8.ln_1 (Add) -> h.8.ln_2 (Add)
  h.8.ln_1 (Add) -> h.3.mlp.c_proj (Gemm)
  h.8.ln_1 (Add) -> h.2.attn.c_proj (Gemm)
  h.8.ln_1 (Add) -> h.2.ln_2 (Add)
  h.8.ln_1 (Add) -> h.2.mlp.c_proj (Gemm)
  h.8.ln_1 (Add) -> h.7.mlp.c_proj (Gemm)
  h.8.ln_1 (Add) -> h.3.attn.c_proj (Gemm)
  h.8.ln_1 (Add) -> h.7.attn.c_proj (Gemm)
  h.8.ln_1 (Add) -> h.4.attn.c_proj (Gemm)
  h.8.ln_1 (Add) -> h.4.ln_1 (Add)
  h.8.ln_1 (Add) -> h.4.mlp.c_proj (Gemm)
  h.8.ln_1 (Add) -> h.5.ln_2 (Add)
  h.8.ln_1 (Add) -> h.7.ln_1 (Add)
  h.8.ln_1 (Add) -> h.5.ln_1 (Add)
  h.8.ln_1 (Add) -> h.7.ln_2 (Add)
  h.8.ln_1 (Add) -> h.8.mlp.c_proj (Gemm)
  h.8.ln_1 (Add) -> h.9.ln_1 (Add)
  h.8.ln_1 (Add) -> h.9.ln_2 (Add)
  h.8.ln_1 (Add) -> ln_f (Add)
  3224 (Concat) -> 3231 (Slice)
  3224 (Concat) -> 3219 (Slice)
  3224 (Concat) -> 3236 (Concat)
  3224 (Concat) -> 3225 (Concat)
  3224 (Concat) -> 3177 (Slice)
  3224 (Concat) -> 3234 (Concat)
  3224 (Concat) -> 3190 (Slice)
  3224 (Concat) -> 3210 (Concat)
  3224 (Concat) -> 3218 (Slice)
  3224 (Concat) -> 3143 (Concat)
  3224 (Concat) -> 3168 (Concat)
  3224 (Concat) -> 3217 (Slice)
  3224 (Concat) -> 3222 (Concat)
  3224 (Concat) -> 3214 (Concat)
  3224 (Concat) -> 3211 (Concat)
  3224 (Concat) -> 3121 (Slice)
  3224 (Concat) -> 3226 (Concat)
  3224 (Concat) -> 3111 (Div)
  3224 (Concat) -> 3221 (Concat)
  3224 (Concat) -> 3241 (Concat)
  3224 (Concat) -> 3209 (Concat)
  3224 (Concat) -> 3208 (Concat)
  3224 (Concat) -> 3133 (Slice)
  3224 (Concat) -> 3207 (Concat)
  3224 (Concat) -> 3204 (Slice)
  3224 (Concat) -> 3203 (Slice)
  3224 (Concat) -> 3148 (Slice)
  3224 (Concat) -> 3215 (Concat)
  3224 (Concat) -> 3199 (Concat)
  3224 (Concat) -> 3171 (Concat)
  3224 (Concat) -> 3127 (Concat)
  3224 (Concat) -> 3244 (Concat)
  3224 (Concat) -> 3196 (Concat)
  3224 (Concat) -> 3200 (Concat)
  3224 (Concat) -> 3195 (Concat)
  3224 (Concat) -> 3144 (Concat)
  3224 (Concat) -> 3264 (Concat)
  3224 (Concat) -> 3193 (Concat)
  3224 (Concat) -> 3228 (Concat)
  3224 (Concat) -> 3192 (Concat)
  3224 (Concat) -> 3201 (Concat)
  3224 (Concat) -> 3141 (Concat)
  3224 (Concat) -> 3189 (Slice)
  3224 (Concat) -> 3188 (Concat)
  3224 (Concat) -> 3233 (Slice)
  3224 (Concat) -> 3132 (Concat)
  3224 (Concat) -> 3185 (Concat)
  3224 (Concat) -> 3134 (Slice)
  3224 (Concat) -> 3182 (Concat)
  3224 (Concat) -> 3180 (Concat)
  3224 (Concat) -> 3130 (Concat)
  3224 (Concat) -> 3165 (Concat)
  3224 (Concat) -> 3176 (Slice)
  3224 (Concat) -> 3191 (Slice)
  3224 (Concat) -> 3175 (Slice)
  3224 (Concat) -> 3172 (Concat)
  3224 (Concat) -> 3173 (Concat)
  3224 (Concat) -> 3169 (Concat)
  3224 (Concat) -> 3230 (Concat)
  3224 (Concat) -> 3116 (Concat)
  3224 (Concat) -> 3267 (Concat)
  3224 (Concat) -> 3235 (Concat)
  3224 (Concat) -> 3122 (Concat)
  3224 (Concat) -> 3163 (Slice)
  3224 (Concat) -> 3212 (Concat)
  3224 (Concat) -> 3136 (Concat)
  3224 (Concat) -> 3128 (Concat)
  3224 (Concat) -> 3174 (Concat)
  3224 (Concat) -> 3155 (Concat)
  3224 (Concat) -> 3229 (Concat)
  3224 (Concat) -> 3186 (Concat)
  3224 (Concat) -> 3126 (Concat)
  3224 (Concat) -> 3120 (Slice)
  3224 (Concat) -> 3257 (Concat)
  3224 (Concat) -> 3184 (Concat)
  3224 (Concat) -> 3124 (Concat)
  3224 (Concat) -> 3256 (Concat)
  3224 (Concat) -> 3112 (Sub)
  3224 (Concat) -> 3113 (Concat)
  3224 (Concat) -> 3223 (Concat)
  3224 (Concat) -> 3197 (Concat)
  3224 (Concat) -> 3123 (Concat)
  3224 (Concat) -> 3220 (Concat)
  3224 (Concat) -> 3187 (Concat)
  3224 (Concat) -> 3157 (Concat)
  3224 (Concat) -> 3117 (Concat)
  3224 (Concat) -> 3135 (Slice)
  3224 (Concat) -> 3151 (Concat)
  3224 (Concat) -> 3150 (Concat)
  3224 (Concat) -> 3170 (Concat)
  3224 (Concat) -> 3138 (Concat)
  3224 (Concat) -> 3154 (Concat)
  3224 (Concat) -> 3140 (Concat)
  3224 (Concat) -> 3146 (Concat)
  3224 (Concat) -> 3125 (Concat)
  3224 (Concat) -> 3147 (Slice)
  3224 (Concat) -> 3227 (Concat)
  3224 (Concat) -> 3131 (Concat)
  3224 (Concat) -> 3178 (Concat)
  3224 (Concat) -> 3149 (Slice)
  3224 (Concat) -> 3206 (Concat)
  3224 (Concat) -> 3152 (Concat)
  3224 (Concat) -> 3243 (Concat)
  3224 (Concat) -> 3139 (Concat)
  3224 (Concat) -> 3110 (Concat)
  3224 (Concat) -> 3216 (Concat)
  3224 (Concat) -> 3153 (Concat)
  3224 (Concat) -> 3156 (Concat)
  3224 (Concat) -> 3198 (Concat)
  3224 (Concat) -> 3255 (Concat)
  3224 (Concat) -> 3159 (Concat)
  3224 (Concat) -> 3145 (Concat)
  3224 (Concat) -> 3266 (Concat)
  3224 (Concat) -> 3162 (Slice)
  3224 (Concat) -> 3158 (Concat)
  3224 (Concat) -> 3253 (Concat)
  3224 (Concat) -> 3164 (Concat)
  3224 (Concat) -> 3238 (Concat)
  3224 (Concat) -> 3240 (Concat)
  3224 (Concat) -> 3237 (Concat)
  3224 (Concat) -> 3278 (Concat)
  3224 (Concat) -> 3245 (Slice)
  3224 (Concat) -> 3246 (Slice)
  3224 (Concat) -> 3247 (Slice)
  3224 (Concat) -> 3142 (Concat)
  3224 (Concat) -> 3248 (Concat)
  3224 (Concat) -> 3249 (Concat)
  3224 (Concat) -> 3250 (Concat)
  3224 (Concat) -> 3119 (Slice)
  3224 (Concat) -> 3251 (Concat)
  3224 (Concat) -> 3167 (Concat)
  3224 (Concat) -> 3254 (Concat)
  3224 (Concat) -> 3202 (Concat)
  3224 (Concat) -> 3259 (Slice)
  3224 (Concat) -> 3260 (Slice)
  3224 (Concat) -> 3118 (Concat)
  3224 (Concat) -> 3261 (Slice)
  3224 (Concat) -> 3271 (Concat)
  3224 (Concat) -> 3262 (Concat)
  3224 (Concat) -> 3265 (Concat)
  3224 (Concat) -> 3268 (Concat)
  3224 (Concat) -> 3205 (Slice)
  3224 (Concat) -> 3269 (Concat)
  3224 (Concat) -> 3270 (Concat)
  3224 (Concat) -> 3272 (Concat)
  3224 (Concat) -> 3273 (Slice)
  3224 (Concat) -> 3275 (Slice)
  3224 (Concat) -> 3194 (Concat)
  3224 (Concat) -> 3274 (Slice)
  3224 (Concat) -> 3276 (Concat)
  3224 (Concat) -> 3277 (Concat)
  3224 (Concat) -> 3279 (Concat)
  3224 (Concat) -> 3280 (Concat)
  3224 (Concat) -> 3281 (Concat)
  3224 (Concat) -> 3252 (Concat)
  3224 (Concat) -> 3179 (Concat)
  3224 (Concat) -> 3115 (Concat)
  3224 (Concat) -> 3258 (Concat)
  3224 (Concat) -> 3166 (Concat)
  3224 (Concat) -> 3160 (Concat)
  3224 (Concat) -> 3239 (Concat)
  3224 (Concat) -> 3137 (Concat)
  3224 (Concat) -> 3183 (Concat)
  3224 (Concat) -> 3242 (Concat)
  3224 (Concat) -> 3181 (Concat)
  3224 (Concat) -> 3129 (Concat)
  3224 (Concat) -> 3161 (Slice)
  3224 (Concat) -> 3232 (Slice)
  3224 (Concat) -> 3213 (Concat)
  3224 (Concat) -> 3114 (Concat)
  3224 (Concat) -> 3263 (Concat)
  3254 (Concat) -> 3231 (Slice)
  3254 (Concat) -> 3219 (Slice)
  3254 (Concat) -> 3236 (Concat)
  3254 (Concat) -> 3225 (Concat)
  3254 (Concat) -> 3177 (Slice)
  3254 (Concat) -> 3234 (Concat)
  3254 (Concat) -> 3190 (Slice)
  3254 (Concat) -> 3210 (Concat)
  3254 (Concat) -> 3218 (Slice)
  3254 (Concat) -> 3143 (Concat)
  3254 (Concat) -> 3168 (Concat)
  3254 (Concat) -> 3217 (Slice)
  3254 (Concat) -> 3222 (Concat)
  3254 (Concat) -> 3214 (Concat)
  3254 (Concat) -> 3211 (Concat)
  3254 (Concat) -> 3121 (Slice)
  3254 (Concat) -> 3226 (Concat)
  3254 (Concat) -> 3111 (Div)
  3254 (Concat) -> 3221 (Concat)
  3254 (Concat) -> 3241 (Concat)
  3254 (Concat) -> 3209 (Concat)
  3254 (Concat) -> 3208 (Concat)
  3254 (Concat) -> 3133 (Slice)
  3254 (Concat) -> 3207 (Concat)
  3254 (Concat) -> 3204 (Slice)
  3254 (Concat) -> 3203 (Slice)
  3254 (Concat) -> 3148 (Slice)
  3254 (Concat) -> 3215 (Concat)
  3254 (Concat) -> 3199 (Concat)
  3254 (Concat) -> 3171 (Concat)
  3254 (Concat) -> 3127 (Concat)
  3254 (Concat) -> 3244 (Concat)
  3254 (Concat) -> 3196 (Concat)
  3254 (Concat) -> 3200 (Concat)
  3254 (Concat) -> 3195 (Concat)
  3254 (Concat) -> 3144 (Concat)
  3254 (Concat) -> 3264 (Concat)
  3254 (Concat) -> 3193 (Concat)
  3254 (Concat) -> 3228 (Concat)
  3254 (Concat) -> 3192 (Concat)
  3254 (Concat) -> 3201 (Concat)
  3254 (Concat) -> 3141 (Concat)
  3254 (Concat) -> 3189 (Slice)
  3254 (Concat) -> 3188 (Concat)
  3254 (Concat) -> 3233 (Slice)
  3254 (Concat) -> 3132 (Concat)
  3254 (Concat) -> 3185 (Concat)
  3254 (Concat) -> 3134 (Slice)
  3254 (Concat) -> 3182 (Concat)
  3254 (Concat) -> 3180 (Concat)
  3254 (Concat) -> 3130 (Concat)
  3254 (Concat) -> 3165 (Concat)
  3254 (Concat) -> 3176 (Slice)
  3254 (Concat) -> 3191 (Slice)
  3254 (Concat) -> 3175 (Slice)
  3254 (Concat) -> 3172 (Concat)
  3254 (Concat) -> 3173 (Concat)
  3254 (Concat) -> 3169 (Concat)
  3254 (Concat) -> 3230 (Concat)
  3254 (Concat) -> 3116 (Concat)
  3254 (Concat) -> 3267 (Concat)
  3254 (Concat) -> 3235 (Concat)
  3254 (Concat) -> 3122 (Concat)
  3254 (Concat) -> 3163 (Slice)
  3254 (Concat) -> 3212 (Concat)
  3254 (Concat) -> 3136 (Concat)
  3254 (Concat) -> 3128 (Concat)
  3254 (Concat) -> 3174 (Concat)
  3254 (Concat) -> 3155 (Concat)
  3254 (Concat) -> 3229 (Concat)
  3254 (Concat) -> 3186 (Concat)
  3254 (Concat) -> 3126 (Concat)
  3254 (Concat) -> 3120 (Slice)
  3254 (Concat) -> 3257 (Concat)
  3254 (Concat) -> 3184 (Concat)
  3254 (Concat) -> 3124 (Concat)
  3254 (Concat) -> 3256 (Concat)
  3254 (Concat) -> 3112 (Sub)
  3254 (Concat) -> 3113 (Concat)
  3254 (Concat) -> 3223 (Concat)
  3254 (Concat) -> 3197 (Concat)
  3254 (Concat) -> 3123 (Concat)
  3254 (Concat) -> 3220 (Concat)
  3254 (Concat) -> 3187 (Concat)
  3254 (Concat) -> 3157 (Concat)
  3254 (Concat) -> 3117 (Concat)
  3254 (Concat) -> 3135 (Slice)
  3254 (Concat) -> 3151 (Concat)
  3254 (Concat) -> 3150 (Concat)
  3254 (Concat) -> 3170 (Concat)
  3254 (Concat) -> 3138 (Concat)
  3254 (Concat) -> 3154 (Concat)
  3254 (Concat) -> 3140 (Concat)
  3254 (Concat) -> 3146 (Concat)
  3254 (Concat) -> 3125 (Concat)
  3254 (Concat) -> 3147 (Slice)
  3254 (Concat) -> 3227 (Concat)
  3254 (Concat) -> 3131 (Concat)
  3254 (Concat) -> 3178 (Concat)
  3254 (Concat) -> 3149 (Slice)
  3254 (Concat) -> 3206 (Concat)
  3254 (Concat) -> 3152 (Concat)
  3254 (Concat) -> 3243 (Concat)
  3254 (Concat) -> 3139 (Concat)
  3254 (Concat) -> 3110 (Concat)
  3254 (Concat) -> 3216 (Concat)
  3254 (Concat) -> 3153 (Concat)
  3254 (Concat) -> 3156 (Concat)
  3254 (Concat) -> 3198 (Concat)
  3254 (Concat) -> 3255 (Concat)
  3254 (Concat) -> 3159 (Concat)
  3254 (Concat) -> 3145 (Concat)
  3254 (Concat) -> 3266 (Concat)
  3254 (Concat) -> 3162 (Slice)
  3254 (Concat) -> 3158 (Concat)
  3254 (Concat) -> 3253 (Concat)
  3254 (Concat) -> 3164 (Concat)
  3254 (Concat) -> 3238 (Concat)
  3254 (Concat) -> 3240 (Concat)
  3254 (Concat) -> 3237 (Concat)
  3254 (Concat) -> 3278 (Concat)
  3254 (Concat) -> 3245 (Slice)
  3254 (Concat) -> 3246 (Slice)
  3254 (Concat) -> 3247 (Slice)
  3254 (Concat) -> 3142 (Concat)
  3254 (Concat) -> 3248 (Concat)
  3254 (Concat) -> 3249 (Concat)
  3254 (Concat) -> 3250 (Concat)
  3254 (Concat) -> 3119 (Slice)
  3254 (Concat) -> 3251 (Concat)
  3254 (Concat) -> 3167 (Concat)
  3254 (Concat) -> 3224 (Concat)
  3254 (Concat) -> 3202 (Concat)
  3254 (Concat) -> 3259 (Slice)
  3254 (Concat) -> 3260 (Slice)
  3254 (Concat) -> 3118 (Concat)
  3254 (Concat) -> 3261 (Slice)
  3254 (Concat) -> 3271 (Concat)
  3254 (Concat) -> 3262 (Concat)
  3254 (Concat) -> 3265 (Concat)
  3254 (Concat) -> 3268 (Concat)
  3254 (Concat) -> 3205 (Slice)
  3254 (Concat) -> 3269 (Concat)
  3254 (Concat) -> 3270 (Concat)
  3254 (Concat) -> 3272 (Concat)
  3254 (Concat) -> 3273 (Slice)
  3254 (Concat) -> 3275 (Slice)
  3254 (Concat) -> 3194 (Concat)
  3254 (Concat) -> 3274 (Slice)
  3254 (Concat) -> 3276 (Concat)
  3254 (Concat) -> 3277 (Concat)
  3254 (Concat) -> 3279 (Concat)
  3254 (Concat) -> 3280 (Concat)
  3254 (Concat) -> 3281 (Concat)
  3254 (Concat) -> 3252 (Concat)
  3254 (Concat) -> 3179 (Concat)
  3254 (Concat) -> 3115 (Concat)
  3254 (Concat) -> 3258 (Concat)
  3254 (Concat) -> 3166 (Concat)
  3254 (Concat) -> 3160 (Concat)
  3254 (Concat) -> 3239 (Concat)
  3254 (Concat) -> 3137 (Concat)
  3254 (Concat) -> 3183 (Concat)
  3254 (Concat) -> 3242 (Concat)
  3254 (Concat) -> 3181 (Concat)
  3254 (Concat) -> 3129 (Concat)
  3254 (Concat) -> 3161 (Slice)
  3254 (Concat) -> 3232 (Slice)
  3254 (Concat) -> 3213 (Concat)
  3254 (Concat) -> 3114 (Concat)
  3254 (Concat) -> 3263 (Concat)
  3202 (Concat) -> 3231 (Slice)
  3202 (Concat) -> 3219 (Slice)
  3202 (Concat) -> 3236 (Concat)
  3202 (Concat) -> 3225 (Concat)
  3202 (Concat) -> 3177 (Slice)
  3202 (Concat) -> 3234 (Concat)
  3202 (Concat) -> 3190 (Slice)
  3202 (Concat) -> 3210 (Concat)
  3202 (Concat) -> 3218 (Slice)
  3202 (Concat) -> 3143 (Concat)
  3202 (Concat) -> 3168 (Concat)
  3202 (Concat) -> 3217 (Slice)
  3202 (Concat) -> 3222 (Concat)
  3202 (Concat) -> 3214 (Concat)
  3202 (Concat) -> 3211 (Concat)
  3202 (Concat) -> 3121 (Slice)
  3202 (Concat) -> 3226 (Concat)
  3202 (Concat) -> 3111 (Div)
  3202 (Concat) -> 3221 (Concat)
  3202 (Concat) -> 3241 (Concat)
  3202 (Concat) -> 3209 (Concat)
  3202 (Concat) -> 3208 (Concat)
  3202 (Concat) -> 3133 (Slice)
  3202 (Concat) -> 3207 (Concat)
  3202 (Concat) -> 3204 (Slice)
  3202 (Concat) -> 3203 (Slice)
  3202 (Concat) -> 3148 (Slice)
  3202 (Concat) -> 3215 (Concat)
  3202 (Concat) -> 3199 (Concat)
  3202 (Concat) -> 3171 (Concat)
  3202 (Concat) -> 3127 (Concat)
  3202 (Concat) -> 3244 (Concat)
  3202 (Concat) -> 3196 (Concat)
  3202 (Concat) -> 3200 (Concat)
  3202 (Concat) -> 3195 (Concat)
  3202 (Concat) -> 3144 (Concat)
  3202 (Concat) -> 3264 (Concat)
  3202 (Concat) -> 3193 (Concat)
  3202 (Concat) -> 3228 (Concat)
  3202 (Concat) -> 3192 (Concat)
  3202 (Concat) -> 3201 (Concat)
  3202 (Concat) -> 3141 (Concat)
  3202 (Concat) -> 3189 (Slice)
  3202 (Concat) -> 3188 (Concat)
  3202 (Concat) -> 3233 (Slice)
  3202 (Concat) -> 3132 (Concat)
  3202 (Concat) -> 3185 (Concat)
  3202 (Concat) -> 3134 (Slice)
  3202 (Concat) -> 3182 (Concat)
  3202 (Concat) -> 3180 (Concat)
  3202 (Concat) -> 3130 (Concat)
  3202 (Concat) -> 3165 (Concat)
  3202 (Concat) -> 3176 (Slice)
  3202 (Concat) -> 3191 (Slice)
  3202 (Concat) -> 3175 (Slice)
  3202 (Concat) -> 3172 (Concat)
  3202 (Concat) -> 3173 (Concat)
  3202 (Concat) -> 3169 (Concat)
  3202 (Concat) -> 3230 (Concat)
  3202 (Concat) -> 3116 (Concat)
  3202 (Concat) -> 3267 (Concat)
  3202 (Concat) -> 3235 (Concat)
  3202 (Concat) -> 3122 (Concat)
  3202 (Concat) -> 3163 (Slice)
  3202 (Concat) -> 3212 (Concat)
  3202 (Concat) -> 3136 (Concat)
  3202 (Concat) -> 3128 (Concat)
  3202 (Concat) -> 3174 (Concat)
  3202 (Concat) -> 3155 (Concat)
  3202 (Concat) -> 3229 (Concat)
  3202 (Concat) -> 3186 (Concat)
  3202 (Concat) -> 3126 (Concat)
  3202 (Concat) -> 3120 (Slice)
  3202 (Concat) -> 3257 (Concat)
  3202 (Concat) -> 3184 (Concat)
  3202 (Concat) -> 3124 (Concat)
  3202 (Concat) -> 3256 (Concat)
  3202 (Concat) -> 3112 (Sub)
  3202 (Concat) -> 3113 (Concat)
  3202 (Concat) -> 3223 (Concat)
  3202 (Concat) -> 3197 (Concat)
  3202 (Concat) -> 3123 (Concat)
  3202 (Concat) -> 3220 (Concat)
  3202 (Concat) -> 3187 (Concat)
  3202 (Concat) -> 3157 (Concat)
  3202 (Concat) -> 3117 (Concat)
  3202 (Concat) -> 3135 (Slice)
  3202 (Concat) -> 3151 (Concat)
  3202 (Concat) -> 3150 (Concat)
  3202 (Concat) -> 3170 (Concat)
  3202 (Concat) -> 3138 (Concat)
  3202 (Concat) -> 3154 (Concat)
  3202 (Concat) -> 3140 (Concat)
  3202 (Concat) -> 3146 (Concat)
  3202 (Concat) -> 3125 (Concat)
  3202 (Concat) -> 3147 (Slice)
  3202 (Concat) -> 3227 (Concat)
  3202 (Concat) -> 3131 (Concat)
  3202 (Concat) -> 3178 (Concat)
  3202 (Concat) -> 3149 (Slice)
  3202 (Concat) -> 3206 (Concat)
  3202 (Concat) -> 3152 (Concat)
  3202 (Concat) -> 3243 (Concat)
  3202 (Concat) -> 3139 (Concat)
  3202 (Concat) -> 3110 (Concat)
  3202 (Concat) -> 3216 (Concat)
  3202 (Concat) -> 3153 (Concat)
  3202 (Concat) -> 3156 (Concat)
  3202 (Concat) -> 3198 (Concat)
  3202 (Concat) -> 3255 (Concat)
  3202 (Concat) -> 3159 (Concat)
  3202 (Concat) -> 3145 (Concat)
  3202 (Concat) -> 3266 (Concat)
  3202 (Concat) -> 3162 (Slice)
  3202 (Concat) -> 3158 (Concat)
  3202 (Concat) -> 3253 (Concat)
  3202 (Concat) -> 3164 (Concat)
  3202 (Concat) -> 3238 (Concat)
  3202 (Concat) -> 3240 (Concat)
  3202 (Concat) -> 3237 (Concat)
  3202 (Concat) -> 3278 (Concat)
  3202 (Concat) -> 3245 (Slice)
  3202 (Concat) -> 3246 (Slice)
  3202 (Concat) -> 3247 (Slice)
  3202 (Concat) -> 3142 (Concat)
  3202 (Concat) -> 3248 (Concat)
  3202 (Concat) -> 3249 (Concat)
  3202 (Concat) -> 3250 (Concat)
  3202 (Concat) -> 3119 (Slice)
  3202 (Concat) -> 3251 (Concat)
  3202 (Concat) -> 3167 (Concat)
  3202 (Concat) -> 3224 (Concat)
  3202 (Concat) -> 3254 (Concat)
  3202 (Concat) -> 3259 (Slice)
  3202 (Concat) -> 3260 (Slice)
  3202 (Concat) -> 3118 (Concat)
  3202 (Concat) -> 3261 (Slice)
  3202 (Concat) -> 3271 (Concat)
  3202 (Concat) -> 3262 (Concat)
  3202 (Concat) -> 3265 (Concat)
  3202 (Concat) -> 3268 (Concat)
  3202 (Concat) -> 3205 (Slice)
  3202 (Concat) -> 3269 (Concat)
  3202 (Concat) -> 3270 (Concat)
  3202 (Concat) -> 3272 (Concat)
  3202 (Concat) -> 3273 (Slice)
  3202 (Concat) -> 3275 (Slice)
  3202 (Concat) -> 3194 (Concat)
  3202 (Concat) -> 3274 (Slice)
  3202 (Concat) -> 3276 (Concat)
  3202 (Concat) -> 3277 (Concat)
  3202 (Concat) -> 3279 (Concat)
  3202 (Concat) -> 3280 (Concat)
  3202 (Concat) -> 3281 (Concat)
  3202 (Concat) -> 3252 (Concat)
  3202 (Concat) -> 3179 (Concat)
  3202 (Concat) -> 3115 (Concat)
  3202 (Concat) -> 3258 (Concat)
  3202 (Concat) -> 3166 (Concat)
  3202 (Concat) -> 3160 (Concat)
  3202 (Concat) -> 3239 (Concat)
  3202 (Concat) -> 3137 (Concat)
  3202 (Concat) -> 3183 (Concat)
  3202 (Concat) -> 3242 (Concat)
  3202 (Concat) -> 3181 (Concat)
  3202 (Concat) -> 3129 (Concat)
  3202 (Concat) -> 3161 (Slice)
  3202 (Concat) -> 3232 (Slice)
  3202 (Concat) -> 3213 (Concat)
  3202 (Concat) -> 3114 (Concat)
  3202 (Concat) -> 3263 (Concat)
  3259 (Slice) -> 3231 (Slice)
  3259 (Slice) -> 3219 (Slice)
  3259 (Slice) -> 3236 (Concat)
  3259 (Slice) -> 3225 (Concat)
  3259 (Slice) -> 3177 (Slice)
  3259 (Slice) -> 3234 (Concat)
  3259 (Slice) -> 3190 (Slice)
  3259 (Slice) -> 3210 (Concat)
  3259 (Slice) -> 3218 (Slice)
  3259 (Slice) -> 3143 (Concat)
  3259 (Slice) -> 3168 (Concat)
  3259 (Slice) -> 3217 (Slice)
  3259 (Slice) -> 3222 (Concat)
  3259 (Slice) -> 3214 (Concat)
  3259 (Slice) -> 3211 (Concat)
  3259 (Slice) -> 3121 (Slice)
  3259 (Slice) -> 3226 (Concat)
  3259 (Slice) -> 3111 (Div)
  3259 (Slice) -> 3221 (Concat)
  3259 (Slice) -> 3241 (Concat)
  3259 (Slice) -> 3209 (Concat)
  3259 (Slice) -> 3208 (Concat)
  3259 (Slice) -> 3133 (Slice)
  3259 (Slice) -> 3207 (Concat)
  3259 (Slice) -> 3204 (Slice)
  3259 (Slice) -> 3203 (Slice)
  3259 (Slice) -> 3148 (Slice)
  3259 (Slice) -> 3215 (Concat)
  3259 (Slice) -> 3199 (Concat)
  3259 (Slice) -> 3171 (Concat)
  3259 (Slice) -> 3127 (Concat)
  3259 (Slice) -> 3244 (Concat)
  3259 (Slice) -> 3196 (Concat)
  3259 (Slice) -> 3200 (Concat)
  3259 (Slice) -> 3195 (Concat)
  3259 (Slice) -> 3144 (Concat)
  3259 (Slice) -> 3264 (Concat)
  3259 (Slice) -> 3193 (Concat)
  3259 (Slice) -> 3228 (Concat)
  3259 (Slice) -> 3192 (Concat)
  3259 (Slice) -> 3201 (Concat)
  3259 (Slice) -> 3141 (Concat)
  3259 (Slice) -> 3189 (Slice)
  3259 (Slice) -> 3188 (Concat)
  3259 (Slice) -> 3233 (Slice)
  3259 (Slice) -> 3132 (Concat)
  3259 (Slice) -> 3185 (Concat)
  3259 (Slice) -> 3134 (Slice)
  3259 (Slice) -> 3182 (Concat)
  3259 (Slice) -> 3180 (Concat)
  3259 (Slice) -> 3130 (Concat)
  3259 (Slice) -> 3165 (Concat)
  3259 (Slice) -> 3176 (Slice)
  3259 (Slice) -> 3191 (Slice)
  3259 (Slice) -> 3175 (Slice)
  3259 (Slice) -> 3172 (Concat)
  3259 (Slice) -> 3173 (Concat)
  3259 (Slice) -> 3169 (Concat)
  3259 (Slice) -> 3230 (Concat)
  3259 (Slice) -> 3116 (Concat)
  3259 (Slice) -> 3267 (Concat)
  3259 (Slice) -> 3235 (Concat)
  3259 (Slice) -> 3122 (Concat)
  3259 (Slice) -> 3163 (Slice)
  3259 (Slice) -> 3212 (Concat)
  3259 (Slice) -> 3136 (Concat)
  3259 (Slice) -> 3128 (Concat)
  3259 (Slice) -> 3174 (Concat)
  3259 (Slice) -> 3155 (Concat)
  3259 (Slice) -> 3229 (Concat)
  3259 (Slice) -> 3186 (Concat)
  3259 (Slice) -> 3126 (Concat)
  3259 (Slice) -> 3120 (Slice)
  3259 (Slice) -> 3257 (Concat)
  3259 (Slice) -> 3184 (Concat)
  3259 (Slice) -> 3124 (Concat)
  3259 (Slice) -> 3256 (Concat)
  3259 (Slice) -> 3112 (Sub)
  3259 (Slice) -> 3113 (Concat)
  3259 (Slice) -> 3223 (Concat)
  3259 (Slice) -> 3197 (Concat)
  3259 (Slice) -> 3123 (Concat)
  3259 (Slice) -> 3220 (Concat)
  3259 (Slice) -> 3187 (Concat)
  3259 (Slice) -> 3157 (Concat)
  3259 (Slice) -> 3117 (Concat)
  3259 (Slice) -> 3135 (Slice)
  3259 (Slice) -> 3151 (Concat)
  3259 (Slice) -> 3150 (Concat)
  3259 (Slice) -> 3170 (Concat)
  3259 (Slice) -> 3138 (Concat)
  3259 (Slice) -> 3154 (Concat)
  3259 (Slice) -> 3140 (Concat)
  3259 (Slice) -> 3146 (Concat)
  3259 (Slice) -> 3125 (Concat)
  3259 (Slice) -> 3147 (Slice)
  3259 (Slice) -> 3227 (Concat)
  3259 (Slice) -> 3131 (Concat)
  3259 (Slice) -> 3178 (Concat)
  3259 (Slice) -> 3149 (Slice)
  3259 (Slice) -> 3206 (Concat)
  3259 (Slice) -> 3152 (Concat)
  3259 (Slice) -> 3243 (Concat)
  3259 (Slice) -> 3139 (Concat)
  3259 (Slice) -> 3110 (Concat)
  3259 (Slice) -> 3216 (Concat)
  3259 (Slice) -> 3153 (Concat)
  3259 (Slice) -> 3156 (Concat)
  3259 (Slice) -> 3198 (Concat)
  3259 (Slice) -> 3255 (Concat)
  3259 (Slice) -> 3159 (Concat)
  3259 (Slice) -> 3145 (Concat)
  3259 (Slice) -> 3266 (Concat)
  3259 (Slice) -> 3162 (Slice)
  3259 (Slice) -> 3158 (Concat)
  3259 (Slice) -> 3253 (Concat)
  3259 (Slice) -> 3164 (Concat)
  3259 (Slice) -> 3238 (Concat)
  3259 (Slice) -> 3240 (Concat)
  3259 (Slice) -> 3237 (Concat)
  3259 (Slice) -> 3278 (Concat)
  3259 (Slice) -> 3245 (Slice)
  3259 (Slice) -> 3246 (Slice)
  3259 (Slice) -> 3247 (Slice)
  3259 (Slice) -> 3142 (Concat)
  3259 (Slice) -> 3248 (Concat)
  3259 (Slice) -> 3249 (Concat)
  3259 (Slice) -> 3250 (Concat)
  3259 (Slice) -> 3119 (Slice)
  3259 (Slice) -> 3251 (Concat)
  3259 (Slice) -> 3167 (Concat)
  3259 (Slice) -> 3224 (Concat)
  3259 (Slice) -> 3254 (Concat)
  3259 (Slice) -> 3202 (Concat)
  3259 (Slice) -> 3260 (Slice)
  3259 (Slice) -> 3118 (Concat)
  3259 (Slice) -> 3261 (Slice)
  3259 (Slice) -> 3271 (Concat)
  3259 (Slice) -> 3262 (Concat)
  3259 (Slice) -> 3265 (Concat)
  3259 (Slice) -> 3268 (Concat)
  3259 (Slice) -> 3205 (Slice)
  3259 (Slice) -> 3269 (Concat)
  3259 (Slice) -> 3270 (Concat)
  3259 (Slice) -> 3272 (Concat)
  3259 (Slice) -> 3273 (Slice)
  3259 (Slice) -> 3275 (Slice)
  3259 (Slice) -> 3194 (Concat)
  3259 (Slice) -> 3274 (Slice)
  3259 (Slice) -> 3276 (Concat)
  3259 (Slice) -> 3277 (Concat)
  3259 (Slice) -> 3279 (Concat)
  3259 (Slice) -> 3280 (Concat)
  3259 (Slice) -> 3281 (Concat)
  3259 (Slice) -> 3252 (Concat)
  3259 (Slice) -> 3179 (Concat)
  3259 (Slice) -> 3115 (Concat)
  3259 (Slice) -> 3258 (Concat)
  3259 (Slice) -> 3166 (Concat)
  3259 (Slice) -> 3160 (Concat)
  3259 (Slice) -> 3239 (Concat)
  3259 (Slice) -> 3137 (Concat)
  3259 (Slice) -> 3183 (Concat)
  3259 (Slice) -> 3242 (Concat)
  3259 (Slice) -> 3181 (Concat)
  3259 (Slice) -> 3129 (Concat)
  3259 (Slice) -> 3161 (Slice)
  3259 (Slice) -> 3232 (Slice)
  3259 (Slice) -> 3213 (Concat)
  3259 (Slice) -> 3114 (Concat)
  3259 (Slice) -> 3263 (Concat)
  3260 (Slice) -> 3231 (Slice)
  3260 (Slice) -> 3219 (Slice)
  3260 (Slice) -> 3236 (Concat)
  3260 (Slice) -> 3225 (Concat)
  3260 (Slice) -> 3177 (Slice)
  3260 (Slice) -> 3234 (Concat)
  3260 (Slice) -> 3190 (Slice)
  3260 (Slice) -> 3210 (Concat)
  3260 (Slice) -> 3218 (Slice)
  3260 (Slice) -> 3143 (Concat)
  3260 (Slice) -> 3168 (Concat)
  3260 (Slice) -> 3217 (Slice)
  3260 (Slice) -> 3222 (Concat)
  3260 (Slice) -> 3214 (Concat)
  3260 (Slice) -> 3211 (Concat)
  3260 (Slice) -> 3121 (Slice)
  3260 (Slice) -> 3226 (Concat)
  3260 (Slice) -> 3111 (Div)
  3260 (Slice) -> 3221 (Concat)
  3260 (Slice) -> 3241 (Concat)
  3260 (Slice) -> 3209 (Concat)
  3260 (Slice) -> 3208 (Concat)
  3260 (Slice) -> 3133 (Slice)
  3260 (Slice) -> 3207 (Concat)
  3260 (Slice) -> 3204 (Slice)
  3260 (Slice) -> 3203 (Slice)
  3260 (Slice) -> 3148 (Slice)
  3260 (Slice) -> 3215 (Concat)
  3260 (Slice) -> 3199 (Concat)
  3260 (Slice) -> 3171 (Concat)
  3260 (Slice) -> 3127 (Concat)
  3260 (Slice) -> 3244 (Concat)
  3260 (Slice) -> 3196 (Concat)
  3260 (Slice) -> 3200 (Concat)
  3260 (Slice) -> 3195 (Concat)
  3260 (Slice) -> 3144 (Concat)
  3260 (Slice) -> 3264 (Concat)
  3260 (Slice) -> 3193 (Concat)
  3260 (Slice) -> 3228 (Concat)
  3260 (Slice) -> 3192 (Concat)
  3260 (Slice) -> 3201 (Concat)
  3260 (Slice) -> 3141 (Concat)
  3260 (Slice) -> 3189 (Slice)
  3260 (Slice) -> 3188 (Concat)
  3260 (Slice) -> 3233 (Slice)
  3260 (Slice) -> 3132 (Concat)
  3260 (Slice) -> 3185 (Concat)
  3260 (Slice) -> 3134 (Slice)
  3260 (Slice) -> 3182 (Concat)
  3260 (Slice) -> 3180 (Concat)
  3260 (Slice) -> 3130 (Concat)
  3260 (Slice) -> 3165 (Concat)
  3260 (Slice) -> 3176 (Slice)
  3260 (Slice) -> 3191 (Slice)
  3260 (Slice) -> 3175 (Slice)
  3260 (Slice) -> 3172 (Concat)
  3260 (Slice) -> 3173 (Concat)
  3260 (Slice) -> 3169 (Concat)
  3260 (Slice) -> 3230 (Concat)
  3260 (Slice) -> 3116 (Concat)
  3260 (Slice) -> 3267 (Concat)
  3260 (Slice) -> 3235 (Concat)
  3260 (Slice) -> 3122 (Concat)
  3260 (Slice) -> 3163 (Slice)
  3260 (Slice) -> 3212 (Concat)
  3260 (Slice) -> 3136 (Concat)
  3260 (Slice) -> 3128 (Concat)
  3260 (Slice) -> 3174 (Concat)
  3260 (Slice) -> 3155 (Concat)
  3260 (Slice) -> 3229 (Concat)
  3260 (Slice) -> 3186 (Concat)
  3260 (Slice) -> 3126 (Concat)
  3260 (Slice) -> 3120 (Slice)
  3260 (Slice) -> 3257 (Concat)
  3260 (Slice) -> 3184 (Concat)
  3260 (Slice) -> 3124 (Concat)
  3260 (Slice) -> 3256 (Concat)
  3260 (Slice) -> 3112 (Sub)
  3260 (Slice) -> 3113 (Concat)
  3260 (Slice) -> 3223 (Concat)
  3260 (Slice) -> 3197 (Concat)
  3260 (Slice) -> 3123 (Concat)
  3260 (Slice) -> 3220 (Concat)
  3260 (Slice) -> 3187 (Concat)
  3260 (Slice) -> 3157 (Concat)
  3260 (Slice) -> 3117 (Concat)
  3260 (Slice) -> 3135 (Slice)
  3260 (Slice) -> 3151 (Concat)
  3260 (Slice) -> 3150 (Concat)
  3260 (Slice) -> 3170 (Concat)
  3260 (Slice) -> 3138 (Concat)
  3260 (Slice) -> 3154 (Concat)
  3260 (Slice) -> 3140 (Concat)
  3260 (Slice) -> 3146 (Concat)
  3260 (Slice) -> 3125 (Concat)
  3260 (Slice) -> 3147 (Slice)
  3260 (Slice) -> 3227 (Concat)
  3260 (Slice) -> 3131 (Concat)
  3260 (Slice) -> 3178 (Concat)
  3260 (Slice) -> 3149 (Slice)
  3260 (Slice) -> 3206 (Concat)
  3260 (Slice) -> 3152 (Concat)
  3260 (Slice) -> 3243 (Concat)
  3260 (Slice) -> 3139 (Concat)
  3260 (Slice) -> 3110 (Concat)
  3260 (Slice) -> 3216 (Concat)
  3260 (Slice) -> 3153 (Concat)
  3260 (Slice) -> 3156 (Concat)
  3260 (Slice) -> 3198 (Concat)
  3260 (Slice) -> 3255 (Concat)
  3260 (Slice) -> 3159 (Concat)
  3260 (Slice) -> 3145 (Concat)
  3260 (Slice) -> 3266 (Concat)
  3260 (Slice) -> 3162 (Slice)
  3260 (Slice) -> 3158 (Concat)
  3260 (Slice) -> 3253 (Concat)
  3260 (Slice) -> 3164 (Concat)
  3260 (Slice) -> 3238 (Concat)
  3260 (Slice) -> 3240 (Concat)
  3260 (Slice) -> 3237 (Concat)
  3260 (Slice) -> 3278 (Concat)
  3260 (Slice) -> 3245 (Slice)
  3260 (Slice) -> 3246 (Slice)
  3260 (Slice) -> 3247 (Slice)
  3260 (Slice) -> 3142 (Concat)
  3260 (Slice) -> 3248 (Concat)
  3260 (Slice) -> 3249 (Concat)
  3260 (Slice) -> 3250 (Concat)
  3260 (Slice) -> 3119 (Slice)
  3260 (Slice) -> 3251 (Concat)
  3260 (Slice) -> 3167 (Concat)
  3260 (Slice) -> 3224 (Concat)
  3260 (Slice) -> 3254 (Concat)
  3260 (Slice) -> 3202 (Concat)
  3260 (Slice) -> 3259 (Slice)
  3260 (Slice) -> 3118 (Concat)
  3260 (Slice) -> 3261 (Slice)
  3260 (Slice) -> 3271 (Concat)
  3260 (Slice) -> 3262 (Concat)
  3260 (Slice) -> 3265 (Concat)
  3260 (Slice) -> 3268 (Concat)
  3260 (Slice) -> 3205 (Slice)
  3260 (Slice) -> 3269 (Concat)
  3260 (Slice) -> 3270 (Concat)
  3260 (Slice) -> 3272 (Concat)
  3260 (Slice) -> 3273 (Slice)
  3260 (Slice) -> 3275 (Slice)
  3260 (Slice) -> 3194 (Concat)
  3260 (Slice) -> 3274 (Slice)
  3260 (Slice) -> 3276 (Concat)
  3260 (Slice) -> 3277 (Concat)
  3260 (Slice) -> 3279 (Concat)
  3260 (Slice) -> 3280 (Concat)
  3260 (Slice) -> 3281 (Concat)
  3260 (Slice) -> 3252 (Concat)
  3260 (Slice) -> 3179 (Concat)
  3260 (Slice) -> 3115 (Concat)
  3260 (Slice) -> 3258 (Concat)
  3260 (Slice) -> 3166 (Concat)
  3260 (Slice) -> 3160 (Concat)
  3260 (Slice) -> 3239 (Concat)
  3260 (Slice) -> 3137 (Concat)
  3260 (Slice) -> 3183 (Concat)
  3260 (Slice) -> 3242 (Concat)
  3260 (Slice) -> 3181 (Concat)
  3260 (Slice) -> 3129 (Concat)
  3260 (Slice) -> 3161 (Slice)
  3260 (Slice) -> 3232 (Slice)
  3260 (Slice) -> 3213 (Concat)
  3260 (Slice) -> 3114 (Concat)
  3260 (Slice) -> 3263 (Concat)
  h.0.attn (Slice) -> h.9.attn (Slice)
  h.0.attn (Slice) -> h.8.attn (Slice)
  h.0.attn (Slice) -> h.4.attn (Slice)
  h.0.attn (Slice) -> h.1.attn (Slice)
  h.0.attn (Slice) -> h.11.attn (Slice)
  h.0.attn (Slice) -> h.7.attn (Slice)
  h.0.attn (Slice) -> h.2.attn (Slice)
  h.0.attn (Slice) -> h.3.attn (Slice)
  h.0.attn (Slice) -> h.10.attn (Slice)
  h.0.attn (Slice) -> h.5.attn (Slice)
  h.0.attn (Slice) -> h.6.attn (Slice)
  3118 (Concat) -> 3231 (Slice)
  3118 (Concat) -> 3219 (Slice)
  3118 (Concat) -> 3236 (Concat)
  3118 (Concat) -> 3225 (Concat)
  3118 (Concat) -> 3177 (Slice)
  3118 (Concat) -> 3234 (Concat)
  3118 (Concat) -> 3190 (Slice)
  3118 (Concat) -> 3210 (Concat)
  3118 (Concat) -> 3218 (Slice)
  3118 (Concat) -> 3143 (Concat)
  3118 (Concat) -> 3168 (Concat)
  3118 (Concat) -> 3217 (Slice)
  3118 (Concat) -> 3222 (Concat)
  3118 (Concat) -> 3214 (Concat)
  3118 (Concat) -> 3211 (Concat)
  3118 (Concat) -> 3121 (Slice)
  3118 (Concat) -> 3226 (Concat)
  3118 (Concat) -> 3111 (Div)
  3118 (Concat) -> 3221 (Concat)
  3118 (Concat) -> 3241 (Concat)
  3118 (Concat) -> 3209 (Concat)
  3118 (Concat) -> 3208 (Concat)
  3118 (Concat) -> 3133 (Slice)
  3118 (Concat) -> 3207 (Concat)
  3118 (Concat) -> 3204 (Slice)
  3118 (Concat) -> 3203 (Slice)
  3118 (Concat) -> 3148 (Slice)
  3118 (Concat) -> 3215 (Concat)
  3118 (Concat) -> 3199 (Concat)
  3118 (Concat) -> 3171 (Concat)
  3118 (Concat) -> 3127 (Concat)
  3118 (Concat) -> 3244 (Concat)
  3118 (Concat) -> 3196 (Concat)
  3118 (Concat) -> 3200 (Concat)
  3118 (Concat) -> 3195 (Concat)
  3118 (Concat) -> 3144 (Concat)
  3118 (Concat) -> 3264 (Concat)
  3118 (Concat) -> 3193 (Concat)
  3118 (Concat) -> 3228 (Concat)
  3118 (Concat) -> 3192 (Concat)
  3118 (Concat) -> 3201 (Concat)
  3118 (Concat) -> 3141 (Concat)
  3118 (Concat) -> 3189 (Slice)
  3118 (Concat) -> 3188 (Concat)
  3118 (Concat) -> 3233 (Slice)
  3118 (Concat) -> 3132 (Concat)
  3118 (Concat) -> 3185 (Concat)
  3118 (Concat) -> 3134 (Slice)
  3118 (Concat) -> 3182 (Concat)
  3118 (Concat) -> 3180 (Concat)
  3118 (Concat) -> 3130 (Concat)
  3118 (Concat) -> 3165 (Concat)
  3118 (Concat) -> 3176 (Slice)
  3118 (Concat) -> 3191 (Slice)
  3118 (Concat) -> 3175 (Slice)
  3118 (Concat) -> 3172 (Concat)
  3118 (Concat) -> 3173 (Concat)
  3118 (Concat) -> 3169 (Concat)
  3118 (Concat) -> 3230 (Concat)
  3118 (Concat) -> 3116 (Concat)
  3118 (Concat) -> 3267 (Concat)
  3118 (Concat) -> 3235 (Concat)
  3118 (Concat) -> 3122 (Concat)
  3118 (Concat) -> 3163 (Slice)
  3118 (Concat) -> 3212 (Concat)
  3118 (Concat) -> 3136 (Concat)
  3118 (Concat) -> 3128 (Concat)
  3118 (Concat) -> 3174 (Concat)
  3118 (Concat) -> 3155 (Concat)
  3118 (Concat) -> 3229 (Concat)
  3118 (Concat) -> 3186 (Concat)
  3118 (Concat) -> 3126 (Concat)
  3118 (Concat) -> 3120 (Slice)
  3118 (Concat) -> 3257 (Concat)
  3118 (Concat) -> 3184 (Concat)
  3118 (Concat) -> 3124 (Concat)
  3118 (Concat) -> 3256 (Concat)
  3118 (Concat) -> 3112 (Sub)
  3118 (Concat) -> 3113 (Concat)
  3118 (Concat) -> 3223 (Concat)
  3118 (Concat) -> 3197 (Concat)
  3118 (Concat) -> 3123 (Concat)
  3118 (Concat) -> 3220 (Concat)
  3118 (Concat) -> 3187 (Concat)
  3118 (Concat) -> 3157 (Concat)
  3118 (Concat) -> 3117 (Concat)
  3118 (Concat) -> 3135 (Slice)
  3118 (Concat) -> 3151 (Concat)
  3118 (Concat) -> 3150 (Concat)
  3118 (Concat) -> 3170 (Concat)
  3118 (Concat) -> 3138 (Concat)
  3118 (Concat) -> 3154 (Concat)
  3118 (Concat) -> 3140 (Concat)
  3118 (Concat) -> 3146 (Concat)
  3118 (Concat) -> 3125 (Concat)
  3118 (Concat) -> 3147 (Slice)
  3118 (Concat) -> 3227 (Concat)
  3118 (Concat) -> 3131 (Concat)
  3118 (Concat) -> 3178 (Concat)
  3118 (Concat) -> 3149 (Slice)
  3118 (Concat) -> 3206 (Concat)
  3118 (Concat) -> 3152 (Concat)
  3118 (Concat) -> 3243 (Concat)
  3118 (Concat) -> 3139 (Concat)
  3118 (Concat) -> 3110 (Concat)
  3118 (Concat) -> 3216 (Concat)
  3118 (Concat) -> 3153 (Concat)
  3118 (Concat) -> 3156 (Concat)
  3118 (Concat) -> 3198 (Concat)
  3118 (Concat) -> 3255 (Concat)
  3118 (Concat) -> 3159 (Concat)
  3118 (Concat) -> 3145 (Concat)
  3118 (Concat) -> 3266 (Concat)
  3118 (Concat) -> 3162 (Slice)
  3118 (Concat) -> 3158 (Concat)
  3118 (Concat) -> 3253 (Concat)
  3118 (Concat) -> 3164 (Concat)
  3118 (Concat) -> 3238 (Concat)
  3118 (Concat) -> 3240 (Concat)
  3118 (Concat) -> 3237 (Concat)
  3118 (Concat) -> 3278 (Concat)
  3118 (Concat) -> 3245 (Slice)
  3118 (Concat) -> 3246 (Slice)
  3118 (Concat) -> 3247 (Slice)
  3118 (Concat) -> 3142 (Concat)
  3118 (Concat) -> 3248 (Concat)
  3118 (Concat) -> 3249 (Concat)
  3118 (Concat) -> 3250 (Concat)
  3118 (Concat) -> 3119 (Slice)
  3118 (Concat) -> 3251 (Concat)
  3118 (Concat) -> 3167 (Concat)
  3118 (Concat) -> 3224 (Concat)
  3118 (Concat) -> 3254 (Concat)
  3118 (Concat) -> 3202 (Concat)
  3118 (Concat) -> 3259 (Slice)
  3118 (Concat) -> 3260 (Slice)
  3118 (Concat) -> 3261 (Slice)
  3118 (Concat) -> 3271 (Concat)
  3118 (Concat) -> 3262 (Concat)
  3118 (Concat) -> 3265 (Concat)
  3118 (Concat) -> 3268 (Concat)
  3118 (Concat) -> 3205 (Slice)
  3118 (Concat) -> 3269 (Concat)
  3118 (Concat) -> 3270 (Concat)
  3118 (Concat) -> 3272 (Concat)
  3118 (Concat) -> 3273 (Slice)
  3118 (Concat) -> 3275 (Slice)
  3118 (Concat) -> 3194 (Concat)
  3118 (Concat) -> 3274 (Slice)
  3118 (Concat) -> 3276 (Concat)
  3118 (Concat) -> 3277 (Concat)
  3118 (Concat) -> 3279 (Concat)
  3118 (Concat) -> 3280 (Concat)
  3118 (Concat) -> 3281 (Concat)
  3118 (Concat) -> 3252 (Concat)
  3118 (Concat) -> 3179 (Concat)
  3118 (Concat) -> 3115 (Concat)
  3118 (Concat) -> 3258 (Concat)
  3118 (Concat) -> 3166 (Concat)
  3118 (Concat) -> 3160 (Concat)
  3118 (Concat) -> 3239 (Concat)
  3118 (Concat) -> 3137 (Concat)
  3118 (Concat) -> 3183 (Concat)
  3118 (Concat) -> 3242 (Concat)
  3118 (Concat) -> 3181 (Concat)
  3118 (Concat) -> 3129 (Concat)
  3118 (Concat) -> 3161 (Slice)
  3118 (Concat) -> 3232 (Slice)
  3118 (Concat) -> 3213 (Concat)
  3118 (Concat) -> 3114 (Concat)
  3118 (Concat) -> 3263 (Concat)
  3261 (Slice) -> 3231 (Slice)
  3261 (Slice) -> 3219 (Slice)
  3261 (Slice) -> 3236 (Concat)
  3261 (Slice) -> 3225 (Concat)
  3261 (Slice) -> 3177 (Slice)
  3261 (Slice) -> 3234 (Concat)
  3261 (Slice) -> 3190 (Slice)
  3261 (Slice) -> 3210 (Concat)
  3261 (Slice) -> 3218 (Slice)
  3261 (Slice) -> 3143 (Concat)
  3261 (Slice) -> 3168 (Concat)
  3261 (Slice) -> 3217 (Slice)
  3261 (Slice) -> 3222 (Concat)
  3261 (Slice) -> 3214 (Concat)
  3261 (Slice) -> 3211 (Concat)
  3261 (Slice) -> 3121 (Slice)
  3261 (Slice) -> 3226 (Concat)
  3261 (Slice) -> 3111 (Div)
  3261 (Slice) -> 3221 (Concat)
  3261 (Slice) -> 3241 (Concat)
  3261 (Slice) -> 3209 (Concat)
  3261 (Slice) -> 3208 (Concat)
  3261 (Slice) -> 3133 (Slice)
  3261 (Slice) -> 3207 (Concat)
  3261 (Slice) -> 3204 (Slice)
  3261 (Slice) -> 3203 (Slice)
  3261 (Slice) -> 3148 (Slice)
  3261 (Slice) -> 3215 (Concat)
  3261 (Slice) -> 3199 (Concat)
  3261 (Slice) -> 3171 (Concat)
  3261 (Slice) -> 3127 (Concat)
  3261 (Slice) -> 3244 (Concat)
  3261 (Slice) -> 3196 (Concat)
  3261 (Slice) -> 3200 (Concat)
  3261 (Slice) -> 3195 (Concat)
  3261 (Slice) -> 3144 (Concat)
  3261 (Slice) -> 3264 (Concat)
  3261 (Slice) -> 3193 (Concat)
  3261 (Slice) -> 3228 (Concat)
  3261 (Slice) -> 3192 (Concat)
  3261 (Slice) -> 3201 (Concat)
  3261 (Slice) -> 3141 (Concat)
  3261 (Slice) -> 3189 (Slice)
  3261 (Slice) -> 3188 (Concat)
  3261 (Slice) -> 3233 (Slice)
  3261 (Slice) -> 3132 (Concat)
  3261 (Slice) -> 3185 (Concat)
  3261 (Slice) -> 3134 (Slice)
  3261 (Slice) -> 3182 (Concat)
  3261 (Slice) -> 3180 (Concat)
  3261 (Slice) -> 3130 (Concat)
  3261 (Slice) -> 3165 (Concat)
  3261 (Slice) -> 3176 (Slice)
  3261 (Slice) -> 3191 (Slice)
  3261 (Slice) -> 3175 (Slice)
  3261 (Slice) -> 3172 (Concat)
  3261 (Slice) -> 3173 (Concat)
  3261 (Slice) -> 3169 (Concat)
  3261 (Slice) -> 3230 (Concat)
  3261 (Slice) -> 3116 (Concat)
  3261 (Slice) -> 3267 (Concat)
  3261 (Slice) -> 3235 (Concat)
  3261 (Slice) -> 3122 (Concat)
  3261 (Slice) -> 3163 (Slice)
  3261 (Slice) -> 3212 (Concat)
  3261 (Slice) -> 3136 (Concat)
  3261 (Slice) -> 3128 (Concat)
  3261 (Slice) -> 3174 (Concat)
  3261 (Slice) -> 3155 (Concat)
  3261 (Slice) -> 3229 (Concat)
  3261 (Slice) -> 3186 (Concat)
  3261 (Slice) -> 3126 (Concat)
  3261 (Slice) -> 3120 (Slice)
  3261 (Slice) -> 3257 (Concat)
  3261 (Slice) -> 3184 (Concat)
  3261 (Slice) -> 3124 (Concat)
  3261 (Slice) -> 3256 (Concat)
  3261 (Slice) -> 3112 (Sub)
  3261 (Slice) -> 3113 (Concat)
  3261 (Slice) -> 3223 (Concat)
  3261 (Slice) -> 3197 (Concat)
  3261 (Slice) -> 3123 (Concat)
  3261 (Slice) -> 3220 (Concat)
  3261 (Slice) -> 3187 (Concat)
  3261 (Slice) -> 3157 (Concat)
  3261 (Slice) -> 3117 (Concat)
  3261 (Slice) -> 3135 (Slice)
  3261 (Slice) -> 3151 (Concat)
  3261 (Slice) -> 3150 (Concat)
  3261 (Slice) -> 3170 (Concat)
  3261 (Slice) -> 3138 (Concat)
  3261 (Slice) -> 3154 (Concat)
  3261 (Slice) -> 3140 (Concat)
  3261 (Slice) -> 3146 (Concat)
  3261 (Slice) -> 3125 (Concat)
  3261 (Slice) -> 3147 (Slice)
  3261 (Slice) -> 3227 (Concat)
  3261 (Slice) -> 3131 (Concat)
  3261 (Slice) -> 3178 (Concat)
  3261 (Slice) -> 3149 (Slice)
  3261 (Slice) -> 3206 (Concat)
  3261 (Slice) -> 3152 (Concat)
  3261 (Slice) -> 3243 (Concat)
  3261 (Slice) -> 3139 (Concat)
  3261 (Slice) -> 3110 (Concat)
  3261 (Slice) -> 3216 (Concat)
  3261 (Slice) -> 3153 (Concat)
  3261 (Slice) -> 3156 (Concat)
  3261 (Slice) -> 3198 (Concat)
  3261 (Slice) -> 3255 (Concat)
  3261 (Slice) -> 3159 (Concat)
  3261 (Slice) -> 3145 (Concat)
  3261 (Slice) -> 3266 (Concat)
  3261 (Slice) -> 3162 (Slice)
  3261 (Slice) -> 3158 (Concat)
  3261 (Slice) -> 3253 (Concat)
  3261 (Slice) -> 3164 (Concat)
  3261 (Slice) -> 3238 (Concat)
  3261 (Slice) -> 3240 (Concat)
  3261 (Slice) -> 3237 (Concat)
  3261 (Slice) -> 3278 (Concat)
  3261 (Slice) -> 3245 (Slice)
  3261 (Slice) -> 3246 (Slice)
  3261 (Slice) -> 3247 (Slice)
  3261 (Slice) -> 3142 (Concat)
  3261 (Slice) -> 3248 (Concat)
  3261 (Slice) -> 3249 (Concat)
  3261 (Slice) -> 3250 (Concat)
  3261 (Slice) -> 3119 (Slice)
  3261 (Slice) -> 3251 (Concat)
  3261 (Slice) -> 3167 (Concat)
  3261 (Slice) -> 3224 (Concat)
  3261 (Slice) -> 3254 (Concat)
  3261 (Slice) -> 3202 (Concat)
  3261 (Slice) -> 3259 (Slice)
  3261 (Slice) -> 3260 (Slice)
  3261 (Slice) -> 3118 (Concat)
  3261 (Slice) -> 3271 (Concat)
  3261 (Slice) -> 3262 (Concat)
  3261 (Slice) -> 3265 (Concat)
  3261 (Slice) -> 3268 (Concat)
  3261 (Slice) -> 3205 (Slice)
  3261 (Slice) -> 3269 (Concat)
  3261 (Slice) -> 3270 (Concat)
  3261 (Slice) -> 3272 (Concat)
  3261 (Slice) -> 3273 (Slice)
  3261 (Slice) -> 3275 (Slice)
  3261 (Slice) -> 3194 (Concat)
  3261 (Slice) -> 3274 (Slice)
  3261 (Slice) -> 3276 (Concat)
  3261 (Slice) -> 3277 (Concat)
  3261 (Slice) -> 3279 (Concat)
  3261 (Slice) -> 3280 (Concat)
  3261 (Slice) -> 3281 (Concat)
  3261 (Slice) -> 3252 (Concat)
  3261 (Slice) -> 3179 (Concat)
  3261 (Slice) -> 3115 (Concat)
  3261 (Slice) -> 3258 (Concat)
  3261 (Slice) -> 3166 (Concat)
  3261 (Slice) -> 3160 (Concat)
  3261 (Slice) -> 3239 (Concat)
  3261 (Slice) -> 3137 (Concat)
  3261 (Slice) -> 3183 (Concat)
  3261 (Slice) -> 3242 (Concat)
  3261 (Slice) -> 3181 (Concat)
  3261 (Slice) -> 3129 (Concat)
  3261 (Slice) -> 3161 (Slice)
  3261 (Slice) -> 3232 (Slice)
  3261 (Slice) -> 3213 (Concat)
  3261 (Slice) -> 3114 (Concat)
  3261 (Slice) -> 3263 (Concat)
  3271 (Concat) -> 3231 (Slice)
  3271 (Concat) -> 3219 (Slice)
  3271 (Concat) -> 3236 (Concat)
  3271 (Concat) -> 3225 (Concat)
  3271 (Concat) -> 3177 (Slice)
  3271 (Concat) -> 3234 (Concat)
  3271 (Concat) -> 3190 (Slice)
  3271 (Concat) -> 3210 (Concat)
  3271 (Concat) -> 3218 (Slice)
  3271 (Concat) -> 3143 (Concat)
  3271 (Concat) -> 3168 (Concat)
  3271 (Concat) -> 3217 (Slice)
  3271 (Concat) -> 3222 (Concat)
  3271 (Concat) -> 3214 (Concat)
  3271 (Concat) -> 3211 (Concat)
  3271 (Concat) -> 3121 (Slice)
  3271 (Concat) -> 3226 (Concat)
  3271 (Concat) -> 3111 (Div)
  3271 (Concat) -> 3221 (Concat)
  3271 (Concat) -> 3241 (Concat)
  3271 (Concat) -> 3209 (Concat)
  3271 (Concat) -> 3208 (Concat)
  3271 (Concat) -> 3133 (Slice)
  3271 (Concat) -> 3207 (Concat)
  3271 (Concat) -> 3204 (Slice)
  3271 (Concat) -> 3203 (Slice)
  3271 (Concat) -> 3148 (Slice)
  3271 (Concat) -> 3215 (Concat)
  3271 (Concat) -> 3199 (Concat)
  3271 (Concat) -> 3171 (Concat)
  3271 (Concat) -> 3127 (Concat)
  3271 (Concat) -> 3244 (Concat)
  3271 (Concat) -> 3196 (Concat)
  3271 (Concat) -> 3200 (Concat)
  3271 (Concat) -> 3195 (Concat)
  3271 (Concat) -> 3144 (Concat)
  3271 (Concat) -> 3264 (Concat)
  3271 (Concat) -> 3193 (Concat)
  3271 (Concat) -> 3228 (Concat)
  3271 (Concat) -> 3192 (Concat)
  3271 (Concat) -> 3201 (Concat)
  3271 (Concat) -> 3141 (Concat)
  3271 (Concat) -> 3189 (Slice)
  3271 (Concat) -> 3188 (Concat)
  3271 (Concat) -> 3233 (Slice)
  3271 (Concat) -> 3132 (Concat)
  3271 (Concat) -> 3185 (Concat)
  3271 (Concat) -> 3134 (Slice)
  3271 (Concat) -> 3182 (Concat)
  3271 (Concat) -> 3180 (Concat)
  3271 (Concat) -> 3130 (Concat)
  3271 (Concat) -> 3165 (Concat)
  3271 (Concat) -> 3176 (Slice)
  3271 (Concat) -> 3191 (Slice)
  3271 (Concat) -> 3175 (Slice)
  3271 (Concat) -> 3172 (Concat)
  3271 (Concat) -> 3173 (Concat)
  3271 (Concat) -> 3169 (Concat)
  3271 (Concat) -> 3230 (Concat)
  3271 (Concat) -> 3116 (Concat)
  3271 (Concat) -> 3267 (Concat)
  3271 (Concat) -> 3235 (Concat)
  3271 (Concat) -> 3122 (Concat)
  3271 (Concat) -> 3163 (Slice)
  3271 (Concat) -> 3212 (Concat)
  3271 (Concat) -> 3136 (Concat)
  3271 (Concat) -> 3128 (Concat)
  3271 (Concat) -> 3174 (Concat)
  3271 (Concat) -> 3155 (Concat)
  3271 (Concat) -> 3229 (Concat)
  3271 (Concat) -> 3186 (Concat)
  3271 (Concat) -> 3126 (Concat)
  3271 (Concat) -> 3120 (Slice)
  3271 (Concat) -> 3257 (Concat)
  3271 (Concat) -> 3184 (Concat)
  3271 (Concat) -> 3124 (Concat)
  3271 (Concat) -> 3256 (Concat)
  3271 (Concat) -> 3112 (Sub)
  3271 (Concat) -> 3113 (Concat)
  3271 (Concat) -> 3223 (Concat)
  3271 (Concat) -> 3197 (Concat)
  3271 (Concat) -> 3123 (Concat)
  3271 (Concat) -> 3220 (Concat)
  3271 (Concat) -> 3187 (Concat)
  3271 (Concat) -> 3157 (Concat)
  3271 (Concat) -> 3117 (Concat)
  3271 (Concat) -> 3135 (Slice)
  3271 (Concat) -> 3151 (Concat)
  3271 (Concat) -> 3150 (Concat)
  3271 (Concat) -> 3170 (Concat)
  3271 (Concat) -> 3138 (Concat)
  3271 (Concat) -> 3154 (Concat)
  3271 (Concat) -> 3140 (Concat)
  3271 (Concat) -> 3146 (Concat)
  3271 (Concat) -> 3125 (Concat)
  3271 (Concat) -> 3147 (Slice)
  3271 (Concat) -> 3227 (Concat)
  3271 (Concat) -> 3131 (Concat)
  3271 (Concat) -> 3178 (Concat)
  3271 (Concat) -> 3149 (Slice)
  3271 (Concat) -> 3206 (Concat)
  3271 (Concat) -> 3152 (Concat)
  3271 (Concat) -> 3243 (Concat)
  3271 (Concat) -> 3139 (Concat)
  3271 (Concat) -> 3110 (Concat)
  3271 (Concat) -> 3216 (Concat)
  3271 (Concat) -> 3153 (Concat)
  3271 (Concat) -> 3156 (Concat)
  3271 (Concat) -> 3198 (Concat)
  3271 (Concat) -> 3255 (Concat)
  3271 (Concat) -> 3159 (Concat)
  3271 (Concat) -> 3145 (Concat)
  3271 (Concat) -> 3266 (Concat)
  3271 (Concat) -> 3162 (Slice)
  3271 (Concat) -> 3158 (Concat)
  3271 (Concat) -> 3253 (Concat)
  3271 (Concat) -> 3164 (Concat)
  3271 (Concat) -> 3238 (Concat)
  3271 (Concat) -> 3240 (Concat)
  3271 (Concat) -> 3237 (Concat)
  3271 (Concat) -> 3278 (Concat)
  3271 (Concat) -> 3245 (Slice)
  3271 (Concat) -> 3246 (Slice)
  3271 (Concat) -> 3247 (Slice)
  3271 (Concat) -> 3142 (Concat)
  3271 (Concat) -> 3248 (Concat)
  3271 (Concat) -> 3249 (Concat)
  3271 (Concat) -> 3250 (Concat)
  3271 (Concat) -> 3119 (Slice)
  3271 (Concat) -> 3251 (Concat)
  3271 (Concat) -> 3167 (Concat)
  3271 (Concat) -> 3224 (Concat)
  3271 (Concat) -> 3254 (Concat)
  3271 (Concat) -> 3202 (Concat)
  3271 (Concat) -> 3259 (Slice)
  3271 (Concat) -> 3260 (Slice)
  3271 (Concat) -> 3118 (Concat)
  3271 (Concat) -> 3261 (Slice)
  3271 (Concat) -> 3262 (Concat)
  3271 (Concat) -> 3265 (Concat)
  3271 (Concat) -> 3268 (Concat)
  3271 (Concat) -> 3205 (Slice)
  3271 (Concat) -> 3269 (Concat)
  3271 (Concat) -> 3270 (Concat)
  3271 (Concat) -> 3272 (Concat)
  3271 (Concat) -> 3273 (Slice)
  3271 (Concat) -> 3275 (Slice)
  3271 (Concat) -> 3194 (Concat)
  3271 (Concat) -> 3274 (Slice)
  3271 (Concat) -> 3276 (Concat)
  3271 (Concat) -> 3277 (Concat)
  3271 (Concat) -> 3279 (Concat)
  3271 (Concat) -> 3280 (Concat)
  3271 (Concat) -> 3281 (Concat)
  3271 (Concat) -> 3252 (Concat)
  3271 (Concat) -> 3179 (Concat)
  3271 (Concat) -> 3115 (Concat)
  3271 (Concat) -> 3258 (Concat)
  3271 (Concat) -> 3166 (Concat)
  3271 (Concat) -> 3160 (Concat)
  3271 (Concat) -> 3239 (Concat)
  3271 (Concat) -> 3137 (Concat)
  3271 (Concat) -> 3183 (Concat)
  3271 (Concat) -> 3242 (Concat)
  3271 (Concat) -> 3181 (Concat)
  3271 (Concat) -> 3129 (Concat)
  3271 (Concat) -> 3161 (Slice)
  3271 (Concat) -> 3232 (Slice)
  3271 (Concat) -> 3213 (Concat)
  3271 (Concat) -> 3114 (Concat)
  3271 (Concat) -> 3263 (Concat)
  3262 (Concat) -> 3231 (Slice)
  3262 (Concat) -> 3219 (Slice)
  3262 (Concat) -> 3236 (Concat)
  3262 (Concat) -> 3225 (Concat)
  3262 (Concat) -> 3177 (Slice)
  3262 (Concat) -> 3234 (Concat)
  3262 (Concat) -> 3190 (Slice)
  3262 (Concat) -> 3210 (Concat)
  3262 (Concat) -> 3218 (Slice)
  3262 (Concat) -> 3143 (Concat)
  3262 (Concat) -> 3168 (Concat)
  3262 (Concat) -> 3217 (Slice)
  3262 (Concat) -> 3222 (Concat)
  3262 (Concat) -> 3214 (Concat)
  3262 (Concat) -> 3211 (Concat)
  3262 (Concat) -> 3121 (Slice)
  3262 (Concat) -> 3226 (Concat)
  3262 (Concat) -> 3111 (Div)
  3262 (Concat) -> 3221 (Concat)
  3262 (Concat) -> 3241 (Concat)
  3262 (Concat) -> 3209 (Concat)
  3262 (Concat) -> 3208 (Concat)
  3262 (Concat) -> 3133 (Slice)
  3262 (Concat) -> 3207 (Concat)
  3262 (Concat) -> 3204 (Slice)
  3262 (Concat) -> 3203 (Slice)
  3262 (Concat) -> 3148 (Slice)
  3262 (Concat) -> 3215 (Concat)
  3262 (Concat) -> 3199 (Concat)
  3262 (Concat) -> 3171 (Concat)
  3262 (Concat) -> 3127 (Concat)
  3262 (Concat) -> 3244 (Concat)
  3262 (Concat) -> 3196 (Concat)
  3262 (Concat) -> 3200 (Concat)
  3262 (Concat) -> 3195 (Concat)
  3262 (Concat) -> 3144 (Concat)
  3262 (Concat) -> 3264 (Concat)
  3262 (Concat) -> 3193 (Concat)
  3262 (Concat) -> 3228 (Concat)
  3262 (Concat) -> 3192 (Concat)
  3262 (Concat) -> 3201 (Concat)
  3262 (Concat) -> 3141 (Concat)
  3262 (Concat) -> 3189 (Slice)
  3262 (Concat) -> 3188 (Concat)
  3262 (Concat) -> 3233 (Slice)
  3262 (Concat) -> 3132 (Concat)
  3262 (Concat) -> 3185 (Concat)
  3262 (Concat) -> 3134 (Slice)
  3262 (Concat) -> 3182 (Concat)
  3262 (Concat) -> 3180 (Concat)
  3262 (Concat) -> 3130 (Concat)
  3262 (Concat) -> 3165 (Concat)
  3262 (Concat) -> 3176 (Slice)
  3262 (Concat) -> 3191 (Slice)
  3262 (Concat) -> 3175 (Slice)
  3262 (Concat) -> 3172 (Concat)
  3262 (Concat) -> 3173 (Concat)
  3262 (Concat) -> 3169 (Concat)
  3262 (Concat) -> 3230 (Concat)
  3262 (Concat) -> 3116 (Concat)
  3262 (Concat) -> 3267 (Concat)
  3262 (Concat) -> 3235 (Concat)
  3262 (Concat) -> 3122 (Concat)
  3262 (Concat) -> 3163 (Slice)
  3262 (Concat) -> 3212 (Concat)
  3262 (Concat) -> 3136 (Concat)
  3262 (Concat) -> 3128 (Concat)
  3262 (Concat) -> 3174 (Concat)
  3262 (Concat) -> 3155 (Concat)
  3262 (Concat) -> 3229 (Concat)
  3262 (Concat) -> 3186 (Concat)
  3262 (Concat) -> 3126 (Concat)
  3262 (Concat) -> 3120 (Slice)
  3262 (Concat) -> 3257 (Concat)
  3262 (Concat) -> 3184 (Concat)
  3262 (Concat) -> 3124 (Concat)
  3262 (Concat) -> 3256 (Concat)
  3262 (Concat) -> 3112 (Sub)
  3262 (Concat) -> 3113 (Concat)
  3262 (Concat) -> 3223 (Concat)
  3262 (Concat) -> 3197 (Concat)
  3262 (Concat) -> 3123 (Concat)
  3262 (Concat) -> 3220 (Concat)
  3262 (Concat) -> 3187 (Concat)
  3262 (Concat) -> 3157 (Concat)
  3262 (Concat) -> 3117 (Concat)
  3262 (Concat) -> 3135 (Slice)
  3262 (Concat) -> 3151 (Concat)
  3262 (Concat) -> 3150 (Concat)
  3262 (Concat) -> 3170 (Concat)
  3262 (Concat) -> 3138 (Concat)
  3262 (Concat) -> 3154 (Concat)
  3262 (Concat) -> 3140 (Concat)
  3262 (Concat) -> 3146 (Concat)
  3262 (Concat) -> 3125 (Concat)
  3262 (Concat) -> 3147 (Slice)
  3262 (Concat) -> 3227 (Concat)
  3262 (Concat) -> 3131 (Concat)
  3262 (Concat) -> 3178 (Concat)
  3262 (Concat) -> 3149 (Slice)
  3262 (Concat) -> 3206 (Concat)
  3262 (Concat) -> 3152 (Concat)
  3262 (Concat) -> 3243 (Concat)
  3262 (Concat) -> 3139 (Concat)
  3262 (Concat) -> 3110 (Concat)
  3262 (Concat) -> 3216 (Concat)
  3262 (Concat) -> 3153 (Concat)
  3262 (Concat) -> 3156 (Concat)
  3262 (Concat) -> 3198 (Concat)
  3262 (Concat) -> 3255 (Concat)
  3262 (Concat) -> 3159 (Concat)
  3262 (Concat) -> 3145 (Concat)
  3262 (Concat) -> 3266 (Concat)
  3262 (Concat) -> 3162 (Slice)
  3262 (Concat) -> 3158 (Concat)
  3262 (Concat) -> 3253 (Concat)
  3262 (Concat) -> 3164 (Concat)
  3262 (Concat) -> 3238 (Concat)
  3262 (Concat) -> 3240 (Concat)
  3262 (Concat) -> 3237 (Concat)
  3262 (Concat) -> 3278 (Concat)
  3262 (Concat) -> 3245 (Slice)
  3262 (Concat) -> 3246 (Slice)
  3262 (Concat) -> 3247 (Slice)
  3262 (Concat) -> 3142 (Concat)
  3262 (Concat) -> 3248 (Concat)
  3262 (Concat) -> 3249 (Concat)
  3262 (Concat) -> 3250 (Concat)
  3262 (Concat) -> 3119 (Slice)
  3262 (Concat) -> 3251 (Concat)
  3262 (Concat) -> 3167 (Concat)
  3262 (Concat) -> 3224 (Concat)
  3262 (Concat) -> 3254 (Concat)
  3262 (Concat) -> 3202 (Concat)
  3262 (Concat) -> 3259 (Slice)
  3262 (Concat) -> 3260 (Slice)
  3262 (Concat) -> 3118 (Concat)
  3262 (Concat) -> 3261 (Slice)
  3262 (Concat) -> 3271 (Concat)
  3262 (Concat) -> 3265 (Concat)
  3262 (Concat) -> 3268 (Concat)
  3262 (Concat) -> 3205 (Slice)
  3262 (Concat) -> 3269 (Concat)
  3262 (Concat) -> 3270 (Concat)
  3262 (Concat) -> 3272 (Concat)
  3262 (Concat) -> 3273 (Slice)
  3262 (Concat) -> 3275 (Slice)
  3262 (Concat) -> 3194 (Concat)
  3262 (Concat) -> 3274 (Slice)
  3262 (Concat) -> 3276 (Concat)
  3262 (Concat) -> 3277 (Concat)
  3262 (Concat) -> 3279 (Concat)
  3262 (Concat) -> 3280 (Concat)
  3262 (Concat) -> 3281 (Concat)
  3262 (Concat) -> 3252 (Concat)
  3262 (Concat) -> 3179 (Concat)
  3262 (Concat) -> 3115 (Concat)
  3262 (Concat) -> 3258 (Concat)
  3262 (Concat) -> 3166 (Concat)
  3262 (Concat) -> 3160 (Concat)
  3262 (Concat) -> 3239 (Concat)
  3262 (Concat) -> 3137 (Concat)
  3262 (Concat) -> 3183 (Concat)
  3262 (Concat) -> 3242 (Concat)
  3262 (Concat) -> 3181 (Concat)
  3262 (Concat) -> 3129 (Concat)
  3262 (Concat) -> 3161 (Slice)
  3262 (Concat) -> 3232 (Slice)
  3262 (Concat) -> 3213 (Concat)
  3262 (Concat) -> 3114 (Concat)
  3262 (Concat) -> 3263 (Concat)
  3265 (Concat) -> 3231 (Slice)
  3265 (Concat) -> 3219 (Slice)
  3265 (Concat) -> 3236 (Concat)
  3265 (Concat) -> 3225 (Concat)
  3265 (Concat) -> 3177 (Slice)
  3265 (Concat) -> 3234 (Concat)
  3265 (Concat) -> 3190 (Slice)
  3265 (Concat) -> 3210 (Concat)
  3265 (Concat) -> 3218 (Slice)
  3265 (Concat) -> 3143 (Concat)
  3265 (Concat) -> 3168 (Concat)
  3265 (Concat) -> 3217 (Slice)
  3265 (Concat) -> 3222 (Concat)
  3265 (Concat) -> 3214 (Concat)
  3265 (Concat) -> 3211 (Concat)
  3265 (Concat) -> 3121 (Slice)
  3265 (Concat) -> 3226 (Concat)
  3265 (Concat) -> 3111 (Div)
  3265 (Concat) -> 3221 (Concat)
  3265 (Concat) -> 3241 (Concat)
  3265 (Concat) -> 3209 (Concat)
  3265 (Concat) -> 3208 (Concat)
  3265 (Concat) -> 3133 (Slice)
  3265 (Concat) -> 3207 (Concat)
  3265 (Concat) -> 3204 (Slice)
  3265 (Concat) -> 3203 (Slice)
  3265 (Concat) -> 3148 (Slice)
  3265 (Concat) -> 3215 (Concat)
  3265 (Concat) -> 3199 (Concat)
  3265 (Concat) -> 3171 (Concat)
  3265 (Concat) -> 3127 (Concat)
  3265 (Concat) -> 3244 (Concat)
  3265 (Concat) -> 3196 (Concat)
  3265 (Concat) -> 3200 (Concat)
  3265 (Concat) -> 3195 (Concat)
  3265 (Concat) -> 3144 (Concat)
  3265 (Concat) -> 3264 (Concat)
  3265 (Concat) -> 3193 (Concat)
  3265 (Concat) -> 3228 (Concat)
  3265 (Concat) -> 3192 (Concat)
  3265 (Concat) -> 3201 (Concat)
  3265 (Concat) -> 3141 (Concat)
  3265 (Concat) -> 3189 (Slice)
  3265 (Concat) -> 3188 (Concat)
  3265 (Concat) -> 3233 (Slice)
  3265 (Concat) -> 3132 (Concat)
  3265 (Concat) -> 3185 (Concat)
  3265 (Concat) -> 3134 (Slice)
  3265 (Concat) -> 3182 (Concat)
  3265 (Concat) -> 3180 (Concat)
  3265 (Concat) -> 3130 (Concat)
  3265 (Concat) -> 3165 (Concat)
  3265 (Concat) -> 3176 (Slice)
  3265 (Concat) -> 3191 (Slice)
  3265 (Concat) -> 3175 (Slice)
  3265 (Concat) -> 3172 (Concat)
  3265 (Concat) -> 3173 (Concat)
  3265 (Concat) -> 3169 (Concat)
  3265 (Concat) -> 3230 (Concat)
  3265 (Concat) -> 3116 (Concat)
  3265 (Concat) -> 3267 (Concat)
  3265 (Concat) -> 3235 (Concat)
  3265 (Concat) -> 3122 (Concat)
  3265 (Concat) -> 3163 (Slice)
  3265 (Concat) -> 3212 (Concat)
  3265 (Concat) -> 3136 (Concat)
  3265 (Concat) -> 3128 (Concat)
  3265 (Concat) -> 3174 (Concat)
  3265 (Concat) -> 3155 (Concat)
  3265 (Concat) -> 3229 (Concat)
  3265 (Concat) -> 3186 (Concat)
  3265 (Concat) -> 3126 (Concat)
  3265 (Concat) -> 3120 (Slice)
  3265 (Concat) -> 3257 (Concat)
  3265 (Concat) -> 3184 (Concat)
  3265 (Concat) -> 3124 (Concat)
  3265 (Concat) -> 3256 (Concat)
  3265 (Concat) -> 3112 (Sub)
  3265 (Concat) -> 3113 (Concat)
  3265 (Concat) -> 3223 (Concat)
  3265 (Concat) -> 3197 (Concat)
  3265 (Concat) -> 3123 (Concat)
  3265 (Concat) -> 3220 (Concat)
  3265 (Concat) -> 3187 (Concat)
  3265 (Concat) -> 3157 (Concat)
  3265 (Concat) -> 3117 (Concat)
  3265 (Concat) -> 3135 (Slice)
  3265 (Concat) -> 3151 (Concat)
  3265 (Concat) -> 3150 (Concat)
  3265 (Concat) -> 3170 (Concat)
  3265 (Concat) -> 3138 (Concat)
  3265 (Concat) -> 3154 (Concat)
  3265 (Concat) -> 3140 (Concat)
  3265 (Concat) -> 3146 (Concat)
  3265 (Concat) -> 3125 (Concat)
  3265 (Concat) -> 3147 (Slice)
  3265 (Concat) -> 3227 (Concat)
  3265 (Concat) -> 3131 (Concat)
  3265 (Concat) -> 3178 (Concat)
  3265 (Concat) -> 3149 (Slice)
  3265 (Concat) -> 3206 (Concat)
  3265 (Concat) -> 3152 (Concat)
  3265 (Concat) -> 3243 (Concat)
  3265 (Concat) -> 3139 (Concat)
  3265 (Concat) -> 3110 (Concat)
  3265 (Concat) -> 3216 (Concat)
  3265 (Concat) -> 3153 (Concat)
  3265 (Concat) -> 3156 (Concat)
  3265 (Concat) -> 3198 (Concat)
  3265 (Concat) -> 3255 (Concat)
  3265 (Concat) -> 3159 (Concat)
  3265 (Concat) -> 3145 (Concat)
  3265 (Concat) -> 3266 (Concat)
  3265 (Concat) -> 3162 (Slice)
  3265 (Concat) -> 3158 (Concat)
  3265 (Concat) -> 3253 (Concat)
  3265 (Concat) -> 3164 (Concat)
  3265 (Concat) -> 3238 (Concat)
  3265 (Concat) -> 3240 (Concat)
  3265 (Concat) -> 3237 (Concat)
  3265 (Concat) -> 3278 (Concat)
  3265 (Concat) -> 3245 (Slice)
  3265 (Concat) -> 3246 (Slice)
  3265 (Concat) -> 3247 (Slice)
  3265 (Concat) -> 3142 (Concat)
  3265 (Concat) -> 3248 (Concat)
  3265 (Concat) -> 3249 (Concat)
  3265 (Concat) -> 3250 (Concat)
  3265 (Concat) -> 3119 (Slice)
  3265 (Concat) -> 3251 (Concat)
  3265 (Concat) -> 3167 (Concat)
  3265 (Concat) -> 3224 (Concat)
  3265 (Concat) -> 3254 (Concat)
  3265 (Concat) -> 3202 (Concat)
  3265 (Concat) -> 3259 (Slice)
  3265 (Concat) -> 3260 (Slice)
  3265 (Concat) -> 3118 (Concat)
  3265 (Concat) -> 3261 (Slice)
  3265 (Concat) -> 3271 (Concat)
  3265 (Concat) -> 3262 (Concat)
  3265 (Concat) -> 3268 (Concat)
  3265 (Concat) -> 3205 (Slice)
  3265 (Concat) -> 3269 (Concat)
  3265 (Concat) -> 3270 (Concat)
  3265 (Concat) -> 3272 (Concat)
  3265 (Concat) -> 3273 (Slice)
  3265 (Concat) -> 3275 (Slice)
  3265 (Concat) -> 3194 (Concat)
  3265 (Concat) -> 3274 (Slice)
  3265 (Concat) -> 3276 (Concat)
  3265 (Concat) -> 3277 (Concat)
  3265 (Concat) -> 3279 (Concat)
  3265 (Concat) -> 3280 (Concat)
  3265 (Concat) -> 3281 (Concat)
  3265 (Concat) -> 3252 (Concat)
  3265 (Concat) -> 3179 (Concat)
  3265 (Concat) -> 3115 (Concat)
  3265 (Concat) -> 3258 (Concat)
  3265 (Concat) -> 3166 (Concat)
  3265 (Concat) -> 3160 (Concat)
  3265 (Concat) -> 3239 (Concat)
  3265 (Concat) -> 3137 (Concat)
  3265 (Concat) -> 3183 (Concat)
  3265 (Concat) -> 3242 (Concat)
  3265 (Concat) -> 3181 (Concat)
  3265 (Concat) -> 3129 (Concat)
  3265 (Concat) -> 3161 (Slice)
  3265 (Concat) -> 3232 (Slice)
  3265 (Concat) -> 3213 (Concat)
  3265 (Concat) -> 3114 (Concat)
  3265 (Concat) -> 3263 (Concat)
  3268 (Concat) -> 3231 (Slice)
  3268 (Concat) -> 3219 (Slice)
  3268 (Concat) -> 3236 (Concat)
  3268 (Concat) -> 3225 (Concat)
  3268 (Concat) -> 3177 (Slice)
  3268 (Concat) -> 3234 (Concat)
  3268 (Concat) -> 3190 (Slice)
  3268 (Concat) -> 3210 (Concat)
  3268 (Concat) -> 3218 (Slice)
  3268 (Concat) -> 3143 (Concat)
  3268 (Concat) -> 3168 (Concat)
  3268 (Concat) -> 3217 (Slice)
  3268 (Concat) -> 3222 (Concat)
  3268 (Concat) -> 3214 (Concat)
  3268 (Concat) -> 3211 (Concat)
  3268 (Concat) -> 3121 (Slice)
  3268 (Concat) -> 3226 (Concat)
  3268 (Concat) -> 3111 (Div)
  3268 (Concat) -> 3221 (Concat)
  3268 (Concat) -> 3241 (Concat)
  3268 (Concat) -> 3209 (Concat)
  3268 (Concat) -> 3208 (Concat)
  3268 (Concat) -> 3133 (Slice)
  3268 (Concat) -> 3207 (Concat)
  3268 (Concat) -> 3204 (Slice)
  3268 (Concat) -> 3203 (Slice)
  3268 (Concat) -> 3148 (Slice)
  3268 (Concat) -> 3215 (Concat)
  3268 (Concat) -> 3199 (Concat)
  3268 (Concat) -> 3171 (Concat)
  3268 (Concat) -> 3127 (Concat)
  3268 (Concat) -> 3244 (Concat)
  3268 (Concat) -> 3196 (Concat)
  3268 (Concat) -> 3200 (Concat)
  3268 (Concat) -> 3195 (Concat)
  3268 (Concat) -> 3144 (Concat)
  3268 (Concat) -> 3264 (Concat)
  3268 (Concat) -> 3193 (Concat)
  3268 (Concat) -> 3228 (Concat)
  3268 (Concat) -> 3192 (Concat)
  3268 (Concat) -> 3201 (Concat)
  3268 (Concat) -> 3141 (Concat)
  3268 (Concat) -> 3189 (Slice)
  3268 (Concat) -> 3188 (Concat)
  3268 (Concat) -> 3233 (Slice)
  3268 (Concat) -> 3132 (Concat)
  3268 (Concat) -> 3185 (Concat)
  3268 (Concat) -> 3134 (Slice)
  3268 (Concat) -> 3182 (Concat)
  3268 (Concat) -> 3180 (Concat)
  3268 (Concat) -> 3130 (Concat)
  3268 (Concat) -> 3165 (Concat)
  3268 (Concat) -> 3176 (Slice)
  3268 (Concat) -> 3191 (Slice)
  3268 (Concat) -> 3175 (Slice)
  3268 (Concat) -> 3172 (Concat)
  3268 (Concat) -> 3173 (Concat)
  3268 (Concat) -> 3169 (Concat)
  3268 (Concat) -> 3230 (Concat)
  3268 (Concat) -> 3116 (Concat)
  3268 (Concat) -> 3267 (Concat)
  3268 (Concat) -> 3235 (Concat)
  3268 (Concat) -> 3122 (Concat)
  3268 (Concat) -> 3163 (Slice)
  3268 (Concat) -> 3212 (Concat)
  3268 (Concat) -> 3136 (Concat)
  3268 (Concat) -> 3128 (Concat)
  3268 (Concat) -> 3174 (Concat)
  3268 (Concat) -> 3155 (Concat)
  3268 (Concat) -> 3229 (Concat)
  3268 (Concat) -> 3186 (Concat)
  3268 (Concat) -> 3126 (Concat)
  3268 (Concat) -> 3120 (Slice)
  3268 (Concat) -> 3257 (Concat)
  3268 (Concat) -> 3184 (Concat)
  3268 (Concat) -> 3124 (Concat)
  3268 (Concat) -> 3256 (Concat)
  3268 (Concat) -> 3112 (Sub)
  3268 (Concat) -> 3113 (Concat)
  3268 (Concat) -> 3223 (Concat)
  3268 (Concat) -> 3197 (Concat)
  3268 (Concat) -> 3123 (Concat)
  3268 (Concat) -> 3220 (Concat)
  3268 (Concat) -> 3187 (Concat)
  3268 (Concat) -> 3157 (Concat)
  3268 (Concat) -> 3117 (Concat)
  3268 (Concat) -> 3135 (Slice)
  3268 (Concat) -> 3151 (Concat)
  3268 (Concat) -> 3150 (Concat)
  3268 (Concat) -> 3170 (Concat)
  3268 (Concat) -> 3138 (Concat)
  3268 (Concat) -> 3154 (Concat)
  3268 (Concat) -> 3140 (Concat)
  3268 (Concat) -> 3146 (Concat)
  3268 (Concat) -> 3125 (Concat)
  3268 (Concat) -> 3147 (Slice)
  3268 (Concat) -> 3227 (Concat)
  3268 (Concat) -> 3131 (Concat)
  3268 (Concat) -> 3178 (Concat)
  3268 (Concat) -> 3149 (Slice)
  3268 (Concat) -> 3206 (Concat)
  3268 (Concat) -> 3152 (Concat)
  3268 (Concat) -> 3243 (Concat)
  3268 (Concat) -> 3139 (Concat)
  3268 (Concat) -> 3110 (Concat)
  3268 (Concat) -> 3216 (Concat)
  3268 (Concat) -> 3153 (Concat)
  3268 (Concat) -> 3156 (Concat)
  3268 (Concat) -> 3198 (Concat)
  3268 (Concat) -> 3255 (Concat)
  3268 (Concat) -> 3159 (Concat)
  3268 (Concat) -> 3145 (Concat)
  3268 (Concat) -> 3266 (Concat)
  3268 (Concat) -> 3162 (Slice)
  3268 (Concat) -> 3158 (Concat)
  3268 (Concat) -> 3253 (Concat)
  3268 (Concat) -> 3164 (Concat)
  3268 (Concat) -> 3238 (Concat)
  3268 (Concat) -> 3240 (Concat)
  3268 (Concat) -> 3237 (Concat)
  3268 (Concat) -> 3278 (Concat)
  3268 (Concat) -> 3245 (Slice)
  3268 (Concat) -> 3246 (Slice)
  3268 (Concat) -> 3247 (Slice)
  3268 (Concat) -> 3142 (Concat)
  3268 (Concat) -> 3248 (Concat)
  3268 (Concat) -> 3249 (Concat)
  3268 (Concat) -> 3250 (Concat)
  3268 (Concat) -> 3119 (Slice)
  3268 (Concat) -> 3251 (Concat)
  3268 (Concat) -> 3167 (Concat)
  3268 (Concat) -> 3224 (Concat)
  3268 (Concat) -> 3254 (Concat)
  3268 (Concat) -> 3202 (Concat)
  3268 (Concat) -> 3259 (Slice)
  3268 (Concat) -> 3260 (Slice)
  3268 (Concat) -> 3118 (Concat)
  3268 (Concat) -> 3261 (Slice)
  3268 (Concat) -> 3271 (Concat)
  3268 (Concat) -> 3262 (Concat)
  3268 (Concat) -> 3265 (Concat)
  3268 (Concat) -> 3205 (Slice)
  3268 (Concat) -> 3269 (Concat)
  3268 (Concat) -> 3270 (Concat)
  3268 (Concat) -> 3272 (Concat)
  3268 (Concat) -> 3273 (Slice)
  3268 (Concat) -> 3275 (Slice)
  3268 (Concat) -> 3194 (Concat)
  3268 (Concat) -> 3274 (Slice)
  3268 (Concat) -> 3276 (Concat)
  3268 (Concat) -> 3277 (Concat)
  3268 (Concat) -> 3279 (Concat)
  3268 (Concat) -> 3280 (Concat)
  3268 (Concat) -> 3281 (Concat)
  3268 (Concat) -> 3252 (Concat)
  3268 (Concat) -> 3179 (Concat)
  3268 (Concat) -> 3115 (Concat)
  3268 (Concat) -> 3258 (Concat)
  3268 (Concat) -> 3166 (Concat)
  3268 (Concat) -> 3160 (Concat)
  3268 (Concat) -> 3239 (Concat)
  3268 (Concat) -> 3137 (Concat)
  3268 (Concat) -> 3183 (Concat)
  3268 (Concat) -> 3242 (Concat)
  3268 (Concat) -> 3181 (Concat)
  3268 (Concat) -> 3129 (Concat)
  3268 (Concat) -> 3161 (Slice)
  3268 (Concat) -> 3232 (Slice)
  3268 (Concat) -> 3213 (Concat)
  3268 (Concat) -> 3114 (Concat)
  3268 (Concat) -> 3263 (Concat)
  3205 (Slice) -> 3231 (Slice)
  3205 (Slice) -> 3219 (Slice)
  3205 (Slice) -> 3236 (Concat)
  3205 (Slice) -> 3225 (Concat)
  3205 (Slice) -> 3177 (Slice)
  3205 (Slice) -> 3234 (Concat)
  3205 (Slice) -> 3190 (Slice)
  3205 (Slice) -> 3210 (Concat)
  3205 (Slice) -> 3218 (Slice)
  3205 (Slice) -> 3143 (Concat)
  3205 (Slice) -> 3168 (Concat)
  3205 (Slice) -> 3217 (Slice)
  3205 (Slice) -> 3222 (Concat)
  3205 (Slice) -> 3214 (Concat)
  3205 (Slice) -> 3211 (Concat)
  3205 (Slice) -> 3121 (Slice)
  3205 (Slice) -> 3226 (Concat)
  3205 (Slice) -> 3111 (Div)
  3205 (Slice) -> 3221 (Concat)
  3205 (Slice) -> 3241 (Concat)
  3205 (Slice) -> 3209 (Concat)
  3205 (Slice) -> 3208 (Concat)
  3205 (Slice) -> 3133 (Slice)
  3205 (Slice) -> 3207 (Concat)
  3205 (Slice) -> 3204 (Slice)
  3205 (Slice) -> 3203 (Slice)
  3205 (Slice) -> 3148 (Slice)
  3205 (Slice) -> 3215 (Concat)
  3205 (Slice) -> 3199 (Concat)
  3205 (Slice) -> 3171 (Concat)
  3205 (Slice) -> 3127 (Concat)
  3205 (Slice) -> 3244 (Concat)
  3205 (Slice) -> 3196 (Concat)
  3205 (Slice) -> 3200 (Concat)
  3205 (Slice) -> 3195 (Concat)
  3205 (Slice) -> 3144 (Concat)
  3205 (Slice) -> 3264 (Concat)
  3205 (Slice) -> 3193 (Concat)
  3205 (Slice) -> 3228 (Concat)
  3205 (Slice) -> 3192 (Concat)
  3205 (Slice) -> 3201 (Concat)
  3205 (Slice) -> 3141 (Concat)
  3205 (Slice) -> 3189 (Slice)
  3205 (Slice) -> 3188 (Concat)
  3205 (Slice) -> 3233 (Slice)
  3205 (Slice) -> 3132 (Concat)
  3205 (Slice) -> 3185 (Concat)
  3205 (Slice) -> 3134 (Slice)
  3205 (Slice) -> 3182 (Concat)
  3205 (Slice) -> 3180 (Concat)
  3205 (Slice) -> 3130 (Concat)
  3205 (Slice) -> 3165 (Concat)
  3205 (Slice) -> 3176 (Slice)
  3205 (Slice) -> 3191 (Slice)
  3205 (Slice) -> 3175 (Slice)
  3205 (Slice) -> 3172 (Concat)
  3205 (Slice) -> 3173 (Concat)
  3205 (Slice) -> 3169 (Concat)
  3205 (Slice) -> 3230 (Concat)
  3205 (Slice) -> 3116 (Concat)
  3205 (Slice) -> 3267 (Concat)
  3205 (Slice) -> 3235 (Concat)
  3205 (Slice) -> 3122 (Concat)
  3205 (Slice) -> 3163 (Slice)
  3205 (Slice) -> 3212 (Concat)
  3205 (Slice) -> 3136 (Concat)
  3205 (Slice) -> 3128 (Concat)
  3205 (Slice) -> 3174 (Concat)
  3205 (Slice) -> 3155 (Concat)
  3205 (Slice) -> 3229 (Concat)
  3205 (Slice) -> 3186 (Concat)
  3205 (Slice) -> 3126 (Concat)
  3205 (Slice) -> 3120 (Slice)
  3205 (Slice) -> 3257 (Concat)
  3205 (Slice) -> 3184 (Concat)
  3205 (Slice) -> 3124 (Concat)
  3205 (Slice) -> 3256 (Concat)
  3205 (Slice) -> 3112 (Sub)
  3205 (Slice) -> 3113 (Concat)
  3205 (Slice) -> 3223 (Concat)
  3205 (Slice) -> 3197 (Concat)
  3205 (Slice) -> 3123 (Concat)
  3205 (Slice) -> 3220 (Concat)
  3205 (Slice) -> 3187 (Concat)
  3205 (Slice) -> 3157 (Concat)
  3205 (Slice) -> 3117 (Concat)
  3205 (Slice) -> 3135 (Slice)
  3205 (Slice) -> 3151 (Concat)
  3205 (Slice) -> 3150 (Concat)
  3205 (Slice) -> 3170 (Concat)
  3205 (Slice) -> 3138 (Concat)
  3205 (Slice) -> 3154 (Concat)
  3205 (Slice) -> 3140 (Concat)
  3205 (Slice) -> 3146 (Concat)
  3205 (Slice) -> 3125 (Concat)
  3205 (Slice) -> 3147 (Slice)
  3205 (Slice) -> 3227 (Concat)
  3205 (Slice) -> 3131 (Concat)
  3205 (Slice) -> 3178 (Concat)
  3205 (Slice) -> 3149 (Slice)
  3205 (Slice) -> 3206 (Concat)
  3205 (Slice) -> 3152 (Concat)
  3205 (Slice) -> 3243 (Concat)
  3205 (Slice) -> 3139 (Concat)
  3205 (Slice) -> 3110 (Concat)
  3205 (Slice) -> 3216 (Concat)
  3205 (Slice) -> 3153 (Concat)
  3205 (Slice) -> 3156 (Concat)
  3205 (Slice) -> 3198 (Concat)
  3205 (Slice) -> 3255 (Concat)
  3205 (Slice) -> 3159 (Concat)
  3205 (Slice) -> 3145 (Concat)
  3205 (Slice) -> 3266 (Concat)
  3205 (Slice) -> 3162 (Slice)
  3205 (Slice) -> 3158 (Concat)
  3205 (Slice) -> 3253 (Concat)
  3205 (Slice) -> 3164 (Concat)
  3205 (Slice) -> 3238 (Concat)
  3205 (Slice) -> 3240 (Concat)
  3205 (Slice) -> 3237 (Concat)
  3205 (Slice) -> 3278 (Concat)
  3205 (Slice) -> 3245 (Slice)
  3205 (Slice) -> 3246 (Slice)
  3205 (Slice) -> 3247 (Slice)
  3205 (Slice) -> 3142 (Concat)
  3205 (Slice) -> 3248 (Concat)
  3205 (Slice) -> 3249 (Concat)
  3205 (Slice) -> 3250 (Concat)
  3205 (Slice) -> 3119 (Slice)
  3205 (Slice) -> 3251 (Concat)
  3205 (Slice) -> 3167 (Concat)
  3205 (Slice) -> 3224 (Concat)
  3205 (Slice) -> 3254 (Concat)
  3205 (Slice) -> 3202 (Concat)
  3205 (Slice) -> 3259 (Slice)
  3205 (Slice) -> 3260 (Slice)
  3205 (Slice) -> 3118 (Concat)
  3205 (Slice) -> 3261 (Slice)
  3205 (Slice) -> 3271 (Concat)
  3205 (Slice) -> 3262 (Concat)
  3205 (Slice) -> 3265 (Concat)
  3205 (Slice) -> 3268 (Concat)
  3205 (Slice) -> 3269 (Concat)
  3205 (Slice) -> 3270 (Concat)
  3205 (Slice) -> 3272 (Concat)
  3205 (Slice) -> 3273 (Slice)
  3205 (Slice) -> 3275 (Slice)
  3205 (Slice) -> 3194 (Concat)
  3205 (Slice) -> 3274 (Slice)
  3205 (Slice) -> 3276 (Concat)
  3205 (Slice) -> 3277 (Concat)
  3205 (Slice) -> 3279 (Concat)
  3205 (Slice) -> 3280 (Concat)
  3205 (Slice) -> 3281 (Concat)
  3205 (Slice) -> 3252 (Concat)
  3205 (Slice) -> 3179 (Concat)
  3205 (Slice) -> 3115 (Concat)
  3205 (Slice) -> 3258 (Concat)
  3205 (Slice) -> 3166 (Concat)
  3205 (Slice) -> 3160 (Concat)
  3205 (Slice) -> 3239 (Concat)
  3205 (Slice) -> 3137 (Concat)
  3205 (Slice) -> 3183 (Concat)
  3205 (Slice) -> 3242 (Concat)
  3205 (Slice) -> 3181 (Concat)
  3205 (Slice) -> 3129 (Concat)
  3205 (Slice) -> 3161 (Slice)
  3205 (Slice) -> 3232 (Slice)
  3205 (Slice) -> 3213 (Concat)
  3205 (Slice) -> 3114 (Concat)
  3205 (Slice) -> 3263 (Concat)
  3269 (Concat) -> 3231 (Slice)
  3269 (Concat) -> 3219 (Slice)
  3269 (Concat) -> 3236 (Concat)
  3269 (Concat) -> 3225 (Concat)
  3269 (Concat) -> 3177 (Slice)
  3269 (Concat) -> 3234 (Concat)
  3269 (Concat) -> 3190 (Slice)
  3269 (Concat) -> 3210 (Concat)
  3269 (Concat) -> 3218 (Slice)
  3269 (Concat) -> 3143 (Concat)
  3269 (Concat) -> 3168 (Concat)
  3269 (Concat) -> 3217 (Slice)
  3269 (Concat) -> 3222 (Concat)
  3269 (Concat) -> 3214 (Concat)
  3269 (Concat) -> 3211 (Concat)
  3269 (Concat) -> 3121 (Slice)
  3269 (Concat) -> 3226 (Concat)
  3269 (Concat) -> 3111 (Div)
  3269 (Concat) -> 3221 (Concat)
  3269 (Concat) -> 3241 (Concat)
  3269 (Concat) -> 3209 (Concat)
  3269 (Concat) -> 3208 (Concat)
  3269 (Concat) -> 3133 (Slice)
  3269 (Concat) -> 3207 (Concat)
  3269 (Concat) -> 3204 (Slice)
  3269 (Concat) -> 3203 (Slice)
  3269 (Concat) -> 3148 (Slice)
  3269 (Concat) -> 3215 (Concat)
  3269 (Concat) -> 3199 (Concat)
  3269 (Concat) -> 3171 (Concat)
  3269 (Concat) -> 3127 (Concat)
  3269 (Concat) -> 3244 (Concat)
  3269 (Concat) -> 3196 (Concat)
  3269 (Concat) -> 3200 (Concat)
  3269 (Concat) -> 3195 (Concat)
  3269 (Concat) -> 3144 (Concat)
  3269 (Concat) -> 3264 (Concat)
  3269 (Concat) -> 3193 (Concat)
  3269 (Concat) -> 3228 (Concat)
  3269 (Concat) -> 3192 (Concat)
  3269 (Concat) -> 3201 (Concat)
  3269 (Concat) -> 3141 (Concat)
  3269 (Concat) -> 3189 (Slice)
  3269 (Concat) -> 3188 (Concat)
  3269 (Concat) -> 3233 (Slice)
  3269 (Concat) -> 3132 (Concat)
  3269 (Concat) -> 3185 (Concat)
  3269 (Concat) -> 3134 (Slice)
  3269 (Concat) -> 3182 (Concat)
  3269 (Concat) -> 3180 (Concat)
  3269 (Concat) -> 3130 (Concat)
  3269 (Concat) -> 3165 (Concat)
  3269 (Concat) -> 3176 (Slice)
  3269 (Concat) -> 3191 (Slice)
  3269 (Concat) -> 3175 (Slice)
  3269 (Concat) -> 3172 (Concat)
  3269 (Concat) -> 3173 (Concat)
  3269 (Concat) -> 3169 (Concat)
  3269 (Concat) -> 3230 (Concat)
  3269 (Concat) -> 3116 (Concat)
  3269 (Concat) -> 3267 (Concat)
  3269 (Concat) -> 3235 (Concat)
  3269 (Concat) -> 3122 (Concat)
  3269 (Concat) -> 3163 (Slice)
  3269 (Concat) -> 3212 (Concat)
  3269 (Concat) -> 3136 (Concat)
  3269 (Concat) -> 3128 (Concat)
  3269 (Concat) -> 3174 (Concat)
  3269 (Concat) -> 3155 (Concat)
  3269 (Concat) -> 3229 (Concat)
  3269 (Concat) -> 3186 (Concat)
  3269 (Concat) -> 3126 (Concat)
  3269 (Concat) -> 3120 (Slice)
  3269 (Concat) -> 3257 (Concat)
  3269 (Concat) -> 3184 (Concat)
  3269 (Concat) -> 3124 (Concat)
  3269 (Concat) -> 3256 (Concat)
  3269 (Concat) -> 3112 (Sub)
  3269 (Concat) -> 3113 (Concat)
  3269 (Concat) -> 3223 (Concat)
  3269 (Concat) -> 3197 (Concat)
  3269 (Concat) -> 3123 (Concat)
  3269 (Concat) -> 3220 (Concat)
  3269 (Concat) -> 3187 (Concat)
  3269 (Concat) -> 3157 (Concat)
  3269 (Concat) -> 3117 (Concat)
  3269 (Concat) -> 3135 (Slice)
  3269 (Concat) -> 3151 (Concat)
  3269 (Concat) -> 3150 (Concat)
  3269 (Concat) -> 3170 (Concat)
  3269 (Concat) -> 3138 (Concat)
  3269 (Concat) -> 3154 (Concat)
  3269 (Concat) -> 3140 (Concat)
  3269 (Concat) -> 3146 (Concat)
  3269 (Concat) -> 3125 (Concat)
  3269 (Concat) -> 3147 (Slice)
  3269 (Concat) -> 3227 (Concat)
  3269 (Concat) -> 3131 (Concat)
  3269 (Concat) -> 3178 (Concat)
  3269 (Concat) -> 3149 (Slice)
  3269 (Concat) -> 3206 (Concat)
  3269 (Concat) -> 3152 (Concat)
  3269 (Concat) -> 3243 (Concat)
  3269 (Concat) -> 3139 (Concat)
  3269 (Concat) -> 3110 (Concat)
  3269 (Concat) -> 3216 (Concat)
  3269 (Concat) -> 3153 (Concat)
  3269 (Concat) -> 3156 (Concat)
  3269 (Concat) -> 3198 (Concat)
  3269 (Concat) -> 3255 (Concat)
  3269 (Concat) -> 3159 (Concat)
  3269 (Concat) -> 3145 (Concat)
  3269 (Concat) -> 3266 (Concat)
  3269 (Concat) -> 3162 (Slice)
  3269 (Concat) -> 3158 (Concat)
  3269 (Concat) -> 3253 (Concat)
  3269 (Concat) -> 3164 (Concat)
  3269 (Concat) -> 3238 (Concat)
  3269 (Concat) -> 3240 (Concat)
  3269 (Concat) -> 3237 (Concat)
  3269 (Concat) -> 3278 (Concat)
  3269 (Concat) -> 3245 (Slice)
  3269 (Concat) -> 3246 (Slice)
  3269 (Concat) -> 3247 (Slice)
  3269 (Concat) -> 3142 (Concat)
  3269 (Concat) -> 3248 (Concat)
  3269 (Concat) -> 3249 (Concat)
  3269 (Concat) -> 3250 (Concat)
  3269 (Concat) -> 3119 (Slice)
  3269 (Concat) -> 3251 (Concat)
  3269 (Concat) -> 3167 (Concat)
  3269 (Concat) -> 3224 (Concat)
  3269 (Concat) -> 3254 (Concat)
  3269 (Concat) -> 3202 (Concat)
  3269 (Concat) -> 3259 (Slice)
  3269 (Concat) -> 3260 (Slice)
  3269 (Concat) -> 3118 (Concat)
  3269 (Concat) -> 3261 (Slice)
  3269 (Concat) -> 3271 (Concat)
  3269 (Concat) -> 3262 (Concat)
  3269 (Concat) -> 3265 (Concat)
  3269 (Concat) -> 3268 (Concat)
  3269 (Concat) -> 3205 (Slice)
  3269 (Concat) -> 3270 (Concat)
  3269 (Concat) -> 3272 (Concat)
  3269 (Concat) -> 3273 (Slice)
  3269 (Concat) -> 3275 (Slice)
  3269 (Concat) -> 3194 (Concat)
  3269 (Concat) -> 3274 (Slice)
  3269 (Concat) -> 3276 (Concat)
  3269 (Concat) -> 3277 (Concat)
  3269 (Concat) -> 3279 (Concat)
  3269 (Concat) -> 3280 (Concat)
  3269 (Concat) -> 3281 (Concat)
  3269 (Concat) -> 3252 (Concat)
  3269 (Concat) -> 3179 (Concat)
  3269 (Concat) -> 3115 (Concat)
  3269 (Concat) -> 3258 (Concat)
  3269 (Concat) -> 3166 (Concat)
  3269 (Concat) -> 3160 (Concat)
  3269 (Concat) -> 3239 (Concat)
  3269 (Concat) -> 3137 (Concat)
  3269 (Concat) -> 3183 (Concat)
  3269 (Concat) -> 3242 (Concat)
  3269 (Concat) -> 3181 (Concat)
  3269 (Concat) -> 3129 (Concat)
  3269 (Concat) -> 3161 (Slice)
  3269 (Concat) -> 3232 (Slice)
  3269 (Concat) -> 3213 (Concat)
  3269 (Concat) -> 3114 (Concat)
  3269 (Concat) -> 3263 (Concat)
  3270 (Concat) -> 3231 (Slice)
  3270 (Concat) -> 3219 (Slice)
  3270 (Concat) -> 3236 (Concat)
  3270 (Concat) -> 3225 (Concat)
  3270 (Concat) -> 3177 (Slice)
  3270 (Concat) -> 3234 (Concat)
  3270 (Concat) -> 3190 (Slice)
  3270 (Concat) -> 3210 (Concat)
  3270 (Concat) -> 3218 (Slice)
  3270 (Concat) -> 3143 (Concat)
  3270 (Concat) -> 3168 (Concat)
  3270 (Concat) -> 3217 (Slice)
  3270 (Concat) -> 3222 (Concat)
  3270 (Concat) -> 3214 (Concat)
  3270 (Concat) -> 3211 (Concat)
  3270 (Concat) -> 3121 (Slice)
  3270 (Concat) -> 3226 (Concat)
  3270 (Concat) -> 3111 (Div)
  3270 (Concat) -> 3221 (Concat)
  3270 (Concat) -> 3241 (Concat)
  3270 (Concat) -> 3209 (Concat)
  3270 (Concat) -> 3208 (Concat)
  3270 (Concat) -> 3133 (Slice)
  3270 (Concat) -> 3207 (Concat)
  3270 (Concat) -> 3204 (Slice)
  3270 (Concat) -> 3203 (Slice)
  3270 (Concat) -> 3148 (Slice)
  3270 (Concat) -> 3215 (Concat)
  3270 (Concat) -> 3199 (Concat)
  3270 (Concat) -> 3171 (Concat)
  3270 (Concat) -> 3127 (Concat)
  3270 (Concat) -> 3244 (Concat)
  3270 (Concat) -> 3196 (Concat)
  3270 (Concat) -> 3200 (Concat)
  3270 (Concat) -> 3195 (Concat)
  3270 (Concat) -> 3144 (Concat)
  3270 (Concat) -> 3264 (Concat)
  3270 (Concat) -> 3193 (Concat)
  3270 (Concat) -> 3228 (Concat)
  3270 (Concat) -> 3192 (Concat)
  3270 (Concat) -> 3201 (Concat)
  3270 (Concat) -> 3141 (Concat)
  3270 (Concat) -> 3189 (Slice)
  3270 (Concat) -> 3188 (Concat)
  3270 (Concat) -> 3233 (Slice)
  3270 (Concat) -> 3132 (Concat)
  3270 (Concat) -> 3185 (Concat)
  3270 (Concat) -> 3134 (Slice)
  3270 (Concat) -> 3182 (Concat)
  3270 (Concat) -> 3180 (Concat)
  3270 (Concat) -> 3130 (Concat)
  3270 (Concat) -> 3165 (Concat)
  3270 (Concat) -> 3176 (Slice)
  3270 (Concat) -> 3191 (Slice)
  3270 (Concat) -> 3175 (Slice)
  3270 (Concat) -> 3172 (Concat)
  3270 (Concat) -> 3173 (Concat)
  3270 (Concat) -> 3169 (Concat)
  3270 (Concat) -> 3230 (Concat)
  3270 (Concat) -> 3116 (Concat)
  3270 (Concat) -> 3267 (Concat)
  3270 (Concat) -> 3235 (Concat)
  3270 (Concat) -> 3122 (Concat)
  3270 (Concat) -> 3163 (Slice)
  3270 (Concat) -> 3212 (Concat)
  3270 (Concat) -> 3136 (Concat)
  3270 (Concat) -> 3128 (Concat)
  3270 (Concat) -> 3174 (Concat)
  3270 (Concat) -> 3155 (Concat)
  3270 (Concat) -> 3229 (Concat)
  3270 (Concat) -> 3186 (Concat)
  3270 (Concat) -> 3126 (Concat)
  3270 (Concat) -> 3120 (Slice)
  3270 (Concat) -> 3257 (Concat)
  3270 (Concat) -> 3184 (Concat)
  3270 (Concat) -> 3124 (Concat)
  3270 (Concat) -> 3256 (Concat)
  3270 (Concat) -> 3112 (Sub)
  3270 (Concat) -> 3113 (Concat)
  3270 (Concat) -> 3223 (Concat)
  3270 (Concat) -> 3197 (Concat)
  3270 (Concat) -> 3123 (Concat)
  3270 (Concat) -> 3220 (Concat)
  3270 (Concat) -> 3187 (Concat)
  3270 (Concat) -> 3157 (Concat)
  3270 (Concat) -> 3117 (Concat)
  3270 (Concat) -> 3135 (Slice)
  3270 (Concat) -> 3151 (Concat)
  3270 (Concat) -> 3150 (Concat)
  3270 (Concat) -> 3170 (Concat)
  3270 (Concat) -> 3138 (Concat)
  3270 (Concat) -> 3154 (Concat)
  3270 (Concat) -> 3140 (Concat)
  3270 (Concat) -> 3146 (Concat)
  3270 (Concat) -> 3125 (Concat)
  3270 (Concat) -> 3147 (Slice)
  3270 (Concat) -> 3227 (Concat)
  3270 (Concat) -> 3131 (Concat)
  3270 (Concat) -> 3178 (Concat)
  3270 (Concat) -> 3149 (Slice)
  3270 (Concat) -> 3206 (Concat)
  3270 (Concat) -> 3152 (Concat)
  3270 (Concat) -> 3243 (Concat)
  3270 (Concat) -> 3139 (Concat)
  3270 (Concat) -> 3110 (Concat)
  3270 (Concat) -> 3216 (Concat)
  3270 (Concat) -> 3153 (Concat)
  3270 (Concat) -> 3156 (Concat)
  3270 (Concat) -> 3198 (Concat)
  3270 (Concat) -> 3255 (Concat)
  3270 (Concat) -> 3159 (Concat)
  3270 (Concat) -> 3145 (Concat)
  3270 (Concat) -> 3266 (Concat)
  3270 (Concat) -> 3162 (Slice)
  3270 (Concat) -> 3158 (Concat)
  3270 (Concat) -> 3253 (Concat)
  3270 (Concat) -> 3164 (Concat)
  3270 (Concat) -> 3238 (Concat)
  3270 (Concat) -> 3240 (Concat)
  3270 (Concat) -> 3237 (Concat)
  3270 (Concat) -> 3278 (Concat)
  3270 (Concat) -> 3245 (Slice)
  3270 (Concat) -> 3246 (Slice)
  3270 (Concat) -> 3247 (Slice)
  3270 (Concat) -> 3142 (Concat)
  3270 (Concat) -> 3248 (Concat)
  3270 (Concat) -> 3249 (Concat)
  3270 (Concat) -> 3250 (Concat)
  3270 (Concat) -> 3119 (Slice)
  3270 (Concat) -> 3251 (Concat)
  3270 (Concat) -> 3167 (Concat)
  3270 (Concat) -> 3224 (Concat)
  3270 (Concat) -> 3254 (Concat)
  3270 (Concat) -> 3202 (Concat)
  3270 (Concat) -> 3259 (Slice)
  3270 (Concat) -> 3260 (Slice)
  3270 (Concat) -> 3118 (Concat)
  3270 (Concat) -> 3261 (Slice)
  3270 (Concat) -> 3271 (Concat)
  3270 (Concat) -> 3262 (Concat)
  3270 (Concat) -> 3265 (Concat)
  3270 (Concat) -> 3268 (Concat)
  3270 (Concat) -> 3205 (Slice)
  3270 (Concat) -> 3269 (Concat)
  3270 (Concat) -> 3272 (Concat)
  3270 (Concat) -> 3273 (Slice)
  3270 (Concat) -> 3275 (Slice)
  3270 (Concat) -> 3194 (Concat)
  3270 (Concat) -> 3274 (Slice)
  3270 (Concat) -> 3276 (Concat)
  3270 (Concat) -> 3277 (Concat)
  3270 (Concat) -> 3279 (Concat)
  3270 (Concat) -> 3280 (Concat)
  3270 (Concat) -> 3281 (Concat)
  3270 (Concat) -> 3252 (Concat)
  3270 (Concat) -> 3179 (Concat)
  3270 (Concat) -> 3115 (Concat)
  3270 (Concat) -> 3258 (Concat)
  3270 (Concat) -> 3166 (Concat)
  3270 (Concat) -> 3160 (Concat)
  3270 (Concat) -> 3239 (Concat)
  3270 (Concat) -> 3137 (Concat)
  3270 (Concat) -> 3183 (Concat)
  3270 (Concat) -> 3242 (Concat)
  3270 (Concat) -> 3181 (Concat)
  3270 (Concat) -> 3129 (Concat)
  3270 (Concat) -> 3161 (Slice)
  3270 (Concat) -> 3232 (Slice)
  3270 (Concat) -> 3213 (Concat)
  3270 (Concat) -> 3114 (Concat)
  3270 (Concat) -> 3263 (Concat)
  h.2.attn (Slice) -> h.9.attn (Slice)
  h.2.attn (Slice) -> h.8.attn (Slice)
  h.2.attn (Slice) -> h.4.attn (Slice)
  h.2.attn (Slice) -> h.1.attn (Slice)
  h.2.attn (Slice) -> h.11.attn (Slice)
  h.2.attn (Slice) -> h.7.attn (Slice)
  h.2.attn (Slice) -> h.0.attn (Slice)
  h.2.attn (Slice) -> h.3.attn (Slice)
  h.2.attn (Slice) -> h.10.attn (Slice)
  h.2.attn (Slice) -> h.5.attn (Slice)
  h.2.attn (Slice) -> h.6.attn (Slice)
  3272 (Concat) -> 3231 (Slice)
  3272 (Concat) -> 3219 (Slice)
  3272 (Concat) -> 3236 (Concat)
  3272 (Concat) -> 3225 (Concat)
  3272 (Concat) -> 3177 (Slice)
  3272 (Concat) -> 3234 (Concat)
  3272 (Concat) -> 3190 (Slice)
  3272 (Concat) -> 3210 (Concat)
  3272 (Concat) -> 3218 (Slice)
  3272 (Concat) -> 3143 (Concat)
  3272 (Concat) -> 3168 (Concat)
  3272 (Concat) -> 3217 (Slice)
  3272 (Concat) -> 3222 (Concat)
  3272 (Concat) -> 3214 (Concat)
  3272 (Concat) -> 3211 (Concat)
  3272 (Concat) -> 3121 (Slice)
  3272 (Concat) -> 3226 (Concat)
  3272 (Concat) -> 3111 (Div)
  3272 (Concat) -> 3221 (Concat)
  3272 (Concat) -> 3241 (Concat)
  3272 (Concat) -> 3209 (Concat)
  3272 (Concat) -> 3208 (Concat)
  3272 (Concat) -> 3133 (Slice)
  3272 (Concat) -> 3207 (Concat)
  3272 (Concat) -> 3204 (Slice)
  3272 (Concat) -> 3203 (Slice)
  3272 (Concat) -> 3148 (Slice)
  3272 (Concat) -> 3215 (Concat)
  3272 (Concat) -> 3199 (Concat)
  3272 (Concat) -> 3171 (Concat)
  3272 (Concat) -> 3127 (Concat)
  3272 (Concat) -> 3244 (Concat)
  3272 (Concat) -> 3196 (Concat)
  3272 (Concat) -> 3200 (Concat)
  3272 (Concat) -> 3195 (Concat)
  3272 (Concat) -> 3144 (Concat)
  3272 (Concat) -> 3264 (Concat)
  3272 (Concat) -> 3193 (Concat)
  3272 (Concat) -> 3228 (Concat)
  3272 (Concat) -> 3192 (Concat)
  3272 (Concat) -> 3201 (Concat)
  3272 (Concat) -> 3141 (Concat)
  3272 (Concat) -> 3189 (Slice)
  3272 (Concat) -> 3188 (Concat)
  3272 (Concat) -> 3233 (Slice)
  3272 (Concat) -> 3132 (Concat)
  3272 (Concat) -> 3185 (Concat)
  3272 (Concat) -> 3134 (Slice)
  3272 (Concat) -> 3182 (Concat)
  3272 (Concat) -> 3180 (Concat)
  3272 (Concat) -> 3130 (Concat)
  3272 (Concat) -> 3165 (Concat)
  3272 (Concat) -> 3176 (Slice)
  3272 (Concat) -> 3191 (Slice)
  3272 (Concat) -> 3175 (Slice)
  3272 (Concat) -> 3172 (Concat)
  3272 (Concat) -> 3173 (Concat)
  3272 (Concat) -> 3169 (Concat)
  3272 (Concat) -> 3230 (Concat)
  3272 (Concat) -> 3116 (Concat)
  3272 (Concat) -> 3267 (Concat)
  3272 (Concat) -> 3235 (Concat)
  3272 (Concat) -> 3122 (Concat)
  3272 (Concat) -> 3163 (Slice)
  3272 (Concat) -> 3212 (Concat)
  3272 (Concat) -> 3136 (Concat)
  3272 (Concat) -> 3128 (Concat)
  3272 (Concat) -> 3174 (Concat)
  3272 (Concat) -> 3155 (Concat)
  3272 (Concat) -> 3229 (Concat)
  3272 (Concat) -> 3186 (Concat)
  3272 (Concat) -> 3126 (Concat)
  3272 (Concat) -> 3120 (Slice)
  3272 (Concat) -> 3257 (Concat)
  3272 (Concat) -> 3184 (Concat)
  3272 (Concat) -> 3124 (Concat)
  3272 (Concat) -> 3256 (Concat)
  3272 (Concat) -> 3112 (Sub)
  3272 (Concat) -> 3113 (Concat)
  3272 (Concat) -> 3223 (Concat)
  3272 (Concat) -> 3197 (Concat)
  3272 (Concat) -> 3123 (Concat)
  3272 (Concat) -> 3220 (Concat)
  3272 (Concat) -> 3187 (Concat)
  3272 (Concat) -> 3157 (Concat)
  3272 (Concat) -> 3117 (Concat)
  3272 (Concat) -> 3135 (Slice)
  3272 (Concat) -> 3151 (Concat)
  3272 (Concat) -> 3150 (Concat)
  3272 (Concat) -> 3170 (Concat)
  3272 (Concat) -> 3138 (Concat)
  3272 (Concat) -> 3154 (Concat)
  3272 (Concat) -> 3140 (Concat)
  3272 (Concat) -> 3146 (Concat)
  3272 (Concat) -> 3125 (Concat)
  3272 (Concat) -> 3147 (Slice)
  3272 (Concat) -> 3227 (Concat)
  3272 (Concat) -> 3131 (Concat)
  3272 (Concat) -> 3178 (Concat)
  3272 (Concat) -> 3149 (Slice)
  3272 (Concat) -> 3206 (Concat)
  3272 (Concat) -> 3152 (Concat)
  3272 (Concat) -> 3243 (Concat)
  3272 (Concat) -> 3139 (Concat)
  3272 (Concat) -> 3110 (Concat)
  3272 (Concat) -> 3216 (Concat)
  3272 (Concat) -> 3153 (Concat)
  3272 (Concat) -> 3156 (Concat)
  3272 (Concat) -> 3198 (Concat)
  3272 (Concat) -> 3255 (Concat)
  3272 (Concat) -> 3159 (Concat)
  3272 (Concat) -> 3145 (Concat)
  3272 (Concat) -> 3266 (Concat)
  3272 (Concat) -> 3162 (Slice)
  3272 (Concat) -> 3158 (Concat)
  3272 (Concat) -> 3253 (Concat)
  3272 (Concat) -> 3164 (Concat)
  3272 (Concat) -> 3238 (Concat)
  3272 (Concat) -> 3240 (Concat)
  3272 (Concat) -> 3237 (Concat)
  3272 (Concat) -> 3278 (Concat)
  3272 (Concat) -> 3245 (Slice)
  3272 (Concat) -> 3246 (Slice)
  3272 (Concat) -> 3247 (Slice)
  3272 (Concat) -> 3142 (Concat)
  3272 (Concat) -> 3248 (Concat)
  3272 (Concat) -> 3249 (Concat)
  3272 (Concat) -> 3250 (Concat)
  3272 (Concat) -> 3119 (Slice)
  3272 (Concat) -> 3251 (Concat)
  3272 (Concat) -> 3167 (Concat)
  3272 (Concat) -> 3224 (Concat)
  3272 (Concat) -> 3254 (Concat)
  3272 (Concat) -> 3202 (Concat)
  3272 (Concat) -> 3259 (Slice)
  3272 (Concat) -> 3260 (Slice)
  3272 (Concat) -> 3118 (Concat)
  3272 (Concat) -> 3261 (Slice)
  3272 (Concat) -> 3271 (Concat)
  3272 (Concat) -> 3262 (Concat)
  3272 (Concat) -> 3265 (Concat)
  3272 (Concat) -> 3268 (Concat)
  3272 (Concat) -> 3205 (Slice)
  3272 (Concat) -> 3269 (Concat)
  3272 (Concat) -> 3270 (Concat)
  3272 (Concat) -> 3273 (Slice)
  3272 (Concat) -> 3275 (Slice)
  3272 (Concat) -> 3194 (Concat)
  3272 (Concat) -> 3274 (Slice)
  3272 (Concat) -> 3276 (Concat)
  3272 (Concat) -> 3277 (Concat)
  3272 (Concat) -> 3279 (Concat)
  3272 (Concat) -> 3280 (Concat)
  3272 (Concat) -> 3281 (Concat)
  3272 (Concat) -> 3252 (Concat)
  3272 (Concat) -> 3179 (Concat)
  3272 (Concat) -> 3115 (Concat)
  3272 (Concat) -> 3258 (Concat)
  3272 (Concat) -> 3166 (Concat)
  3272 (Concat) -> 3160 (Concat)
  3272 (Concat) -> 3239 (Concat)
  3272 (Concat) -> 3137 (Concat)
  3272 (Concat) -> 3183 (Concat)
  3272 (Concat) -> 3242 (Concat)
  3272 (Concat) -> 3181 (Concat)
  3272 (Concat) -> 3129 (Concat)
  3272 (Concat) -> 3161 (Slice)
  3272 (Concat) -> 3232 (Slice)
  3272 (Concat) -> 3213 (Concat)
  3272 (Concat) -> 3114 (Concat)
  3272 (Concat) -> 3263 (Concat)
  3273 (Slice) -> 3231 (Slice)
  3273 (Slice) -> 3219 (Slice)
  3273 (Slice) -> 3236 (Concat)
  3273 (Slice) -> 3225 (Concat)
  3273 (Slice) -> 3177 (Slice)
  3273 (Slice) -> 3234 (Concat)
  3273 (Slice) -> 3190 (Slice)
  3273 (Slice) -> 3210 (Concat)
  3273 (Slice) -> 3218 (Slice)
  3273 (Slice) -> 3143 (Concat)
  3273 (Slice) -> 3168 (Concat)
  3273 (Slice) -> 3217 (Slice)
  3273 (Slice) -> 3222 (Concat)
  3273 (Slice) -> 3214 (Concat)
  3273 (Slice) -> 3211 (Concat)
  3273 (Slice) -> 3121 (Slice)
  3273 (Slice) -> 3226 (Concat)
  3273 (Slice) -> 3111 (Div)
  3273 (Slice) -> 3221 (Concat)
  3273 (Slice) -> 3241 (Concat)
  3273 (Slice) -> 3209 (Concat)
  3273 (Slice) -> 3208 (Concat)
  3273 (Slice) -> 3133 (Slice)
  3273 (Slice) -> 3207 (Concat)
  3273 (Slice) -> 3204 (Slice)
  3273 (Slice) -> 3203 (Slice)
  3273 (Slice) -> 3148 (Slice)
  3273 (Slice) -> 3215 (Concat)
  3273 (Slice) -> 3199 (Concat)
  3273 (Slice) -> 3171 (Concat)
  3273 (Slice) -> 3127 (Concat)
  3273 (Slice) -> 3244 (Concat)
  3273 (Slice) -> 3196 (Concat)
  3273 (Slice) -> 3200 (Concat)
  3273 (Slice) -> 3195 (Concat)
  3273 (Slice) -> 3144 (Concat)
  3273 (Slice) -> 3264 (Concat)
  3273 (Slice) -> 3193 (Concat)
  3273 (Slice) -> 3228 (Concat)
  3273 (Slice) -> 3192 (Concat)
  3273 (Slice) -> 3201 (Concat)
  3273 (Slice) -> 3141 (Concat)
  3273 (Slice) -> 3189 (Slice)
  3273 (Slice) -> 3188 (Concat)
  3273 (Slice) -> 3233 (Slice)
  3273 (Slice) -> 3132 (Concat)
  3273 (Slice) -> 3185 (Concat)
  3273 (Slice) -> 3134 (Slice)
  3273 (Slice) -> 3182 (Concat)
  3273 (Slice) -> 3180 (Concat)
  3273 (Slice) -> 3130 (Concat)
  3273 (Slice) -> 3165 (Concat)
  3273 (Slice) -> 3176 (Slice)
  3273 (Slice) -> 3191 (Slice)
  3273 (Slice) -> 3175 (Slice)
  3273 (Slice) -> 3172 (Concat)
  3273 (Slice) -> 3173 (Concat)
  3273 (Slice) -> 3169 (Concat)
  3273 (Slice) -> 3230 (Concat)
  3273 (Slice) -> 3116 (Concat)
  3273 (Slice) -> 3267 (Concat)
  3273 (Slice) -> 3235 (Concat)
  3273 (Slice) -> 3122 (Concat)
  3273 (Slice) -> 3163 (Slice)
  3273 (Slice) -> 3212 (Concat)
  3273 (Slice) -> 3136 (Concat)
  3273 (Slice) -> 3128 (Concat)
  3273 (Slice) -> 3174 (Concat)
  3273 (Slice) -> 3155 (Concat)
  3273 (Slice) -> 3229 (Concat)
  3273 (Slice) -> 3186 (Concat)
  3273 (Slice) -> 3126 (Concat)
  3273 (Slice) -> 3120 (Slice)
  3273 (Slice) -> 3257 (Concat)
  3273 (Slice) -> 3184 (Concat)
  3273 (Slice) -> 3124 (Concat)
  3273 (Slice) -> 3256 (Concat)
  3273 (Slice) -> 3112 (Sub)
  3273 (Slice) -> 3113 (Concat)
  3273 (Slice) -> 3223 (Concat)
  3273 (Slice) -> 3197 (Concat)
  3273 (Slice) -> 3123 (Concat)
  3273 (Slice) -> 3220 (Concat)
  3273 (Slice) -> 3187 (Concat)
  3273 (Slice) -> 3157 (Concat)
  3273 (Slice) -> 3117 (Concat)
  3273 (Slice) -> 3135 (Slice)
  3273 (Slice) -> 3151 (Concat)
  3273 (Slice) -> 3150 (Concat)
  3273 (Slice) -> 3170 (Concat)
  3273 (Slice) -> 3138 (Concat)
  3273 (Slice) -> 3154 (Concat)
  3273 (Slice) -> 3140 (Concat)
  3273 (Slice) -> 3146 (Concat)
  3273 (Slice) -> 3125 (Concat)
  3273 (Slice) -> 3147 (Slice)
  3273 (Slice) -> 3227 (Concat)
  3273 (Slice) -> 3131 (Concat)
  3273 (Slice) -> 3178 (Concat)
  3273 (Slice) -> 3149 (Slice)
  3273 (Slice) -> 3206 (Concat)
  3273 (Slice) -> 3152 (Concat)
  3273 (Slice) -> 3243 (Concat)
  3273 (Slice) -> 3139 (Concat)
  3273 (Slice) -> 3110 (Concat)
  3273 (Slice) -> 3216 (Concat)
  3273 (Slice) -> 3153 (Concat)
  3273 (Slice) -> 3156 (Concat)
  3273 (Slice) -> 3198 (Concat)
  3273 (Slice) -> 3255 (Concat)
  3273 (Slice) -> 3159 (Concat)
  3273 (Slice) -> 3145 (Concat)
  3273 (Slice) -> 3266 (Concat)
  3273 (Slice) -> 3162 (Slice)
  3273 (Slice) -> 3158 (Concat)
  3273 (Slice) -> 3253 (Concat)
  3273 (Slice) -> 3164 (Concat)
  3273 (Slice) -> 3238 (Concat)
  3273 (Slice) -> 3240 (Concat)
  3273 (Slice) -> 3237 (Concat)
  3273 (Slice) -> 3278 (Concat)
  3273 (Slice) -> 3245 (Slice)
  3273 (Slice) -> 3246 (Slice)
  3273 (Slice) -> 3247 (Slice)
  3273 (Slice) -> 3142 (Concat)
  3273 (Slice) -> 3248 (Concat)
  3273 (Slice) -> 3249 (Concat)
  3273 (Slice) -> 3250 (Concat)
  3273 (Slice) -> 3119 (Slice)
  3273 (Slice) -> 3251 (Concat)
  3273 (Slice) -> 3167 (Concat)
  3273 (Slice) -> 3224 (Concat)
  3273 (Slice) -> 3254 (Concat)
  3273 (Slice) -> 3202 (Concat)
  3273 (Slice) -> 3259 (Slice)
  3273 (Slice) -> 3260 (Slice)
  3273 (Slice) -> 3118 (Concat)
  3273 (Slice) -> 3261 (Slice)
  3273 (Slice) -> 3271 (Concat)
  3273 (Slice) -> 3262 (Concat)
  3273 (Slice) -> 3265 (Concat)
  3273 (Slice) -> 3268 (Concat)
  3273 (Slice) -> 3205 (Slice)
  3273 (Slice) -> 3269 (Concat)
  3273 (Slice) -> 3270 (Concat)
  3273 (Slice) -> 3272 (Concat)
  3273 (Slice) -> 3275 (Slice)
  3273 (Slice) -> 3194 (Concat)
  3273 (Slice) -> 3274 (Slice)
  3273 (Slice) -> 3276 (Concat)
  3273 (Slice) -> 3277 (Concat)
  3273 (Slice) -> 3279 (Concat)
  3273 (Slice) -> 3280 (Concat)
  3273 (Slice) -> 3281 (Concat)
  3273 (Slice) -> 3252 (Concat)
  3273 (Slice) -> 3179 (Concat)
  3273 (Slice) -> 3115 (Concat)
  3273 (Slice) -> 3258 (Concat)
  3273 (Slice) -> 3166 (Concat)
  3273 (Slice) -> 3160 (Concat)
  3273 (Slice) -> 3239 (Concat)
  3273 (Slice) -> 3137 (Concat)
  3273 (Slice) -> 3183 (Concat)
  3273 (Slice) -> 3242 (Concat)
  3273 (Slice) -> 3181 (Concat)
  3273 (Slice) -> 3129 (Concat)
  3273 (Slice) -> 3161 (Slice)
  3273 (Slice) -> 3232 (Slice)
  3273 (Slice) -> 3213 (Concat)
  3273 (Slice) -> 3114 (Concat)
  3273 (Slice) -> 3263 (Concat)
  3275 (Slice) -> 3231 (Slice)
  3275 (Slice) -> 3219 (Slice)
  3275 (Slice) -> 3236 (Concat)
  3275 (Slice) -> 3225 (Concat)
  3275 (Slice) -> 3177 (Slice)
  3275 (Slice) -> 3234 (Concat)
  3275 (Slice) -> 3190 (Slice)
  3275 (Slice) -> 3210 (Concat)
  3275 (Slice) -> 3218 (Slice)
  3275 (Slice) -> 3143 (Concat)
  3275 (Slice) -> 3168 (Concat)
  3275 (Slice) -> 3217 (Slice)
  3275 (Slice) -> 3222 (Concat)
  3275 (Slice) -> 3214 (Concat)
  3275 (Slice) -> 3211 (Concat)
  3275 (Slice) -> 3121 (Slice)
  3275 (Slice) -> 3226 (Concat)
  3275 (Slice) -> 3111 (Div)
  3275 (Slice) -> 3221 (Concat)
  3275 (Slice) -> 3241 (Concat)
  3275 (Slice) -> 3209 (Concat)
  3275 (Slice) -> 3208 (Concat)
  3275 (Slice) -> 3133 (Slice)
  3275 (Slice) -> 3207 (Concat)
  3275 (Slice) -> 3204 (Slice)
  3275 (Slice) -> 3203 (Slice)
  3275 (Slice) -> 3148 (Slice)
  3275 (Slice) -> 3215 (Concat)
  3275 (Slice) -> 3199 (Concat)
  3275 (Slice) -> 3171 (Concat)
  3275 (Slice) -> 3127 (Concat)
  3275 (Slice) -> 3244 (Concat)
  3275 (Slice) -> 3196 (Concat)
  3275 (Slice) -> 3200 (Concat)
  3275 (Slice) -> 3195 (Concat)
  3275 (Slice) -> 3144 (Concat)
  3275 (Slice) -> 3264 (Concat)
  3275 (Slice) -> 3193 (Concat)
  3275 (Slice) -> 3228 (Concat)
  3275 (Slice) -> 3192 (Concat)
  3275 (Slice) -> 3201 (Concat)
  3275 (Slice) -> 3141 (Concat)
  3275 (Slice) -> 3189 (Slice)
  3275 (Slice) -> 3188 (Concat)
  3275 (Slice) -> 3233 (Slice)
  3275 (Slice) -> 3132 (Concat)
  3275 (Slice) -> 3185 (Concat)
  3275 (Slice) -> 3134 (Slice)
  3275 (Slice) -> 3182 (Concat)
  3275 (Slice) -> 3180 (Concat)
  3275 (Slice) -> 3130 (Concat)
  3275 (Slice) -> 3165 (Concat)
  3275 (Slice) -> 3176 (Slice)
  3275 (Slice) -> 3191 (Slice)
  3275 (Slice) -> 3175 (Slice)
  3275 (Slice) -> 3172 (Concat)
  3275 (Slice) -> 3173 (Concat)
  3275 (Slice) -> 3169 (Concat)
  3275 (Slice) -> 3230 (Concat)
  3275 (Slice) -> 3116 (Concat)
  3275 (Slice) -> 3267 (Concat)
  3275 (Slice) -> 3235 (Concat)
  3275 (Slice) -> 3122 (Concat)
  3275 (Slice) -> 3163 (Slice)
  3275 (Slice) -> 3212 (Concat)
  3275 (Slice) -> 3136 (Concat)
  3275 (Slice) -> 3128 (Concat)
  3275 (Slice) -> 3174 (Concat)
  3275 (Slice) -> 3155 (Concat)
  3275 (Slice) -> 3229 (Concat)
  3275 (Slice) -> 3186 (Concat)
  3275 (Slice) -> 3126 (Concat)
  3275 (Slice) -> 3120 (Slice)
  3275 (Slice) -> 3257 (Concat)
  3275 (Slice) -> 3184 (Concat)
  3275 (Slice) -> 3124 (Concat)
  3275 (Slice) -> 3256 (Concat)
  3275 (Slice) -> 3112 (Sub)
  3275 (Slice) -> 3113 (Concat)
  3275 (Slice) -> 3223 (Concat)
  3275 (Slice) -> 3197 (Concat)
  3275 (Slice) -> 3123 (Concat)
  3275 (Slice) -> 3220 (Concat)
  3275 (Slice) -> 3187 (Concat)
  3275 (Slice) -> 3157 (Concat)
  3275 (Slice) -> 3117 (Concat)
  3275 (Slice) -> 3135 (Slice)
  3275 (Slice) -> 3151 (Concat)
  3275 (Slice) -> 3150 (Concat)
  3275 (Slice) -> 3170 (Concat)
  3275 (Slice) -> 3138 (Concat)
  3275 (Slice) -> 3154 (Concat)
  3275 (Slice) -> 3140 (Concat)
  3275 (Slice) -> 3146 (Concat)
  3275 (Slice) -> 3125 (Concat)
  3275 (Slice) -> 3147 (Slice)
  3275 (Slice) -> 3227 (Concat)
  3275 (Slice) -> 3131 (Concat)
  3275 (Slice) -> 3178 (Concat)
  3275 (Slice) -> 3149 (Slice)
  3275 (Slice) -> 3206 (Concat)
  3275 (Slice) -> 3152 (Concat)
  3275 (Slice) -> 3243 (Concat)
  3275 (Slice) -> 3139 (Concat)
  3275 (Slice) -> 3110 (Concat)
  3275 (Slice) -> 3216 (Concat)
  3275 (Slice) -> 3153 (Concat)
  3275 (Slice) -> 3156 (Concat)
  3275 (Slice) -> 3198 (Concat)
  3275 (Slice) -> 3255 (Concat)
  3275 (Slice) -> 3159 (Concat)
  3275 (Slice) -> 3145 (Concat)
  3275 (Slice) -> 3266 (Concat)
  3275 (Slice) -> 3162 (Slice)
  3275 (Slice) -> 3158 (Concat)
  3275 (Slice) -> 3253 (Concat)
  3275 (Slice) -> 3164 (Concat)
  3275 (Slice) -> 3238 (Concat)
  3275 (Slice) -> 3240 (Concat)
  3275 (Slice) -> 3237 (Concat)
  3275 (Slice) -> 3278 (Concat)
  3275 (Slice) -> 3245 (Slice)
  3275 (Slice) -> 3246 (Slice)
  3275 (Slice) -> 3247 (Slice)
  3275 (Slice) -> 3142 (Concat)
  3275 (Slice) -> 3248 (Concat)
  3275 (Slice) -> 3249 (Concat)
  3275 (Slice) -> 3250 (Concat)
  3275 (Slice) -> 3119 (Slice)
  3275 (Slice) -> 3251 (Concat)
  3275 (Slice) -> 3167 (Concat)
  3275 (Slice) -> 3224 (Concat)
  3275 (Slice) -> 3254 (Concat)
  3275 (Slice) -> 3202 (Concat)
  3275 (Slice) -> 3259 (Slice)
  3275 (Slice) -> 3260 (Slice)
  3275 (Slice) -> 3118 (Concat)
  3275 (Slice) -> 3261 (Slice)
  3275 (Slice) -> 3271 (Concat)
  3275 (Slice) -> 3262 (Concat)
  3275 (Slice) -> 3265 (Concat)
  3275 (Slice) -> 3268 (Concat)
  3275 (Slice) -> 3205 (Slice)
  3275 (Slice) -> 3269 (Concat)
  3275 (Slice) -> 3270 (Concat)
  3275 (Slice) -> 3272 (Concat)
  3275 (Slice) -> 3273 (Slice)
  3275 (Slice) -> 3194 (Concat)
  3275 (Slice) -> 3274 (Slice)
  3275 (Slice) -> 3276 (Concat)
  3275 (Slice) -> 3277 (Concat)
  3275 (Slice) -> 3279 (Concat)
  3275 (Slice) -> 3280 (Concat)
  3275 (Slice) -> 3281 (Concat)
  3275 (Slice) -> 3252 (Concat)
  3275 (Slice) -> 3179 (Concat)
  3275 (Slice) -> 3115 (Concat)
  3275 (Slice) -> 3258 (Concat)
  3275 (Slice) -> 3166 (Concat)
  3275 (Slice) -> 3160 (Concat)
  3275 (Slice) -> 3239 (Concat)
  3275 (Slice) -> 3137 (Concat)
  3275 (Slice) -> 3183 (Concat)
  3275 (Slice) -> 3242 (Concat)
  3275 (Slice) -> 3181 (Concat)
  3275 (Slice) -> 3129 (Concat)
  3275 (Slice) -> 3161 (Slice)
  3275 (Slice) -> 3232 (Slice)
  3275 (Slice) -> 3213 (Concat)
  3275 (Slice) -> 3114 (Concat)
  3275 (Slice) -> 3263 (Concat)
  3194 (Concat) -> 3231 (Slice)
  3194 (Concat) -> 3219 (Slice)
  3194 (Concat) -> 3236 (Concat)
  3194 (Concat) -> 3225 (Concat)
  3194 (Concat) -> 3177 (Slice)
  3194 (Concat) -> 3234 (Concat)
  3194 (Concat) -> 3190 (Slice)
  3194 (Concat) -> 3210 (Concat)
  3194 (Concat) -> 3218 (Slice)
  3194 (Concat) -> 3143 (Concat)
  3194 (Concat) -> 3168 (Concat)
  3194 (Concat) -> 3217 (Slice)
  3194 (Concat) -> 3222 (Concat)
  3194 (Concat) -> 3214 (Concat)
  3194 (Concat) -> 3211 (Concat)
  3194 (Concat) -> 3121 (Slice)
  3194 (Concat) -> 3226 (Concat)
  3194 (Concat) -> 3111 (Div)
  3194 (Concat) -> 3221 (Concat)
  3194 (Concat) -> 3241 (Concat)
  3194 (Concat) -> 3209 (Concat)
  3194 (Concat) -> 3208 (Concat)
  3194 (Concat) -> 3133 (Slice)
  3194 (Concat) -> 3207 (Concat)
  3194 (Concat) -> 3204 (Slice)
  3194 (Concat) -> 3203 (Slice)
  3194 (Concat) -> 3148 (Slice)
  3194 (Concat) -> 3215 (Concat)
  3194 (Concat) -> 3199 (Concat)
  3194 (Concat) -> 3171 (Concat)
  3194 (Concat) -> 3127 (Concat)
  3194 (Concat) -> 3244 (Concat)
  3194 (Concat) -> 3196 (Concat)
  3194 (Concat) -> 3200 (Concat)
  3194 (Concat) -> 3195 (Concat)
  3194 (Concat) -> 3144 (Concat)
  3194 (Concat) -> 3264 (Concat)
  3194 (Concat) -> 3193 (Concat)
  3194 (Concat) -> 3228 (Concat)
  3194 (Concat) -> 3192 (Concat)
  3194 (Concat) -> 3201 (Concat)
  3194 (Concat) -> 3141 (Concat)
  3194 (Concat) -> 3189 (Slice)
  3194 (Concat) -> 3188 (Concat)
  3194 (Concat) -> 3233 (Slice)
  3194 (Concat) -> 3132 (Concat)
  3194 (Concat) -> 3185 (Concat)
  3194 (Concat) -> 3134 (Slice)
  3194 (Concat) -> 3182 (Concat)
  3194 (Concat) -> 3180 (Concat)
  3194 (Concat) -> 3130 (Concat)
  3194 (Concat) -> 3165 (Concat)
  3194 (Concat) -> 3176 (Slice)
  3194 (Concat) -> 3191 (Slice)
  3194 (Concat) -> 3175 (Slice)
  3194 (Concat) -> 3172 (Concat)
  3194 (Concat) -> 3173 (Concat)
  3194 (Concat) -> 3169 (Concat)
  3194 (Concat) -> 3230 (Concat)
  3194 (Concat) -> 3116 (Concat)
  3194 (Concat) -> 3267 (Concat)
  3194 (Concat) -> 3235 (Concat)
  3194 (Concat) -> 3122 (Concat)
  3194 (Concat) -> 3163 (Slice)
  3194 (Concat) -> 3212 (Concat)
  3194 (Concat) -> 3136 (Concat)
  3194 (Concat) -> 3128 (Concat)
  3194 (Concat) -> 3174 (Concat)
  3194 (Concat) -> 3155 (Concat)
  3194 (Concat) -> 3229 (Concat)
  3194 (Concat) -> 3186 (Concat)
  3194 (Concat) -> 3126 (Concat)
  3194 (Concat) -> 3120 (Slice)
  3194 (Concat) -> 3257 (Concat)
  3194 (Concat) -> 3184 (Concat)
  3194 (Concat) -> 3124 (Concat)
  3194 (Concat) -> 3256 (Concat)
  3194 (Concat) -> 3112 (Sub)
  3194 (Concat) -> 3113 (Concat)
  3194 (Concat) -> 3223 (Concat)
  3194 (Concat) -> 3197 (Concat)
  3194 (Concat) -> 3123 (Concat)
  3194 (Concat) -> 3220 (Concat)
  3194 (Concat) -> 3187 (Concat)
  3194 (Concat) -> 3157 (Concat)
  3194 (Concat) -> 3117 (Concat)
  3194 (Concat) -> 3135 (Slice)
  3194 (Concat) -> 3151 (Concat)
  3194 (Concat) -> 3150 (Concat)
  3194 (Concat) -> 3170 (Concat)
  3194 (Concat) -> 3138 (Concat)
  3194 (Concat) -> 3154 (Concat)
  3194 (Concat) -> 3140 (Concat)
  3194 (Concat) -> 3146 (Concat)
  3194 (Concat) -> 3125 (Concat)
  3194 (Concat) -> 3147 (Slice)
  3194 (Concat) -> 3227 (Concat)
  3194 (Concat) -> 3131 (Concat)
  3194 (Concat) -> 3178 (Concat)
  3194 (Concat) -> 3149 (Slice)
  3194 (Concat) -> 3206 (Concat)
  3194 (Concat) -> 3152 (Concat)
  3194 (Concat) -> 3243 (Concat)
  3194 (Concat) -> 3139 (Concat)
  3194 (Concat) -> 3110 (Concat)
  3194 (Concat) -> 3216 (Concat)
  3194 (Concat) -> 3153 (Concat)
  3194 (Concat) -> 3156 (Concat)
  3194 (Concat) -> 3198 (Concat)
  3194 (Concat) -> 3255 (Concat)
  3194 (Concat) -> 3159 (Concat)
  3194 (Concat) -> 3145 (Concat)
  3194 (Concat) -> 3266 (Concat)
  3194 (Concat) -> 3162 (Slice)
  3194 (Concat) -> 3158 (Concat)
  3194 (Concat) -> 3253 (Concat)
  3194 (Concat) -> 3164 (Concat)
  3194 (Concat) -> 3238 (Concat)
  3194 (Concat) -> 3240 (Concat)
  3194 (Concat) -> 3237 (Concat)
  3194 (Concat) -> 3278 (Concat)
  3194 (Concat) -> 3245 (Slice)
  3194 (Concat) -> 3246 (Slice)
  3194 (Concat) -> 3247 (Slice)
  3194 (Concat) -> 3142 (Concat)
  3194 (Concat) -> 3248 (Concat)
  3194 (Concat) -> 3249 (Concat)
  3194 (Concat) -> 3250 (Concat)
  3194 (Concat) -> 3119 (Slice)
  3194 (Concat) -> 3251 (Concat)
  3194 (Concat) -> 3167 (Concat)
  3194 (Concat) -> 3224 (Concat)
  3194 (Concat) -> 3254 (Concat)
  3194 (Concat) -> 3202 (Concat)
  3194 (Concat) -> 3259 (Slice)
  3194 (Concat) -> 3260 (Slice)
  3194 (Concat) -> 3118 (Concat)
  3194 (Concat) -> 3261 (Slice)
  3194 (Concat) -> 3271 (Concat)
  3194 (Concat) -> 3262 (Concat)
  3194 (Concat) -> 3265 (Concat)
  3194 (Concat) -> 3268 (Concat)
  3194 (Concat) -> 3205 (Slice)
  3194 (Concat) -> 3269 (Concat)
  3194 (Concat) -> 3270 (Concat)
  3194 (Concat) -> 3272 (Concat)
  3194 (Concat) -> 3273 (Slice)
  3194 (Concat) -> 3275 (Slice)
  3194 (Concat) -> 3274 (Slice)
  3194 (Concat) -> 3276 (Concat)
  3194 (Concat) -> 3277 (Concat)
  3194 (Concat) -> 3279 (Concat)
  3194 (Concat) -> 3280 (Concat)
  3194 (Concat) -> 3281 (Concat)
  3194 (Concat) -> 3252 (Concat)
  3194 (Concat) -> 3179 (Concat)
  3194 (Concat) -> 3115 (Concat)
  3194 (Concat) -> 3258 (Concat)
  3194 (Concat) -> 3166 (Concat)
  3194 (Concat) -> 3160 (Concat)
  3194 (Concat) -> 3239 (Concat)
  3194 (Concat) -> 3137 (Concat)
  3194 (Concat) -> 3183 (Concat)
  3194 (Concat) -> 3242 (Concat)
  3194 (Concat) -> 3181 (Concat)
  3194 (Concat) -> 3129 (Concat)
  3194 (Concat) -> 3161 (Slice)
  3194 (Concat) -> 3232 (Slice)
  3194 (Concat) -> 3213 (Concat)
  3194 (Concat) -> 3114 (Concat)
  3194 (Concat) -> 3263 (Concat)
  3274 (Slice) -> 3231 (Slice)
  3274 (Slice) -> 3219 (Slice)
  3274 (Slice) -> 3236 (Concat)
  3274 (Slice) -> 3225 (Concat)
  3274 (Slice) -> 3177 (Slice)
  3274 (Slice) -> 3234 (Concat)
  3274 (Slice) -> 3190 (Slice)
  3274 (Slice) -> 3210 (Concat)
  3274 (Slice) -> 3218 (Slice)
  3274 (Slice) -> 3143 (Concat)
  3274 (Slice) -> 3168 (Concat)
  3274 (Slice) -> 3217 (Slice)
  3274 (Slice) -> 3222 (Concat)
  3274 (Slice) -> 3214 (Concat)
  3274 (Slice) -> 3211 (Concat)
  3274 (Slice) -> 3121 (Slice)
  3274 (Slice) -> 3226 (Concat)
  3274 (Slice) -> 3111 (Div)
  3274 (Slice) -> 3221 (Concat)
  3274 (Slice) -> 3241 (Concat)
  3274 (Slice) -> 3209 (Concat)
  3274 (Slice) -> 3208 (Concat)
  3274 (Slice) -> 3133 (Slice)
  3274 (Slice) -> 3207 (Concat)
  3274 (Slice) -> 3204 (Slice)
  3274 (Slice) -> 3203 (Slice)
  3274 (Slice) -> 3148 (Slice)
  3274 (Slice) -> 3215 (Concat)
  3274 (Slice) -> 3199 (Concat)
  3274 (Slice) -> 3171 (Concat)
  3274 (Slice) -> 3127 (Concat)
  3274 (Slice) -> 3244 (Concat)
  3274 (Slice) -> 3196 (Concat)
  3274 (Slice) -> 3200 (Concat)
  3274 (Slice) -> 3195 (Concat)
  3274 (Slice) -> 3144 (Concat)
  3274 (Slice) -> 3264 (Concat)
  3274 (Slice) -> 3193 (Concat)
  3274 (Slice) -> 3228 (Concat)
  3274 (Slice) -> 3192 (Concat)
  3274 (Slice) -> 3201 (Concat)
  3274 (Slice) -> 3141 (Concat)
  3274 (Slice) -> 3189 (Slice)
  3274 (Slice) -> 3188 (Concat)
  3274 (Slice) -> 3233 (Slice)
  3274 (Slice) -> 3132 (Concat)
  3274 (Slice) -> 3185 (Concat)
  3274 (Slice) -> 3134 (Slice)
  3274 (Slice) -> 3182 (Concat)
  3274 (Slice) -> 3180 (Concat)
  3274 (Slice) -> 3130 (Concat)
  3274 (Slice) -> 3165 (Concat)
  3274 (Slice) -> 3176 (Slice)
  3274 (Slice) -> 3191 (Slice)
  3274 (Slice) -> 3175 (Slice)
  3274 (Slice) -> 3172 (Concat)
  3274 (Slice) -> 3173 (Concat)
  3274 (Slice) -> 3169 (Concat)
  3274 (Slice) -> 3230 (Concat)
  3274 (Slice) -> 3116 (Concat)
  3274 (Slice) -> 3267 (Concat)
  3274 (Slice) -> 3235 (Concat)
  3274 (Slice) -> 3122 (Concat)
  3274 (Slice) -> 3163 (Slice)
  3274 (Slice) -> 3212 (Concat)
  3274 (Slice) -> 3136 (Concat)
  3274 (Slice) -> 3128 (Concat)
  3274 (Slice) -> 3174 (Concat)
  3274 (Slice) -> 3155 (Concat)
  3274 (Slice) -> 3229 (Concat)
  3274 (Slice) -> 3186 (Concat)
  3274 (Slice) -> 3126 (Concat)
  3274 (Slice) -> 3120 (Slice)
  3274 (Slice) -> 3257 (Concat)
  3274 (Slice) -> 3184 (Concat)
  3274 (Slice) -> 3124 (Concat)
  3274 (Slice) -> 3256 (Concat)
  3274 (Slice) -> 3112 (Sub)
  3274 (Slice) -> 3113 (Concat)
  3274 (Slice) -> 3223 (Concat)
  3274 (Slice) -> 3197 (Concat)
  3274 (Slice) -> 3123 (Concat)
  3274 (Slice) -> 3220 (Concat)
  3274 (Slice) -> 3187 (Concat)
  3274 (Slice) -> 3157 (Concat)
  3274 (Slice) -> 3117 (Concat)
  3274 (Slice) -> 3135 (Slice)
  3274 (Slice) -> 3151 (Concat)
  3274 (Slice) -> 3150 (Concat)
  3274 (Slice) -> 3170 (Concat)
  3274 (Slice) -> 3138 (Concat)
  3274 (Slice) -> 3154 (Concat)
  3274 (Slice) -> 3140 (Concat)
  3274 (Slice) -> 3146 (Concat)
  3274 (Slice) -> 3125 (Concat)
  3274 (Slice) -> 3147 (Slice)
  3274 (Slice) -> 3227 (Concat)
  3274 (Slice) -> 3131 (Concat)
  3274 (Slice) -> 3178 (Concat)
  3274 (Slice) -> 3149 (Slice)
  3274 (Slice) -> 3206 (Concat)
  3274 (Slice) -> 3152 (Concat)
  3274 (Slice) -> 3243 (Concat)
  3274 (Slice) -> 3139 (Concat)
  3274 (Slice) -> 3110 (Concat)
  3274 (Slice) -> 3216 (Concat)
  3274 (Slice) -> 3153 (Concat)
  3274 (Slice) -> 3156 (Concat)
  3274 (Slice) -> 3198 (Concat)
  3274 (Slice) -> 3255 (Concat)
  3274 (Slice) -> 3159 (Concat)
  3274 (Slice) -> 3145 (Concat)
  3274 (Slice) -> 3266 (Concat)
  3274 (Slice) -> 3162 (Slice)
  3274 (Slice) -> 3158 (Concat)
  3274 (Slice) -> 3253 (Concat)
  3274 (Slice) -> 3164 (Concat)
  3274 (Slice) -> 3238 (Concat)
  3274 (Slice) -> 3240 (Concat)
  3274 (Slice) -> 3237 (Concat)
  3274 (Slice) -> 3278 (Concat)
  3274 (Slice) -> 3245 (Slice)
  3274 (Slice) -> 3246 (Slice)
  3274 (Slice) -> 3247 (Slice)
  3274 (Slice) -> 3142 (Concat)
  3274 (Slice) -> 3248 (Concat)
  3274 (Slice) -> 3249 (Concat)
  3274 (Slice) -> 3250 (Concat)
  3274 (Slice) -> 3119 (Slice)
  3274 (Slice) -> 3251 (Concat)
  3274 (Slice) -> 3167 (Concat)
  3274 (Slice) -> 3224 (Concat)
  3274 (Slice) -> 3254 (Concat)
  3274 (Slice) -> 3202 (Concat)
  3274 (Slice) -> 3259 (Slice)
  3274 (Slice) -> 3260 (Slice)
  3274 (Slice) -> 3118 (Concat)
  3274 (Slice) -> 3261 (Slice)
  3274 (Slice) -> 3271 (Concat)
  3274 (Slice) -> 3262 (Concat)
  3274 (Slice) -> 3265 (Concat)
  3274 (Slice) -> 3268 (Concat)
  3274 (Slice) -> 3205 (Slice)
  3274 (Slice) -> 3269 (Concat)
  3274 (Slice) -> 3270 (Concat)
  3274 (Slice) -> 3272 (Concat)
  3274 (Slice) -> 3273 (Slice)
  3274 (Slice) -> 3275 (Slice)
  3274 (Slice) -> 3194 (Concat)
  3274 (Slice) -> 3276 (Concat)
  3274 (Slice) -> 3277 (Concat)
  3274 (Slice) -> 3279 (Concat)
  3274 (Slice) -> 3280 (Concat)
  3274 (Slice) -> 3281 (Concat)
  3274 (Slice) -> 3252 (Concat)
  3274 (Slice) -> 3179 (Concat)
  3274 (Slice) -> 3115 (Concat)
  3274 (Slice) -> 3258 (Concat)
  3274 (Slice) -> 3166 (Concat)
  3274 (Slice) -> 3160 (Concat)
  3274 (Slice) -> 3239 (Concat)
  3274 (Slice) -> 3137 (Concat)
  3274 (Slice) -> 3183 (Concat)
  3274 (Slice) -> 3242 (Concat)
  3274 (Slice) -> 3181 (Concat)
  3274 (Slice) -> 3129 (Concat)
  3274 (Slice) -> 3161 (Slice)
  3274 (Slice) -> 3232 (Slice)
  3274 (Slice) -> 3213 (Concat)
  3274 (Slice) -> 3114 (Concat)
  3274 (Slice) -> 3263 (Concat)
  3276 (Concat) -> 3231 (Slice)
  3276 (Concat) -> 3219 (Slice)
  3276 (Concat) -> 3236 (Concat)
  3276 (Concat) -> 3225 (Concat)
  3276 (Concat) -> 3177 (Slice)
  3276 (Concat) -> 3234 (Concat)
  3276 (Concat) -> 3190 (Slice)
  3276 (Concat) -> 3210 (Concat)
  3276 (Concat) -> 3218 (Slice)
  3276 (Concat) -> 3143 (Concat)
  3276 (Concat) -> 3168 (Concat)
  3276 (Concat) -> 3217 (Slice)
  3276 (Concat) -> 3222 (Concat)
  3276 (Concat) -> 3214 (Concat)
  3276 (Concat) -> 3211 (Concat)
  3276 (Concat) -> 3121 (Slice)
  3276 (Concat) -> 3226 (Concat)
  3276 (Concat) -> 3111 (Div)
  3276 (Concat) -> 3221 (Concat)
  3276 (Concat) -> 3241 (Concat)
  3276 (Concat) -> 3209 (Concat)
  3276 (Concat) -> 3208 (Concat)
  3276 (Concat) -> 3133 (Slice)
  3276 (Concat) -> 3207 (Concat)
  3276 (Concat) -> 3204 (Slice)
  3276 (Concat) -> 3203 (Slice)
  3276 (Concat) -> 3148 (Slice)
  3276 (Concat) -> 3215 (Concat)
  3276 (Concat) -> 3199 (Concat)
  3276 (Concat) -> 3171 (Concat)
  3276 (Concat) -> 3127 (Concat)
  3276 (Concat) -> 3244 (Concat)
  3276 (Concat) -> 3196 (Concat)
  3276 (Concat) -> 3200 (Concat)
  3276 (Concat) -> 3195 (Concat)
  3276 (Concat) -> 3144 (Concat)
  3276 (Concat) -> 3264 (Concat)
  3276 (Concat) -> 3193 (Concat)
  3276 (Concat) -> 3228 (Concat)
  3276 (Concat) -> 3192 (Concat)
  3276 (Concat) -> 3201 (Concat)
  3276 (Concat) -> 3141 (Concat)
  3276 (Concat) -> 3189 (Slice)
  3276 (Concat) -> 3188 (Concat)
  3276 (Concat) -> 3233 (Slice)
  3276 (Concat) -> 3132 (Concat)
  3276 (Concat) -> 3185 (Concat)
  3276 (Concat) -> 3134 (Slice)
  3276 (Concat) -> 3182 (Concat)
  3276 (Concat) -> 3180 (Concat)
  3276 (Concat) -> 3130 (Concat)
  3276 (Concat) -> 3165 (Concat)
  3276 (Concat) -> 3176 (Slice)
  3276 (Concat) -> 3191 (Slice)
  3276 (Concat) -> 3175 (Slice)
  3276 (Concat) -> 3172 (Concat)
  3276 (Concat) -> 3173 (Concat)
  3276 (Concat) -> 3169 (Concat)
  3276 (Concat) -> 3230 (Concat)
  3276 (Concat) -> 3116 (Concat)
  3276 (Concat) -> 3267 (Concat)
  3276 (Concat) -> 3235 (Concat)
  3276 (Concat) -> 3122 (Concat)
  3276 (Concat) -> 3163 (Slice)
  3276 (Concat) -> 3212 (Concat)
  3276 (Concat) -> 3136 (Concat)
  3276 (Concat) -> 3128 (Concat)
  3276 (Concat) -> 3174 (Concat)
  3276 (Concat) -> 3155 (Concat)
  3276 (Concat) -> 3229 (Concat)
  3276 (Concat) -> 3186 (Concat)
  3276 (Concat) -> 3126 (Concat)
  3276 (Concat) -> 3120 (Slice)
  3276 (Concat) -> 3257 (Concat)
  3276 (Concat) -> 3184 (Concat)
  3276 (Concat) -> 3124 (Concat)
  3276 (Concat) -> 3256 (Concat)
  3276 (Concat) -> 3112 (Sub)
  3276 (Concat) -> 3113 (Concat)
  3276 (Concat) -> 3223 (Concat)
  3276 (Concat) -> 3197 (Concat)
  3276 (Concat) -> 3123 (Concat)
  3276 (Concat) -> 3220 (Concat)
  3276 (Concat) -> 3187 (Concat)
  3276 (Concat) -> 3157 (Concat)
  3276 (Concat) -> 3117 (Concat)
  3276 (Concat) -> 3135 (Slice)
  3276 (Concat) -> 3151 (Concat)
  3276 (Concat) -> 3150 (Concat)
  3276 (Concat) -> 3170 (Concat)
  3276 (Concat) -> 3138 (Concat)
  3276 (Concat) -> 3154 (Concat)
  3276 (Concat) -> 3140 (Concat)
  3276 (Concat) -> 3146 (Concat)
  3276 (Concat) -> 3125 (Concat)
  3276 (Concat) -> 3147 (Slice)
  3276 (Concat) -> 3227 (Concat)
  3276 (Concat) -> 3131 (Concat)
  3276 (Concat) -> 3178 (Concat)
  3276 (Concat) -> 3149 (Slice)
  3276 (Concat) -> 3206 (Concat)
  3276 (Concat) -> 3152 (Concat)
  3276 (Concat) -> 3243 (Concat)
  3276 (Concat) -> 3139 (Concat)
  3276 (Concat) -> 3110 (Concat)
  3276 (Concat) -> 3216 (Concat)
  3276 (Concat) -> 3153 (Concat)
  3276 (Concat) -> 3156 (Concat)
  3276 (Concat) -> 3198 (Concat)
  3276 (Concat) -> 3255 (Concat)
  3276 (Concat) -> 3159 (Concat)
  3276 (Concat) -> 3145 (Concat)
  3276 (Concat) -> 3266 (Concat)
  3276 (Concat) -> 3162 (Slice)
  3276 (Concat) -> 3158 (Concat)
  3276 (Concat) -> 3253 (Concat)
  3276 (Concat) -> 3164 (Concat)
  3276 (Concat) -> 3238 (Concat)
  3276 (Concat) -> 3240 (Concat)
  3276 (Concat) -> 3237 (Concat)
  3276 (Concat) -> 3278 (Concat)
  3276 (Concat) -> 3245 (Slice)
  3276 (Concat) -> 3246 (Slice)
  3276 (Concat) -> 3247 (Slice)
  3276 (Concat) -> 3142 (Concat)
  3276 (Concat) -> 3248 (Concat)
  3276 (Concat) -> 3249 (Concat)
  3276 (Concat) -> 3250 (Concat)
  3276 (Concat) -> 3119 (Slice)
  3276 (Concat) -> 3251 (Concat)
  3276 (Concat) -> 3167 (Concat)
  3276 (Concat) -> 3224 (Concat)
  3276 (Concat) -> 3254 (Concat)
  3276 (Concat) -> 3202 (Concat)
  3276 (Concat) -> 3259 (Slice)
  3276 (Concat) -> 3260 (Slice)
  3276 (Concat) -> 3118 (Concat)
  3276 (Concat) -> 3261 (Slice)
  3276 (Concat) -> 3271 (Concat)
  3276 (Concat) -> 3262 (Concat)
  3276 (Concat) -> 3265 (Concat)
  3276 (Concat) -> 3268 (Concat)
  3276 (Concat) -> 3205 (Slice)
  3276 (Concat) -> 3269 (Concat)
  3276 (Concat) -> 3270 (Concat)
  3276 (Concat) -> 3272 (Concat)
  3276 (Concat) -> 3273 (Slice)
  3276 (Concat) -> 3275 (Slice)
  3276 (Concat) -> 3194 (Concat)
  3276 (Concat) -> 3274 (Slice)
  3276 (Concat) -> 3277 (Concat)
  3276 (Concat) -> 3279 (Concat)
  3276 (Concat) -> 3280 (Concat)
  3276 (Concat) -> 3281 (Concat)
  3276 (Concat) -> 3252 (Concat)
  3276 (Concat) -> 3179 (Concat)
  3276 (Concat) -> 3115 (Concat)
  3276 (Concat) -> 3258 (Concat)
  3276 (Concat) -> 3166 (Concat)
  3276 (Concat) -> 3160 (Concat)
  3276 (Concat) -> 3239 (Concat)
  3276 (Concat) -> 3137 (Concat)
  3276 (Concat) -> 3183 (Concat)
  3276 (Concat) -> 3242 (Concat)
  3276 (Concat) -> 3181 (Concat)
  3276 (Concat) -> 3129 (Concat)
  3276 (Concat) -> 3161 (Slice)
  3276 (Concat) -> 3232 (Slice)
  3276 (Concat) -> 3213 (Concat)
  3276 (Concat) -> 3114 (Concat)
  3276 (Concat) -> 3263 (Concat)
  3277 (Concat) -> 3231 (Slice)
  3277 (Concat) -> 3219 (Slice)
  3277 (Concat) -> 3236 (Concat)
  3277 (Concat) -> 3225 (Concat)
  3277 (Concat) -> 3177 (Slice)
  3277 (Concat) -> 3234 (Concat)
  3277 (Concat) -> 3190 (Slice)
  3277 (Concat) -> 3210 (Concat)
  3277 (Concat) -> 3218 (Slice)
  3277 (Concat) -> 3143 (Concat)
  3277 (Concat) -> 3168 (Concat)
  3277 (Concat) -> 3217 (Slice)
  3277 (Concat) -> 3222 (Concat)
  3277 (Concat) -> 3214 (Concat)
  3277 (Concat) -> 3211 (Concat)
  3277 (Concat) -> 3121 (Slice)
  3277 (Concat) -> 3226 (Concat)
  3277 (Concat) -> 3111 (Div)
  3277 (Concat) -> 3221 (Concat)
  3277 (Concat) -> 3241 (Concat)
  3277 (Concat) -> 3209 (Concat)
  3277 (Concat) -> 3208 (Concat)
  3277 (Concat) -> 3133 (Slice)
  3277 (Concat) -> 3207 (Concat)
  3277 (Concat) -> 3204 (Slice)
  3277 (Concat) -> 3203 (Slice)
  3277 (Concat) -> 3148 (Slice)
  3277 (Concat) -> 3215 (Concat)
  3277 (Concat) -> 3199 (Concat)
  3277 (Concat) -> 3171 (Concat)
  3277 (Concat) -> 3127 (Concat)
  3277 (Concat) -> 3244 (Concat)
  3277 (Concat) -> 3196 (Concat)
  3277 (Concat) -> 3200 (Concat)
  3277 (Concat) -> 3195 (Concat)
  3277 (Concat) -> 3144 (Concat)
  3277 (Concat) -> 3264 (Concat)
  3277 (Concat) -> 3193 (Concat)
  3277 (Concat) -> 3228 (Concat)
  3277 (Concat) -> 3192 (Concat)
  3277 (Concat) -> 3201 (Concat)
  3277 (Concat) -> 3141 (Concat)
  3277 (Concat) -> 3189 (Slice)
  3277 (Concat) -> 3188 (Concat)
  3277 (Concat) -> 3233 (Slice)
  3277 (Concat) -> 3132 (Concat)
  3277 (Concat) -> 3185 (Concat)
  3277 (Concat) -> 3134 (Slice)
  3277 (Concat) -> 3182 (Concat)
  3277 (Concat) -> 3180 (Concat)
  3277 (Concat) -> 3130 (Concat)
  3277 (Concat) -> 3165 (Concat)
  3277 (Concat) -> 3176 (Slice)
  3277 (Concat) -> 3191 (Slice)
  3277 (Concat) -> 3175 (Slice)
  3277 (Concat) -> 3172 (Concat)
  3277 (Concat) -> 3173 (Concat)
  3277 (Concat) -> 3169 (Concat)
  3277 (Concat) -> 3230 (Concat)
  3277 (Concat) -> 3116 (Concat)
  3277 (Concat) -> 3267 (Concat)
  3277 (Concat) -> 3235 (Concat)
  3277 (Concat) -> 3122 (Concat)
  3277 (Concat) -> 3163 (Slice)
  3277 (Concat) -> 3212 (Concat)
  3277 (Concat) -> 3136 (Concat)
  3277 (Concat) -> 3128 (Concat)
  3277 (Concat) -> 3174 (Concat)
  3277 (Concat) -> 3155 (Concat)
  3277 (Concat) -> 3229 (Concat)
  3277 (Concat) -> 3186 (Concat)
  3277 (Concat) -> 3126 (Concat)
  3277 (Concat) -> 3120 (Slice)
  3277 (Concat) -> 3257 (Concat)
  3277 (Concat) -> 3184 (Concat)
  3277 (Concat) -> 3124 (Concat)
  3277 (Concat) -> 3256 (Concat)
  3277 (Concat) -> 3112 (Sub)
  3277 (Concat) -> 3113 (Concat)
  3277 (Concat) -> 3223 (Concat)
  3277 (Concat) -> 3197 (Concat)
  3277 (Concat) -> 3123 (Concat)
  3277 (Concat) -> 3220 (Concat)
  3277 (Concat) -> 3187 (Concat)
  3277 (Concat) -> 3157 (Concat)
  3277 (Concat) -> 3117 (Concat)
  3277 (Concat) -> 3135 (Slice)
  3277 (Concat) -> 3151 (Concat)
  3277 (Concat) -> 3150 (Concat)
  3277 (Concat) -> 3170 (Concat)
  3277 (Concat) -> 3138 (Concat)
  3277 (Concat) -> 3154 (Concat)
  3277 (Concat) -> 3140 (Concat)
  3277 (Concat) -> 3146 (Concat)
  3277 (Concat) -> 3125 (Concat)
  3277 (Concat) -> 3147 (Slice)
  3277 (Concat) -> 3227 (Concat)
  3277 (Concat) -> 3131 (Concat)
  3277 (Concat) -> 3178 (Concat)
  3277 (Concat) -> 3149 (Slice)
  3277 (Concat) -> 3206 (Concat)
  3277 (Concat) -> 3152 (Concat)
  3277 (Concat) -> 3243 (Concat)
  3277 (Concat) -> 3139 (Concat)
  3277 (Concat) -> 3110 (Concat)
  3277 (Concat) -> 3216 (Concat)
  3277 (Concat) -> 3153 (Concat)
  3277 (Concat) -> 3156 (Concat)
  3277 (Concat) -> 3198 (Concat)
  3277 (Concat) -> 3255 (Concat)
  3277 (Concat) -> 3159 (Concat)
  3277 (Concat) -> 3145 (Concat)
  3277 (Concat) -> 3266 (Concat)
  3277 (Concat) -> 3162 (Slice)
  3277 (Concat) -> 3158 (Concat)
  3277 (Concat) -> 3253 (Concat)
  3277 (Concat) -> 3164 (Concat)
  3277 (Concat) -> 3238 (Concat)
  3277 (Concat) -> 3240 (Concat)
  3277 (Concat) -> 3237 (Concat)
  3277 (Concat) -> 3278 (Concat)
  3277 (Concat) -> 3245 (Slice)
  3277 (Concat) -> 3246 (Slice)
  3277 (Concat) -> 3247 (Slice)
  3277 (Concat) -> 3142 (Concat)
  3277 (Concat) -> 3248 (Concat)
  3277 (Concat) -> 3249 (Concat)
  3277 (Concat) -> 3250 (Concat)
  3277 (Concat) -> 3119 (Slice)
  3277 (Concat) -> 3251 (Concat)
  3277 (Concat) -> 3167 (Concat)
  3277 (Concat) -> 3224 (Concat)
  3277 (Concat) -> 3254 (Concat)
  3277 (Concat) -> 3202 (Concat)
  3277 (Concat) -> 3259 (Slice)
  3277 (Concat) -> 3260 (Slice)
  3277 (Concat) -> 3118 (Concat)
  3277 (Concat) -> 3261 (Slice)
  3277 (Concat) -> 3271 (Concat)
  3277 (Concat) -> 3262 (Concat)
  3277 (Concat) -> 3265 (Concat)
  3277 (Concat) -> 3268 (Concat)
  3277 (Concat) -> 3205 (Slice)
  3277 (Concat) -> 3269 (Concat)
  3277 (Concat) -> 3270 (Concat)
  3277 (Concat) -> 3272 (Concat)
  3277 (Concat) -> 3273 (Slice)
  3277 (Concat) -> 3275 (Slice)
  3277 (Concat) -> 3194 (Concat)
  3277 (Concat) -> 3274 (Slice)
  3277 (Concat) -> 3276 (Concat)
  3277 (Concat) -> 3279 (Concat)
  3277 (Concat) -> 3280 (Concat)
  3277 (Concat) -> 3281 (Concat)
  3277 (Concat) -> 3252 (Concat)
  3277 (Concat) -> 3179 (Concat)
  3277 (Concat) -> 3115 (Concat)
  3277 (Concat) -> 3258 (Concat)
  3277 (Concat) -> 3166 (Concat)
  3277 (Concat) -> 3160 (Concat)
  3277 (Concat) -> 3239 (Concat)
  3277 (Concat) -> 3137 (Concat)
  3277 (Concat) -> 3183 (Concat)
  3277 (Concat) -> 3242 (Concat)
  3277 (Concat) -> 3181 (Concat)
  3277 (Concat) -> 3129 (Concat)
  3277 (Concat) -> 3161 (Slice)
  3277 (Concat) -> 3232 (Slice)
  3277 (Concat) -> 3213 (Concat)
  3277 (Concat) -> 3114 (Concat)
  3277 (Concat) -> 3263 (Concat)
  3279 (Concat) -> 3231 (Slice)
  3279 (Concat) -> 3219 (Slice)
  3279 (Concat) -> 3236 (Concat)
  3279 (Concat) -> 3225 (Concat)
  3279 (Concat) -> 3177 (Slice)
  3279 (Concat) -> 3234 (Concat)
  3279 (Concat) -> 3190 (Slice)
  3279 (Concat) -> 3210 (Concat)
  3279 (Concat) -> 3218 (Slice)
  3279 (Concat) -> 3143 (Concat)
  3279 (Concat) -> 3168 (Concat)
  3279 (Concat) -> 3217 (Slice)
  3279 (Concat) -> 3222 (Concat)
  3279 (Concat) -> 3214 (Concat)
  3279 (Concat) -> 3211 (Concat)
  3279 (Concat) -> 3121 (Slice)
  3279 (Concat) -> 3226 (Concat)
  3279 (Concat) -> 3111 (Div)
  3279 (Concat) -> 3221 (Concat)
  3279 (Concat) -> 3241 (Concat)
  3279 (Concat) -> 3209 (Concat)
  3279 (Concat) -> 3208 (Concat)
  3279 (Concat) -> 3133 (Slice)
  3279 (Concat) -> 3207 (Concat)
  3279 (Concat) -> 3204 (Slice)
  3279 (Concat) -> 3203 (Slice)
  3279 (Concat) -> 3148 (Slice)
  3279 (Concat) -> 3215 (Concat)
  3279 (Concat) -> 3199 (Concat)
  3279 (Concat) -> 3171 (Concat)
  3279 (Concat) -> 3127 (Concat)
  3279 (Concat) -> 3244 (Concat)
  3279 (Concat) -> 3196 (Concat)
  3279 (Concat) -> 3200 (Concat)
  3279 (Concat) -> 3195 (Concat)
  3279 (Concat) -> 3144 (Concat)
  3279 (Concat) -> 3264 (Concat)
  3279 (Concat) -> 3193 (Concat)
  3279 (Concat) -> 3228 (Concat)
  3279 (Concat) -> 3192 (Concat)
  3279 (Concat) -> 3201 (Concat)
  3279 (Concat) -> 3141 (Concat)
  3279 (Concat) -> 3189 (Slice)
  3279 (Concat) -> 3188 (Concat)
  3279 (Concat) -> 3233 (Slice)
  3279 (Concat) -> 3132 (Concat)
  3279 (Concat) -> 3185 (Concat)
  3279 (Concat) -> 3134 (Slice)
  3279 (Concat) -> 3182 (Concat)
  3279 (Concat) -> 3180 (Concat)
  3279 (Concat) -> 3130 (Concat)
  3279 (Concat) -> 3165 (Concat)
  3279 (Concat) -> 3176 (Slice)
  3279 (Concat) -> 3191 (Slice)
  3279 (Concat) -> 3175 (Slice)
  3279 (Concat) -> 3172 (Concat)
  3279 (Concat) -> 3173 (Concat)
  3279 (Concat) -> 3169 (Concat)
  3279 (Concat) -> 3230 (Concat)
  3279 (Concat) -> 3116 (Concat)
  3279 (Concat) -> 3267 (Concat)
  3279 (Concat) -> 3235 (Concat)
  3279 (Concat) -> 3122 (Concat)
  3279 (Concat) -> 3163 (Slice)
  3279 (Concat) -> 3212 (Concat)
  3279 (Concat) -> 3136 (Concat)
  3279 (Concat) -> 3128 (Concat)
  3279 (Concat) -> 3174 (Concat)
  3279 (Concat) -> 3155 (Concat)
  3279 (Concat) -> 3229 (Concat)
  3279 (Concat) -> 3186 (Concat)
  3279 (Concat) -> 3126 (Concat)
  3279 (Concat) -> 3120 (Slice)
  3279 (Concat) -> 3257 (Concat)
  3279 (Concat) -> 3184 (Concat)
  3279 (Concat) -> 3124 (Concat)
  3279 (Concat) -> 3256 (Concat)
  3279 (Concat) -> 3112 (Sub)
  3279 (Concat) -> 3113 (Concat)
  3279 (Concat) -> 3223 (Concat)
  3279 (Concat) -> 3197 (Concat)
  3279 (Concat) -> 3123 (Concat)
  3279 (Concat) -> 3220 (Concat)
  3279 (Concat) -> 3187 (Concat)
  3279 (Concat) -> 3157 (Concat)
  3279 (Concat) -> 3117 (Concat)
  3279 (Concat) -> 3135 (Slice)
  3279 (Concat) -> 3151 (Concat)
  3279 (Concat) -> 3150 (Concat)
  3279 (Concat) -> 3170 (Concat)
  3279 (Concat) -> 3138 (Concat)
  3279 (Concat) -> 3154 (Concat)
  3279 (Concat) -> 3140 (Concat)
  3279 (Concat) -> 3146 (Concat)
  3279 (Concat) -> 3125 (Concat)
  3279 (Concat) -> 3147 (Slice)
  3279 (Concat) -> 3227 (Concat)
  3279 (Concat) -> 3131 (Concat)
  3279 (Concat) -> 3178 (Concat)
  3279 (Concat) -> 3149 (Slice)
  3279 (Concat) -> 3206 (Concat)
  3279 (Concat) -> 3152 (Concat)
  3279 (Concat) -> 3243 (Concat)
  3279 (Concat) -> 3139 (Concat)
  3279 (Concat) -> 3110 (Concat)
  3279 (Concat) -> 3216 (Concat)
  3279 (Concat) -> 3153 (Concat)
  3279 (Concat) -> 3156 (Concat)
  3279 (Concat) -> 3198 (Concat)
  3279 (Concat) -> 3255 (Concat)
  3279 (Concat) -> 3159 (Concat)
  3279 (Concat) -> 3145 (Concat)
  3279 (Concat) -> 3266 (Concat)
  3279 (Concat) -> 3162 (Slice)
  3279 (Concat) -> 3158 (Concat)
  3279 (Concat) -> 3253 (Concat)
  3279 (Concat) -> 3164 (Concat)
  3279 (Concat) -> 3238 (Concat)
  3279 (Concat) -> 3240 (Concat)
  3279 (Concat) -> 3237 (Concat)
  3279 (Concat) -> 3278 (Concat)
  3279 (Concat) -> 3245 (Slice)
  3279 (Concat) -> 3246 (Slice)
  3279 (Concat) -> 3247 (Slice)
  3279 (Concat) -> 3142 (Concat)
  3279 (Concat) -> 3248 (Concat)
  3279 (Concat) -> 3249 (Concat)
  3279 (Concat) -> 3250 (Concat)
  3279 (Concat) -> 3119 (Slice)
  3279 (Concat) -> 3251 (Concat)
  3279 (Concat) -> 3167 (Concat)
  3279 (Concat) -> 3224 (Concat)
  3279 (Concat) -> 3254 (Concat)
  3279 (Concat) -> 3202 (Concat)
  3279 (Concat) -> 3259 (Slice)
  3279 (Concat) -> 3260 (Slice)
  3279 (Concat) -> 3118 (Concat)
  3279 (Concat) -> 3261 (Slice)
  3279 (Concat) -> 3271 (Concat)
  3279 (Concat) -> 3262 (Concat)
  3279 (Concat) -> 3265 (Concat)
  3279 (Concat) -> 3268 (Concat)
  3279 (Concat) -> 3205 (Slice)
  3279 (Concat) -> 3269 (Concat)
  3279 (Concat) -> 3270 (Concat)
  3279 (Concat) -> 3272 (Concat)
  3279 (Concat) -> 3273 (Slice)
  3279 (Concat) -> 3275 (Slice)
  3279 (Concat) -> 3194 (Concat)
  3279 (Concat) -> 3274 (Slice)
  3279 (Concat) -> 3276 (Concat)
  3279 (Concat) -> 3277 (Concat)
  3279 (Concat) -> 3280 (Concat)
  3279 (Concat) -> 3281 (Concat)
  3279 (Concat) -> 3252 (Concat)
  3279 (Concat) -> 3179 (Concat)
  3279 (Concat) -> 3115 (Concat)
  3279 (Concat) -> 3258 (Concat)
  3279 (Concat) -> 3166 (Concat)
  3279 (Concat) -> 3160 (Concat)
  3279 (Concat) -> 3239 (Concat)
  3279 (Concat) -> 3137 (Concat)
  3279 (Concat) -> 3183 (Concat)
  3279 (Concat) -> 3242 (Concat)
  3279 (Concat) -> 3181 (Concat)
  3279 (Concat) -> 3129 (Concat)
  3279 (Concat) -> 3161 (Slice)
  3279 (Concat) -> 3232 (Slice)
  3279 (Concat) -> 3213 (Concat)
  3279 (Concat) -> 3114 (Concat)
  3279 (Concat) -> 3263 (Concat)
  3280 (Concat) -> 3231 (Slice)
  3280 (Concat) -> 3219 (Slice)
  3280 (Concat) -> 3236 (Concat)
  3280 (Concat) -> 3225 (Concat)
  3280 (Concat) -> 3177 (Slice)
  3280 (Concat) -> 3234 (Concat)
  3280 (Concat) -> 3190 (Slice)
  3280 (Concat) -> 3210 (Concat)
  3280 (Concat) -> 3218 (Slice)
  3280 (Concat) -> 3143 (Concat)
  3280 (Concat) -> 3168 (Concat)
  3280 (Concat) -> 3217 (Slice)
  3280 (Concat) -> 3222 (Concat)
  3280 (Concat) -> 3214 (Concat)
  3280 (Concat) -> 3211 (Concat)
  3280 (Concat) -> 3121 (Slice)
  3280 (Concat) -> 3226 (Concat)
  3280 (Concat) -> 3111 (Div)
  3280 (Concat) -> 3221 (Concat)
  3280 (Concat) -> 3241 (Concat)
  3280 (Concat) -> 3209 (Concat)
  3280 (Concat) -> 3208 (Concat)
  3280 (Concat) -> 3133 (Slice)
  3280 (Concat) -> 3207 (Concat)
  3280 (Concat) -> 3204 (Slice)
  3280 (Concat) -> 3203 (Slice)
  3280 (Concat) -> 3148 (Slice)
  3280 (Concat) -> 3215 (Concat)
  3280 (Concat) -> 3199 (Concat)
  3280 (Concat) -> 3171 (Concat)
  3280 (Concat) -> 3127 (Concat)
  3280 (Concat) -> 3244 (Concat)
  3280 (Concat) -> 3196 (Concat)
  3280 (Concat) -> 3200 (Concat)
  3280 (Concat) -> 3195 (Concat)
  3280 (Concat) -> 3144 (Concat)
  3280 (Concat) -> 3264 (Concat)
  3280 (Concat) -> 3193 (Concat)
  3280 (Concat) -> 3228 (Concat)
  3280 (Concat) -> 3192 (Concat)
  3280 (Concat) -> 3201 (Concat)
  3280 (Concat) -> 3141 (Concat)
  3280 (Concat) -> 3189 (Slice)
  3280 (Concat) -> 3188 (Concat)
  3280 (Concat) -> 3233 (Slice)
  3280 (Concat) -> 3132 (Concat)
  3280 (Concat) -> 3185 (Concat)
  3280 (Concat) -> 3134 (Slice)
  3280 (Concat) -> 3182 (Concat)
  3280 (Concat) -> 3180 (Concat)
  3280 (Concat) -> 3130 (Concat)
  3280 (Concat) -> 3165 (Concat)
  3280 (Concat) -> 3176 (Slice)
  3280 (Concat) -> 3191 (Slice)
  3280 (Concat) -> 3175 (Slice)
  3280 (Concat) -> 3172 (Concat)
  3280 (Concat) -> 3173 (Concat)
  3280 (Concat) -> 3169 (Concat)
  3280 (Concat) -> 3230 (Concat)
  3280 (Concat) -> 3116 (Concat)
  3280 (Concat) -> 3267 (Concat)
  3280 (Concat) -> 3235 (Concat)
  3280 (Concat) -> 3122 (Concat)
  3280 (Concat) -> 3163 (Slice)
  3280 (Concat) -> 3212 (Concat)
  3280 (Concat) -> 3136 (Concat)
  3280 (Concat) -> 3128 (Concat)
  3280 (Concat) -> 3174 (Concat)
  3280 (Concat) -> 3155 (Concat)
  3280 (Concat) -> 3229 (Concat)
  3280 (Concat) -> 3186 (Concat)
  3280 (Concat) -> 3126 (Concat)
  3280 (Concat) -> 3120 (Slice)
  3280 (Concat) -> 3257 (Concat)
  3280 (Concat) -> 3184 (Concat)
  3280 (Concat) -> 3124 (Concat)
  3280 (Concat) -> 3256 (Concat)
  3280 (Concat) -> 3112 (Sub)
  3280 (Concat) -> 3113 (Concat)
  3280 (Concat) -> 3223 (Concat)
  3280 (Concat) -> 3197 (Concat)
  3280 (Concat) -> 3123 (Concat)
  3280 (Concat) -> 3220 (Concat)
  3280 (Concat) -> 3187 (Concat)
  3280 (Concat) -> 3157 (Concat)
  3280 (Concat) -> 3117 (Concat)
  3280 (Concat) -> 3135 (Slice)
  3280 (Concat) -> 3151 (Concat)
  3280 (Concat) -> 3150 (Concat)
  3280 (Concat) -> 3170 (Concat)
  3280 (Concat) -> 3138 (Concat)
  3280 (Concat) -> 3154 (Concat)
  3280 (Concat) -> 3140 (Concat)
  3280 (Concat) -> 3146 (Concat)
  3280 (Concat) -> 3125 (Concat)
  3280 (Concat) -> 3147 (Slice)
  3280 (Concat) -> 3227 (Concat)
  3280 (Concat) -> 3131 (Concat)
  3280 (Concat) -> 3178 (Concat)
  3280 (Concat) -> 3149 (Slice)
  3280 (Concat) -> 3206 (Concat)
  3280 (Concat) -> 3152 (Concat)
  3280 (Concat) -> 3243 (Concat)
  3280 (Concat) -> 3139 (Concat)
  3280 (Concat) -> 3110 (Concat)
  3280 (Concat) -> 3216 (Concat)
  3280 (Concat) -> 3153 (Concat)
  3280 (Concat) -> 3156 (Concat)
  3280 (Concat) -> 3198 (Concat)
  3280 (Concat) -> 3255 (Concat)
  3280 (Concat) -> 3159 (Concat)
  3280 (Concat) -> 3145 (Concat)
  3280 (Concat) -> 3266 (Concat)
  3280 (Concat) -> 3162 (Slice)
  3280 (Concat) -> 3158 (Concat)
  3280 (Concat) -> 3253 (Concat)
  3280 (Concat) -> 3164 (Concat)
  3280 (Concat) -> 3238 (Concat)
  3280 (Concat) -> 3240 (Concat)
  3280 (Concat) -> 3237 (Concat)
  3280 (Concat) -> 3278 (Concat)
  3280 (Concat) -> 3245 (Slice)
  3280 (Concat) -> 3246 (Slice)
  3280 (Concat) -> 3247 (Slice)
  3280 (Concat) -> 3142 (Concat)
  3280 (Concat) -> 3248 (Concat)
  3280 (Concat) -> 3249 (Concat)
  3280 (Concat) -> 3250 (Concat)
  3280 (Concat) -> 3119 (Slice)
  3280 (Concat) -> 3251 (Concat)
  3280 (Concat) -> 3167 (Concat)
  3280 (Concat) -> 3224 (Concat)
  3280 (Concat) -> 3254 (Concat)
  3280 (Concat) -> 3202 (Concat)
  3280 (Concat) -> 3259 (Slice)
  3280 (Concat) -> 3260 (Slice)
  3280 (Concat) -> 3118 (Concat)
  3280 (Concat) -> 3261 (Slice)
  3280 (Concat) -> 3271 (Concat)
  3280 (Concat) -> 3262 (Concat)
  3280 (Concat) -> 3265 (Concat)
  3280 (Concat) -> 3268 (Concat)
  3280 (Concat) -> 3205 (Slice)
  3280 (Concat) -> 3269 (Concat)
  3280 (Concat) -> 3270 (Concat)
  3280 (Concat) -> 3272 (Concat)
  3280 (Concat) -> 3273 (Slice)
  3280 (Concat) -> 3275 (Slice)
  3280 (Concat) -> 3194 (Concat)
  3280 (Concat) -> 3274 (Slice)
  3280 (Concat) -> 3276 (Concat)
  3280 (Concat) -> 3277 (Concat)
  3280 (Concat) -> 3279 (Concat)
  3280 (Concat) -> 3281 (Concat)
  3280 (Concat) -> 3252 (Concat)
  3280 (Concat) -> 3179 (Concat)
  3280 (Concat) -> 3115 (Concat)
  3280 (Concat) -> 3258 (Concat)
  3280 (Concat) -> 3166 (Concat)
  3280 (Concat) -> 3160 (Concat)
  3280 (Concat) -> 3239 (Concat)
  3280 (Concat) -> 3137 (Concat)
  3280 (Concat) -> 3183 (Concat)
  3280 (Concat) -> 3242 (Concat)
  3280 (Concat) -> 3181 (Concat)
  3280 (Concat) -> 3129 (Concat)
  3280 (Concat) -> 3161 (Slice)
  3280 (Concat) -> 3232 (Slice)
  3280 (Concat) -> 3213 (Concat)
  3280 (Concat) -> 3114 (Concat)
  3280 (Concat) -> 3263 (Concat)
  h.3.attn (Slice) -> h.9.attn (Slice)
  h.3.attn (Slice) -> h.8.attn (Slice)
  h.3.attn (Slice) -> h.4.attn (Slice)
  h.3.attn (Slice) -> h.1.attn (Slice)
  h.3.attn (Slice) -> h.11.attn (Slice)
  h.3.attn (Slice) -> h.7.attn (Slice)
  h.3.attn (Slice) -> h.0.attn (Slice)
  h.3.attn (Slice) -> h.2.attn (Slice)
  h.3.attn (Slice) -> h.10.attn (Slice)
  h.3.attn (Slice) -> h.5.attn (Slice)
  h.3.attn (Slice) -> h.6.attn (Slice)
  3281 (Concat) -> 3231 (Slice)
  3281 (Concat) -> 3219 (Slice)
  3281 (Concat) -> 3236 (Concat)
  3281 (Concat) -> 3225 (Concat)
  3281 (Concat) -> 3177 (Slice)
  3281 (Concat) -> 3234 (Concat)
  3281 (Concat) -> 3190 (Slice)
  3281 (Concat) -> 3210 (Concat)
  3281 (Concat) -> 3218 (Slice)
  3281 (Concat) -> 3143 (Concat)
  3281 (Concat) -> 3168 (Concat)
  3281 (Concat) -> 3217 (Slice)
  3281 (Concat) -> 3222 (Concat)
  3281 (Concat) -> 3214 (Concat)
  3281 (Concat) -> 3211 (Concat)
  3281 (Concat) -> 3121 (Slice)
  3281 (Concat) -> 3226 (Concat)
  3281 (Concat) -> 3111 (Div)
  3281 (Concat) -> 3221 (Concat)
  3281 (Concat) -> 3241 (Concat)
  3281 (Concat) -> 3209 (Concat)
  3281 (Concat) -> 3208 (Concat)
  3281 (Concat) -> 3133 (Slice)
  3281 (Concat) -> 3207 (Concat)
  3281 (Concat) -> 3204 (Slice)
  3281 (Concat) -> 3203 (Slice)
  3281 (Concat) -> 3148 (Slice)
  3281 (Concat) -> 3215 (Concat)
  3281 (Concat) -> 3199 (Concat)
  3281 (Concat) -> 3171 (Concat)
  3281 (Concat) -> 3127 (Concat)
  3281 (Concat) -> 3244 (Concat)
  3281 (Concat) -> 3196 (Concat)
  3281 (Concat) -> 3200 (Concat)
  3281 (Concat) -> 3195 (Concat)
  3281 (Concat) -> 3144 (Concat)
  3281 (Concat) -> 3264 (Concat)
  3281 (Concat) -> 3193 (Concat)
  3281 (Concat) -> 3228 (Concat)
  3281 (Concat) -> 3192 (Concat)
  3281 (Concat) -> 3201 (Concat)
  3281 (Concat) -> 3141 (Concat)
  3281 (Concat) -> 3189 (Slice)
  3281 (Concat) -> 3188 (Concat)
  3281 (Concat) -> 3233 (Slice)
  3281 (Concat) -> 3132 (Concat)
  3281 (Concat) -> 3185 (Concat)
  3281 (Concat) -> 3134 (Slice)
  3281 (Concat) -> 3182 (Concat)
  3281 (Concat) -> 3180 (Concat)
  3281 (Concat) -> 3130 (Concat)
  3281 (Concat) -> 3165 (Concat)
  3281 (Concat) -> 3176 (Slice)
  3281 (Concat) -> 3191 (Slice)
  3281 (Concat) -> 3175 (Slice)
  3281 (Concat) -> 3172 (Concat)
  3281 (Concat) -> 3173 (Concat)
  3281 (Concat) -> 3169 (Concat)
  3281 (Concat) -> 3230 (Concat)
  3281 (Concat) -> 3116 (Concat)
  3281 (Concat) -> 3267 (Concat)
  3281 (Concat) -> 3235 (Concat)
  3281 (Concat) -> 3122 (Concat)
  3281 (Concat) -> 3163 (Slice)
  3281 (Concat) -> 3212 (Concat)
  3281 (Concat) -> 3136 (Concat)
  3281 (Concat) -> 3128 (Concat)
  3281 (Concat) -> 3174 (Concat)
  3281 (Concat) -> 3155 (Concat)
  3281 (Concat) -> 3229 (Concat)
  3281 (Concat) -> 3186 (Concat)
  3281 (Concat) -> 3126 (Concat)
  3281 (Concat) -> 3120 (Slice)
  3281 (Concat) -> 3257 (Concat)
  3281 (Concat) -> 3184 (Concat)
  3281 (Concat) -> 3124 (Concat)
  3281 (Concat) -> 3256 (Concat)
  3281 (Concat) -> 3112 (Sub)
  3281 (Concat) -> 3113 (Concat)
  3281 (Concat) -> 3223 (Concat)
  3281 (Concat) -> 3197 (Concat)
  3281 (Concat) -> 3123 (Concat)
  3281 (Concat) -> 3220 (Concat)
  3281 (Concat) -> 3187 (Concat)
  3281 (Concat) -> 3157 (Concat)
  3281 (Concat) -> 3117 (Concat)
  3281 (Concat) -> 3135 (Slice)
  3281 (Concat) -> 3151 (Concat)
  3281 (Concat) -> 3150 (Concat)
  3281 (Concat) -> 3170 (Concat)
  3281 (Concat) -> 3138 (Concat)
  3281 (Concat) -> 3154 (Concat)
  3281 (Concat) -> 3140 (Concat)
  3281 (Concat) -> 3146 (Concat)
  3281 (Concat) -> 3125 (Concat)
  3281 (Concat) -> 3147 (Slice)
  3281 (Concat) -> 3227 (Concat)
  3281 (Concat) -> 3131 (Concat)
  3281 (Concat) -> 3178 (Concat)
  3281 (Concat) -> 3149 (Slice)
  3281 (Concat) -> 3206 (Concat)
  3281 (Concat) -> 3152 (Concat)
  3281 (Concat) -> 3243 (Concat)
  3281 (Concat) -> 3139 (Concat)
  3281 (Concat) -> 3110 (Concat)
  3281 (Concat) -> 3216 (Concat)
  3281 (Concat) -> 3153 (Concat)
  3281 (Concat) -> 3156 (Concat)
  3281 (Concat) -> 3198 (Concat)
  3281 (Concat) -> 3255 (Concat)
  3281 (Concat) -> 3159 (Concat)
  3281 (Concat) -> 3145 (Concat)
  3281 (Concat) -> 3266 (Concat)
  3281 (Concat) -> 3162 (Slice)
  3281 (Concat) -> 3158 (Concat)
  3281 (Concat) -> 3253 (Concat)
  3281 (Concat) -> 3164 (Concat)
  3281 (Concat) -> 3238 (Concat)
  3281 (Concat) -> 3240 (Concat)
  3281 (Concat) -> 3237 (Concat)
  3281 (Concat) -> 3278 (Concat)
  3281 (Concat) -> 3245 (Slice)
  3281 (Concat) -> 3246 (Slice)
  3281 (Concat) -> 3247 (Slice)
  3281 (Concat) -> 3142 (Concat)
  3281 (Concat) -> 3248 (Concat)
  3281 (Concat) -> 3249 (Concat)
  3281 (Concat) -> 3250 (Concat)
  3281 (Concat) -> 3119 (Slice)
  3281 (Concat) -> 3251 (Concat)
  3281 (Concat) -> 3167 (Concat)
  3281 (Concat) -> 3224 (Concat)
  3281 (Concat) -> 3254 (Concat)
  3281 (Concat) -> 3202 (Concat)
  3281 (Concat) -> 3259 (Slice)
  3281 (Concat) -> 3260 (Slice)
  3281 (Concat) -> 3118 (Concat)
  3281 (Concat) -> 3261 (Slice)
  3281 (Concat) -> 3271 (Concat)
  3281 (Concat) -> 3262 (Concat)
  3281 (Concat) -> 3265 (Concat)
  3281 (Concat) -> 3268 (Concat)
  3281 (Concat) -> 3205 (Slice)
  3281 (Concat) -> 3269 (Concat)
  3281 (Concat) -> 3270 (Concat)
  3281 (Concat) -> 3272 (Concat)
  3281 (Concat) -> 3273 (Slice)
  3281 (Concat) -> 3275 (Slice)
  3281 (Concat) -> 3194 (Concat)
  3281 (Concat) -> 3274 (Slice)
  3281 (Concat) -> 3276 (Concat)
  3281 (Concat) -> 3277 (Concat)
  3281 (Concat) -> 3279 (Concat)
  3281 (Concat) -> 3280 (Concat)
  3281 (Concat) -> 3252 (Concat)
  3281 (Concat) -> 3179 (Concat)
  3281 (Concat) -> 3115 (Concat)
  3281 (Concat) -> 3258 (Concat)
  3281 (Concat) -> 3166 (Concat)
  3281 (Concat) -> 3160 (Concat)
  3281 (Concat) -> 3239 (Concat)
  3281 (Concat) -> 3137 (Concat)
  3281 (Concat) -> 3183 (Concat)
  3281 (Concat) -> 3242 (Concat)
  3281 (Concat) -> 3181 (Concat)
  3281 (Concat) -> 3129 (Concat)
  3281 (Concat) -> 3161 (Slice)
  3281 (Concat) -> 3232 (Slice)
  3281 (Concat) -> 3213 (Concat)
  3281 (Concat) -> 3114 (Concat)
  3281 (Concat) -> 3263 (Concat)
  3252 (Concat) -> 3231 (Slice)
  3252 (Concat) -> 3219 (Slice)
  3252 (Concat) -> 3236 (Concat)
  3252 (Concat) -> 3225 (Concat)
  3252 (Concat) -> 3177 (Slice)
  3252 (Concat) -> 3234 (Concat)
  3252 (Concat) -> 3190 (Slice)
  3252 (Concat) -> 3210 (Concat)
  3252 (Concat) -> 3218 (Slice)
  3252 (Concat) -> 3143 (Concat)
  3252 (Concat) -> 3168 (Concat)
  3252 (Concat) -> 3217 (Slice)
  3252 (Concat) -> 3222 (Concat)
  3252 (Concat) -> 3214 (Concat)
  3252 (Concat) -> 3211 (Concat)
  3252 (Concat) -> 3121 (Slice)
  3252 (Concat) -> 3226 (Concat)
  3252 (Concat) -> 3111 (Div)
  3252 (Concat) -> 3221 (Concat)
  3252 (Concat) -> 3241 (Concat)
  3252 (Concat) -> 3209 (Concat)
  3252 (Concat) -> 3208 (Concat)
  3252 (Concat) -> 3133 (Slice)
  3252 (Concat) -> 3207 (Concat)
  3252 (Concat) -> 3204 (Slice)
  3252 (Concat) -> 3203 (Slice)
  3252 (Concat) -> 3148 (Slice)
  3252 (Concat) -> 3215 (Concat)
  3252 (Concat) -> 3199 (Concat)
  3252 (Concat) -> 3171 (Concat)
  3252 (Concat) -> 3127 (Concat)
  3252 (Concat) -> 3244 (Concat)
  3252 (Concat) -> 3196 (Concat)
  3252 (Concat) -> 3200 (Concat)
  3252 (Concat) -> 3195 (Concat)
  3252 (Concat) -> 3144 (Concat)
  3252 (Concat) -> 3264 (Concat)
  3252 (Concat) -> 3193 (Concat)
  3252 (Concat) -> 3228 (Concat)
  3252 (Concat) -> 3192 (Concat)
  3252 (Concat) -> 3201 (Concat)
  3252 (Concat) -> 3141 (Concat)
  3252 (Concat) -> 3189 (Slice)
  3252 (Concat) -> 3188 (Concat)
  3252 (Concat) -> 3233 (Slice)
  3252 (Concat) -> 3132 (Concat)
  3252 (Concat) -> 3185 (Concat)
  3252 (Concat) -> 3134 (Slice)
  3252 (Concat) -> 3182 (Concat)
  3252 (Concat) -> 3180 (Concat)
  3252 (Concat) -> 3130 (Concat)
  3252 (Concat) -> 3165 (Concat)
  3252 (Concat) -> 3176 (Slice)
  3252 (Concat) -> 3191 (Slice)
  3252 (Concat) -> 3175 (Slice)
  3252 (Concat) -> 3172 (Concat)
  3252 (Concat) -> 3173 (Concat)
  3252 (Concat) -> 3169 (Concat)
  3252 (Concat) -> 3230 (Concat)
  3252 (Concat) -> 3116 (Concat)
  3252 (Concat) -> 3267 (Concat)
  3252 (Concat) -> 3235 (Concat)
  3252 (Concat) -> 3122 (Concat)
  3252 (Concat) -> 3163 (Slice)
  3252 (Concat) -> 3212 (Concat)
  3252 (Concat) -> 3136 (Concat)
  3252 (Concat) -> 3128 (Concat)
  3252 (Concat) -> 3174 (Concat)
  3252 (Concat) -> 3155 (Concat)
  3252 (Concat) -> 3229 (Concat)
  3252 (Concat) -> 3186 (Concat)
  3252 (Concat) -> 3126 (Concat)
  3252 (Concat) -> 3120 (Slice)
  3252 (Concat) -> 3257 (Concat)
  3252 (Concat) -> 3184 (Concat)
  3252 (Concat) -> 3124 (Concat)
  3252 (Concat) -> 3256 (Concat)
  3252 (Concat) -> 3112 (Sub)
  3252 (Concat) -> 3113 (Concat)
  3252 (Concat) -> 3223 (Concat)
  3252 (Concat) -> 3197 (Concat)
  3252 (Concat) -> 3123 (Concat)
  3252 (Concat) -> 3220 (Concat)
  3252 (Concat) -> 3187 (Concat)
  3252 (Concat) -> 3157 (Concat)
  3252 (Concat) -> 3117 (Concat)
  3252 (Concat) -> 3135 (Slice)
  3252 (Concat) -> 3151 (Concat)
  3252 (Concat) -> 3150 (Concat)
  3252 (Concat) -> 3170 (Concat)
  3252 (Concat) -> 3138 (Concat)
  3252 (Concat) -> 3154 (Concat)
  3252 (Concat) -> 3140 (Concat)
  3252 (Concat) -> 3146 (Concat)
  3252 (Concat) -> 3125 (Concat)
  3252 (Concat) -> 3147 (Slice)
  3252 (Concat) -> 3227 (Concat)
  3252 (Concat) -> 3131 (Concat)
  3252 (Concat) -> 3178 (Concat)
  3252 (Concat) -> 3149 (Slice)
  3252 (Concat) -> 3206 (Concat)
  3252 (Concat) -> 3152 (Concat)
  3252 (Concat) -> 3243 (Concat)
  3252 (Concat) -> 3139 (Concat)
  3252 (Concat) -> 3110 (Concat)
  3252 (Concat) -> 3216 (Concat)
  3252 (Concat) -> 3153 (Concat)
  3252 (Concat) -> 3156 (Concat)
  3252 (Concat) -> 3198 (Concat)
  3252 (Concat) -> 3255 (Concat)
  3252 (Concat) -> 3159 (Concat)
  3252 (Concat) -> 3145 (Concat)
  3252 (Concat) -> 3266 (Concat)
  3252 (Concat) -> 3162 (Slice)
  3252 (Concat) -> 3158 (Concat)
  3252 (Concat) -> 3253 (Concat)
  3252 (Concat) -> 3164 (Concat)
  3252 (Concat) -> 3238 (Concat)
  3252 (Concat) -> 3240 (Concat)
  3252 (Concat) -> 3237 (Concat)
  3252 (Concat) -> 3278 (Concat)
  3252 (Concat) -> 3245 (Slice)
  3252 (Concat) -> 3246 (Slice)
  3252 (Concat) -> 3247 (Slice)
  3252 (Concat) -> 3142 (Concat)
  3252 (Concat) -> 3248 (Concat)
  3252 (Concat) -> 3249 (Concat)
  3252 (Concat) -> 3250 (Concat)
  3252 (Concat) -> 3119 (Slice)
  3252 (Concat) -> 3251 (Concat)
  3252 (Concat) -> 3167 (Concat)
  3252 (Concat) -> 3224 (Concat)
  3252 (Concat) -> 3254 (Concat)
  3252 (Concat) -> 3202 (Concat)
  3252 (Concat) -> 3259 (Slice)
  3252 (Concat) -> 3260 (Slice)
  3252 (Concat) -> 3118 (Concat)
  3252 (Concat) -> 3261 (Slice)
  3252 (Concat) -> 3271 (Concat)
  3252 (Concat) -> 3262 (Concat)
  3252 (Concat) -> 3265 (Concat)
  3252 (Concat) -> 3268 (Concat)
  3252 (Concat) -> 3205 (Slice)
  3252 (Concat) -> 3269 (Concat)
  3252 (Concat) -> 3270 (Concat)
  3252 (Concat) -> 3272 (Concat)
  3252 (Concat) -> 3273 (Slice)
  3252 (Concat) -> 3275 (Slice)
  3252 (Concat) -> 3194 (Concat)
  3252 (Concat) -> 3274 (Slice)
  3252 (Concat) -> 3276 (Concat)
  3252 (Concat) -> 3277 (Concat)
  3252 (Concat) -> 3279 (Concat)
  3252 (Concat) -> 3280 (Concat)
  3252 (Concat) -> 3281 (Concat)
  3252 (Concat) -> 3179 (Concat)
  3252 (Concat) -> 3115 (Concat)
  3252 (Concat) -> 3258 (Concat)
  3252 (Concat) -> 3166 (Concat)
  3252 (Concat) -> 3160 (Concat)
  3252 (Concat) -> 3239 (Concat)
  3252 (Concat) -> 3137 (Concat)
  3252 (Concat) -> 3183 (Concat)
  3252 (Concat) -> 3242 (Concat)
  3252 (Concat) -> 3181 (Concat)
  3252 (Concat) -> 3129 (Concat)
  3252 (Concat) -> 3161 (Slice)
  3252 (Concat) -> 3232 (Slice)
  3252 (Concat) -> 3213 (Concat)
  3252 (Concat) -> 3114 (Concat)
  3252 (Concat) -> 3263 (Concat)
  h.6.ln_2 (Add) -> h.6.attn.c_proj (Gemm)
  h.6.ln_2 (Add) -> h.5.mlp.c_proj (Gemm)
  h.6.ln_2 (Add) -> h.6.mlp.c_proj (Gemm)
  h.6.ln_2 (Add) -> h.3.ln_2 (Add)
  h.6.ln_2 (Add) -> h.0.ln_1 (Add)
  h.6.ln_2 (Add) -> h.9.mlp.c_proj (Gemm)
  h.6.ln_2 (Add) -> h.6.ln_1 (Add)
  h.6.ln_2 (Add) -> h.2.ln_1 (Add)
  h.6.ln_2 (Add) -> h.11.attn.c_proj (Gemm)
  h.6.ln_2 (Add) -> h.5.attn.c_proj (Gemm)
  h.6.ln_2 (Add) -> h.10.ln_1 (Add)
  h.6.ln_2 (Add) -> h.1.attn.c_proj (Gemm)
  h.6.ln_2 (Add) -> h.1.ln_1 (Add)
  h.6.ln_2 (Add) -> h.0.attn.c_proj (Gemm)
  h.6.ln_2 (Add) -> h.8.ln_1 (Add)
  h.6.ln_2 (Add) -> h.11.mlp.c_proj (Gemm)
  h.6.ln_2 (Add) -> h.0.ln_2 (Add)
  h.6.ln_2 (Add) -> h.9.attn.c_proj (Gemm)
  h.6.ln_2 (Add) -> h.0.mlp.c_proj (Gemm)
  h.6.ln_2 (Add) -> h.10.ln_2 (Add)
  h.6.ln_2 (Add) -> h.1.ln_2 (Add)
  h.6.ln_2 (Add) -> h.4.ln_2 (Add)
  h.6.ln_2 (Add) -> h.1.mlp.c_proj (Gemm)
  h.6.ln_2 (Add) -> h.11.ln_1 (Add)
  h.6.ln_2 (Add) -> h.8.attn.c_proj (Gemm)
  h.6.ln_2 (Add) -> h.10.attn.c_proj (Gemm)
  h.6.ln_2 (Add) -> h.10.mlp.c_proj (Gemm)
  h.6.ln_2 (Add) -> h.11.ln_2 (Add)
  h.6.ln_2 (Add) -> h.3.ln_1 (Add)
  h.6.ln_2 (Add) -> h.8.ln_2 (Add)
  h.6.ln_2 (Add) -> h.3.mlp.c_proj (Gemm)
  h.6.ln_2 (Add) -> h.2.attn.c_proj (Gemm)
  h.6.ln_2 (Add) -> h.2.ln_2 (Add)
  h.6.ln_2 (Add) -> h.2.mlp.c_proj (Gemm)
  h.6.ln_2 (Add) -> h.7.mlp.c_proj (Gemm)
  h.6.ln_2 (Add) -> h.3.attn.c_proj (Gemm)
  h.6.ln_2 (Add) -> h.7.attn.c_proj (Gemm)
  h.6.ln_2 (Add) -> h.4.attn.c_proj (Gemm)
  h.6.ln_2 (Add) -> h.4.ln_1 (Add)
  h.6.ln_2 (Add) -> h.4.mlp.c_proj (Gemm)
  h.6.ln_2 (Add) -> h.5.ln_2 (Add)
  h.6.ln_2 (Add) -> h.7.ln_1 (Add)
  h.6.ln_2 (Add) -> h.5.ln_1 (Add)
  h.6.ln_2 (Add) -> h.7.ln_2 (Add)
  h.6.ln_2 (Add) -> h.8.mlp.c_proj (Gemm)
  h.6.ln_2 (Add) -> h.9.ln_1 (Add)
  h.6.ln_2 (Add) -> h.9.ln_2 (Add)
  h.6.ln_2 (Add) -> ln_f (Add)
  h.0.ln_2 (Add) -> h.6.attn.c_proj (Gemm)
  h.0.ln_2 (Add) -> h.5.mlp.c_proj (Gemm)
  h.0.ln_2 (Add) -> h.6.mlp.c_proj (Gemm)
  h.0.ln_2 (Add) -> h.3.ln_2 (Add)
  h.0.ln_2 (Add) -> h.0.ln_1 (Add)
  h.0.ln_2 (Add) -> h.9.mlp.c_proj (Gemm)
  h.0.ln_2 (Add) -> h.6.ln_1 (Add)
  h.0.ln_2 (Add) -> h.2.ln_1 (Add)
  h.0.ln_2 (Add) -> h.11.attn.c_proj (Gemm)
  h.0.ln_2 (Add) -> h.5.attn.c_proj (Gemm)
  h.0.ln_2 (Add) -> h.10.ln_1 (Add)
  h.0.ln_2 (Add) -> h.1.attn.c_proj (Gemm)
  h.0.ln_2 (Add) -> h.1.ln_1 (Add)
  h.0.ln_2 (Add) -> h.0.attn.c_proj (Gemm)
  h.0.ln_2 (Add) -> h.8.ln_1 (Add)
  h.0.ln_2 (Add) -> h.11.mlp.c_proj (Gemm)
  h.0.ln_2 (Add) -> h.6.ln_2 (Add)
  h.0.ln_2 (Add) -> h.9.attn.c_proj (Gemm)
  h.0.ln_2 (Add) -> h.0.mlp.c_proj (Gemm)
  h.0.ln_2 (Add) -> h.10.ln_2 (Add)
  h.0.ln_2 (Add) -> h.1.ln_2 (Add)
  h.0.ln_2 (Add) -> h.4.ln_2 (Add)
  h.0.ln_2 (Add) -> h.1.mlp.c_proj (Gemm)
  h.0.ln_2 (Add) -> h.11.ln_1 (Add)
  h.0.ln_2 (Add) -> h.8.attn.c_proj (Gemm)
  h.0.ln_2 (Add) -> h.10.attn.c_proj (Gemm)
  h.0.ln_2 (Add) -> h.10.mlp.c_proj (Gemm)
  h.0.ln_2 (Add) -> h.11.ln_2 (Add)
  h.0.ln_2 (Add) -> h.3.ln_1 (Add)
  h.0.ln_2 (Add) -> h.8.ln_2 (Add)
  h.0.ln_2 (Add) -> h.3.mlp.c_proj (Gemm)
  h.0.ln_2 (Add) -> h.2.attn.c_proj (Gemm)
  h.0.ln_2 (Add) -> h.2.ln_2 (Add)
  h.0.ln_2 (Add) -> h.2.mlp.c_proj (Gemm)
  h.0.ln_2 (Add) -> h.7.mlp.c_proj (Gemm)
  h.0.ln_2 (Add) -> h.3.attn.c_proj (Gemm)
  h.0.ln_2 (Add) -> h.7.attn.c_proj (Gemm)
  h.0.ln_2 (Add) -> h.4.attn.c_proj (Gemm)
  h.0.ln_2 (Add) -> h.4.ln_1 (Add)
  h.0.ln_2 (Add) -> h.4.mlp.c_proj (Gemm)
  h.0.ln_2 (Add) -> h.5.ln_2 (Add)
  h.0.ln_2 (Add) -> h.7.ln_1 (Add)
  h.0.ln_2 (Add) -> h.5.ln_1 (Add)
  h.0.ln_2 (Add) -> h.7.ln_2 (Add)
  h.0.ln_2 (Add) -> h.8.mlp.c_proj (Gemm)
  h.0.ln_2 (Add) -> h.9.ln_1 (Add)
  h.0.ln_2 (Add) -> h.9.ln_2 (Add)
  h.0.ln_2 (Add) -> ln_f (Add)
  3179 (Concat) -> 3231 (Slice)
  3179 (Concat) -> 3219 (Slice)
  3179 (Concat) -> 3236 (Concat)
  3179 (Concat) -> 3225 (Concat)
  3179 (Concat) -> 3177 (Slice)
  3179 (Concat) -> 3234 (Concat)
  3179 (Concat) -> 3190 (Slice)
  3179 (Concat) -> 3210 (Concat)
  3179 (Concat) -> 3218 (Slice)
  3179 (Concat) -> 3143 (Concat)
  3179 (Concat) -> 3168 (Concat)
  3179 (Concat) -> 3217 (Slice)
  3179 (Concat) -> 3222 (Concat)
  3179 (Concat) -> 3214 (Concat)
  3179 (Concat) -> 3211 (Concat)
  3179 (Concat) -> 3121 (Slice)
  3179 (Concat) -> 3226 (Concat)
  3179 (Concat) -> 3111 (Div)
  3179 (Concat) -> 3221 (Concat)
  3179 (Concat) -> 3241 (Concat)
  3179 (Concat) -> 3209 (Concat)
  3179 (Concat) -> 3208 (Concat)
  3179 (Concat) -> 3133 (Slice)
  3179 (Concat) -> 3207 (Concat)
  3179 (Concat) -> 3204 (Slice)
  3179 (Concat) -> 3203 (Slice)
  3179 (Concat) -> 3148 (Slice)
  3179 (Concat) -> 3215 (Concat)
  3179 (Concat) -> 3199 (Concat)
  3179 (Concat) -> 3171 (Concat)
  3179 (Concat) -> 3127 (Concat)
  3179 (Concat) -> 3244 (Concat)
  3179 (Concat) -> 3196 (Concat)
  3179 (Concat) -> 3200 (Concat)
  3179 (Concat) -> 3195 (Concat)
  3179 (Concat) -> 3144 (Concat)
  3179 (Concat) -> 3264 (Concat)
  3179 (Concat) -> 3193 (Concat)
  3179 (Concat) -> 3228 (Concat)
  3179 (Concat) -> 3192 (Concat)
  3179 (Concat) -> 3201 (Concat)
  3179 (Concat) -> 3141 (Concat)
  3179 (Concat) -> 3189 (Slice)
  3179 (Concat) -> 3188 (Concat)
  3179 (Concat) -> 3233 (Slice)
  3179 (Concat) -> 3132 (Concat)
  3179 (Concat) -> 3185 (Concat)
  3179 (Concat) -> 3134 (Slice)
  3179 (Concat) -> 3182 (Concat)
  3179 (Concat) -> 3180 (Concat)
  3179 (Concat) -> 3130 (Concat)
  3179 (Concat) -> 3165 (Concat)
  3179 (Concat) -> 3176 (Slice)
  3179 (Concat) -> 3191 (Slice)
  3179 (Concat) -> 3175 (Slice)
  3179 (Concat) -> 3172 (Concat)
  3179 (Concat) -> 3173 (Concat)
  3179 (Concat) -> 3169 (Concat)
  3179 (Concat) -> 3230 (Concat)
  3179 (Concat) -> 3116 (Concat)
  3179 (Concat) -> 3267 (Concat)
  3179 (Concat) -> 3235 (Concat)
  3179 (Concat) -> 3122 (Concat)
  3179 (Concat) -> 3163 (Slice)
  3179 (Concat) -> 3212 (Concat)
  3179 (Concat) -> 3136 (Concat)
  3179 (Concat) -> 3128 (Concat)
  3179 (Concat) -> 3174 (Concat)
  3179 (Concat) -> 3155 (Concat)
  3179 (Concat) -> 3229 (Concat)
  3179 (Concat) -> 3186 (Concat)
  3179 (Concat) -> 3126 (Concat)
  3179 (Concat) -> 3120 (Slice)
  3179 (Concat) -> 3257 (Concat)
  3179 (Concat) -> 3184 (Concat)
  3179 (Concat) -> 3124 (Concat)
  3179 (Concat) -> 3256 (Concat)
  3179 (Concat) -> 3112 (Sub)
  3179 (Concat) -> 3113 (Concat)
  3179 (Concat) -> 3223 (Concat)
  3179 (Concat) -> 3197 (Concat)
  3179 (Concat) -> 3123 (Concat)
  3179 (Concat) -> 3220 (Concat)
  3179 (Concat) -> 3187 (Concat)
  3179 (Concat) -> 3157 (Concat)
  3179 (Concat) -> 3117 (Concat)
  3179 (Concat) -> 3135 (Slice)
  3179 (Concat) -> 3151 (Concat)
  3179 (Concat) -> 3150 (Concat)
  3179 (Concat) -> 3170 (Concat)
  3179 (Concat) -> 3138 (Concat)
  3179 (Concat) -> 3154 (Concat)
  3179 (Concat) -> 3140 (Concat)
  3179 (Concat) -> 3146 (Concat)
  3179 (Concat) -> 3125 (Concat)
  3179 (Concat) -> 3147 (Slice)
  3179 (Concat) -> 3227 (Concat)
  3179 (Concat) -> 3131 (Concat)
  3179 (Concat) -> 3178 (Concat)
  3179 (Concat) -> 3149 (Slice)
  3179 (Concat) -> 3206 (Concat)
  3179 (Concat) -> 3152 (Concat)
  3179 (Concat) -> 3243 (Concat)
  3179 (Concat) -> 3139 (Concat)
  3179 (Concat) -> 3110 (Concat)
  3179 (Concat) -> 3216 (Concat)
  3179 (Concat) -> 3153 (Concat)
  3179 (Concat) -> 3156 (Concat)
  3179 (Concat) -> 3198 (Concat)
  3179 (Concat) -> 3255 (Concat)
  3179 (Concat) -> 3159 (Concat)
  3179 (Concat) -> 3145 (Concat)
  3179 (Concat) -> 3266 (Concat)
  3179 (Concat) -> 3162 (Slice)
  3179 (Concat) -> 3158 (Concat)
  3179 (Concat) -> 3253 (Concat)
  3179 (Concat) -> 3164 (Concat)
  3179 (Concat) -> 3238 (Concat)
  3179 (Concat) -> 3240 (Concat)
  3179 (Concat) -> 3237 (Concat)
  3179 (Concat) -> 3278 (Concat)
  3179 (Concat) -> 3245 (Slice)
  3179 (Concat) -> 3246 (Slice)
  3179 (Concat) -> 3247 (Slice)
  3179 (Concat) -> 3142 (Concat)
  3179 (Concat) -> 3248 (Concat)
  3179 (Concat) -> 3249 (Concat)
  3179 (Concat) -> 3250 (Concat)
  3179 (Concat) -> 3119 (Slice)
  3179 (Concat) -> 3251 (Concat)
  3179 (Concat) -> 3167 (Concat)
  3179 (Concat) -> 3224 (Concat)
  3179 (Concat) -> 3254 (Concat)
  3179 (Concat) -> 3202 (Concat)
  3179 (Concat) -> 3259 (Slice)
  3179 (Concat) -> 3260 (Slice)
  3179 (Concat) -> 3118 (Concat)
  3179 (Concat) -> 3261 (Slice)
  3179 (Concat) -> 3271 (Concat)
  3179 (Concat) -> 3262 (Concat)
  3179 (Concat) -> 3265 (Concat)
  3179 (Concat) -> 3268 (Concat)
  3179 (Concat) -> 3205 (Slice)
  3179 (Concat) -> 3269 (Concat)
  3179 (Concat) -> 3270 (Concat)
  3179 (Concat) -> 3272 (Concat)
  3179 (Concat) -> 3273 (Slice)
  3179 (Concat) -> 3275 (Slice)
  3179 (Concat) -> 3194 (Concat)
  3179 (Concat) -> 3274 (Slice)
  3179 (Concat) -> 3276 (Concat)
  3179 (Concat) -> 3277 (Concat)
  3179 (Concat) -> 3279 (Concat)
  3179 (Concat) -> 3280 (Concat)
  3179 (Concat) -> 3281 (Concat)
  3179 (Concat) -> 3252 (Concat)
  3179 (Concat) -> 3115 (Concat)
  3179 (Concat) -> 3258 (Concat)
  3179 (Concat) -> 3166 (Concat)
  3179 (Concat) -> 3160 (Concat)
  3179 (Concat) -> 3239 (Concat)
  3179 (Concat) -> 3137 (Concat)
  3179 (Concat) -> 3183 (Concat)
  3179 (Concat) -> 3242 (Concat)
  3179 (Concat) -> 3181 (Concat)
  3179 (Concat) -> 3129 (Concat)
  3179 (Concat) -> 3161 (Slice)
  3179 (Concat) -> 3232 (Slice)
  3179 (Concat) -> 3213 (Concat)
  3179 (Concat) -> 3114 (Concat)
  3179 (Concat) -> 3263 (Concat)
  3115 (Concat) -> 3231 (Slice)
  3115 (Concat) -> 3219 (Slice)
  3115 (Concat) -> 3236 (Concat)
  3115 (Concat) -> 3225 (Concat)
  3115 (Concat) -> 3177 (Slice)
  3115 (Concat) -> 3234 (Concat)
  3115 (Concat) -> 3190 (Slice)
  3115 (Concat) -> 3210 (Concat)
  3115 (Concat) -> 3218 (Slice)
  3115 (Concat) -> 3143 (Concat)
  3115 (Concat) -> 3168 (Concat)
  3115 (Concat) -> 3217 (Slice)
  3115 (Concat) -> 3222 (Concat)
  3115 (Concat) -> 3214 (Concat)
  3115 (Concat) -> 3211 (Concat)
  3115 (Concat) -> 3121 (Slice)
  3115 (Concat) -> 3226 (Concat)
  3115 (Concat) -> 3111 (Div)
  3115 (Concat) -> 3221 (Concat)
  3115 (Concat) -> 3241 (Concat)
  3115 (Concat) -> 3209 (Concat)
  3115 (Concat) -> 3208 (Concat)
  3115 (Concat) -> 3133 (Slice)
  3115 (Concat) -> 3207 (Concat)
  3115 (Concat) -> 3204 (Slice)
  3115 (Concat) -> 3203 (Slice)
  3115 (Concat) -> 3148 (Slice)
  3115 (Concat) -> 3215 (Concat)
  3115 (Concat) -> 3199 (Concat)
  3115 (Concat) -> 3171 (Concat)
  3115 (Concat) -> 3127 (Concat)
  3115 (Concat) -> 3244 (Concat)
  3115 (Concat) -> 3196 (Concat)
  3115 (Concat) -> 3200 (Concat)
  3115 (Concat) -> 3195 (Concat)
  3115 (Concat) -> 3144 (Concat)
  3115 (Concat) -> 3264 (Concat)
  3115 (Concat) -> 3193 (Concat)
  3115 (Concat) -> 3228 (Concat)
  3115 (Concat) -> 3192 (Concat)
  3115 (Concat) -> 3201 (Concat)
  3115 (Concat) -> 3141 (Concat)
  3115 (Concat) -> 3189 (Slice)
  3115 (Concat) -> 3188 (Concat)
  3115 (Concat) -> 3233 (Slice)
  3115 (Concat) -> 3132 (Concat)
  3115 (Concat) -> 3185 (Concat)
  3115 (Concat) -> 3134 (Slice)
  3115 (Concat) -> 3182 (Concat)
  3115 (Concat) -> 3180 (Concat)
  3115 (Concat) -> 3130 (Concat)
  3115 (Concat) -> 3165 (Concat)
  3115 (Concat) -> 3176 (Slice)
  3115 (Concat) -> 3191 (Slice)
  3115 (Concat) -> 3175 (Slice)
  3115 (Concat) -> 3172 (Concat)
  3115 (Concat) -> 3173 (Concat)
  3115 (Concat) -> 3169 (Concat)
  3115 (Concat) -> 3230 (Concat)
  3115 (Concat) -> 3116 (Concat)
  3115 (Concat) -> 3267 (Concat)
  3115 (Concat) -> 3235 (Concat)
  3115 (Concat) -> 3122 (Concat)
  3115 (Concat) -> 3163 (Slice)
  3115 (Concat) -> 3212 (Concat)
  3115 (Concat) -> 3136 (Concat)
  3115 (Concat) -> 3128 (Concat)
  3115 (Concat) -> 3174 (Concat)
  3115 (Concat) -> 3155 (Concat)
  3115 (Concat) -> 3229 (Concat)
  3115 (Concat) -> 3186 (Concat)
  3115 (Concat) -> 3126 (Concat)
  3115 (Concat) -> 3120 (Slice)
  3115 (Concat) -> 3257 (Concat)
  3115 (Concat) -> 3184 (Concat)
  3115 (Concat) -> 3124 (Concat)
  3115 (Concat) -> 3256 (Concat)
  3115 (Concat) -> 3112 (Sub)
  3115 (Concat) -> 3113 (Concat)
  3115 (Concat) -> 3223 (Concat)
  3115 (Concat) -> 3197 (Concat)
  3115 (Concat) -> 3123 (Concat)
  3115 (Concat) -> 3220 (Concat)
  3115 (Concat) -> 3187 (Concat)
  3115 (Concat) -> 3157 (Concat)
  3115 (Concat) -> 3117 (Concat)
  3115 (Concat) -> 3135 (Slice)
  3115 (Concat) -> 3151 (Concat)
  3115 (Concat) -> 3150 (Concat)
  3115 (Concat) -> 3170 (Concat)
  3115 (Concat) -> 3138 (Concat)
  3115 (Concat) -> 3154 (Concat)
  3115 (Concat) -> 3140 (Concat)
  3115 (Concat) -> 3146 (Concat)
  3115 (Concat) -> 3125 (Concat)
  3115 (Concat) -> 3147 (Slice)
  3115 (Concat) -> 3227 (Concat)
  3115 (Concat) -> 3131 (Concat)
  3115 (Concat) -> 3178 (Concat)
  3115 (Concat) -> 3149 (Slice)
  3115 (Concat) -> 3206 (Concat)
  3115 (Concat) -> 3152 (Concat)
  3115 (Concat) -> 3243 (Concat)
  3115 (Concat) -> 3139 (Concat)
  3115 (Concat) -> 3110 (Concat)
  3115 (Concat) -> 3216 (Concat)
  3115 (Concat) -> 3153 (Concat)
  3115 (Concat) -> 3156 (Concat)
  3115 (Concat) -> 3198 (Concat)
  3115 (Concat) -> 3255 (Concat)
  3115 (Concat) -> 3159 (Concat)
  3115 (Concat) -> 3145 (Concat)
  3115 (Concat) -> 3266 (Concat)
  3115 (Concat) -> 3162 (Slice)
  3115 (Concat) -> 3158 (Concat)
  3115 (Concat) -> 3253 (Concat)
  3115 (Concat) -> 3164 (Concat)
  3115 (Concat) -> 3238 (Concat)
  3115 (Concat) -> 3240 (Concat)
  3115 (Concat) -> 3237 (Concat)
  3115 (Concat) -> 3278 (Concat)
  3115 (Concat) -> 3245 (Slice)
  3115 (Concat) -> 3246 (Slice)
  3115 (Concat) -> 3247 (Slice)
  3115 (Concat) -> 3142 (Concat)
  3115 (Concat) -> 3248 (Concat)
  3115 (Concat) -> 3249 (Concat)
  3115 (Concat) -> 3250 (Concat)
  3115 (Concat) -> 3119 (Slice)
  3115 (Concat) -> 3251 (Concat)
  3115 (Concat) -> 3167 (Concat)
  3115 (Concat) -> 3224 (Concat)
  3115 (Concat) -> 3254 (Concat)
  3115 (Concat) -> 3202 (Concat)
  3115 (Concat) -> 3259 (Slice)
  3115 (Concat) -> 3260 (Slice)
  3115 (Concat) -> 3118 (Concat)
  3115 (Concat) -> 3261 (Slice)
  3115 (Concat) -> 3271 (Concat)
  3115 (Concat) -> 3262 (Concat)
  3115 (Concat) -> 3265 (Concat)
  3115 (Concat) -> 3268 (Concat)
  3115 (Concat) -> 3205 (Slice)
  3115 (Concat) -> 3269 (Concat)
  3115 (Concat) -> 3270 (Concat)
  3115 (Concat) -> 3272 (Concat)
  3115 (Concat) -> 3273 (Slice)
  3115 (Concat) -> 3275 (Slice)
  3115 (Concat) -> 3194 (Concat)
  3115 (Concat) -> 3274 (Slice)
  3115 (Concat) -> 3276 (Concat)
  3115 (Concat) -> 3277 (Concat)
  3115 (Concat) -> 3279 (Concat)
  3115 (Concat) -> 3280 (Concat)
  3115 (Concat) -> 3281 (Concat)
  3115 (Concat) -> 3252 (Concat)
  3115 (Concat) -> 3179 (Concat)
  3115 (Concat) -> 3258 (Concat)
  3115 (Concat) -> 3166 (Concat)
  3115 (Concat) -> 3160 (Concat)
  3115 (Concat) -> 3239 (Concat)
  3115 (Concat) -> 3137 (Concat)
  3115 (Concat) -> 3183 (Concat)
  3115 (Concat) -> 3242 (Concat)
  3115 (Concat) -> 3181 (Concat)
  3115 (Concat) -> 3129 (Concat)
  3115 (Concat) -> 3161 (Slice)
  3115 (Concat) -> 3232 (Slice)
  3115 (Concat) -> 3213 (Concat)
  3115 (Concat) -> 3114 (Concat)
  3115 (Concat) -> 3263 (Concat)
  3258 (Concat) -> 3231 (Slice)
  3258 (Concat) -> 3219 (Slice)
  3258 (Concat) -> 3236 (Concat)
  3258 (Concat) -> 3225 (Concat)
  3258 (Concat) -> 3177 (Slice)
  3258 (Concat) -> 3234 (Concat)
  3258 (Concat) -> 3190 (Slice)
  3258 (Concat) -> 3210 (Concat)
  3258 (Concat) -> 3218 (Slice)
  3258 (Concat) -> 3143 (Concat)
  3258 (Concat) -> 3168 (Concat)
  3258 (Concat) -> 3217 (Slice)
  3258 (Concat) -> 3222 (Concat)
  3258 (Concat) -> 3214 (Concat)
  3258 (Concat) -> 3211 (Concat)
  3258 (Concat) -> 3121 (Slice)
  3258 (Concat) -> 3226 (Concat)
  3258 (Concat) -> 3111 (Div)
  3258 (Concat) -> 3221 (Concat)
  3258 (Concat) -> 3241 (Concat)
  3258 (Concat) -> 3209 (Concat)
  3258 (Concat) -> 3208 (Concat)
  3258 (Concat) -> 3133 (Slice)
  3258 (Concat) -> 3207 (Concat)
  3258 (Concat) -> 3204 (Slice)
  3258 (Concat) -> 3203 (Slice)
  3258 (Concat) -> 3148 (Slice)
  3258 (Concat) -> 3215 (Concat)
  3258 (Concat) -> 3199 (Concat)
  3258 (Concat) -> 3171 (Concat)
  3258 (Concat) -> 3127 (Concat)
  3258 (Concat) -> 3244 (Concat)
  3258 (Concat) -> 3196 (Concat)
  3258 (Concat) -> 3200 (Concat)
  3258 (Concat) -> 3195 (Concat)
  3258 (Concat) -> 3144 (Concat)
  3258 (Concat) -> 3264 (Concat)
  3258 (Concat) -> 3193 (Concat)
  3258 (Concat) -> 3228 (Concat)
  3258 (Concat) -> 3192 (Concat)
  3258 (Concat) -> 3201 (Concat)
  3258 (Concat) -> 3141 (Concat)
  3258 (Concat) -> 3189 (Slice)
  3258 (Concat) -> 3188 (Concat)
  3258 (Concat) -> 3233 (Slice)
  3258 (Concat) -> 3132 (Concat)
  3258 (Concat) -> 3185 (Concat)
  3258 (Concat) -> 3134 (Slice)
  3258 (Concat) -> 3182 (Concat)
  3258 (Concat) -> 3180 (Concat)
  3258 (Concat) -> 3130 (Concat)
  3258 (Concat) -> 3165 (Concat)
  3258 (Concat) -> 3176 (Slice)
  3258 (Concat) -> 3191 (Slice)
  3258 (Concat) -> 3175 (Slice)
  3258 (Concat) -> 3172 (Concat)
  3258 (Concat) -> 3173 (Concat)
  3258 (Concat) -> 3169 (Concat)
  3258 (Concat) -> 3230 (Concat)
  3258 (Concat) -> 3116 (Concat)
  3258 (Concat) -> 3267 (Concat)
  3258 (Concat) -> 3235 (Concat)
  3258 (Concat) -> 3122 (Concat)
  3258 (Concat) -> 3163 (Slice)
  3258 (Concat) -> 3212 (Concat)
  3258 (Concat) -> 3136 (Concat)
  3258 (Concat) -> 3128 (Concat)
  3258 (Concat) -> 3174 (Concat)
  3258 (Concat) -> 3155 (Concat)
  3258 (Concat) -> 3229 (Concat)
  3258 (Concat) -> 3186 (Concat)
  3258 (Concat) -> 3126 (Concat)
  3258 (Concat) -> 3120 (Slice)
  3258 (Concat) -> 3257 (Concat)
  3258 (Concat) -> 3184 (Concat)
  3258 (Concat) -> 3124 (Concat)
  3258 (Concat) -> 3256 (Concat)
  3258 (Concat) -> 3112 (Sub)
  3258 (Concat) -> 3113 (Concat)
  3258 (Concat) -> 3223 (Concat)
  3258 (Concat) -> 3197 (Concat)
  3258 (Concat) -> 3123 (Concat)
  3258 (Concat) -> 3220 (Concat)
  3258 (Concat) -> 3187 (Concat)
  3258 (Concat) -> 3157 (Concat)
  3258 (Concat) -> 3117 (Concat)
  3258 (Concat) -> 3135 (Slice)
  3258 (Concat) -> 3151 (Concat)
  3258 (Concat) -> 3150 (Concat)
  3258 (Concat) -> 3170 (Concat)
  3258 (Concat) -> 3138 (Concat)
  3258 (Concat) -> 3154 (Concat)
  3258 (Concat) -> 3140 (Concat)
  3258 (Concat) -> 3146 (Concat)
  3258 (Concat) -> 3125 (Concat)
  3258 (Concat) -> 3147 (Slice)
  3258 (Concat) -> 3227 (Concat)
  3258 (Concat) -> 3131 (Concat)
  3258 (Concat) -> 3178 (Concat)
  3258 (Concat) -> 3149 (Slice)
  3258 (Concat) -> 3206 (Concat)
  3258 (Concat) -> 3152 (Concat)
  3258 (Concat) -> 3243 (Concat)
  3258 (Concat) -> 3139 (Concat)
  3258 (Concat) -> 3110 (Concat)
  3258 (Concat) -> 3216 (Concat)
  3258 (Concat) -> 3153 (Concat)
  3258 (Concat) -> 3156 (Concat)
  3258 (Concat) -> 3198 (Concat)
  3258 (Concat) -> 3255 (Concat)
  3258 (Concat) -> 3159 (Concat)
  3258 (Concat) -> 3145 (Concat)
  3258 (Concat) -> 3266 (Concat)
  3258 (Concat) -> 3162 (Slice)
  3258 (Concat) -> 3158 (Concat)
  3258 (Concat) -> 3253 (Concat)
  3258 (Concat) -> 3164 (Concat)
  3258 (Concat) -> 3238 (Concat)
  3258 (Concat) -> 3240 (Concat)
  3258 (Concat) -> 3237 (Concat)
  3258 (Concat) -> 3278 (Concat)
  3258 (Concat) -> 3245 (Slice)
  3258 (Concat) -> 3246 (Slice)
  3258 (Concat) -> 3247 (Slice)
  3258 (Concat) -> 3142 (Concat)
  3258 (Concat) -> 3248 (Concat)
  3258 (Concat) -> 3249 (Concat)
  3258 (Concat) -> 3250 (Concat)
  3258 (Concat) -> 3119 (Slice)
  3258 (Concat) -> 3251 (Concat)
  3258 (Concat) -> 3167 (Concat)
  3258 (Concat) -> 3224 (Concat)
  3258 (Concat) -> 3254 (Concat)
  3258 (Concat) -> 3202 (Concat)
  3258 (Concat) -> 3259 (Slice)
  3258 (Concat) -> 3260 (Slice)
  3258 (Concat) -> 3118 (Concat)
  3258 (Concat) -> 3261 (Slice)
  3258 (Concat) -> 3271 (Concat)
  3258 (Concat) -> 3262 (Concat)
  3258 (Concat) -> 3265 (Concat)
  3258 (Concat) -> 3268 (Concat)
  3258 (Concat) -> 3205 (Slice)
  3258 (Concat) -> 3269 (Concat)
  3258 (Concat) -> 3270 (Concat)
  3258 (Concat) -> 3272 (Concat)
  3258 (Concat) -> 3273 (Slice)
  3258 (Concat) -> 3275 (Slice)
  3258 (Concat) -> 3194 (Concat)
  3258 (Concat) -> 3274 (Slice)
  3258 (Concat) -> 3276 (Concat)
  3258 (Concat) -> 3277 (Concat)
  3258 (Concat) -> 3279 (Concat)
  3258 (Concat) -> 3280 (Concat)
  3258 (Concat) -> 3281 (Concat)
  3258 (Concat) -> 3252 (Concat)
  3258 (Concat) -> 3179 (Concat)
  3258 (Concat) -> 3115 (Concat)
  3258 (Concat) -> 3166 (Concat)
  3258 (Concat) -> 3160 (Concat)
  3258 (Concat) -> 3239 (Concat)
  3258 (Concat) -> 3137 (Concat)
  3258 (Concat) -> 3183 (Concat)
  3258 (Concat) -> 3242 (Concat)
  3258 (Concat) -> 3181 (Concat)
  3258 (Concat) -> 3129 (Concat)
  3258 (Concat) -> 3161 (Slice)
  3258 (Concat) -> 3232 (Slice)
  3258 (Concat) -> 3213 (Concat)
  3258 (Concat) -> 3114 (Concat)
  3258 (Concat) -> 3263 (Concat)
  3166 (Concat) -> 3231 (Slice)
  3166 (Concat) -> 3219 (Slice)
  3166 (Concat) -> 3236 (Concat)
  3166 (Concat) -> 3225 (Concat)
  3166 (Concat) -> 3177 (Slice)
  3166 (Concat) -> 3234 (Concat)
  3166 (Concat) -> 3190 (Slice)
  3166 (Concat) -> 3210 (Concat)
  3166 (Concat) -> 3218 (Slice)
  3166 (Concat) -> 3143 (Concat)
  3166 (Concat) -> 3168 (Concat)
  3166 (Concat) -> 3217 (Slice)
  3166 (Concat) -> 3222 (Concat)
  3166 (Concat) -> 3214 (Concat)
  3166 (Concat) -> 3211 (Concat)
  3166 (Concat) -> 3121 (Slice)
  3166 (Concat) -> 3226 (Concat)
  3166 (Concat) -> 3111 (Div)
  3166 (Concat) -> 3221 (Concat)
  3166 (Concat) -> 3241 (Concat)
  3166 (Concat) -> 3209 (Concat)
  3166 (Concat) -> 3208 (Concat)
  3166 (Concat) -> 3133 (Slice)
  3166 (Concat) -> 3207 (Concat)
  3166 (Concat) -> 3204 (Slice)
  3166 (Concat) -> 3203 (Slice)
  3166 (Concat) -> 3148 (Slice)
  3166 (Concat) -> 3215 (Concat)
  3166 (Concat) -> 3199 (Concat)
  3166 (Concat) -> 3171 (Concat)
  3166 (Concat) -> 3127 (Concat)
  3166 (Concat) -> 3244 (Concat)
  3166 (Concat) -> 3196 (Concat)
  3166 (Concat) -> 3200 (Concat)
  3166 (Concat) -> 3195 (Concat)
  3166 (Concat) -> 3144 (Concat)
  3166 (Concat) -> 3264 (Concat)
  3166 (Concat) -> 3193 (Concat)
  3166 (Concat) -> 3228 (Concat)
  3166 (Concat) -> 3192 (Concat)
  3166 (Concat) -> 3201 (Concat)
  3166 (Concat) -> 3141 (Concat)
  3166 (Concat) -> 3189 (Slice)
  3166 (Concat) -> 3188 (Concat)
  3166 (Concat) -> 3233 (Slice)
  3166 (Concat) -> 3132 (Concat)
  3166 (Concat) -> 3185 (Concat)
  3166 (Concat) -> 3134 (Slice)
  3166 (Concat) -> 3182 (Concat)
  3166 (Concat) -> 3180 (Concat)
  3166 (Concat) -> 3130 (Concat)
  3166 (Concat) -> 3165 (Concat)
  3166 (Concat) -> 3176 (Slice)
  3166 (Concat) -> 3191 (Slice)
  3166 (Concat) -> 3175 (Slice)
  3166 (Concat) -> 3172 (Concat)
  3166 (Concat) -> 3173 (Concat)
  3166 (Concat) -> 3169 (Concat)
  3166 (Concat) -> 3230 (Concat)
  3166 (Concat) -> 3116 (Concat)
  3166 (Concat) -> 3267 (Concat)
  3166 (Concat) -> 3235 (Concat)
  3166 (Concat) -> 3122 (Concat)
  3166 (Concat) -> 3163 (Slice)
  3166 (Concat) -> 3212 (Concat)
  3166 (Concat) -> 3136 (Concat)
  3166 (Concat) -> 3128 (Concat)
  3166 (Concat) -> 3174 (Concat)
  3166 (Concat) -> 3155 (Concat)
  3166 (Concat) -> 3229 (Concat)
  3166 (Concat) -> 3186 (Concat)
  3166 (Concat) -> 3126 (Concat)
  3166 (Concat) -> 3120 (Slice)
  3166 (Concat) -> 3257 (Concat)
  3166 (Concat) -> 3184 (Concat)
  3166 (Concat) -> 3124 (Concat)
  3166 (Concat) -> 3256 (Concat)
  3166 (Concat) -> 3112 (Sub)
  3166 (Concat) -> 3113 (Concat)
  3166 (Concat) -> 3223 (Concat)
  3166 (Concat) -> 3197 (Concat)
  3166 (Concat) -> 3123 (Concat)
  3166 (Concat) -> 3220 (Concat)
  3166 (Concat) -> 3187 (Concat)
  3166 (Concat) -> 3157 (Concat)
  3166 (Concat) -> 3117 (Concat)
  3166 (Concat) -> 3135 (Slice)
  3166 (Concat) -> 3151 (Concat)
  3166 (Concat) -> 3150 (Concat)
  3166 (Concat) -> 3170 (Concat)
  3166 (Concat) -> 3138 (Concat)
  3166 (Concat) -> 3154 (Concat)
  3166 (Concat) -> 3140 (Concat)
  3166 (Concat) -> 3146 (Concat)
  3166 (Concat) -> 3125 (Concat)
  3166 (Concat) -> 3147 (Slice)
  3166 (Concat) -> 3227 (Concat)
  3166 (Concat) -> 3131 (Concat)
  3166 (Concat) -> 3178 (Concat)
  3166 (Concat) -> 3149 (Slice)
  3166 (Concat) -> 3206 (Concat)
  3166 (Concat) -> 3152 (Concat)
  3166 (Concat) -> 3243 (Concat)
  3166 (Concat) -> 3139 (Concat)
  3166 (Concat) -> 3110 (Concat)
  3166 (Concat) -> 3216 (Concat)
  3166 (Concat) -> 3153 (Concat)
  3166 (Concat) -> 3156 (Concat)
  3166 (Concat) -> 3198 (Concat)
  3166 (Concat) -> 3255 (Concat)
  3166 (Concat) -> 3159 (Concat)
  3166 (Concat) -> 3145 (Concat)
  3166 (Concat) -> 3266 (Concat)
  3166 (Concat) -> 3162 (Slice)
  3166 (Concat) -> 3158 (Concat)
  3166 (Concat) -> 3253 (Concat)
  3166 (Concat) -> 3164 (Concat)
  3166 (Concat) -> 3238 (Concat)
  3166 (Concat) -> 3240 (Concat)
  3166 (Concat) -> 3237 (Concat)
  3166 (Concat) -> 3278 (Concat)
  3166 (Concat) -> 3245 (Slice)
  3166 (Concat) -> 3246 (Slice)
  3166 (Concat) -> 3247 (Slice)
  3166 (Concat) -> 3142 (Concat)
  3166 (Concat) -> 3248 (Concat)
  3166 (Concat) -> 3249 (Concat)
  3166 (Concat) -> 3250 (Concat)
  3166 (Concat) -> 3119 (Slice)
  3166 (Concat) -> 3251 (Concat)
  3166 (Concat) -> 3167 (Concat)
  3166 (Concat) -> 3224 (Concat)
  3166 (Concat) -> 3254 (Concat)
  3166 (Concat) -> 3202 (Concat)
  3166 (Concat) -> 3259 (Slice)
  3166 (Concat) -> 3260 (Slice)
  3166 (Concat) -> 3118 (Concat)
  3166 (Concat) -> 3261 (Slice)
  3166 (Concat) -> 3271 (Concat)
  3166 (Concat) -> 3262 (Concat)
  3166 (Concat) -> 3265 (Concat)
  3166 (Concat) -> 3268 (Concat)
  3166 (Concat) -> 3205 (Slice)
  3166 (Concat) -> 3269 (Concat)
  3166 (Concat) -> 3270 (Concat)
  3166 (Concat) -> 3272 (Concat)
  3166 (Concat) -> 3273 (Slice)
  3166 (Concat) -> 3275 (Slice)
  3166 (Concat) -> 3194 (Concat)
  3166 (Concat) -> 3274 (Slice)
  3166 (Concat) -> 3276 (Concat)
  3166 (Concat) -> 3277 (Concat)
  3166 (Concat) -> 3279 (Concat)
  3166 (Concat) -> 3280 (Concat)
  3166 (Concat) -> 3281 (Concat)
  3166 (Concat) -> 3252 (Concat)
  3166 (Concat) -> 3179 (Concat)
  3166 (Concat) -> 3115 (Concat)
  3166 (Concat) -> 3258 (Concat)
  3166 (Concat) -> 3160 (Concat)
  3166 (Concat) -> 3239 (Concat)
  3166 (Concat) -> 3137 (Concat)
  3166 (Concat) -> 3183 (Concat)
  3166 (Concat) -> 3242 (Concat)
  3166 (Concat) -> 3181 (Concat)
  3166 (Concat) -> 3129 (Concat)
  3166 (Concat) -> 3161 (Slice)
  3166 (Concat) -> 3232 (Slice)
  3166 (Concat) -> 3213 (Concat)
  3166 (Concat) -> 3114 (Concat)
  3166 (Concat) -> 3263 (Concat)
  h.10.ln_2 (Add) -> h.6.attn.c_proj (Gemm)
  h.10.ln_2 (Add) -> h.5.mlp.c_proj (Gemm)
  h.10.ln_2 (Add) -> h.6.mlp.c_proj (Gemm)
  h.10.ln_2 (Add) -> h.3.ln_2 (Add)
  h.10.ln_2 (Add) -> h.0.ln_1 (Add)
  h.10.ln_2 (Add) -> h.9.mlp.c_proj (Gemm)
  h.10.ln_2 (Add) -> h.6.ln_1 (Add)
  h.10.ln_2 (Add) -> h.2.ln_1 (Add)
  h.10.ln_2 (Add) -> h.11.attn.c_proj (Gemm)
  h.10.ln_2 (Add) -> h.5.attn.c_proj (Gemm)
  h.10.ln_2 (Add) -> h.10.ln_1 (Add)
  h.10.ln_2 (Add) -> h.1.attn.c_proj (Gemm)
  h.10.ln_2 (Add) -> h.1.ln_1 (Add)
  h.10.ln_2 (Add) -> h.0.attn.c_proj (Gemm)
  h.10.ln_2 (Add) -> h.8.ln_1 (Add)
  h.10.ln_2 (Add) -> h.11.mlp.c_proj (Gemm)
  h.10.ln_2 (Add) -> h.6.ln_2 (Add)
  h.10.ln_2 (Add) -> h.0.ln_2 (Add)
  h.10.ln_2 (Add) -> h.9.attn.c_proj (Gemm)
  h.10.ln_2 (Add) -> h.0.mlp.c_proj (Gemm)
  h.10.ln_2 (Add) -> h.1.ln_2 (Add)
  h.10.ln_2 (Add) -> h.4.ln_2 (Add)
  h.10.ln_2 (Add) -> h.1.mlp.c_proj (Gemm)
  h.10.ln_2 (Add) -> h.11.ln_1 (Add)
  h.10.ln_2 (Add) -> h.8.attn.c_proj (Gemm)
  h.10.ln_2 (Add) -> h.10.attn.c_proj (Gemm)
  h.10.ln_2 (Add) -> h.10.mlp.c_proj (Gemm)
  h.10.ln_2 (Add) -> h.11.ln_2 (Add)
  h.10.ln_2 (Add) -> h.3.ln_1 (Add)
  h.10.ln_2 (Add) -> h.8.ln_2 (Add)
  h.10.ln_2 (Add) -> h.3.mlp.c_proj (Gemm)
  h.10.ln_2 (Add) -> h.2.attn.c_proj (Gemm)
  h.10.ln_2 (Add) -> h.2.ln_2 (Add)
  h.10.ln_2 (Add) -> h.2.mlp.c_proj (Gemm)
  h.10.ln_2 (Add) -> h.7.mlp.c_proj (Gemm)
  h.10.ln_2 (Add) -> h.3.attn.c_proj (Gemm)
  h.10.ln_2 (Add) -> h.7.attn.c_proj (Gemm)
  h.10.ln_2 (Add) -> h.4.attn.c_proj (Gemm)
  h.10.ln_2 (Add) -> h.4.ln_1 (Add)
  h.10.ln_2 (Add) -> h.4.mlp.c_proj (Gemm)
  h.10.ln_2 (Add) -> h.5.ln_2 (Add)
  h.10.ln_2 (Add) -> h.7.ln_1 (Add)
  h.10.ln_2 (Add) -> h.5.ln_1 (Add)
  h.10.ln_2 (Add) -> h.7.ln_2 (Add)
  h.10.ln_2 (Add) -> h.8.mlp.c_proj (Gemm)
  h.10.ln_2 (Add) -> h.9.ln_1 (Add)
  h.10.ln_2 (Add) -> h.9.ln_2 (Add)
  h.10.ln_2 (Add) -> ln_f (Add)
  h.1.ln_2 (Add) -> h.6.attn.c_proj (Gemm)
  h.1.ln_2 (Add) -> h.5.mlp.c_proj (Gemm)
  h.1.ln_2 (Add) -> h.6.mlp.c_proj (Gemm)
  h.1.ln_2 (Add) -> h.3.ln_2 (Add)
  h.1.ln_2 (Add) -> h.0.ln_1 (Add)
  h.1.ln_2 (Add) -> h.9.mlp.c_proj (Gemm)
  h.1.ln_2 (Add) -> h.6.ln_1 (Add)
  h.1.ln_2 (Add) -> h.2.ln_1 (Add)
  h.1.ln_2 (Add) -> h.11.attn.c_proj (Gemm)
  h.1.ln_2 (Add) -> h.5.attn.c_proj (Gemm)
  h.1.ln_2 (Add) -> h.10.ln_1 (Add)
  h.1.ln_2 (Add) -> h.1.attn.c_proj (Gemm)
  h.1.ln_2 (Add) -> h.1.ln_1 (Add)
  h.1.ln_2 (Add) -> h.0.attn.c_proj (Gemm)
  h.1.ln_2 (Add) -> h.8.ln_1 (Add)
  h.1.ln_2 (Add) -> h.11.mlp.c_proj (Gemm)
  h.1.ln_2 (Add) -> h.6.ln_2 (Add)
  h.1.ln_2 (Add) -> h.0.ln_2 (Add)
  h.1.ln_2 (Add) -> h.9.attn.c_proj (Gemm)
  h.1.ln_2 (Add) -> h.0.mlp.c_proj (Gemm)
  h.1.ln_2 (Add) -> h.10.ln_2 (Add)
  h.1.ln_2 (Add) -> h.4.ln_2 (Add)
  h.1.ln_2 (Add) -> h.1.mlp.c_proj (Gemm)
  h.1.ln_2 (Add) -> h.11.ln_1 (Add)
  h.1.ln_2 (Add) -> h.8.attn.c_proj (Gemm)
  h.1.ln_2 (Add) -> h.10.attn.c_proj (Gemm)
  h.1.ln_2 (Add) -> h.10.mlp.c_proj (Gemm)
  h.1.ln_2 (Add) -> h.11.ln_2 (Add)
  h.1.ln_2 (Add) -> h.3.ln_1 (Add)
  h.1.ln_2 (Add) -> h.8.ln_2 (Add)
  h.1.ln_2 (Add) -> h.3.mlp.c_proj (Gemm)
  h.1.ln_2 (Add) -> h.2.attn.c_proj (Gemm)
  h.1.ln_2 (Add) -> h.2.ln_2 (Add)
  h.1.ln_2 (Add) -> h.2.mlp.c_proj (Gemm)
  h.1.ln_2 (Add) -> h.7.mlp.c_proj (Gemm)
  h.1.ln_2 (Add) -> h.3.attn.c_proj (Gemm)
  h.1.ln_2 (Add) -> h.7.attn.c_proj (Gemm)
  h.1.ln_2 (Add) -> h.4.attn.c_proj (Gemm)
  h.1.ln_2 (Add) -> h.4.ln_1 (Add)
  h.1.ln_2 (Add) -> h.4.mlp.c_proj (Gemm)
  h.1.ln_2 (Add) -> h.5.ln_2 (Add)
  h.1.ln_2 (Add) -> h.7.ln_1 (Add)
  h.1.ln_2 (Add) -> h.5.ln_1 (Add)
  h.1.ln_2 (Add) -> h.7.ln_2 (Add)
  h.1.ln_2 (Add) -> h.8.mlp.c_proj (Gemm)
  h.1.ln_2 (Add) -> h.9.ln_1 (Add)
  h.1.ln_2 (Add) -> h.9.ln_2 (Add)
  h.1.ln_2 (Add) -> ln_f (Add)
  3160 (Concat) -> 3231 (Slice)
  3160 (Concat) -> 3219 (Slice)
  3160 (Concat) -> 3236 (Concat)
  3160 (Concat) -> 3225 (Concat)
  3160 (Concat) -> 3177 (Slice)
  3160 (Concat) -> 3234 (Concat)
  3160 (Concat) -> 3190 (Slice)
  3160 (Concat) -> 3210 (Concat)
  3160 (Concat) -> 3218 (Slice)
  3160 (Concat) -> 3143 (Concat)
  3160 (Concat) -> 3168 (Concat)
  3160 (Concat) -> 3217 (Slice)
  3160 (Concat) -> 3222 (Concat)
  3160 (Concat) -> 3214 (Concat)
  3160 (Concat) -> 3211 (Concat)
  3160 (Concat) -> 3121 (Slice)
  3160 (Concat) -> 3226 (Concat)
  3160 (Concat) -> 3111 (Div)
  3160 (Concat) -> 3221 (Concat)
  3160 (Concat) -> 3241 (Concat)
  3160 (Concat) -> 3209 (Concat)
  3160 (Concat) -> 3208 (Concat)
  3160 (Concat) -> 3133 (Slice)
  3160 (Concat) -> 3207 (Concat)
  3160 (Concat) -> 3204 (Slice)
  3160 (Concat) -> 3203 (Slice)
  3160 (Concat) -> 3148 (Slice)
  3160 (Concat) -> 3215 (Concat)
  3160 (Concat) -> 3199 (Concat)
  3160 (Concat) -> 3171 (Concat)
  3160 (Concat) -> 3127 (Concat)
  3160 (Concat) -> 3244 (Concat)
  3160 (Concat) -> 3196 (Concat)
  3160 (Concat) -> 3200 (Concat)
  3160 (Concat) -> 3195 (Concat)
  3160 (Concat) -> 3144 (Concat)
  3160 (Concat) -> 3264 (Concat)
  3160 (Concat) -> 3193 (Concat)
  3160 (Concat) -> 3228 (Concat)
  3160 (Concat) -> 3192 (Concat)
  3160 (Concat) -> 3201 (Concat)
  3160 (Concat) -> 3141 (Concat)
  3160 (Concat) -> 3189 (Slice)
  3160 (Concat) -> 3188 (Concat)
  3160 (Concat) -> 3233 (Slice)
  3160 (Concat) -> 3132 (Concat)
  3160 (Concat) -> 3185 (Concat)
  3160 (Concat) -> 3134 (Slice)
  3160 (Concat) -> 3182 (Concat)
  3160 (Concat) -> 3180 (Concat)
  3160 (Concat) -> 3130 (Concat)
  3160 (Concat) -> 3165 (Concat)
  3160 (Concat) -> 3176 (Slice)
  3160 (Concat) -> 3191 (Slice)
  3160 (Concat) -> 3175 (Slice)
  3160 (Concat) -> 3172 (Concat)
  3160 (Concat) -> 3173 (Concat)
  3160 (Concat) -> 3169 (Concat)
  3160 (Concat) -> 3230 (Concat)
  3160 (Concat) -> 3116 (Concat)
  3160 (Concat) -> 3267 (Concat)
  3160 (Concat) -> 3235 (Concat)
  3160 (Concat) -> 3122 (Concat)
  3160 (Concat) -> 3163 (Slice)
  3160 (Concat) -> 3212 (Concat)
  3160 (Concat) -> 3136 (Concat)
  3160 (Concat) -> 3128 (Concat)
  3160 (Concat) -> 3174 (Concat)
  3160 (Concat) -> 3155 (Concat)
  3160 (Concat) -> 3229 (Concat)
  3160 (Concat) -> 3186 (Concat)
  3160 (Concat) -> 3126 (Concat)
  3160 (Concat) -> 3120 (Slice)
  3160 (Concat) -> 3257 (Concat)
  3160 (Concat) -> 3184 (Concat)
  3160 (Concat) -> 3124 (Concat)
  3160 (Concat) -> 3256 (Concat)
  3160 (Concat) -> 3112 (Sub)
  3160 (Concat) -> 3113 (Concat)
  3160 (Concat) -> 3223 (Concat)
  3160 (Concat) -> 3197 (Concat)
  3160 (Concat) -> 3123 (Concat)
  3160 (Concat) -> 3220 (Concat)
  3160 (Concat) -> 3187 (Concat)
  3160 (Concat) -> 3157 (Concat)
  3160 (Concat) -> 3117 (Concat)
  3160 (Concat) -> 3135 (Slice)
  3160 (Concat) -> 3151 (Concat)
  3160 (Concat) -> 3150 (Concat)
  3160 (Concat) -> 3170 (Concat)
  3160 (Concat) -> 3138 (Concat)
  3160 (Concat) -> 3154 (Concat)
  3160 (Concat) -> 3140 (Concat)
  3160 (Concat) -> 3146 (Concat)
  3160 (Concat) -> 3125 (Concat)
  3160 (Concat) -> 3147 (Slice)
  3160 (Concat) -> 3227 (Concat)
  3160 (Concat) -> 3131 (Concat)
  3160 (Concat) -> 3178 (Concat)
  3160 (Concat) -> 3149 (Slice)
  3160 (Concat) -> 3206 (Concat)
  3160 (Concat) -> 3152 (Concat)
  3160 (Concat) -> 3243 (Concat)
  3160 (Concat) -> 3139 (Concat)
  3160 (Concat) -> 3110 (Concat)
  3160 (Concat) -> 3216 (Concat)
  3160 (Concat) -> 3153 (Concat)
  3160 (Concat) -> 3156 (Concat)
  3160 (Concat) -> 3198 (Concat)
  3160 (Concat) -> 3255 (Concat)
  3160 (Concat) -> 3159 (Concat)
  3160 (Concat) -> 3145 (Concat)
  3160 (Concat) -> 3266 (Concat)
  3160 (Concat) -> 3162 (Slice)
  3160 (Concat) -> 3158 (Concat)
  3160 (Concat) -> 3253 (Concat)
  3160 (Concat) -> 3164 (Concat)
  3160 (Concat) -> 3238 (Concat)
  3160 (Concat) -> 3240 (Concat)
  3160 (Concat) -> 3237 (Concat)
  3160 (Concat) -> 3278 (Concat)
  3160 (Concat) -> 3245 (Slice)
  3160 (Concat) -> 3246 (Slice)
  3160 (Concat) -> 3247 (Slice)
  3160 (Concat) -> 3142 (Concat)
  3160 (Concat) -> 3248 (Concat)
  3160 (Concat) -> 3249 (Concat)
  3160 (Concat) -> 3250 (Concat)
  3160 (Concat) -> 3119 (Slice)
  3160 (Concat) -> 3251 (Concat)
  3160 (Concat) -> 3167 (Concat)
  3160 (Concat) -> 3224 (Concat)
  3160 (Concat) -> 3254 (Concat)
  3160 (Concat) -> 3202 (Concat)
  3160 (Concat) -> 3259 (Slice)
  3160 (Concat) -> 3260 (Slice)
  3160 (Concat) -> 3118 (Concat)
  3160 (Concat) -> 3261 (Slice)
  3160 (Concat) -> 3271 (Concat)
  3160 (Concat) -> 3262 (Concat)
  3160 (Concat) -> 3265 (Concat)
  3160 (Concat) -> 3268 (Concat)
  3160 (Concat) -> 3205 (Slice)
  3160 (Concat) -> 3269 (Concat)
  3160 (Concat) -> 3270 (Concat)
  3160 (Concat) -> 3272 (Concat)
  3160 (Concat) -> 3273 (Slice)
  3160 (Concat) -> 3275 (Slice)
  3160 (Concat) -> 3194 (Concat)
  3160 (Concat) -> 3274 (Slice)
  3160 (Concat) -> 3276 (Concat)
  3160 (Concat) -> 3277 (Concat)
  3160 (Concat) -> 3279 (Concat)
  3160 (Concat) -> 3280 (Concat)
  3160 (Concat) -> 3281 (Concat)
  3160 (Concat) -> 3252 (Concat)
  3160 (Concat) -> 3179 (Concat)
  3160 (Concat) -> 3115 (Concat)
  3160 (Concat) -> 3258 (Concat)
  3160 (Concat) -> 3166 (Concat)
  3160 (Concat) -> 3239 (Concat)
  3160 (Concat) -> 3137 (Concat)
  3160 (Concat) -> 3183 (Concat)
  3160 (Concat) -> 3242 (Concat)
  3160 (Concat) -> 3181 (Concat)
  3160 (Concat) -> 3129 (Concat)
  3160 (Concat) -> 3161 (Slice)
  3160 (Concat) -> 3232 (Slice)
  3160 (Concat) -> 3213 (Concat)
  3160 (Concat) -> 3114 (Concat)
  3160 (Concat) -> 3263 (Concat)
  h.4.ln_2 (Add) -> h.6.attn.c_proj (Gemm)
  h.4.ln_2 (Add) -> h.5.mlp.c_proj (Gemm)
  h.4.ln_2 (Add) -> h.6.mlp.c_proj (Gemm)
  h.4.ln_2 (Add) -> h.3.ln_2 (Add)
  h.4.ln_2 (Add) -> h.0.ln_1 (Add)
  h.4.ln_2 (Add) -> h.9.mlp.c_proj (Gemm)
  h.4.ln_2 (Add) -> h.6.ln_1 (Add)
  h.4.ln_2 (Add) -> h.2.ln_1 (Add)
  h.4.ln_2 (Add) -> h.11.attn.c_proj (Gemm)
  h.4.ln_2 (Add) -> h.5.attn.c_proj (Gemm)
  h.4.ln_2 (Add) -> h.10.ln_1 (Add)
  h.4.ln_2 (Add) -> h.1.attn.c_proj (Gemm)
  h.4.ln_2 (Add) -> h.1.ln_1 (Add)
  h.4.ln_2 (Add) -> h.0.attn.c_proj (Gemm)
  h.4.ln_2 (Add) -> h.8.ln_1 (Add)
  h.4.ln_2 (Add) -> h.11.mlp.c_proj (Gemm)
  h.4.ln_2 (Add) -> h.6.ln_2 (Add)
  h.4.ln_2 (Add) -> h.0.ln_2 (Add)
  h.4.ln_2 (Add) -> h.9.attn.c_proj (Gemm)
  h.4.ln_2 (Add) -> h.0.mlp.c_proj (Gemm)
  h.4.ln_2 (Add) -> h.10.ln_2 (Add)
  h.4.ln_2 (Add) -> h.1.ln_2 (Add)
  h.4.ln_2 (Add) -> h.1.mlp.c_proj (Gemm)
  h.4.ln_2 (Add) -> h.11.ln_1 (Add)
  h.4.ln_2 (Add) -> h.8.attn.c_proj (Gemm)
  h.4.ln_2 (Add) -> h.10.attn.c_proj (Gemm)
  h.4.ln_2 (Add) -> h.10.mlp.c_proj (Gemm)
  h.4.ln_2 (Add) -> h.11.ln_2 (Add)
  h.4.ln_2 (Add) -> h.3.ln_1 (Add)
  h.4.ln_2 (Add) -> h.8.ln_2 (Add)
  h.4.ln_2 (Add) -> h.3.mlp.c_proj (Gemm)
  h.4.ln_2 (Add) -> h.2.attn.c_proj (Gemm)
  h.4.ln_2 (Add) -> h.2.ln_2 (Add)
  h.4.ln_2 (Add) -> h.2.mlp.c_proj (Gemm)
  h.4.ln_2 (Add) -> h.7.mlp.c_proj (Gemm)
  h.4.ln_2 (Add) -> h.3.attn.c_proj (Gemm)
  h.4.ln_2 (Add) -> h.7.attn.c_proj (Gemm)
  h.4.ln_2 (Add) -> h.4.attn.c_proj (Gemm)
  h.4.ln_2 (Add) -> h.4.ln_1 (Add)
  h.4.ln_2 (Add) -> h.4.mlp.c_proj (Gemm)
  h.4.ln_2 (Add) -> h.5.ln_2 (Add)
  h.4.ln_2 (Add) -> h.7.ln_1 (Add)
  h.4.ln_2 (Add) -> h.5.ln_1 (Add)
  h.4.ln_2 (Add) -> h.7.ln_2 (Add)
  h.4.ln_2 (Add) -> h.8.mlp.c_proj (Gemm)
  h.4.ln_2 (Add) -> h.9.ln_1 (Add)
  h.4.ln_2 (Add) -> h.9.ln_2 (Add)
  h.4.ln_2 (Add) -> ln_f (Add)
  3239 (Concat) -> 3231 (Slice)
  3239 (Concat) -> 3219 (Slice)
  3239 (Concat) -> 3236 (Concat)
  3239 (Concat) -> 3225 (Concat)
  3239 (Concat) -> 3177 (Slice)
  3239 (Concat) -> 3234 (Concat)
  3239 (Concat) -> 3190 (Slice)
  3239 (Concat) -> 3210 (Concat)
  3239 (Concat) -> 3218 (Slice)
  3239 (Concat) -> 3143 (Concat)
  3239 (Concat) -> 3168 (Concat)
  3239 (Concat) -> 3217 (Slice)
  3239 (Concat) -> 3222 (Concat)
  3239 (Concat) -> 3214 (Concat)
  3239 (Concat) -> 3211 (Concat)
  3239 (Concat) -> 3121 (Slice)
  3239 (Concat) -> 3226 (Concat)
  3239 (Concat) -> 3111 (Div)
  3239 (Concat) -> 3221 (Concat)
  3239 (Concat) -> 3241 (Concat)
  3239 (Concat) -> 3209 (Concat)
  3239 (Concat) -> 3208 (Concat)
  3239 (Concat) -> 3133 (Slice)
  3239 (Concat) -> 3207 (Concat)
  3239 (Concat) -> 3204 (Slice)
  3239 (Concat) -> 3203 (Slice)
  3239 (Concat) -> 3148 (Slice)
  3239 (Concat) -> 3215 (Concat)
  3239 (Concat) -> 3199 (Concat)
  3239 (Concat) -> 3171 (Concat)
  3239 (Concat) -> 3127 (Concat)
  3239 (Concat) -> 3244 (Concat)
  3239 (Concat) -> 3196 (Concat)
  3239 (Concat) -> 3200 (Concat)
  3239 (Concat) -> 3195 (Concat)
  3239 (Concat) -> 3144 (Concat)
  3239 (Concat) -> 3264 (Concat)
  3239 (Concat) -> 3193 (Concat)
  3239 (Concat) -> 3228 (Concat)
  3239 (Concat) -> 3192 (Concat)
  3239 (Concat) -> 3201 (Concat)
  3239 (Concat) -> 3141 (Concat)
  3239 (Concat) -> 3189 (Slice)
  3239 (Concat) -> 3188 (Concat)
  3239 (Concat) -> 3233 (Slice)
  3239 (Concat) -> 3132 (Concat)
  3239 (Concat) -> 3185 (Concat)
  3239 (Concat) -> 3134 (Slice)
  3239 (Concat) -> 3182 (Concat)
  3239 (Concat) -> 3180 (Concat)
  3239 (Concat) -> 3130 (Concat)
  3239 (Concat) -> 3165 (Concat)
  3239 (Concat) -> 3176 (Slice)
  3239 (Concat) -> 3191 (Slice)
  3239 (Concat) -> 3175 (Slice)
  3239 (Concat) -> 3172 (Concat)
  3239 (Concat) -> 3173 (Concat)
  3239 (Concat) -> 3169 (Concat)
  3239 (Concat) -> 3230 (Concat)
  3239 (Concat) -> 3116 (Concat)
  3239 (Concat) -> 3267 (Concat)
  3239 (Concat) -> 3235 (Concat)
  3239 (Concat) -> 3122 (Concat)
  3239 (Concat) -> 3163 (Slice)
  3239 (Concat) -> 3212 (Concat)
  3239 (Concat) -> 3136 (Concat)
  3239 (Concat) -> 3128 (Concat)
  3239 (Concat) -> 3174 (Concat)
  3239 (Concat) -> 3155 (Concat)
  3239 (Concat) -> 3229 (Concat)
  3239 (Concat) -> 3186 (Concat)
  3239 (Concat) -> 3126 (Concat)
  3239 (Concat) -> 3120 (Slice)
  3239 (Concat) -> 3257 (Concat)
  3239 (Concat) -> 3184 (Concat)
  3239 (Concat) -> 3124 (Concat)
  3239 (Concat) -> 3256 (Concat)
  3239 (Concat) -> 3112 (Sub)
  3239 (Concat) -> 3113 (Concat)
  3239 (Concat) -> 3223 (Concat)
  3239 (Concat) -> 3197 (Concat)
  3239 (Concat) -> 3123 (Concat)
  3239 (Concat) -> 3220 (Concat)
  3239 (Concat) -> 3187 (Concat)
  3239 (Concat) -> 3157 (Concat)
  3239 (Concat) -> 3117 (Concat)
  3239 (Concat) -> 3135 (Slice)
  3239 (Concat) -> 3151 (Concat)
  3239 (Concat) -> 3150 (Concat)
  3239 (Concat) -> 3170 (Concat)
  3239 (Concat) -> 3138 (Concat)
  3239 (Concat) -> 3154 (Concat)
  3239 (Concat) -> 3140 (Concat)
  3239 (Concat) -> 3146 (Concat)
  3239 (Concat) -> 3125 (Concat)
  3239 (Concat) -> 3147 (Slice)
  3239 (Concat) -> 3227 (Concat)
  3239 (Concat) -> 3131 (Concat)
  3239 (Concat) -> 3178 (Concat)
  3239 (Concat) -> 3149 (Slice)
  3239 (Concat) -> 3206 (Concat)
  3239 (Concat) -> 3152 (Concat)
  3239 (Concat) -> 3243 (Concat)
  3239 (Concat) -> 3139 (Concat)
  3239 (Concat) -> 3110 (Concat)
  3239 (Concat) -> 3216 (Concat)
  3239 (Concat) -> 3153 (Concat)
  3239 (Concat) -> 3156 (Concat)
  3239 (Concat) -> 3198 (Concat)
  3239 (Concat) -> 3255 (Concat)
  3239 (Concat) -> 3159 (Concat)
  3239 (Concat) -> 3145 (Concat)
  3239 (Concat) -> 3266 (Concat)
  3239 (Concat) -> 3162 (Slice)
  3239 (Concat) -> 3158 (Concat)
  3239 (Concat) -> 3253 (Concat)
  3239 (Concat) -> 3164 (Concat)
  3239 (Concat) -> 3238 (Concat)
  3239 (Concat) -> 3240 (Concat)
  3239 (Concat) -> 3237 (Concat)
  3239 (Concat) -> 3278 (Concat)
  3239 (Concat) -> 3245 (Slice)
  3239 (Concat) -> 3246 (Slice)
  3239 (Concat) -> 3247 (Slice)
  3239 (Concat) -> 3142 (Concat)
  3239 (Concat) -> 3248 (Concat)
  3239 (Concat) -> 3249 (Concat)
  3239 (Concat) -> 3250 (Concat)
  3239 (Concat) -> 3119 (Slice)
  3239 (Concat) -> 3251 (Concat)
  3239 (Concat) -> 3167 (Concat)
  3239 (Concat) -> 3224 (Concat)
  3239 (Concat) -> 3254 (Concat)
  3239 (Concat) -> 3202 (Concat)
  3239 (Concat) -> 3259 (Slice)
  3239 (Concat) -> 3260 (Slice)
  3239 (Concat) -> 3118 (Concat)
  3239 (Concat) -> 3261 (Slice)
  3239 (Concat) -> 3271 (Concat)
  3239 (Concat) -> 3262 (Concat)
  3239 (Concat) -> 3265 (Concat)
  3239 (Concat) -> 3268 (Concat)
  3239 (Concat) -> 3205 (Slice)
  3239 (Concat) -> 3269 (Concat)
  3239 (Concat) -> 3270 (Concat)
  3239 (Concat) -> 3272 (Concat)
  3239 (Concat) -> 3273 (Slice)
  3239 (Concat) -> 3275 (Slice)
  3239 (Concat) -> 3194 (Concat)
  3239 (Concat) -> 3274 (Slice)
  3239 (Concat) -> 3276 (Concat)
  3239 (Concat) -> 3277 (Concat)
  3239 (Concat) -> 3279 (Concat)
  3239 (Concat) -> 3280 (Concat)
  3239 (Concat) -> 3281 (Concat)
  3239 (Concat) -> 3252 (Concat)
  3239 (Concat) -> 3179 (Concat)
  3239 (Concat) -> 3115 (Concat)
  3239 (Concat) -> 3258 (Concat)
  3239 (Concat) -> 3166 (Concat)
  3239 (Concat) -> 3160 (Concat)
  3239 (Concat) -> 3137 (Concat)
  3239 (Concat) -> 3183 (Concat)
  3239 (Concat) -> 3242 (Concat)
  3239 (Concat) -> 3181 (Concat)
  3239 (Concat) -> 3129 (Concat)
  3239 (Concat) -> 3161 (Slice)
  3239 (Concat) -> 3232 (Slice)
  3239 (Concat) -> 3213 (Concat)
  3239 (Concat) -> 3114 (Concat)
  3239 (Concat) -> 3263 (Concat)
  h.10.attn (Slice) -> h.9.attn (Slice)
  h.10.attn (Slice) -> h.8.attn (Slice)
  h.10.attn (Slice) -> h.4.attn (Slice)
  h.10.attn (Slice) -> h.1.attn (Slice)
  h.10.attn (Slice) -> h.11.attn (Slice)
  h.10.attn (Slice) -> h.7.attn (Slice)
  h.10.attn (Slice) -> h.0.attn (Slice)
  h.10.attn (Slice) -> h.2.attn (Slice)
  h.10.attn (Slice) -> h.3.attn (Slice)
  h.10.attn (Slice) -> h.5.attn (Slice)
  h.10.attn (Slice) -> h.6.attn (Slice)
  h.11.ln_1 (Add) -> h.6.attn.c_proj (Gemm)
  h.11.ln_1 (Add) -> h.5.mlp.c_proj (Gemm)
  h.11.ln_1 (Add) -> h.6.mlp.c_proj (Gemm)
  h.11.ln_1 (Add) -> h.3.ln_2 (Add)
  h.11.ln_1 (Add) -> h.0.ln_1 (Add)
  h.11.ln_1 (Add) -> h.9.mlp.c_proj (Gemm)
  h.11.ln_1 (Add) -> h.6.ln_1 (Add)
  h.11.ln_1 (Add) -> h.2.ln_1 (Add)
  h.11.ln_1 (Add) -> h.11.attn.c_proj (Gemm)
  h.11.ln_1 (Add) -> h.5.attn.c_proj (Gemm)
  h.11.ln_1 (Add) -> h.10.ln_1 (Add)
  h.11.ln_1 (Add) -> h.1.attn.c_proj (Gemm)
  h.11.ln_1 (Add) -> h.1.ln_1 (Add)
  h.11.ln_1 (Add) -> h.0.attn.c_proj (Gemm)
  h.11.ln_1 (Add) -> h.8.ln_1 (Add)
  h.11.ln_1 (Add) -> h.11.mlp.c_proj (Gemm)
  h.11.ln_1 (Add) -> h.6.ln_2 (Add)
  h.11.ln_1 (Add) -> h.0.ln_2 (Add)
  h.11.ln_1 (Add) -> h.9.attn.c_proj (Gemm)
  h.11.ln_1 (Add) -> h.0.mlp.c_proj (Gemm)
  h.11.ln_1 (Add) -> h.10.ln_2 (Add)
  h.11.ln_1 (Add) -> h.1.ln_2 (Add)
  h.11.ln_1 (Add) -> h.4.ln_2 (Add)
  h.11.ln_1 (Add) -> h.1.mlp.c_proj (Gemm)
  h.11.ln_1 (Add) -> h.8.attn.c_proj (Gemm)
  h.11.ln_1 (Add) -> h.10.attn.c_proj (Gemm)
  h.11.ln_1 (Add) -> h.10.mlp.c_proj (Gemm)
  h.11.ln_1 (Add) -> h.11.ln_2 (Add)
  h.11.ln_1 (Add) -> h.3.ln_1 (Add)
  h.11.ln_1 (Add) -> h.8.ln_2 (Add)
  h.11.ln_1 (Add) -> h.3.mlp.c_proj (Gemm)
  h.11.ln_1 (Add) -> h.2.attn.c_proj (Gemm)
  h.11.ln_1 (Add) -> h.2.ln_2 (Add)
  h.11.ln_1 (Add) -> h.2.mlp.c_proj (Gemm)
  h.11.ln_1 (Add) -> h.7.mlp.c_proj (Gemm)
  h.11.ln_1 (Add) -> h.3.attn.c_proj (Gemm)
  h.11.ln_1 (Add) -> h.7.attn.c_proj (Gemm)
  h.11.ln_1 (Add) -> h.4.attn.c_proj (Gemm)
  h.11.ln_1 (Add) -> h.4.ln_1 (Add)
  h.11.ln_1 (Add) -> h.4.mlp.c_proj (Gemm)
  h.11.ln_1 (Add) -> h.5.ln_2 (Add)
  h.11.ln_1 (Add) -> h.7.ln_1 (Add)
  h.11.ln_1 (Add) -> h.5.ln_1 (Add)
  h.11.ln_1 (Add) -> h.7.ln_2 (Add)
  h.11.ln_1 (Add) -> h.8.mlp.c_proj (Gemm)
  h.11.ln_1 (Add) -> h.9.ln_1 (Add)
  h.11.ln_1 (Add) -> h.9.ln_2 (Add)
  h.11.ln_1 (Add) -> ln_f (Add)
  3137 (Concat) -> 3231 (Slice)
  3137 (Concat) -> 3219 (Slice)
  3137 (Concat) -> 3236 (Concat)
  3137 (Concat) -> 3225 (Concat)
  3137 (Concat) -> 3177 (Slice)
  3137 (Concat) -> 3234 (Concat)
  3137 (Concat) -> 3190 (Slice)
  3137 (Concat) -> 3210 (Concat)
  3137 (Concat) -> 3218 (Slice)
  3137 (Concat) -> 3143 (Concat)
  3137 (Concat) -> 3168 (Concat)
  3137 (Concat) -> 3217 (Slice)
  3137 (Concat) -> 3222 (Concat)
  3137 (Concat) -> 3214 (Concat)
  3137 (Concat) -> 3211 (Concat)
  3137 (Concat) -> 3121 (Slice)
  3137 (Concat) -> 3226 (Concat)
  3137 (Concat) -> 3111 (Div)
  3137 (Concat) -> 3221 (Concat)
  3137 (Concat) -> 3241 (Concat)
  3137 (Concat) -> 3209 (Concat)
  3137 (Concat) -> 3208 (Concat)
  3137 (Concat) -> 3133 (Slice)
  3137 (Concat) -> 3207 (Concat)
  3137 (Concat) -> 3204 (Slice)
  3137 (Concat) -> 3203 (Slice)
  3137 (Concat) -> 3148 (Slice)
  3137 (Concat) -> 3215 (Concat)
  3137 (Concat) -> 3199 (Concat)
  3137 (Concat) -> 3171 (Concat)
  3137 (Concat) -> 3127 (Concat)
  3137 (Concat) -> 3244 (Concat)
  3137 (Concat) -> 3196 (Concat)
  3137 (Concat) -> 3200 (Concat)
  3137 (Concat) -> 3195 (Concat)
  3137 (Concat) -> 3144 (Concat)
  3137 (Concat) -> 3264 (Concat)
  3137 (Concat) -> 3193 (Concat)
  3137 (Concat) -> 3228 (Concat)
  3137 (Concat) -> 3192 (Concat)
  3137 (Concat) -> 3201 (Concat)
  3137 (Concat) -> 3141 (Concat)
  3137 (Concat) -> 3189 (Slice)
  3137 (Concat) -> 3188 (Concat)
  3137 (Concat) -> 3233 (Slice)
  3137 (Concat) -> 3132 (Concat)
  3137 (Concat) -> 3185 (Concat)
  3137 (Concat) -> 3134 (Slice)
  3137 (Concat) -> 3182 (Concat)
  3137 (Concat) -> 3180 (Concat)
  3137 (Concat) -> 3130 (Concat)
  3137 (Concat) -> 3165 (Concat)
  3137 (Concat) -> 3176 (Slice)
  3137 (Concat) -> 3191 (Slice)
  3137 (Concat) -> 3175 (Slice)
  3137 (Concat) -> 3172 (Concat)
  3137 (Concat) -> 3173 (Concat)
  3137 (Concat) -> 3169 (Concat)
  3137 (Concat) -> 3230 (Concat)
  3137 (Concat) -> 3116 (Concat)
  3137 (Concat) -> 3267 (Concat)
  3137 (Concat) -> 3235 (Concat)
  3137 (Concat) -> 3122 (Concat)
  3137 (Concat) -> 3163 (Slice)
  3137 (Concat) -> 3212 (Concat)
  3137 (Concat) -> 3136 (Concat)
  3137 (Concat) -> 3128 (Concat)
  3137 (Concat) -> 3174 (Concat)
  3137 (Concat) -> 3155 (Concat)
  3137 (Concat) -> 3229 (Concat)
  3137 (Concat) -> 3186 (Concat)
  3137 (Concat) -> 3126 (Concat)
  3137 (Concat) -> 3120 (Slice)
  3137 (Concat) -> 3257 (Concat)
  3137 (Concat) -> 3184 (Concat)
  3137 (Concat) -> 3124 (Concat)
  3137 (Concat) -> 3256 (Concat)
  3137 (Concat) -> 3112 (Sub)
  3137 (Concat) -> 3113 (Concat)
  3137 (Concat) -> 3223 (Concat)
  3137 (Concat) -> 3197 (Concat)
  3137 (Concat) -> 3123 (Concat)
  3137 (Concat) -> 3220 (Concat)
  3137 (Concat) -> 3187 (Concat)
  3137 (Concat) -> 3157 (Concat)
  3137 (Concat) -> 3117 (Concat)
  3137 (Concat) -> 3135 (Slice)
  3137 (Concat) -> 3151 (Concat)
  3137 (Concat) -> 3150 (Concat)
  3137 (Concat) -> 3170 (Concat)
  3137 (Concat) -> 3138 (Concat)
  3137 (Concat) -> 3154 (Concat)
  3137 (Concat) -> 3140 (Concat)
  3137 (Concat) -> 3146 (Concat)
  3137 (Concat) -> 3125 (Concat)
  3137 (Concat) -> 3147 (Slice)
  3137 (Concat) -> 3227 (Concat)
  3137 (Concat) -> 3131 (Concat)
  3137 (Concat) -> 3178 (Concat)
  3137 (Concat) -> 3149 (Slice)
  3137 (Concat) -> 3206 (Concat)
  3137 (Concat) -> 3152 (Concat)
  3137 (Concat) -> 3243 (Concat)
  3137 (Concat) -> 3139 (Concat)
  3137 (Concat) -> 3110 (Concat)
  3137 (Concat) -> 3216 (Concat)
  3137 (Concat) -> 3153 (Concat)
  3137 (Concat) -> 3156 (Concat)
  3137 (Concat) -> 3198 (Concat)
  3137 (Concat) -> 3255 (Concat)
  3137 (Concat) -> 3159 (Concat)
  3137 (Concat) -> 3145 (Concat)
  3137 (Concat) -> 3266 (Concat)
  3137 (Concat) -> 3162 (Slice)
  3137 (Concat) -> 3158 (Concat)
  3137 (Concat) -> 3253 (Concat)
  3137 (Concat) -> 3164 (Concat)
  3137 (Concat) -> 3238 (Concat)
  3137 (Concat) -> 3240 (Concat)
  3137 (Concat) -> 3237 (Concat)
  3137 (Concat) -> 3278 (Concat)
  3137 (Concat) -> 3245 (Slice)
  3137 (Concat) -> 3246 (Slice)
  3137 (Concat) -> 3247 (Slice)
  3137 (Concat) -> 3142 (Concat)
  3137 (Concat) -> 3248 (Concat)
  3137 (Concat) -> 3249 (Concat)
  3137 (Concat) -> 3250 (Concat)
  3137 (Concat) -> 3119 (Slice)
  3137 (Concat) -> 3251 (Concat)
  3137 (Concat) -> 3167 (Concat)
  3137 (Concat) -> 3224 (Concat)
  3137 (Concat) -> 3254 (Concat)
  3137 (Concat) -> 3202 (Concat)
  3137 (Concat) -> 3259 (Slice)
  3137 (Concat) -> 3260 (Slice)
  3137 (Concat) -> 3118 (Concat)
  3137 (Concat) -> 3261 (Slice)
  3137 (Concat) -> 3271 (Concat)
  3137 (Concat) -> 3262 (Concat)
  3137 (Concat) -> 3265 (Concat)
  3137 (Concat) -> 3268 (Concat)
  3137 (Concat) -> 3205 (Slice)
  3137 (Concat) -> 3269 (Concat)
  3137 (Concat) -> 3270 (Concat)
  3137 (Concat) -> 3272 (Concat)
  3137 (Concat) -> 3273 (Slice)
  3137 (Concat) -> 3275 (Slice)
  3137 (Concat) -> 3194 (Concat)
  3137 (Concat) -> 3274 (Slice)
  3137 (Concat) -> 3276 (Concat)
  3137 (Concat) -> 3277 (Concat)
  3137 (Concat) -> 3279 (Concat)
  3137 (Concat) -> 3280 (Concat)
  3137 (Concat) -> 3281 (Concat)
  3137 (Concat) -> 3252 (Concat)
  3137 (Concat) -> 3179 (Concat)
  3137 (Concat) -> 3115 (Concat)
  3137 (Concat) -> 3258 (Concat)
  3137 (Concat) -> 3166 (Concat)
  3137 (Concat) -> 3160 (Concat)
  3137 (Concat) -> 3239 (Concat)
  3137 (Concat) -> 3183 (Concat)
  3137 (Concat) -> 3242 (Concat)
  3137 (Concat) -> 3181 (Concat)
  3137 (Concat) -> 3129 (Concat)
  3137 (Concat) -> 3161 (Slice)
  3137 (Concat) -> 3232 (Slice)
  3137 (Concat) -> 3213 (Concat)
  3137 (Concat) -> 3114 (Concat)
  3137 (Concat) -> 3263 (Concat)
  h.11.ln_2 (Add) -> h.6.attn.c_proj (Gemm)
  h.11.ln_2 (Add) -> h.5.mlp.c_proj (Gemm)
  h.11.ln_2 (Add) -> h.6.mlp.c_proj (Gemm)
  h.11.ln_2 (Add) -> h.3.ln_2 (Add)
  h.11.ln_2 (Add) -> h.0.ln_1 (Add)
  h.11.ln_2 (Add) -> h.9.mlp.c_proj (Gemm)
  h.11.ln_2 (Add) -> h.6.ln_1 (Add)
  h.11.ln_2 (Add) -> h.2.ln_1 (Add)
  h.11.ln_2 (Add) -> h.11.attn.c_proj (Gemm)
  h.11.ln_2 (Add) -> h.5.attn.c_proj (Gemm)
  h.11.ln_2 (Add) -> h.10.ln_1 (Add)
  h.11.ln_2 (Add) -> h.1.attn.c_proj (Gemm)
  h.11.ln_2 (Add) -> h.1.ln_1 (Add)
  h.11.ln_2 (Add) -> h.0.attn.c_proj (Gemm)
  h.11.ln_2 (Add) -> h.8.ln_1 (Add)
  h.11.ln_2 (Add) -> h.11.mlp.c_proj (Gemm)
  h.11.ln_2 (Add) -> h.6.ln_2 (Add)
  h.11.ln_2 (Add) -> h.0.ln_2 (Add)
  h.11.ln_2 (Add) -> h.9.attn.c_proj (Gemm)
  h.11.ln_2 (Add) -> h.0.mlp.c_proj (Gemm)
  h.11.ln_2 (Add) -> h.10.ln_2 (Add)
  h.11.ln_2 (Add) -> h.1.ln_2 (Add)
  h.11.ln_2 (Add) -> h.4.ln_2 (Add)
  h.11.ln_2 (Add) -> h.1.mlp.c_proj (Gemm)
  h.11.ln_2 (Add) -> h.11.ln_1 (Add)
  h.11.ln_2 (Add) -> h.8.attn.c_proj (Gemm)
  h.11.ln_2 (Add) -> h.10.attn.c_proj (Gemm)
  h.11.ln_2 (Add) -> h.10.mlp.c_proj (Gemm)
  h.11.ln_2 (Add) -> h.3.ln_1 (Add)
  h.11.ln_2 (Add) -> h.8.ln_2 (Add)
  h.11.ln_2 (Add) -> h.3.mlp.c_proj (Gemm)
  h.11.ln_2 (Add) -> h.2.attn.c_proj (Gemm)
  h.11.ln_2 (Add) -> h.2.ln_2 (Add)
  h.11.ln_2 (Add) -> h.2.mlp.c_proj (Gemm)
  h.11.ln_2 (Add) -> h.7.mlp.c_proj (Gemm)
  h.11.ln_2 (Add) -> h.3.attn.c_proj (Gemm)
  h.11.ln_2 (Add) -> h.7.attn.c_proj (Gemm)
  h.11.ln_2 (Add) -> h.4.attn.c_proj (Gemm)
  h.11.ln_2 (Add) -> h.4.ln_1 (Add)
  h.11.ln_2 (Add) -> h.4.mlp.c_proj (Gemm)
  h.11.ln_2 (Add) -> h.5.ln_2 (Add)
  h.11.ln_2 (Add) -> h.7.ln_1 (Add)
  h.11.ln_2 (Add) -> h.5.ln_1 (Add)
  h.11.ln_2 (Add) -> h.7.ln_2 (Add)
  h.11.ln_2 (Add) -> h.8.mlp.c_proj (Gemm)
  h.11.ln_2 (Add) -> h.9.ln_1 (Add)
  h.11.ln_2 (Add) -> h.9.ln_2 (Add)
  h.11.ln_2 (Add) -> ln_f (Add)
  3183 (Concat) -> 3231 (Slice)
  3183 (Concat) -> 3219 (Slice)
  3183 (Concat) -> 3236 (Concat)
  3183 (Concat) -> 3225 (Concat)
  3183 (Concat) -> 3177 (Slice)
  3183 (Concat) -> 3234 (Concat)
  3183 (Concat) -> 3190 (Slice)
  3183 (Concat) -> 3210 (Concat)
  3183 (Concat) -> 3218 (Slice)
  3183 (Concat) -> 3143 (Concat)
  3183 (Concat) -> 3168 (Concat)
  3183 (Concat) -> 3217 (Slice)
  3183 (Concat) -> 3222 (Concat)
  3183 (Concat) -> 3214 (Concat)
  3183 (Concat) -> 3211 (Concat)
  3183 (Concat) -> 3121 (Slice)
  3183 (Concat) -> 3226 (Concat)
  3183 (Concat) -> 3111 (Div)
  3183 (Concat) -> 3221 (Concat)
  3183 (Concat) -> 3241 (Concat)
  3183 (Concat) -> 3209 (Concat)
  3183 (Concat) -> 3208 (Concat)
  3183 (Concat) -> 3133 (Slice)
  3183 (Concat) -> 3207 (Concat)
  3183 (Concat) -> 3204 (Slice)
  3183 (Concat) -> 3203 (Slice)
  3183 (Concat) -> 3148 (Slice)
  3183 (Concat) -> 3215 (Concat)
  3183 (Concat) -> 3199 (Concat)
  3183 (Concat) -> 3171 (Concat)
  3183 (Concat) -> 3127 (Concat)
  3183 (Concat) -> 3244 (Concat)
  3183 (Concat) -> 3196 (Concat)
  3183 (Concat) -> 3200 (Concat)
  3183 (Concat) -> 3195 (Concat)
  3183 (Concat) -> 3144 (Concat)
  3183 (Concat) -> 3264 (Concat)
  3183 (Concat) -> 3193 (Concat)
  3183 (Concat) -> 3228 (Concat)
  3183 (Concat) -> 3192 (Concat)
  3183 (Concat) -> 3201 (Concat)
  3183 (Concat) -> 3141 (Concat)
  3183 (Concat) -> 3189 (Slice)
  3183 (Concat) -> 3188 (Concat)
  3183 (Concat) -> 3233 (Slice)
  3183 (Concat) -> 3132 (Concat)
  3183 (Concat) -> 3185 (Concat)
  3183 (Concat) -> 3134 (Slice)
  3183 (Concat) -> 3182 (Concat)
  3183 (Concat) -> 3180 (Concat)
  3183 (Concat) -> 3130 (Concat)
  3183 (Concat) -> 3165 (Concat)
  3183 (Concat) -> 3176 (Slice)
  3183 (Concat) -> 3191 (Slice)
  3183 (Concat) -> 3175 (Slice)
  3183 (Concat) -> 3172 (Concat)
  3183 (Concat) -> 3173 (Concat)
  3183 (Concat) -> 3169 (Concat)
  3183 (Concat) -> 3230 (Concat)
  3183 (Concat) -> 3116 (Concat)
  3183 (Concat) -> 3267 (Concat)
  3183 (Concat) -> 3235 (Concat)
  3183 (Concat) -> 3122 (Concat)
  3183 (Concat) -> 3163 (Slice)
  3183 (Concat) -> 3212 (Concat)
  3183 (Concat) -> 3136 (Concat)
  3183 (Concat) -> 3128 (Concat)
  3183 (Concat) -> 3174 (Concat)
  3183 (Concat) -> 3155 (Concat)
  3183 (Concat) -> 3229 (Concat)
  3183 (Concat) -> 3186 (Concat)
  3183 (Concat) -> 3126 (Concat)
  3183 (Concat) -> 3120 (Slice)
  3183 (Concat) -> 3257 (Concat)
  3183 (Concat) -> 3184 (Concat)
  3183 (Concat) -> 3124 (Concat)
  3183 (Concat) -> 3256 (Concat)
  3183 (Concat) -> 3112 (Sub)
  3183 (Concat) -> 3113 (Concat)
  3183 (Concat) -> 3223 (Concat)
  3183 (Concat) -> 3197 (Concat)
  3183 (Concat) -> 3123 (Concat)
  3183 (Concat) -> 3220 (Concat)
  3183 (Concat) -> 3187 (Concat)
  3183 (Concat) -> 3157 (Concat)
  3183 (Concat) -> 3117 (Concat)
  3183 (Concat) -> 3135 (Slice)
  3183 (Concat) -> 3151 (Concat)
  3183 (Concat) -> 3150 (Concat)
  3183 (Concat) -> 3170 (Concat)
  3183 (Concat) -> 3138 (Concat)
  3183 (Concat) -> 3154 (Concat)
  3183 (Concat) -> 3140 (Concat)
  3183 (Concat) -> 3146 (Concat)
  3183 (Concat) -> 3125 (Concat)
  3183 (Concat) -> 3147 (Slice)
  3183 (Concat) -> 3227 (Concat)
  3183 (Concat) -> 3131 (Concat)
  3183 (Concat) -> 3178 (Concat)
  3183 (Concat) -> 3149 (Slice)
  3183 (Concat) -> 3206 (Concat)
  3183 (Concat) -> 3152 (Concat)
  3183 (Concat) -> 3243 (Concat)
  3183 (Concat) -> 3139 (Concat)
  3183 (Concat) -> 3110 (Concat)
  3183 (Concat) -> 3216 (Concat)
  3183 (Concat) -> 3153 (Concat)
  3183 (Concat) -> 3156 (Concat)
  3183 (Concat) -> 3198 (Concat)
  3183 (Concat) -> 3255 (Concat)
  3183 (Concat) -> 3159 (Concat)
  3183 (Concat) -> 3145 (Concat)
  3183 (Concat) -> 3266 (Concat)
  3183 (Concat) -> 3162 (Slice)
  3183 (Concat) -> 3158 (Concat)
  3183 (Concat) -> 3253 (Concat)
  3183 (Concat) -> 3164 (Concat)
  3183 (Concat) -> 3238 (Concat)
  3183 (Concat) -> 3240 (Concat)
  3183 (Concat) -> 3237 (Concat)
  3183 (Concat) -> 3278 (Concat)
  3183 (Concat) -> 3245 (Slice)
  3183 (Concat) -> 3246 (Slice)
  3183 (Concat) -> 3247 (Slice)
  3183 (Concat) -> 3142 (Concat)
  3183 (Concat) -> 3248 (Concat)
  3183 (Concat) -> 3249 (Concat)
  3183 (Concat) -> 3250 (Concat)
  3183 (Concat) -> 3119 (Slice)
  3183 (Concat) -> 3251 (Concat)
  3183 (Concat) -> 3167 (Concat)
  3183 (Concat) -> 3224 (Concat)
  3183 (Concat) -> 3254 (Concat)
  3183 (Concat) -> 3202 (Concat)
  3183 (Concat) -> 3259 (Slice)
  3183 (Concat) -> 3260 (Slice)
  3183 (Concat) -> 3118 (Concat)
  3183 (Concat) -> 3261 (Slice)
  3183 (Concat) -> 3271 (Concat)
  3183 (Concat) -> 3262 (Concat)
  3183 (Concat) -> 3265 (Concat)
  3183 (Concat) -> 3268 (Concat)
  3183 (Concat) -> 3205 (Slice)
  3183 (Concat) -> 3269 (Concat)
  3183 (Concat) -> 3270 (Concat)
  3183 (Concat) -> 3272 (Concat)
  3183 (Concat) -> 3273 (Slice)
  3183 (Concat) -> 3275 (Slice)
  3183 (Concat) -> 3194 (Concat)
  3183 (Concat) -> 3274 (Slice)
  3183 (Concat) -> 3276 (Concat)
  3183 (Concat) -> 3277 (Concat)
  3183 (Concat) -> 3279 (Concat)
  3183 (Concat) -> 3280 (Concat)
  3183 (Concat) -> 3281 (Concat)
  3183 (Concat) -> 3252 (Concat)
  3183 (Concat) -> 3179 (Concat)
  3183 (Concat) -> 3115 (Concat)
  3183 (Concat) -> 3258 (Concat)
  3183 (Concat) -> 3166 (Concat)
  3183 (Concat) -> 3160 (Concat)
  3183 (Concat) -> 3239 (Concat)
  3183 (Concat) -> 3137 (Concat)
  3183 (Concat) -> 3242 (Concat)
  3183 (Concat) -> 3181 (Concat)
  3183 (Concat) -> 3129 (Concat)
  3183 (Concat) -> 3161 (Slice)
  3183 (Concat) -> 3232 (Slice)
  3183 (Concat) -> 3213 (Concat)
  3183 (Concat) -> 3114 (Concat)
  3183 (Concat) -> 3263 (Concat)
  h.3.ln_1 (Add) -> h.6.attn.c_proj (Gemm)
  h.3.ln_1 (Add) -> h.5.mlp.c_proj (Gemm)
  h.3.ln_1 (Add) -> h.6.mlp.c_proj (Gemm)
  h.3.ln_1 (Add) -> h.3.ln_2 (Add)
  h.3.ln_1 (Add) -> h.0.ln_1 (Add)
  h.3.ln_1 (Add) -> h.9.mlp.c_proj (Gemm)
  h.3.ln_1 (Add) -> h.6.ln_1 (Add)
  h.3.ln_1 (Add) -> h.2.ln_1 (Add)
  h.3.ln_1 (Add) -> h.11.attn.c_proj (Gemm)
  h.3.ln_1 (Add) -> h.5.attn.c_proj (Gemm)
  h.3.ln_1 (Add) -> h.10.ln_1 (Add)
  h.3.ln_1 (Add) -> h.1.attn.c_proj (Gemm)
  h.3.ln_1 (Add) -> h.1.ln_1 (Add)
  h.3.ln_1 (Add) -> h.0.attn.c_proj (Gemm)
  h.3.ln_1 (Add) -> h.8.ln_1 (Add)
  h.3.ln_1 (Add) -> h.11.mlp.c_proj (Gemm)
  h.3.ln_1 (Add) -> h.6.ln_2 (Add)
  h.3.ln_1 (Add) -> h.0.ln_2 (Add)
  h.3.ln_1 (Add) -> h.9.attn.c_proj (Gemm)
  h.3.ln_1 (Add) -> h.0.mlp.c_proj (Gemm)
  h.3.ln_1 (Add) -> h.10.ln_2 (Add)
  h.3.ln_1 (Add) -> h.1.ln_2 (Add)
  h.3.ln_1 (Add) -> h.4.ln_2 (Add)
  h.3.ln_1 (Add) -> h.1.mlp.c_proj (Gemm)
  h.3.ln_1 (Add) -> h.11.ln_1 (Add)
  h.3.ln_1 (Add) -> h.8.attn.c_proj (Gemm)
  h.3.ln_1 (Add) -> h.10.attn.c_proj (Gemm)
  h.3.ln_1 (Add) -> h.10.mlp.c_proj (Gemm)
  h.3.ln_1 (Add) -> h.11.ln_2 (Add)
  h.3.ln_1 (Add) -> h.8.ln_2 (Add)
  h.3.ln_1 (Add) -> h.3.mlp.c_proj (Gemm)
  h.3.ln_1 (Add) -> h.2.attn.c_proj (Gemm)
  h.3.ln_1 (Add) -> h.2.ln_2 (Add)
  h.3.ln_1 (Add) -> h.2.mlp.c_proj (Gemm)
  h.3.ln_1 (Add) -> h.7.mlp.c_proj (Gemm)
  h.3.ln_1 (Add) -> h.3.attn.c_proj (Gemm)
  h.3.ln_1 (Add) -> h.7.attn.c_proj (Gemm)
  h.3.ln_1 (Add) -> h.4.attn.c_proj (Gemm)
  h.3.ln_1 (Add) -> h.4.ln_1 (Add)
  h.3.ln_1 (Add) -> h.4.mlp.c_proj (Gemm)
  h.3.ln_1 (Add) -> h.5.ln_2 (Add)
  h.3.ln_1 (Add) -> h.7.ln_1 (Add)
  h.3.ln_1 (Add) -> h.5.ln_1 (Add)
  h.3.ln_1 (Add) -> h.7.ln_2 (Add)
  h.3.ln_1 (Add) -> h.8.mlp.c_proj (Gemm)
  h.3.ln_1 (Add) -> h.9.ln_1 (Add)
  h.3.ln_1 (Add) -> h.9.ln_2 (Add)
  h.3.ln_1 (Add) -> ln_f (Add)
  h.8.ln_2 (Add) -> h.6.attn.c_proj (Gemm)
  h.8.ln_2 (Add) -> h.5.mlp.c_proj (Gemm)
  h.8.ln_2 (Add) -> h.6.mlp.c_proj (Gemm)
  h.8.ln_2 (Add) -> h.3.ln_2 (Add)
  h.8.ln_2 (Add) -> h.0.ln_1 (Add)
  h.8.ln_2 (Add) -> h.9.mlp.c_proj (Gemm)
  h.8.ln_2 (Add) -> h.6.ln_1 (Add)
  h.8.ln_2 (Add) -> h.2.ln_1 (Add)
  h.8.ln_2 (Add) -> h.11.attn.c_proj (Gemm)
  h.8.ln_2 (Add) -> h.5.attn.c_proj (Gemm)
  h.8.ln_2 (Add) -> h.10.ln_1 (Add)
  h.8.ln_2 (Add) -> h.1.attn.c_proj (Gemm)
  h.8.ln_2 (Add) -> h.1.ln_1 (Add)
  h.8.ln_2 (Add) -> h.0.attn.c_proj (Gemm)
  h.8.ln_2 (Add) -> h.8.ln_1 (Add)
  h.8.ln_2 (Add) -> h.11.mlp.c_proj (Gemm)
  h.8.ln_2 (Add) -> h.6.ln_2 (Add)
  h.8.ln_2 (Add) -> h.0.ln_2 (Add)
  h.8.ln_2 (Add) -> h.9.attn.c_proj (Gemm)
  h.8.ln_2 (Add) -> h.0.mlp.c_proj (Gemm)
  h.8.ln_2 (Add) -> h.10.ln_2 (Add)
  h.8.ln_2 (Add) -> h.1.ln_2 (Add)
  h.8.ln_2 (Add) -> h.4.ln_2 (Add)
  h.8.ln_2 (Add) -> h.1.mlp.c_proj (Gemm)
  h.8.ln_2 (Add) -> h.11.ln_1 (Add)
  h.8.ln_2 (Add) -> h.8.attn.c_proj (Gemm)
  h.8.ln_2 (Add) -> h.10.attn.c_proj (Gemm)
  h.8.ln_2 (Add) -> h.10.mlp.c_proj (Gemm)
  h.8.ln_2 (Add) -> h.11.ln_2 (Add)
  h.8.ln_2 (Add) -> h.3.ln_1 (Add)
  h.8.ln_2 (Add) -> h.3.mlp.c_proj (Gemm)
  h.8.ln_2 (Add) -> h.2.attn.c_proj (Gemm)
  h.8.ln_2 (Add) -> h.2.ln_2 (Add)
  h.8.ln_2 (Add) -> h.2.mlp.c_proj (Gemm)
  h.8.ln_2 (Add) -> h.7.mlp.c_proj (Gemm)
  h.8.ln_2 (Add) -> h.3.attn.c_proj (Gemm)
  h.8.ln_2 (Add) -> h.7.attn.c_proj (Gemm)
  h.8.ln_2 (Add) -> h.4.attn.c_proj (Gemm)
  h.8.ln_2 (Add) -> h.4.ln_1 (Add)
  h.8.ln_2 (Add) -> h.4.mlp.c_proj (Gemm)
  h.8.ln_2 (Add) -> h.5.ln_2 (Add)
  h.8.ln_2 (Add) -> h.7.ln_1 (Add)
  h.8.ln_2 (Add) -> h.5.ln_1 (Add)
  h.8.ln_2 (Add) -> h.7.ln_2 (Add)
  h.8.ln_2 (Add) -> h.8.mlp.c_proj (Gemm)
  h.8.ln_2 (Add) -> h.9.ln_1 (Add)
  h.8.ln_2 (Add) -> h.9.ln_2 (Add)
  h.8.ln_2 (Add) -> ln_f (Add)
  3242 (Concat) -> 3231 (Slice)
  3242 (Concat) -> 3219 (Slice)
  3242 (Concat) -> 3236 (Concat)
  3242 (Concat) -> 3225 (Concat)
  3242 (Concat) -> 3177 (Slice)
  3242 (Concat) -> 3234 (Concat)
  3242 (Concat) -> 3190 (Slice)
  3242 (Concat) -> 3210 (Concat)
  3242 (Concat) -> 3218 (Slice)
  3242 (Concat) -> 3143 (Concat)
  3242 (Concat) -> 3168 (Concat)
  3242 (Concat) -> 3217 (Slice)
  3242 (Concat) -> 3222 (Concat)
  3242 (Concat) -> 3214 (Concat)
  3242 (Concat) -> 3211 (Concat)
  3242 (Concat) -> 3121 (Slice)
  3242 (Concat) -> 3226 (Concat)
  3242 (Concat) -> 3111 (Div)
  3242 (Concat) -> 3221 (Concat)
  3242 (Concat) -> 3241 (Concat)
  3242 (Concat) -> 3209 (Concat)
  3242 (Concat) -> 3208 (Concat)
  3242 (Concat) -> 3133 (Slice)
  3242 (Concat) -> 3207 (Concat)
  3242 (Concat) -> 3204 (Slice)
  3242 (Concat) -> 3203 (Slice)
  3242 (Concat) -> 3148 (Slice)
  3242 (Concat) -> 3215 (Concat)
  3242 (Concat) -> 3199 (Concat)
  3242 (Concat) -> 3171 (Concat)
  3242 (Concat) -> 3127 (Concat)
  3242 (Concat) -> 3244 (Concat)
  3242 (Concat) -> 3196 (Concat)
  3242 (Concat) -> 3200 (Concat)
  3242 (Concat) -> 3195 (Concat)
  3242 (Concat) -> 3144 (Concat)
  3242 (Concat) -> 3264 (Concat)
  3242 (Concat) -> 3193 (Concat)
  3242 (Concat) -> 3228 (Concat)
  3242 (Concat) -> 3192 (Concat)
  3242 (Concat) -> 3201 (Concat)
  3242 (Concat) -> 3141 (Concat)
  3242 (Concat) -> 3189 (Slice)
  3242 (Concat) -> 3188 (Concat)
  3242 (Concat) -> 3233 (Slice)
  3242 (Concat) -> 3132 (Concat)
  3242 (Concat) -> 3185 (Concat)
  3242 (Concat) -> 3134 (Slice)
  3242 (Concat) -> 3182 (Concat)
  3242 (Concat) -> 3180 (Concat)
  3242 (Concat) -> 3130 (Concat)
  3242 (Concat) -> 3165 (Concat)
  3242 (Concat) -> 3176 (Slice)
  3242 (Concat) -> 3191 (Slice)
  3242 (Concat) -> 3175 (Slice)
  3242 (Concat) -> 3172 (Concat)
  3242 (Concat) -> 3173 (Concat)
  3242 (Concat) -> 3169 (Concat)
  3242 (Concat) -> 3230 (Concat)
  3242 (Concat) -> 3116 (Concat)
  3242 (Concat) -> 3267 (Concat)
  3242 (Concat) -> 3235 (Concat)
  3242 (Concat) -> 3122 (Concat)
  3242 (Concat) -> 3163 (Slice)
  3242 (Concat) -> 3212 (Concat)
  3242 (Concat) -> 3136 (Concat)
  3242 (Concat) -> 3128 (Concat)
  3242 (Concat) -> 3174 (Concat)
  3242 (Concat) -> 3155 (Concat)
  3242 (Concat) -> 3229 (Concat)
  3242 (Concat) -> 3186 (Concat)
  3242 (Concat) -> 3126 (Concat)
  3242 (Concat) -> 3120 (Slice)
  3242 (Concat) -> 3257 (Concat)
  3242 (Concat) -> 3184 (Concat)
  3242 (Concat) -> 3124 (Concat)
  3242 (Concat) -> 3256 (Concat)
  3242 (Concat) -> 3112 (Sub)
  3242 (Concat) -> 3113 (Concat)
  3242 (Concat) -> 3223 (Concat)
  3242 (Concat) -> 3197 (Concat)
  3242 (Concat) -> 3123 (Concat)
  3242 (Concat) -> 3220 (Concat)
  3242 (Concat) -> 3187 (Concat)
  3242 (Concat) -> 3157 (Concat)
  3242 (Concat) -> 3117 (Concat)
  3242 (Concat) -> 3135 (Slice)
  3242 (Concat) -> 3151 (Concat)
  3242 (Concat) -> 3150 (Concat)
  3242 (Concat) -> 3170 (Concat)
  3242 (Concat) -> 3138 (Concat)
  3242 (Concat) -> 3154 (Concat)
  3242 (Concat) -> 3140 (Concat)
  3242 (Concat) -> 3146 (Concat)
  3242 (Concat) -> 3125 (Concat)
  3242 (Concat) -> 3147 (Slice)
  3242 (Concat) -> 3227 (Concat)
  3242 (Concat) -> 3131 (Concat)
  3242 (Concat) -> 3178 (Concat)
  3242 (Concat) -> 3149 (Slice)
  3242 (Concat) -> 3206 (Concat)
  3242 (Concat) -> 3152 (Concat)
  3242 (Concat) -> 3243 (Concat)
  3242 (Concat) -> 3139 (Concat)
  3242 (Concat) -> 3110 (Concat)
  3242 (Concat) -> 3216 (Concat)
  3242 (Concat) -> 3153 (Concat)
  3242 (Concat) -> 3156 (Concat)
  3242 (Concat) -> 3198 (Concat)
  3242 (Concat) -> 3255 (Concat)
  3242 (Concat) -> 3159 (Concat)
  3242 (Concat) -> 3145 (Concat)
  3242 (Concat) -> 3266 (Concat)
  3242 (Concat) -> 3162 (Slice)
  3242 (Concat) -> 3158 (Concat)
  3242 (Concat) -> 3253 (Concat)
  3242 (Concat) -> 3164 (Concat)
  3242 (Concat) -> 3238 (Concat)
  3242 (Concat) -> 3240 (Concat)
  3242 (Concat) -> 3237 (Concat)
  3242 (Concat) -> 3278 (Concat)
  3242 (Concat) -> 3245 (Slice)
  3242 (Concat) -> 3246 (Slice)
  3242 (Concat) -> 3247 (Slice)
  3242 (Concat) -> 3142 (Concat)
  3242 (Concat) -> 3248 (Concat)
  3242 (Concat) -> 3249 (Concat)
  3242 (Concat) -> 3250 (Concat)
  3242 (Concat) -> 3119 (Slice)
  3242 (Concat) -> 3251 (Concat)
  3242 (Concat) -> 3167 (Concat)
  3242 (Concat) -> 3224 (Concat)
  3242 (Concat) -> 3254 (Concat)
  3242 (Concat) -> 3202 (Concat)
  3242 (Concat) -> 3259 (Slice)
  3242 (Concat) -> 3260 (Slice)
  3242 (Concat) -> 3118 (Concat)
  3242 (Concat) -> 3261 (Slice)
  3242 (Concat) -> 3271 (Concat)
  3242 (Concat) -> 3262 (Concat)
  3242 (Concat) -> 3265 (Concat)
  3242 (Concat) -> 3268 (Concat)
  3242 (Concat) -> 3205 (Slice)
  3242 (Concat) -> 3269 (Concat)
  3242 (Concat) -> 3270 (Concat)
  3242 (Concat) -> 3272 (Concat)
  3242 (Concat) -> 3273 (Slice)
  3242 (Concat) -> 3275 (Slice)
  3242 (Concat) -> 3194 (Concat)
  3242 (Concat) -> 3274 (Slice)
  3242 (Concat) -> 3276 (Concat)
  3242 (Concat) -> 3277 (Concat)
  3242 (Concat) -> 3279 (Concat)
  3242 (Concat) -> 3280 (Concat)
  3242 (Concat) -> 3281 (Concat)
  3242 (Concat) -> 3252 (Concat)
  3242 (Concat) -> 3179 (Concat)
  3242 (Concat) -> 3115 (Concat)
  3242 (Concat) -> 3258 (Concat)
  3242 (Concat) -> 3166 (Concat)
  3242 (Concat) -> 3160 (Concat)
  3242 (Concat) -> 3239 (Concat)
  3242 (Concat) -> 3137 (Concat)
  3242 (Concat) -> 3183 (Concat)
  3242 (Concat) -> 3181 (Concat)
  3242 (Concat) -> 3129 (Concat)
  3242 (Concat) -> 3161 (Slice)
  3242 (Concat) -> 3232 (Slice)
  3242 (Concat) -> 3213 (Concat)
  3242 (Concat) -> 3114 (Concat)
  3242 (Concat) -> 3263 (Concat)
  h.5.attn (Slice) -> h.9.attn (Slice)
  h.5.attn (Slice) -> h.8.attn (Slice)
  h.5.attn (Slice) -> h.4.attn (Slice)
  h.5.attn (Slice) -> h.1.attn (Slice)
  h.5.attn (Slice) -> h.11.attn (Slice)
  h.5.attn (Slice) -> h.7.attn (Slice)
  h.5.attn (Slice) -> h.0.attn (Slice)
  h.5.attn (Slice) -> h.2.attn (Slice)
  h.5.attn (Slice) -> h.3.attn (Slice)
  h.5.attn (Slice) -> h.10.attn (Slice)
  h.5.attn (Slice) -> h.6.attn (Slice)
  h.2.ln_2 (Add) -> h.6.attn.c_proj (Gemm)
  h.2.ln_2 (Add) -> h.5.mlp.c_proj (Gemm)
  h.2.ln_2 (Add) -> h.6.mlp.c_proj (Gemm)
  h.2.ln_2 (Add) -> h.3.ln_2 (Add)
  h.2.ln_2 (Add) -> h.0.ln_1 (Add)
  h.2.ln_2 (Add) -> h.9.mlp.c_proj (Gemm)
  h.2.ln_2 (Add) -> h.6.ln_1 (Add)
  h.2.ln_2 (Add) -> h.2.ln_1 (Add)
  h.2.ln_2 (Add) -> h.11.attn.c_proj (Gemm)
  h.2.ln_2 (Add) -> h.5.attn.c_proj (Gemm)
  h.2.ln_2 (Add) -> h.10.ln_1 (Add)
  h.2.ln_2 (Add) -> h.1.attn.c_proj (Gemm)
  h.2.ln_2 (Add) -> h.1.ln_1 (Add)
  h.2.ln_2 (Add) -> h.0.attn.c_proj (Gemm)
  h.2.ln_2 (Add) -> h.8.ln_1 (Add)
  h.2.ln_2 (Add) -> h.11.mlp.c_proj (Gemm)
  h.2.ln_2 (Add) -> h.6.ln_2 (Add)
  h.2.ln_2 (Add) -> h.0.ln_2 (Add)
  h.2.ln_2 (Add) -> h.9.attn.c_proj (Gemm)
  h.2.ln_2 (Add) -> h.0.mlp.c_proj (Gemm)
  h.2.ln_2 (Add) -> h.10.ln_2 (Add)
  h.2.ln_2 (Add) -> h.1.ln_2 (Add)
  h.2.ln_2 (Add) -> h.4.ln_2 (Add)
  h.2.ln_2 (Add) -> h.1.mlp.c_proj (Gemm)
  h.2.ln_2 (Add) -> h.11.ln_1 (Add)
  h.2.ln_2 (Add) -> h.8.attn.c_proj (Gemm)
  h.2.ln_2 (Add) -> h.10.attn.c_proj (Gemm)
  h.2.ln_2 (Add) -> h.10.mlp.c_proj (Gemm)
  h.2.ln_2 (Add) -> h.11.ln_2 (Add)
  h.2.ln_2 (Add) -> h.3.ln_1 (Add)
  h.2.ln_2 (Add) -> h.8.ln_2 (Add)
  h.2.ln_2 (Add) -> h.3.mlp.c_proj (Gemm)
  h.2.ln_2 (Add) -> h.2.attn.c_proj (Gemm)
  h.2.ln_2 (Add) -> h.2.mlp.c_proj (Gemm)
  h.2.ln_2 (Add) -> h.7.mlp.c_proj (Gemm)
  h.2.ln_2 (Add) -> h.3.attn.c_proj (Gemm)
  h.2.ln_2 (Add) -> h.7.attn.c_proj (Gemm)
  h.2.ln_2 (Add) -> h.4.attn.c_proj (Gemm)
  h.2.ln_2 (Add) -> h.4.ln_1 (Add)
  h.2.ln_2 (Add) -> h.4.mlp.c_proj (Gemm)
  h.2.ln_2 (Add) -> h.5.ln_2 (Add)
  h.2.ln_2 (Add) -> h.7.ln_1 (Add)
  h.2.ln_2 (Add) -> h.5.ln_1 (Add)
  h.2.ln_2 (Add) -> h.7.ln_2 (Add)
  h.2.ln_2 (Add) -> h.8.mlp.c_proj (Gemm)
  h.2.ln_2 (Add) -> h.9.ln_1 (Add)
  h.2.ln_2 (Add) -> h.9.ln_2 (Add)
  h.2.ln_2 (Add) -> ln_f (Add)
  3181 (Concat) -> 3231 (Slice)
  3181 (Concat) -> 3219 (Slice)
  3181 (Concat) -> 3236 (Concat)
  3181 (Concat) -> 3225 (Concat)
  3181 (Concat) -> 3177 (Slice)
  3181 (Concat) -> 3234 (Concat)
  3181 (Concat) -> 3190 (Slice)
  3181 (Concat) -> 3210 (Concat)
  3181 (Concat) -> 3218 (Slice)
  3181 (Concat) -> 3143 (Concat)
  3181 (Concat) -> 3168 (Concat)
  3181 (Concat) -> 3217 (Slice)
  3181 (Concat) -> 3222 (Concat)
  3181 (Concat) -> 3214 (Concat)
  3181 (Concat) -> 3211 (Concat)
  3181 (Concat) -> 3121 (Slice)
  3181 (Concat) -> 3226 (Concat)
  3181 (Concat) -> 3111 (Div)
  3181 (Concat) -> 3221 (Concat)
  3181 (Concat) -> 3241 (Concat)
  3181 (Concat) -> 3209 (Concat)
  3181 (Concat) -> 3208 (Concat)
  3181 (Concat) -> 3133 (Slice)
  3181 (Concat) -> 3207 (Concat)
  3181 (Concat) -> 3204 (Slice)
  3181 (Concat) -> 3203 (Slice)
  3181 (Concat) -> 3148 (Slice)
  3181 (Concat) -> 3215 (Concat)
  3181 (Concat) -> 3199 (Concat)
  3181 (Concat) -> 3171 (Concat)
  3181 (Concat) -> 3127 (Concat)
  3181 (Concat) -> 3244 (Concat)
  3181 (Concat) -> 3196 (Concat)
  3181 (Concat) -> 3200 (Concat)
  3181 (Concat) -> 3195 (Concat)
  3181 (Concat) -> 3144 (Concat)
  3181 (Concat) -> 3264 (Concat)
  3181 (Concat) -> 3193 (Concat)
  3181 (Concat) -> 3228 (Concat)
  3181 (Concat) -> 3192 (Concat)
  3181 (Concat) -> 3201 (Concat)
  3181 (Concat) -> 3141 (Concat)
  3181 (Concat) -> 3189 (Slice)
  3181 (Concat) -> 3188 (Concat)
  3181 (Concat) -> 3233 (Slice)
  3181 (Concat) -> 3132 (Concat)
  3181 (Concat) -> 3185 (Concat)
  3181 (Concat) -> 3134 (Slice)
  3181 (Concat) -> 3182 (Concat)
  3181 (Concat) -> 3180 (Concat)
  3181 (Concat) -> 3130 (Concat)
  3181 (Concat) -> 3165 (Concat)
  3181 (Concat) -> 3176 (Slice)
  3181 (Concat) -> 3191 (Slice)
  3181 (Concat) -> 3175 (Slice)
  3181 (Concat) -> 3172 (Concat)
  3181 (Concat) -> 3173 (Concat)
  3181 (Concat) -> 3169 (Concat)
  3181 (Concat) -> 3230 (Concat)
  3181 (Concat) -> 3116 (Concat)
  3181 (Concat) -> 3267 (Concat)
  3181 (Concat) -> 3235 (Concat)
  3181 (Concat) -> 3122 (Concat)
  3181 (Concat) -> 3163 (Slice)
  3181 (Concat) -> 3212 (Concat)
  3181 (Concat) -> 3136 (Concat)
  3181 (Concat) -> 3128 (Concat)
  3181 (Concat) -> 3174 (Concat)
  3181 (Concat) -> 3155 (Concat)
  3181 (Concat) -> 3229 (Concat)
  3181 (Concat) -> 3186 (Concat)
  3181 (Concat) -> 3126 (Concat)
  3181 (Concat) -> 3120 (Slice)
  3181 (Concat) -> 3257 (Concat)
  3181 (Concat) -> 3184 (Concat)
  3181 (Concat) -> 3124 (Concat)
  3181 (Concat) -> 3256 (Concat)
  3181 (Concat) -> 3112 (Sub)
  3181 (Concat) -> 3113 (Concat)
  3181 (Concat) -> 3223 (Concat)
  3181 (Concat) -> 3197 (Concat)
  3181 (Concat) -> 3123 (Concat)
  3181 (Concat) -> 3220 (Concat)
  3181 (Concat) -> 3187 (Concat)
  3181 (Concat) -> 3157 (Concat)
  3181 (Concat) -> 3117 (Concat)
  3181 (Concat) -> 3135 (Slice)
  3181 (Concat) -> 3151 (Concat)
  3181 (Concat) -> 3150 (Concat)
  3181 (Concat) -> 3170 (Concat)
  3181 (Concat) -> 3138 (Concat)
  3181 (Concat) -> 3154 (Concat)
  3181 (Concat) -> 3140 (Concat)
  3181 (Concat) -> 3146 (Concat)
  3181 (Concat) -> 3125 (Concat)
  3181 (Concat) -> 3147 (Slice)
  3181 (Concat) -> 3227 (Concat)
  3181 (Concat) -> 3131 (Concat)
  3181 (Concat) -> 3178 (Concat)
  3181 (Concat) -> 3149 (Slice)
  3181 (Concat) -> 3206 (Concat)
  3181 (Concat) -> 3152 (Concat)
  3181 (Concat) -> 3243 (Concat)
  3181 (Concat) -> 3139 (Concat)
  3181 (Concat) -> 3110 (Concat)
  3181 (Concat) -> 3216 (Concat)
  3181 (Concat) -> 3153 (Concat)
  3181 (Concat) -> 3156 (Concat)
  3181 (Concat) -> 3198 (Concat)
  3181 (Concat) -> 3255 (Concat)
  3181 (Concat) -> 3159 (Concat)
  3181 (Concat) -> 3145 (Concat)
  3181 (Concat) -> 3266 (Concat)
  3181 (Concat) -> 3162 (Slice)
  3181 (Concat) -> 3158 (Concat)
  3181 (Concat) -> 3253 (Concat)
  3181 (Concat) -> 3164 (Concat)
  3181 (Concat) -> 3238 (Concat)
  3181 (Concat) -> 3240 (Concat)
  3181 (Concat) -> 3237 (Concat)
  3181 (Concat) -> 3278 (Concat)
  3181 (Concat) -> 3245 (Slice)
  3181 (Concat) -> 3246 (Slice)
  3181 (Concat) -> 3247 (Slice)
  3181 (Concat) -> 3142 (Concat)
  3181 (Concat) -> 3248 (Concat)
  3181 (Concat) -> 3249 (Concat)
  3181 (Concat) -> 3250 (Concat)
  3181 (Concat) -> 3119 (Slice)
  3181 (Concat) -> 3251 (Concat)
  3181 (Concat) -> 3167 (Concat)
  3181 (Concat) -> 3224 (Concat)
  3181 (Concat) -> 3254 (Concat)
  3181 (Concat) -> 3202 (Concat)
  3181 (Concat) -> 3259 (Slice)
  3181 (Concat) -> 3260 (Slice)
  3181 (Concat) -> 3118 (Concat)
  3181 (Concat) -> 3261 (Slice)
  3181 (Concat) -> 3271 (Concat)
  3181 (Concat) -> 3262 (Concat)
  3181 (Concat) -> 3265 (Concat)
  3181 (Concat) -> 3268 (Concat)
  3181 (Concat) -> 3205 (Slice)
  3181 (Concat) -> 3269 (Concat)
  3181 (Concat) -> 3270 (Concat)
  3181 (Concat) -> 3272 (Concat)
  3181 (Concat) -> 3273 (Slice)
  3181 (Concat) -> 3275 (Slice)
  3181 (Concat) -> 3194 (Concat)
  3181 (Concat) -> 3274 (Slice)
  3181 (Concat) -> 3276 (Concat)
  3181 (Concat) -> 3277 (Concat)
  3181 (Concat) -> 3279 (Concat)
  3181 (Concat) -> 3280 (Concat)
  3181 (Concat) -> 3281 (Concat)
  3181 (Concat) -> 3252 (Concat)
  3181 (Concat) -> 3179 (Concat)
  3181 (Concat) -> 3115 (Concat)
  3181 (Concat) -> 3258 (Concat)
  3181 (Concat) -> 3166 (Concat)
  3181 (Concat) -> 3160 (Concat)
  3181 (Concat) -> 3239 (Concat)
  3181 (Concat) -> 3137 (Concat)
  3181 (Concat) -> 3183 (Concat)
  3181 (Concat) -> 3242 (Concat)
  3181 (Concat) -> 3129 (Concat)
  3181 (Concat) -> 3161 (Slice)
  3181 (Concat) -> 3232 (Slice)
  3181 (Concat) -> 3213 (Concat)
  3181 (Concat) -> 3114 (Concat)
  3181 (Concat) -> 3263 (Concat)
  3129 (Concat) -> 3231 (Slice)
  3129 (Concat) -> 3219 (Slice)
  3129 (Concat) -> 3236 (Concat)
  3129 (Concat) -> 3225 (Concat)
  3129 (Concat) -> 3177 (Slice)
  3129 (Concat) -> 3234 (Concat)
  3129 (Concat) -> 3190 (Slice)
  3129 (Concat) -> 3210 (Concat)
  3129 (Concat) -> 3218 (Slice)
  3129 (Concat) -> 3143 (Concat)
  3129 (Concat) -> 3168 (Concat)
  3129 (Concat) -> 3217 (Slice)
  3129 (Concat) -> 3222 (Concat)
  3129 (Concat) -> 3214 (Concat)
  3129 (Concat) -> 3211 (Concat)
  3129 (Concat) -> 3121 (Slice)
  3129 (Concat) -> 3226 (Concat)
  3129 (Concat) -> 3111 (Div)
  3129 (Concat) -> 3221 (Concat)
  3129 (Concat) -> 3241 (Concat)
  3129 (Concat) -> 3209 (Concat)
  3129 (Concat) -> 3208 (Concat)
  3129 (Concat) -> 3133 (Slice)
  3129 (Concat) -> 3207 (Concat)
  3129 (Concat) -> 3204 (Slice)
  3129 (Concat) -> 3203 (Slice)
  3129 (Concat) -> 3148 (Slice)
  3129 (Concat) -> 3215 (Concat)
  3129 (Concat) -> 3199 (Concat)
  3129 (Concat) -> 3171 (Concat)
  3129 (Concat) -> 3127 (Concat)
  3129 (Concat) -> 3244 (Concat)
  3129 (Concat) -> 3196 (Concat)
  3129 (Concat) -> 3200 (Concat)
  3129 (Concat) -> 3195 (Concat)
  3129 (Concat) -> 3144 (Concat)
  3129 (Concat) -> 3264 (Concat)
  3129 (Concat) -> 3193 (Concat)
  3129 (Concat) -> 3228 (Concat)
  3129 (Concat) -> 3192 (Concat)
  3129 (Concat) -> 3201 (Concat)
  3129 (Concat) -> 3141 (Concat)
  3129 (Concat) -> 3189 (Slice)
  3129 (Concat) -> 3188 (Concat)
  3129 (Concat) -> 3233 (Slice)
  3129 (Concat) -> 3132 (Concat)
  3129 (Concat) -> 3185 (Concat)
  3129 (Concat) -> 3134 (Slice)
  3129 (Concat) -> 3182 (Concat)
  3129 (Concat) -> 3180 (Concat)
  3129 (Concat) -> 3130 (Concat)
  3129 (Concat) -> 3165 (Concat)
  3129 (Concat) -> 3176 (Slice)
  3129 (Concat) -> 3191 (Slice)
  3129 (Concat) -> 3175 (Slice)
  3129 (Concat) -> 3172 (Concat)
  3129 (Concat) -> 3173 (Concat)
  3129 (Concat) -> 3169 (Concat)
  3129 (Concat) -> 3230 (Concat)
  3129 (Concat) -> 3116 (Concat)
  3129 (Concat) -> 3267 (Concat)
  3129 (Concat) -> 3235 (Concat)
  3129 (Concat) -> 3122 (Concat)
  3129 (Concat) -> 3163 (Slice)
  3129 (Concat) -> 3212 (Concat)
  3129 (Concat) -> 3136 (Concat)
  3129 (Concat) -> 3128 (Concat)
  3129 (Concat) -> 3174 (Concat)
  3129 (Concat) -> 3155 (Concat)
  3129 (Concat) -> 3229 (Concat)
  3129 (Concat) -> 3186 (Concat)
  3129 (Concat) -> 3126 (Concat)
  3129 (Concat) -> 3120 (Slice)
  3129 (Concat) -> 3257 (Concat)
  3129 (Concat) -> 3184 (Concat)
  3129 (Concat) -> 3124 (Concat)
  3129 (Concat) -> 3256 (Concat)
  3129 (Concat) -> 3112 (Sub)
  3129 (Concat) -> 3113 (Concat)
  3129 (Concat) -> 3223 (Concat)
  3129 (Concat) -> 3197 (Concat)
  3129 (Concat) -> 3123 (Concat)
  3129 (Concat) -> 3220 (Concat)
  3129 (Concat) -> 3187 (Concat)
  3129 (Concat) -> 3157 (Concat)
  3129 (Concat) -> 3117 (Concat)
  3129 (Concat) -> 3135 (Slice)
  3129 (Concat) -> 3151 (Concat)
  3129 (Concat) -> 3150 (Concat)
  3129 (Concat) -> 3170 (Concat)
  3129 (Concat) -> 3138 (Concat)
  3129 (Concat) -> 3154 (Concat)
  3129 (Concat) -> 3140 (Concat)
  3129 (Concat) -> 3146 (Concat)
  3129 (Concat) -> 3125 (Concat)
  3129 (Concat) -> 3147 (Slice)
  3129 (Concat) -> 3227 (Concat)
  3129 (Concat) -> 3131 (Concat)
  3129 (Concat) -> 3178 (Concat)
  3129 (Concat) -> 3149 (Slice)
  3129 (Concat) -> 3206 (Concat)
  3129 (Concat) -> 3152 (Concat)
  3129 (Concat) -> 3243 (Concat)
  3129 (Concat) -> 3139 (Concat)
  3129 (Concat) -> 3110 (Concat)
  3129 (Concat) -> 3216 (Concat)
  3129 (Concat) -> 3153 (Concat)
  3129 (Concat) -> 3156 (Concat)
  3129 (Concat) -> 3198 (Concat)
  3129 (Concat) -> 3255 (Concat)
  3129 (Concat) -> 3159 (Concat)
  3129 (Concat) -> 3145 (Concat)
  3129 (Concat) -> 3266 (Concat)
  3129 (Concat) -> 3162 (Slice)
  3129 (Concat) -> 3158 (Concat)
  3129 (Concat) -> 3253 (Concat)
  3129 (Concat) -> 3164 (Concat)
  3129 (Concat) -> 3238 (Concat)
  3129 (Concat) -> 3240 (Concat)
  3129 (Concat) -> 3237 (Concat)
  3129 (Concat) -> 3278 (Concat)
  3129 (Concat) -> 3245 (Slice)
  3129 (Concat) -> 3246 (Slice)
  3129 (Concat) -> 3247 (Slice)
  3129 (Concat) -> 3142 (Concat)
  3129 (Concat) -> 3248 (Concat)
  3129 (Concat) -> 3249 (Concat)
  3129 (Concat) -> 3250 (Concat)
  3129 (Concat) -> 3119 (Slice)
  3129 (Concat) -> 3251 (Concat)
  3129 (Concat) -> 3167 (Concat)
  3129 (Concat) -> 3224 (Concat)
  3129 (Concat) -> 3254 (Concat)
  3129 (Concat) -> 3202 (Concat)
  3129 (Concat) -> 3259 (Slice)
  3129 (Concat) -> 3260 (Slice)
  3129 (Concat) -> 3118 (Concat)
  3129 (Concat) -> 3261 (Slice)
  3129 (Concat) -> 3271 (Concat)
  3129 (Concat) -> 3262 (Concat)
  3129 (Concat) -> 3265 (Concat)
  3129 (Concat) -> 3268 (Concat)
  3129 (Concat) -> 3205 (Slice)
  3129 (Concat) -> 3269 (Concat)
  3129 (Concat) -> 3270 (Concat)
  3129 (Concat) -> 3272 (Concat)
  3129 (Concat) -> 3273 (Slice)
  3129 (Concat) -> 3275 (Slice)
  3129 (Concat) -> 3194 (Concat)
  3129 (Concat) -> 3274 (Slice)
  3129 (Concat) -> 3276 (Concat)
  3129 (Concat) -> 3277 (Concat)
  3129 (Concat) -> 3279 (Concat)
  3129 (Concat) -> 3280 (Concat)
  3129 (Concat) -> 3281 (Concat)
  3129 (Concat) -> 3252 (Concat)
  3129 (Concat) -> 3179 (Concat)
  3129 (Concat) -> 3115 (Concat)
  3129 (Concat) -> 3258 (Concat)
  3129 (Concat) -> 3166 (Concat)
  3129 (Concat) -> 3160 (Concat)
  3129 (Concat) -> 3239 (Concat)
  3129 (Concat) -> 3137 (Concat)
  3129 (Concat) -> 3183 (Concat)
  3129 (Concat) -> 3242 (Concat)
  3129 (Concat) -> 3181 (Concat)
  3129 (Concat) -> 3161 (Slice)
  3129 (Concat) -> 3232 (Slice)
  3129 (Concat) -> 3213 (Concat)
  3129 (Concat) -> 3114 (Concat)
  3129 (Concat) -> 3263 (Concat)
  3161 (Slice) -> 3231 (Slice)
  3161 (Slice) -> 3219 (Slice)
  3161 (Slice) -> 3236 (Concat)
  3161 (Slice) -> 3225 (Concat)
  3161 (Slice) -> 3177 (Slice)
  3161 (Slice) -> 3234 (Concat)
  3161 (Slice) -> 3190 (Slice)
  3161 (Slice) -> 3210 (Concat)
  3161 (Slice) -> 3218 (Slice)
  3161 (Slice) -> 3143 (Concat)
  3161 (Slice) -> 3168 (Concat)
  3161 (Slice) -> 3217 (Slice)
  3161 (Slice) -> 3222 (Concat)
  3161 (Slice) -> 3214 (Concat)
  3161 (Slice) -> 3211 (Concat)
  3161 (Slice) -> 3121 (Slice)
  3161 (Slice) -> 3226 (Concat)
  3161 (Slice) -> 3111 (Div)
  3161 (Slice) -> 3221 (Concat)
  3161 (Slice) -> 3241 (Concat)
  3161 (Slice) -> 3209 (Concat)
  3161 (Slice) -> 3208 (Concat)
  3161 (Slice) -> 3133 (Slice)
  3161 (Slice) -> 3207 (Concat)
  3161 (Slice) -> 3204 (Slice)
  3161 (Slice) -> 3203 (Slice)
  3161 (Slice) -> 3148 (Slice)
  3161 (Slice) -> 3215 (Concat)
  3161 (Slice) -> 3199 (Concat)
  3161 (Slice) -> 3171 (Concat)
  3161 (Slice) -> 3127 (Concat)
  3161 (Slice) -> 3244 (Concat)
  3161 (Slice) -> 3196 (Concat)
  3161 (Slice) -> 3200 (Concat)
  3161 (Slice) -> 3195 (Concat)
  3161 (Slice) -> 3144 (Concat)
  3161 (Slice) -> 3264 (Concat)
  3161 (Slice) -> 3193 (Concat)
  3161 (Slice) -> 3228 (Concat)
  3161 (Slice) -> 3192 (Concat)
  3161 (Slice) -> 3201 (Concat)
  3161 (Slice) -> 3141 (Concat)
  3161 (Slice) -> 3189 (Slice)
  3161 (Slice) -> 3188 (Concat)
  3161 (Slice) -> 3233 (Slice)
  3161 (Slice) -> 3132 (Concat)
  3161 (Slice) -> 3185 (Concat)
  3161 (Slice) -> 3134 (Slice)
  3161 (Slice) -> 3182 (Concat)
  3161 (Slice) -> 3180 (Concat)
  3161 (Slice) -> 3130 (Concat)
  3161 (Slice) -> 3165 (Concat)
  3161 (Slice) -> 3176 (Slice)
  3161 (Slice) -> 3191 (Slice)
  3161 (Slice) -> 3175 (Slice)
  3161 (Slice) -> 3172 (Concat)
  3161 (Slice) -> 3173 (Concat)
  3161 (Slice) -> 3169 (Concat)
  3161 (Slice) -> 3230 (Concat)
  3161 (Slice) -> 3116 (Concat)
  3161 (Slice) -> 3267 (Concat)
  3161 (Slice) -> 3235 (Concat)
  3161 (Slice) -> 3122 (Concat)
  3161 (Slice) -> 3163 (Slice)
  3161 (Slice) -> 3212 (Concat)
  3161 (Slice) -> 3136 (Concat)
  3161 (Slice) -> 3128 (Concat)
  3161 (Slice) -> 3174 (Concat)
  3161 (Slice) -> 3155 (Concat)
  3161 (Slice) -> 3229 (Concat)
  3161 (Slice) -> 3186 (Concat)
  3161 (Slice) -> 3126 (Concat)
  3161 (Slice) -> 3120 (Slice)
  3161 (Slice) -> 3257 (Concat)
  3161 (Slice) -> 3184 (Concat)
  3161 (Slice) -> 3124 (Concat)
  3161 (Slice) -> 3256 (Concat)
  3161 (Slice) -> 3112 (Sub)
  3161 (Slice) -> 3113 (Concat)
  3161 (Slice) -> 3223 (Concat)
  3161 (Slice) -> 3197 (Concat)
  3161 (Slice) -> 3123 (Concat)
  3161 (Slice) -> 3220 (Concat)
  3161 (Slice) -> 3187 (Concat)
  3161 (Slice) -> 3157 (Concat)
  3161 (Slice) -> 3117 (Concat)
  3161 (Slice) -> 3135 (Slice)
  3161 (Slice) -> 3151 (Concat)
  3161 (Slice) -> 3150 (Concat)
  3161 (Slice) -> 3170 (Concat)
  3161 (Slice) -> 3138 (Concat)
  3161 (Slice) -> 3154 (Concat)
  3161 (Slice) -> 3140 (Concat)
  3161 (Slice) -> 3146 (Concat)
  3161 (Slice) -> 3125 (Concat)
  3161 (Slice) -> 3147 (Slice)
  3161 (Slice) -> 3227 (Concat)
  3161 (Slice) -> 3131 (Concat)
  3161 (Slice) -> 3178 (Concat)
  3161 (Slice) -> 3149 (Slice)
  3161 (Slice) -> 3206 (Concat)
  3161 (Slice) -> 3152 (Concat)
  3161 (Slice) -> 3243 (Concat)
  3161 (Slice) -> 3139 (Concat)
  3161 (Slice) -> 3110 (Concat)
  3161 (Slice) -> 3216 (Concat)
  3161 (Slice) -> 3153 (Concat)
  3161 (Slice) -> 3156 (Concat)
  3161 (Slice) -> 3198 (Concat)
  3161 (Slice) -> 3255 (Concat)
  3161 (Slice) -> 3159 (Concat)
  3161 (Slice) -> 3145 (Concat)
  3161 (Slice) -> 3266 (Concat)
  3161 (Slice) -> 3162 (Slice)
  3161 (Slice) -> 3158 (Concat)
  3161 (Slice) -> 3253 (Concat)
  3161 (Slice) -> 3164 (Concat)
  3161 (Slice) -> 3238 (Concat)
  3161 (Slice) -> 3240 (Concat)
  3161 (Slice) -> 3237 (Concat)
  3161 (Slice) -> 3278 (Concat)
  3161 (Slice) -> 3245 (Slice)
  3161 (Slice) -> 3246 (Slice)
  3161 (Slice) -> 3247 (Slice)
  3161 (Slice) -> 3142 (Concat)
  3161 (Slice) -> 3248 (Concat)
  3161 (Slice) -> 3249 (Concat)
  3161 (Slice) -> 3250 (Concat)
  3161 (Slice) -> 3119 (Slice)
  3161 (Slice) -> 3251 (Concat)
  3161 (Slice) -> 3167 (Concat)
  3161 (Slice) -> 3224 (Concat)
  3161 (Slice) -> 3254 (Concat)
  3161 (Slice) -> 3202 (Concat)
  3161 (Slice) -> 3259 (Slice)
  3161 (Slice) -> 3260 (Slice)
  3161 (Slice) -> 3118 (Concat)
  3161 (Slice) -> 3261 (Slice)
  3161 (Slice) -> 3271 (Concat)
  3161 (Slice) -> 3262 (Concat)
  3161 (Slice) -> 3265 (Concat)
  3161 (Slice) -> 3268 (Concat)
  3161 (Slice) -> 3205 (Slice)
  3161 (Slice) -> 3269 (Concat)
  3161 (Slice) -> 3270 (Concat)
  3161 (Slice) -> 3272 (Concat)
  3161 (Slice) -> 3273 (Slice)
  3161 (Slice) -> 3275 (Slice)
  3161 (Slice) -> 3194 (Concat)
  3161 (Slice) -> 3274 (Slice)
  3161 (Slice) -> 3276 (Concat)
  3161 (Slice) -> 3277 (Concat)
  3161 (Slice) -> 3279 (Concat)
  3161 (Slice) -> 3280 (Concat)
  3161 (Slice) -> 3281 (Concat)
  3161 (Slice) -> 3252 (Concat)
  3161 (Slice) -> 3179 (Concat)
  3161 (Slice) -> 3115 (Concat)
  3161 (Slice) -> 3258 (Concat)
  3161 (Slice) -> 3166 (Concat)
  3161 (Slice) -> 3160 (Concat)
  3161 (Slice) -> 3239 (Concat)
  3161 (Slice) -> 3137 (Concat)
  3161 (Slice) -> 3183 (Concat)
  3161 (Slice) -> 3242 (Concat)
  3161 (Slice) -> 3181 (Concat)
  3161 (Slice) -> 3129 (Concat)
  3161 (Slice) -> 3232 (Slice)
  3161 (Slice) -> 3213 (Concat)
  3161 (Slice) -> 3114 (Concat)
  3161 (Slice) -> 3263 (Concat)
  h.4.ln_1 (Add) -> h.6.attn.c_proj (Gemm)
  h.4.ln_1 (Add) -> h.5.mlp.c_proj (Gemm)
  h.4.ln_1 (Add) -> h.6.mlp.c_proj (Gemm)
  h.4.ln_1 (Add) -> h.3.ln_2 (Add)
  h.4.ln_1 (Add) -> h.0.ln_1 (Add)
  h.4.ln_1 (Add) -> h.9.mlp.c_proj (Gemm)
  h.4.ln_1 (Add) -> h.6.ln_1 (Add)
  h.4.ln_1 (Add) -> h.2.ln_1 (Add)
  h.4.ln_1 (Add) -> h.11.attn.c_proj (Gemm)
  h.4.ln_1 (Add) -> h.5.attn.c_proj (Gemm)
  h.4.ln_1 (Add) -> h.10.ln_1 (Add)
  h.4.ln_1 (Add) -> h.1.attn.c_proj (Gemm)
  h.4.ln_1 (Add) -> h.1.ln_1 (Add)
  h.4.ln_1 (Add) -> h.0.attn.c_proj (Gemm)
  h.4.ln_1 (Add) -> h.8.ln_1 (Add)
  h.4.ln_1 (Add) -> h.11.mlp.c_proj (Gemm)
  h.4.ln_1 (Add) -> h.6.ln_2 (Add)
  h.4.ln_1 (Add) -> h.0.ln_2 (Add)
  h.4.ln_1 (Add) -> h.9.attn.c_proj (Gemm)
  h.4.ln_1 (Add) -> h.0.mlp.c_proj (Gemm)
  h.4.ln_1 (Add) -> h.10.ln_2 (Add)
  h.4.ln_1 (Add) -> h.1.ln_2 (Add)
  h.4.ln_1 (Add) -> h.4.ln_2 (Add)
  h.4.ln_1 (Add) -> h.1.mlp.c_proj (Gemm)
  h.4.ln_1 (Add) -> h.11.ln_1 (Add)
  h.4.ln_1 (Add) -> h.8.attn.c_proj (Gemm)
  h.4.ln_1 (Add) -> h.10.attn.c_proj (Gemm)
  h.4.ln_1 (Add) -> h.10.mlp.c_proj (Gemm)
  h.4.ln_1 (Add) -> h.11.ln_2 (Add)
  h.4.ln_1 (Add) -> h.3.ln_1 (Add)
  h.4.ln_1 (Add) -> h.8.ln_2 (Add)
  h.4.ln_1 (Add) -> h.3.mlp.c_proj (Gemm)
  h.4.ln_1 (Add) -> h.2.attn.c_proj (Gemm)
  h.4.ln_1 (Add) -> h.2.ln_2 (Add)
  h.4.ln_1 (Add) -> h.2.mlp.c_proj (Gemm)
  h.4.ln_1 (Add) -> h.7.mlp.c_proj (Gemm)
  h.4.ln_1 (Add) -> h.3.attn.c_proj (Gemm)
  h.4.ln_1 (Add) -> h.7.attn.c_proj (Gemm)
  h.4.ln_1 (Add) -> h.4.attn.c_proj (Gemm)
  h.4.ln_1 (Add) -> h.4.mlp.c_proj (Gemm)
  h.4.ln_1 (Add) -> h.5.ln_2 (Add)
  h.4.ln_1 (Add) -> h.7.ln_1 (Add)
  h.4.ln_1 (Add) -> h.5.ln_1 (Add)
  h.4.ln_1 (Add) -> h.7.ln_2 (Add)
  h.4.ln_1 (Add) -> h.8.mlp.c_proj (Gemm)
  h.4.ln_1 (Add) -> h.9.ln_1 (Add)
  h.4.ln_1 (Add) -> h.9.ln_2 (Add)
  h.4.ln_1 (Add) -> ln_f (Add)
  h.5.ln_2 (Add) -> h.6.attn.c_proj (Gemm)
  h.5.ln_2 (Add) -> h.5.mlp.c_proj (Gemm)
  h.5.ln_2 (Add) -> h.6.mlp.c_proj (Gemm)
  h.5.ln_2 (Add) -> h.3.ln_2 (Add)
  h.5.ln_2 (Add) -> h.0.ln_1 (Add)
  h.5.ln_2 (Add) -> h.9.mlp.c_proj (Gemm)
  h.5.ln_2 (Add) -> h.6.ln_1 (Add)
  h.5.ln_2 (Add) -> h.2.ln_1 (Add)
  h.5.ln_2 (Add) -> h.11.attn.c_proj (Gemm)
  h.5.ln_2 (Add) -> h.5.attn.c_proj (Gemm)
  h.5.ln_2 (Add) -> h.10.ln_1 (Add)
  h.5.ln_2 (Add) -> h.1.attn.c_proj (Gemm)
  h.5.ln_2 (Add) -> h.1.ln_1 (Add)
  h.5.ln_2 (Add) -> h.0.attn.c_proj (Gemm)
  h.5.ln_2 (Add) -> h.8.ln_1 (Add)
  h.5.ln_2 (Add) -> h.11.mlp.c_proj (Gemm)
  h.5.ln_2 (Add) -> h.6.ln_2 (Add)
  h.5.ln_2 (Add) -> h.0.ln_2 (Add)
  h.5.ln_2 (Add) -> h.9.attn.c_proj (Gemm)
  h.5.ln_2 (Add) -> h.0.mlp.c_proj (Gemm)
  h.5.ln_2 (Add) -> h.10.ln_2 (Add)
  h.5.ln_2 (Add) -> h.1.ln_2 (Add)
  h.5.ln_2 (Add) -> h.4.ln_2 (Add)
  h.5.ln_2 (Add) -> h.1.mlp.c_proj (Gemm)
  h.5.ln_2 (Add) -> h.11.ln_1 (Add)
  h.5.ln_2 (Add) -> h.8.attn.c_proj (Gemm)
  h.5.ln_2 (Add) -> h.10.attn.c_proj (Gemm)
  h.5.ln_2 (Add) -> h.10.mlp.c_proj (Gemm)
  h.5.ln_2 (Add) -> h.11.ln_2 (Add)
  h.5.ln_2 (Add) -> h.3.ln_1 (Add)
  h.5.ln_2 (Add) -> h.8.ln_2 (Add)
  h.5.ln_2 (Add) -> h.3.mlp.c_proj (Gemm)
  h.5.ln_2 (Add) -> h.2.attn.c_proj (Gemm)
  h.5.ln_2 (Add) -> h.2.ln_2 (Add)
  h.5.ln_2 (Add) -> h.2.mlp.c_proj (Gemm)
  h.5.ln_2 (Add) -> h.7.mlp.c_proj (Gemm)
  h.5.ln_2 (Add) -> h.3.attn.c_proj (Gemm)
  h.5.ln_2 (Add) -> h.7.attn.c_proj (Gemm)
  h.5.ln_2 (Add) -> h.4.attn.c_proj (Gemm)
  h.5.ln_2 (Add) -> h.4.ln_1 (Add)
  h.5.ln_2 (Add) -> h.4.mlp.c_proj (Gemm)
  h.5.ln_2 (Add) -> h.7.ln_1 (Add)
  h.5.ln_2 (Add) -> h.5.ln_1 (Add)
  h.5.ln_2 (Add) -> h.7.ln_2 (Add)
  h.5.ln_2 (Add) -> h.8.mlp.c_proj (Gemm)
  h.5.ln_2 (Add) -> h.9.ln_1 (Add)
  h.5.ln_2 (Add) -> h.9.ln_2 (Add)
  h.5.ln_2 (Add) -> ln_f (Add)
  h.7.ln_1 (Add) -> h.6.attn.c_proj (Gemm)
  h.7.ln_1 (Add) -> h.5.mlp.c_proj (Gemm)
  h.7.ln_1 (Add) -> h.6.mlp.c_proj (Gemm)
  h.7.ln_1 (Add) -> h.3.ln_2 (Add)
  h.7.ln_1 (Add) -> h.0.ln_1 (Add)
  h.7.ln_1 (Add) -> h.9.mlp.c_proj (Gemm)
  h.7.ln_1 (Add) -> h.6.ln_1 (Add)
  h.7.ln_1 (Add) -> h.2.ln_1 (Add)
  h.7.ln_1 (Add) -> h.11.attn.c_proj (Gemm)
  h.7.ln_1 (Add) -> h.5.attn.c_proj (Gemm)
  h.7.ln_1 (Add) -> h.10.ln_1 (Add)
  h.7.ln_1 (Add) -> h.1.attn.c_proj (Gemm)
  h.7.ln_1 (Add) -> h.1.ln_1 (Add)
  h.7.ln_1 (Add) -> h.0.attn.c_proj (Gemm)
  h.7.ln_1 (Add) -> h.8.ln_1 (Add)
  h.7.ln_1 (Add) -> h.11.mlp.c_proj (Gemm)
  h.7.ln_1 (Add) -> h.6.ln_2 (Add)
  h.7.ln_1 (Add) -> h.0.ln_2 (Add)
  h.7.ln_1 (Add) -> h.9.attn.c_proj (Gemm)
  h.7.ln_1 (Add) -> h.0.mlp.c_proj (Gemm)
  h.7.ln_1 (Add) -> h.10.ln_2 (Add)
  h.7.ln_1 (Add) -> h.1.ln_2 (Add)
  h.7.ln_1 (Add) -> h.4.ln_2 (Add)
  h.7.ln_1 (Add) -> h.1.mlp.c_proj (Gemm)
  h.7.ln_1 (Add) -> h.11.ln_1 (Add)
  h.7.ln_1 (Add) -> h.8.attn.c_proj (Gemm)
  h.7.ln_1 (Add) -> h.10.attn.c_proj (Gemm)
  h.7.ln_1 (Add) -> h.10.mlp.c_proj (Gemm)
  h.7.ln_1 (Add) -> h.11.ln_2 (Add)
  h.7.ln_1 (Add) -> h.3.ln_1 (Add)
  h.7.ln_1 (Add) -> h.8.ln_2 (Add)
  h.7.ln_1 (Add) -> h.3.mlp.c_proj (Gemm)
  h.7.ln_1 (Add) -> h.2.attn.c_proj (Gemm)
  h.7.ln_1 (Add) -> h.2.ln_2 (Add)
  h.7.ln_1 (Add) -> h.2.mlp.c_proj (Gemm)
  h.7.ln_1 (Add) -> h.7.mlp.c_proj (Gemm)
  h.7.ln_1 (Add) -> h.3.attn.c_proj (Gemm)
  h.7.ln_1 (Add) -> h.7.attn.c_proj (Gemm)
  h.7.ln_1 (Add) -> h.4.attn.c_proj (Gemm)
  h.7.ln_1 (Add) -> h.4.ln_1 (Add)
  h.7.ln_1 (Add) -> h.4.mlp.c_proj (Gemm)
  h.7.ln_1 (Add) -> h.5.ln_2 (Add)
  h.7.ln_1 (Add) -> h.5.ln_1 (Add)
  h.7.ln_1 (Add) -> h.7.ln_2 (Add)
  h.7.ln_1 (Add) -> h.8.mlp.c_proj (Gemm)
  h.7.ln_1 (Add) -> h.9.ln_1 (Add)
  h.7.ln_1 (Add) -> h.9.ln_2 (Add)
  h.7.ln_1 (Add) -> ln_f (Add)
  h.5.ln_1 (Add) -> h.6.attn.c_proj (Gemm)
  h.5.ln_1 (Add) -> h.5.mlp.c_proj (Gemm)
  h.5.ln_1 (Add) -> h.6.mlp.c_proj (Gemm)
  h.5.ln_1 (Add) -> h.3.ln_2 (Add)
  h.5.ln_1 (Add) -> h.0.ln_1 (Add)
  h.5.ln_1 (Add) -> h.9.mlp.c_proj (Gemm)
  h.5.ln_1 (Add) -> h.6.ln_1 (Add)
  h.5.ln_1 (Add) -> h.2.ln_1 (Add)
  h.5.ln_1 (Add) -> h.11.attn.c_proj (Gemm)
  h.5.ln_1 (Add) -> h.5.attn.c_proj (Gemm)
  h.5.ln_1 (Add) -> h.10.ln_1 (Add)
  h.5.ln_1 (Add) -> h.1.attn.c_proj (Gemm)
  h.5.ln_1 (Add) -> h.1.ln_1 (Add)
  h.5.ln_1 (Add) -> h.0.attn.c_proj (Gemm)
  h.5.ln_1 (Add) -> h.8.ln_1 (Add)
  h.5.ln_1 (Add) -> h.11.mlp.c_proj (Gemm)
  h.5.ln_1 (Add) -> h.6.ln_2 (Add)
  h.5.ln_1 (Add) -> h.0.ln_2 (Add)
  h.5.ln_1 (Add) -> h.9.attn.c_proj (Gemm)
  h.5.ln_1 (Add) -> h.0.mlp.c_proj (Gemm)
  h.5.ln_1 (Add) -> h.10.ln_2 (Add)
  h.5.ln_1 (Add) -> h.1.ln_2 (Add)
  h.5.ln_1 (Add) -> h.4.ln_2 (Add)
  h.5.ln_1 (Add) -> h.1.mlp.c_proj (Gemm)
  h.5.ln_1 (Add) -> h.11.ln_1 (Add)
  h.5.ln_1 (Add) -> h.8.attn.c_proj (Gemm)
  h.5.ln_1 (Add) -> h.10.attn.c_proj (Gemm)
  h.5.ln_1 (Add) -> h.10.mlp.c_proj (Gemm)
  h.5.ln_1 (Add) -> h.11.ln_2 (Add)
  h.5.ln_1 (Add) -> h.3.ln_1 (Add)
  h.5.ln_1 (Add) -> h.8.ln_2 (Add)
  h.5.ln_1 (Add) -> h.3.mlp.c_proj (Gemm)
  h.5.ln_1 (Add) -> h.2.attn.c_proj (Gemm)
  h.5.ln_1 (Add) -> h.2.ln_2 (Add)
  h.5.ln_1 (Add) -> h.2.mlp.c_proj (Gemm)
  h.5.ln_1 (Add) -> h.7.mlp.c_proj (Gemm)
  h.5.ln_1 (Add) -> h.3.attn.c_proj (Gemm)
  h.5.ln_1 (Add) -> h.7.attn.c_proj (Gemm)
  h.5.ln_1 (Add) -> h.4.attn.c_proj (Gemm)
  h.5.ln_1 (Add) -> h.4.ln_1 (Add)
  h.5.ln_1 (Add) -> h.4.mlp.c_proj (Gemm)
  h.5.ln_1 (Add) -> h.5.ln_2 (Add)
  h.5.ln_1 (Add) -> h.7.ln_1 (Add)
  h.5.ln_1 (Add) -> h.7.ln_2 (Add)
  h.5.ln_1 (Add) -> h.8.mlp.c_proj (Gemm)
  h.5.ln_1 (Add) -> h.9.ln_1 (Add)
  h.5.ln_1 (Add) -> h.9.ln_2 (Add)
  h.5.ln_1 (Add) -> ln_f (Add)
  h.6.attn (Slice) -> h.9.attn (Slice)
  h.6.attn (Slice) -> h.8.attn (Slice)
  h.6.attn (Slice) -> h.4.attn (Slice)
  h.6.attn (Slice) -> h.1.attn (Slice)
  h.6.attn (Slice) -> h.11.attn (Slice)
  h.6.attn (Slice) -> h.7.attn (Slice)
  h.6.attn (Slice) -> h.0.attn (Slice)
  h.6.attn (Slice) -> h.2.attn (Slice)
  h.6.attn (Slice) -> h.3.attn (Slice)
  h.6.attn (Slice) -> h.10.attn (Slice)
  h.6.attn (Slice) -> h.5.attn (Slice)
  h.7.ln_2 (Add) -> h.6.attn.c_proj (Gemm)
  h.7.ln_2 (Add) -> h.5.mlp.c_proj (Gemm)
  h.7.ln_2 (Add) -> h.6.mlp.c_proj (Gemm)
  h.7.ln_2 (Add) -> h.3.ln_2 (Add)
  h.7.ln_2 (Add) -> h.0.ln_1 (Add)
  h.7.ln_2 (Add) -> h.9.mlp.c_proj (Gemm)
  h.7.ln_2 (Add) -> h.6.ln_1 (Add)
  h.7.ln_2 (Add) -> h.2.ln_1 (Add)
  h.7.ln_2 (Add) -> h.11.attn.c_proj (Gemm)
  h.7.ln_2 (Add) -> h.5.attn.c_proj (Gemm)
  h.7.ln_2 (Add) -> h.10.ln_1 (Add)
  h.7.ln_2 (Add) -> h.1.attn.c_proj (Gemm)
  h.7.ln_2 (Add) -> h.1.ln_1 (Add)
  h.7.ln_2 (Add) -> h.0.attn.c_proj (Gemm)
  h.7.ln_2 (Add) -> h.8.ln_1 (Add)
  h.7.ln_2 (Add) -> h.11.mlp.c_proj (Gemm)
  h.7.ln_2 (Add) -> h.6.ln_2 (Add)
  h.7.ln_2 (Add) -> h.0.ln_2 (Add)
  h.7.ln_2 (Add) -> h.9.attn.c_proj (Gemm)
  h.7.ln_2 (Add) -> h.0.mlp.c_proj (Gemm)
  h.7.ln_2 (Add) -> h.10.ln_2 (Add)
  h.7.ln_2 (Add) -> h.1.ln_2 (Add)
  h.7.ln_2 (Add) -> h.4.ln_2 (Add)
  h.7.ln_2 (Add) -> h.1.mlp.c_proj (Gemm)
  h.7.ln_2 (Add) -> h.11.ln_1 (Add)
  h.7.ln_2 (Add) -> h.8.attn.c_proj (Gemm)
  h.7.ln_2 (Add) -> h.10.attn.c_proj (Gemm)
  h.7.ln_2 (Add) -> h.10.mlp.c_proj (Gemm)
  h.7.ln_2 (Add) -> h.11.ln_2 (Add)
  h.7.ln_2 (Add) -> h.3.ln_1 (Add)
  h.7.ln_2 (Add) -> h.8.ln_2 (Add)
  h.7.ln_2 (Add) -> h.3.mlp.c_proj (Gemm)
  h.7.ln_2 (Add) -> h.2.attn.c_proj (Gemm)
  h.7.ln_2 (Add) -> h.2.ln_2 (Add)
  h.7.ln_2 (Add) -> h.2.mlp.c_proj (Gemm)
  h.7.ln_2 (Add) -> h.7.mlp.c_proj (Gemm)
  h.7.ln_2 (Add) -> h.3.attn.c_proj (Gemm)
  h.7.ln_2 (Add) -> h.7.attn.c_proj (Gemm)
  h.7.ln_2 (Add) -> h.4.attn.c_proj (Gemm)
  h.7.ln_2 (Add) -> h.4.ln_1 (Add)
  h.7.ln_2 (Add) -> h.4.mlp.c_proj (Gemm)
  h.7.ln_2 (Add) -> h.5.ln_2 (Add)
  h.7.ln_2 (Add) -> h.7.ln_1 (Add)
  h.7.ln_2 (Add) -> h.5.ln_1 (Add)
  h.7.ln_2 (Add) -> h.8.mlp.c_proj (Gemm)
  h.7.ln_2 (Add) -> h.9.ln_1 (Add)
  h.7.ln_2 (Add) -> h.9.ln_2 (Add)
  h.7.ln_2 (Add) -> ln_f (Add)
  3232 (Slice) -> 3231 (Slice)
  3232 (Slice) -> 3219 (Slice)
  3232 (Slice) -> 3236 (Concat)
  3232 (Slice) -> 3225 (Concat)
  3232 (Slice) -> 3177 (Slice)
  3232 (Slice) -> 3234 (Concat)
  3232 (Slice) -> 3190 (Slice)
  3232 (Slice) -> 3210 (Concat)
  3232 (Slice) -> 3218 (Slice)
  3232 (Slice) -> 3143 (Concat)
  3232 (Slice) -> 3168 (Concat)
  3232 (Slice) -> 3217 (Slice)
  3232 (Slice) -> 3222 (Concat)
  3232 (Slice) -> 3214 (Concat)
  3232 (Slice) -> 3211 (Concat)
  3232 (Slice) -> 3121 (Slice)
  3232 (Slice) -> 3226 (Concat)
  3232 (Slice) -> 3111 (Div)
  3232 (Slice) -> 3221 (Concat)
  3232 (Slice) -> 3241 (Concat)
  3232 (Slice) -> 3209 (Concat)
  3232 (Slice) -> 3208 (Concat)
  3232 (Slice) -> 3133 (Slice)
  3232 (Slice) -> 3207 (Concat)
  3232 (Slice) -> 3204 (Slice)
  3232 (Slice) -> 3203 (Slice)
  3232 (Slice) -> 3148 (Slice)
  3232 (Slice) -> 3215 (Concat)
  3232 (Slice) -> 3199 (Concat)
  3232 (Slice) -> 3171 (Concat)
  3232 (Slice) -> 3127 (Concat)
  3232 (Slice) -> 3244 (Concat)
  3232 (Slice) -> 3196 (Concat)
  3232 (Slice) -> 3200 (Concat)
  3232 (Slice) -> 3195 (Concat)
  3232 (Slice) -> 3144 (Concat)
  3232 (Slice) -> 3264 (Concat)
  3232 (Slice) -> 3193 (Concat)
  3232 (Slice) -> 3228 (Concat)
  3232 (Slice) -> 3192 (Concat)
  3232 (Slice) -> 3201 (Concat)
  3232 (Slice) -> 3141 (Concat)
  3232 (Slice) -> 3189 (Slice)
  3232 (Slice) -> 3188 (Concat)
  3232 (Slice) -> 3233 (Slice)
  3232 (Slice) -> 3132 (Concat)
  3232 (Slice) -> 3185 (Concat)
  3232 (Slice) -> 3134 (Slice)
  3232 (Slice) -> 3182 (Concat)
  3232 (Slice) -> 3180 (Concat)
  3232 (Slice) -> 3130 (Concat)
  3232 (Slice) -> 3165 (Concat)
  3232 (Slice) -> 3176 (Slice)
  3232 (Slice) -> 3191 (Slice)
  3232 (Slice) -> 3175 (Slice)
  3232 (Slice) -> 3172 (Concat)
  3232 (Slice) -> 3173 (Concat)
  3232 (Slice) -> 3169 (Concat)
  3232 (Slice) -> 3230 (Concat)
  3232 (Slice) -> 3116 (Concat)
  3232 (Slice) -> 3267 (Concat)
  3232 (Slice) -> 3235 (Concat)
  3232 (Slice) -> 3122 (Concat)
  3232 (Slice) -> 3163 (Slice)
  3232 (Slice) -> 3212 (Concat)
  3232 (Slice) -> 3136 (Concat)
  3232 (Slice) -> 3128 (Concat)
  3232 (Slice) -> 3174 (Concat)
  3232 (Slice) -> 3155 (Concat)
  3232 (Slice) -> 3229 (Concat)
  3232 (Slice) -> 3186 (Concat)
  3232 (Slice) -> 3126 (Concat)
  3232 (Slice) -> 3120 (Slice)
  3232 (Slice) -> 3257 (Concat)
  3232 (Slice) -> 3184 (Concat)
  3232 (Slice) -> 3124 (Concat)
  3232 (Slice) -> 3256 (Concat)
  3232 (Slice) -> 3112 (Sub)
  3232 (Slice) -> 3113 (Concat)
  3232 (Slice) -> 3223 (Concat)
  3232 (Slice) -> 3197 (Concat)
  3232 (Slice) -> 3123 (Concat)
  3232 (Slice) -> 3220 (Concat)
  3232 (Slice) -> 3187 (Concat)
  3232 (Slice) -> 3157 (Concat)
  3232 (Slice) -> 3117 (Concat)
  3232 (Slice) -> 3135 (Slice)
  3232 (Slice) -> 3151 (Concat)
  3232 (Slice) -> 3150 (Concat)
  3232 (Slice) -> 3170 (Concat)
  3232 (Slice) -> 3138 (Concat)
  3232 (Slice) -> 3154 (Concat)
  3232 (Slice) -> 3140 (Concat)
  3232 (Slice) -> 3146 (Concat)
  3232 (Slice) -> 3125 (Concat)
  3232 (Slice) -> 3147 (Slice)
  3232 (Slice) -> 3227 (Concat)
  3232 (Slice) -> 3131 (Concat)
  3232 (Slice) -> 3178 (Concat)
  3232 (Slice) -> 3149 (Slice)
  3232 (Slice) -> 3206 (Concat)
  3232 (Slice) -> 3152 (Concat)
  3232 (Slice) -> 3243 (Concat)
  3232 (Slice) -> 3139 (Concat)
  3232 (Slice) -> 3110 (Concat)
  3232 (Slice) -> 3216 (Concat)
  3232 (Slice) -> 3153 (Concat)
  3232 (Slice) -> 3156 (Concat)
  3232 (Slice) -> 3198 (Concat)
  3232 (Slice) -> 3255 (Concat)
  3232 (Slice) -> 3159 (Concat)
  3232 (Slice) -> 3145 (Concat)
  3232 (Slice) -> 3266 (Concat)
  3232 (Slice) -> 3162 (Slice)
  3232 (Slice) -> 3158 (Concat)
  3232 (Slice) -> 3253 (Concat)
  3232 (Slice) -> 3164 (Concat)
  3232 (Slice) -> 3238 (Concat)
  3232 (Slice) -> 3240 (Concat)
  3232 (Slice) -> 3237 (Concat)
  3232 (Slice) -> 3278 (Concat)
  3232 (Slice) -> 3245 (Slice)
  3232 (Slice) -> 3246 (Slice)
  3232 (Slice) -> 3247 (Slice)
  3232 (Slice) -> 3142 (Concat)
  3232 (Slice) -> 3248 (Concat)
  3232 (Slice) -> 3249 (Concat)
  3232 (Slice) -> 3250 (Concat)
  3232 (Slice) -> 3119 (Slice)
  3232 (Slice) -> 3251 (Concat)
  3232 (Slice) -> 3167 (Concat)
  3232 (Slice) -> 3224 (Concat)
  3232 (Slice) -> 3254 (Concat)
  3232 (Slice) -> 3202 (Concat)
  3232 (Slice) -> 3259 (Slice)
  3232 (Slice) -> 3260 (Slice)
  3232 (Slice) -> 3118 (Concat)
  3232 (Slice) -> 3261 (Slice)
  3232 (Slice) -> 3271 (Concat)
  3232 (Slice) -> 3262 (Concat)
  3232 (Slice) -> 3265 (Concat)
  3232 (Slice) -> 3268 (Concat)
  3232 (Slice) -> 3205 (Slice)
  3232 (Slice) -> 3269 (Concat)
  3232 (Slice) -> 3270 (Concat)
  3232 (Slice) -> 3272 (Concat)
  3232 (Slice) -> 3273 (Slice)
  3232 (Slice) -> 3275 (Slice)
  3232 (Slice) -> 3194 (Concat)
  3232 (Slice) -> 3274 (Slice)
  3232 (Slice) -> 3276 (Concat)
  3232 (Slice) -> 3277 (Concat)
  3232 (Slice) -> 3279 (Concat)
  3232 (Slice) -> 3280 (Concat)
  3232 (Slice) -> 3281 (Concat)
  3232 (Slice) -> 3252 (Concat)
  3232 (Slice) -> 3179 (Concat)
  3232 (Slice) -> 3115 (Concat)
  3232 (Slice) -> 3258 (Concat)
  3232 (Slice) -> 3166 (Concat)
  3232 (Slice) -> 3160 (Concat)
  3232 (Slice) -> 3239 (Concat)
  3232 (Slice) -> 3137 (Concat)
  3232 (Slice) -> 3183 (Concat)
  3232 (Slice) -> 3242 (Concat)
  3232 (Slice) -> 3181 (Concat)
  3232 (Slice) -> 3129 (Concat)
  3232 (Slice) -> 3161 (Slice)
  3232 (Slice) -> 3213 (Concat)
  3232 (Slice) -> 3114 (Concat)
  3232 (Slice) -> 3263 (Concat)
  3213 (Concat) -> 3231 (Slice)
  3213 (Concat) -> 3219 (Slice)
  3213 (Concat) -> 3236 (Concat)
  3213 (Concat) -> 3225 (Concat)
  3213 (Concat) -> 3177 (Slice)
  3213 (Concat) -> 3234 (Concat)
  3213 (Concat) -> 3190 (Slice)
  3213 (Concat) -> 3210 (Concat)
  3213 (Concat) -> 3218 (Slice)
  3213 (Concat) -> 3143 (Concat)
  3213 (Concat) -> 3168 (Concat)
  3213 (Concat) -> 3217 (Slice)
  3213 (Concat) -> 3222 (Concat)
  3213 (Concat) -> 3214 (Concat)
  3213 (Concat) -> 3211 (Concat)
  3213 (Concat) -> 3121 (Slice)
  3213 (Concat) -> 3226 (Concat)
  3213 (Concat) -> 3111 (Div)
  3213 (Concat) -> 3221 (Concat)
  3213 (Concat) -> 3241 (Concat)
  3213 (Concat) -> 3209 (Concat)
  3213 (Concat) -> 3208 (Concat)
  3213 (Concat) -> 3133 (Slice)
  3213 (Concat) -> 3207 (Concat)
  3213 (Concat) -> 3204 (Slice)
  3213 (Concat) -> 3203 (Slice)
  3213 (Concat) -> 3148 (Slice)
  3213 (Concat) -> 3215 (Concat)
  3213 (Concat) -> 3199 (Concat)
  3213 (Concat) -> 3171 (Concat)
  3213 (Concat) -> 3127 (Concat)
  3213 (Concat) -> 3244 (Concat)
  3213 (Concat) -> 3196 (Concat)
  3213 (Concat) -> 3200 (Concat)
  3213 (Concat) -> 3195 (Concat)
  3213 (Concat) -> 3144 (Concat)
  3213 (Concat) -> 3264 (Concat)
  3213 (Concat) -> 3193 (Concat)
  3213 (Concat) -> 3228 (Concat)
  3213 (Concat) -> 3192 (Concat)
  3213 (Concat) -> 3201 (Concat)
  3213 (Concat) -> 3141 (Concat)
  3213 (Concat) -> 3189 (Slice)
  3213 (Concat) -> 3188 (Concat)
  3213 (Concat) -> 3233 (Slice)
  3213 (Concat) -> 3132 (Concat)
  3213 (Concat) -> 3185 (Concat)
  3213 (Concat) -> 3134 (Slice)
  3213 (Concat) -> 3182 (Concat)
  3213 (Concat) -> 3180 (Concat)
  3213 (Concat) -> 3130 (Concat)
  3213 (Concat) -> 3165 (Concat)
  3213 (Concat) -> 3176 (Slice)
  3213 (Concat) -> 3191 (Slice)
  3213 (Concat) -> 3175 (Slice)
  3213 (Concat) -> 3172 (Concat)
  3213 (Concat) -> 3173 (Concat)
  3213 (Concat) -> 3169 (Concat)
  3213 (Concat) -> 3230 (Concat)
  3213 (Concat) -> 3116 (Concat)
  3213 (Concat) -> 3267 (Concat)
  3213 (Concat) -> 3235 (Concat)
  3213 (Concat) -> 3122 (Concat)
  3213 (Concat) -> 3163 (Slice)
  3213 (Concat) -> 3212 (Concat)
  3213 (Concat) -> 3136 (Concat)
  3213 (Concat) -> 3128 (Concat)
  3213 (Concat) -> 3174 (Concat)
  3213 (Concat) -> 3155 (Concat)
  3213 (Concat) -> 3229 (Concat)
  3213 (Concat) -> 3186 (Concat)
  3213 (Concat) -> 3126 (Concat)
  3213 (Concat) -> 3120 (Slice)
  3213 (Concat) -> 3257 (Concat)
  3213 (Concat) -> 3184 (Concat)
  3213 (Concat) -> 3124 (Concat)
  3213 (Concat) -> 3256 (Concat)
  3213 (Concat) -> 3112 (Sub)
  3213 (Concat) -> 3113 (Concat)
  3213 (Concat) -> 3223 (Concat)
  3213 (Concat) -> 3197 (Concat)
  3213 (Concat) -> 3123 (Concat)
  3213 (Concat) -> 3220 (Concat)
  3213 (Concat) -> 3187 (Concat)
  3213 (Concat) -> 3157 (Concat)
  3213 (Concat) -> 3117 (Concat)
  3213 (Concat) -> 3135 (Slice)
  3213 (Concat) -> 3151 (Concat)
  3213 (Concat) -> 3150 (Concat)
  3213 (Concat) -> 3170 (Concat)
  3213 (Concat) -> 3138 (Concat)
  3213 (Concat) -> 3154 (Concat)
  3213 (Concat) -> 3140 (Concat)
  3213 (Concat) -> 3146 (Concat)
  3213 (Concat) -> 3125 (Concat)
  3213 (Concat) -> 3147 (Slice)
  3213 (Concat) -> 3227 (Concat)
  3213 (Concat) -> 3131 (Concat)
  3213 (Concat) -> 3178 (Concat)
  3213 (Concat) -> 3149 (Slice)
  3213 (Concat) -> 3206 (Concat)
  3213 (Concat) -> 3152 (Concat)
  3213 (Concat) -> 3243 (Concat)
  3213 (Concat) -> 3139 (Concat)
  3213 (Concat) -> 3110 (Concat)
  3213 (Concat) -> 3216 (Concat)
  3213 (Concat) -> 3153 (Concat)
  3213 (Concat) -> 3156 (Concat)
  3213 (Concat) -> 3198 (Concat)
  3213 (Concat) -> 3255 (Concat)
  3213 (Concat) -> 3159 (Concat)
  3213 (Concat) -> 3145 (Concat)
  3213 (Concat) -> 3266 (Concat)
  3213 (Concat) -> 3162 (Slice)
  3213 (Concat) -> 3158 (Concat)
  3213 (Concat) -> 3253 (Concat)
  3213 (Concat) -> 3164 (Concat)
  3213 (Concat) -> 3238 (Concat)
  3213 (Concat) -> 3240 (Concat)
  3213 (Concat) -> 3237 (Concat)
  3213 (Concat) -> 3278 (Concat)
  3213 (Concat) -> 3245 (Slice)
  3213 (Concat) -> 3246 (Slice)
  3213 (Concat) -> 3247 (Slice)
  3213 (Concat) -> 3142 (Concat)
  3213 (Concat) -> 3248 (Concat)
  3213 (Concat) -> 3249 (Concat)
  3213 (Concat) -> 3250 (Concat)
  3213 (Concat) -> 3119 (Slice)
  3213 (Concat) -> 3251 (Concat)
  3213 (Concat) -> 3167 (Concat)
  3213 (Concat) -> 3224 (Concat)
  3213 (Concat) -> 3254 (Concat)
  3213 (Concat) -> 3202 (Concat)
  3213 (Concat) -> 3259 (Slice)
  3213 (Concat) -> 3260 (Slice)
  3213 (Concat) -> 3118 (Concat)
  3213 (Concat) -> 3261 (Slice)
  3213 (Concat) -> 3271 (Concat)
  3213 (Concat) -> 3262 (Concat)
  3213 (Concat) -> 3265 (Concat)
  3213 (Concat) -> 3268 (Concat)
  3213 (Concat) -> 3205 (Slice)
  3213 (Concat) -> 3269 (Concat)
  3213 (Concat) -> 3270 (Concat)
  3213 (Concat) -> 3272 (Concat)
  3213 (Concat) -> 3273 (Slice)
  3213 (Concat) -> 3275 (Slice)
  3213 (Concat) -> 3194 (Concat)
  3213 (Concat) -> 3274 (Slice)
  3213 (Concat) -> 3276 (Concat)
  3213 (Concat) -> 3277 (Concat)
  3213 (Concat) -> 3279 (Concat)
  3213 (Concat) -> 3280 (Concat)
  3213 (Concat) -> 3281 (Concat)
  3213 (Concat) -> 3252 (Concat)
  3213 (Concat) -> 3179 (Concat)
  3213 (Concat) -> 3115 (Concat)
  3213 (Concat) -> 3258 (Concat)
  3213 (Concat) -> 3166 (Concat)
  3213 (Concat) -> 3160 (Concat)
  3213 (Concat) -> 3239 (Concat)
  3213 (Concat) -> 3137 (Concat)
  3213 (Concat) -> 3183 (Concat)
  3213 (Concat) -> 3242 (Concat)
  3213 (Concat) -> 3181 (Concat)
  3213 (Concat) -> 3129 (Concat)
  3213 (Concat) -> 3161 (Slice)
  3213 (Concat) -> 3232 (Slice)
  3213 (Concat) -> 3114 (Concat)
  3213 (Concat) -> 3263 (Concat)
  3114 (Concat) -> 3231 (Slice)
  3114 (Concat) -> 3219 (Slice)
  3114 (Concat) -> 3236 (Concat)
  3114 (Concat) -> 3225 (Concat)
  3114 (Concat) -> 3177 (Slice)
  3114 (Concat) -> 3234 (Concat)
  3114 (Concat) -> 3190 (Slice)
  3114 (Concat) -> 3210 (Concat)
  3114 (Concat) -> 3218 (Slice)
  3114 (Concat) -> 3143 (Concat)
  3114 (Concat) -> 3168 (Concat)
  3114 (Concat) -> 3217 (Slice)
  3114 (Concat) -> 3222 (Concat)
  3114 (Concat) -> 3214 (Concat)
  3114 (Concat) -> 3211 (Concat)
  3114 (Concat) -> 3121 (Slice)
  3114 (Concat) -> 3226 (Concat)
  3114 (Concat) -> 3111 (Div)
  3114 (Concat) -> 3221 (Concat)
  3114 (Concat) -> 3241 (Concat)
  3114 (Concat) -> 3209 (Concat)
  3114 (Concat) -> 3208 (Concat)
  3114 (Concat) -> 3133 (Slice)
  3114 (Concat) -> 3207 (Concat)
  3114 (Concat) -> 3204 (Slice)
  3114 (Concat) -> 3203 (Slice)
  3114 (Concat) -> 3148 (Slice)
  3114 (Concat) -> 3215 (Concat)
  3114 (Concat) -> 3199 (Concat)
  3114 (Concat) -> 3171 (Concat)
  3114 (Concat) -> 3127 (Concat)
  3114 (Concat) -> 3244 (Concat)
  3114 (Concat) -> 3196 (Concat)
  3114 (Concat) -> 3200 (Concat)
  3114 (Concat) -> 3195 (Concat)
  3114 (Concat) -> 3144 (Concat)
  3114 (Concat) -> 3264 (Concat)
  3114 (Concat) -> 3193 (Concat)
  3114 (Concat) -> 3228 (Concat)
  3114 (Concat) -> 3192 (Concat)
  3114 (Concat) -> 3201 (Concat)
  3114 (Concat) -> 3141 (Concat)
  3114 (Concat) -> 3189 (Slice)
  3114 (Concat) -> 3188 (Concat)
  3114 (Concat) -> 3233 (Slice)
  3114 (Concat) -> 3132 (Concat)
  3114 (Concat) -> 3185 (Concat)
  3114 (Concat) -> 3134 (Slice)
  3114 (Concat) -> 3182 (Concat)
  3114 (Concat) -> 3180 (Concat)
  3114 (Concat) -> 3130 (Concat)
  3114 (Concat) -> 3165 (Concat)
  3114 (Concat) -> 3176 (Slice)
  3114 (Concat) -> 3191 (Slice)
  3114 (Concat) -> 3175 (Slice)
  3114 (Concat) -> 3172 (Concat)
  3114 (Concat) -> 3173 (Concat)
  3114 (Concat) -> 3169 (Concat)
  3114 (Concat) -> 3230 (Concat)
  3114 (Concat) -> 3116 (Concat)
  3114 (Concat) -> 3267 (Concat)
  3114 (Concat) -> 3235 (Concat)
  3114 (Concat) -> 3122 (Concat)
  3114 (Concat) -> 3163 (Slice)
  3114 (Concat) -> 3212 (Concat)
  3114 (Concat) -> 3136 (Concat)
  3114 (Concat) -> 3128 (Concat)
  3114 (Concat) -> 3174 (Concat)
  3114 (Concat) -> 3155 (Concat)
  3114 (Concat) -> 3229 (Concat)
  3114 (Concat) -> 3186 (Concat)
  3114 (Concat) -> 3126 (Concat)
  3114 (Concat) -> 3120 (Slice)
  3114 (Concat) -> 3257 (Concat)
  3114 (Concat) -> 3184 (Concat)
  3114 (Concat) -> 3124 (Concat)
  3114 (Concat) -> 3256 (Concat)
  3114 (Concat) -> 3112 (Sub)
  3114 (Concat) -> 3113 (Concat)
  3114 (Concat) -> 3223 (Concat)
  3114 (Concat) -> 3197 (Concat)
  3114 (Concat) -> 3123 (Concat)
  3114 (Concat) -> 3220 (Concat)
  3114 (Concat) -> 3187 (Concat)
  3114 (Concat) -> 3157 (Concat)
  3114 (Concat) -> 3117 (Concat)
  3114 (Concat) -> 3135 (Slice)
  3114 (Concat) -> 3151 (Concat)
  3114 (Concat) -> 3150 (Concat)
  3114 (Concat) -> 3170 (Concat)
  3114 (Concat) -> 3138 (Concat)
  3114 (Concat) -> 3154 (Concat)
  3114 (Concat) -> 3140 (Concat)
  3114 (Concat) -> 3146 (Concat)
  3114 (Concat) -> 3125 (Concat)
  3114 (Concat) -> 3147 (Slice)
  3114 (Concat) -> 3227 (Concat)
  3114 (Concat) -> 3131 (Concat)
  3114 (Concat) -> 3178 (Concat)
  3114 (Concat) -> 3149 (Slice)
  3114 (Concat) -> 3206 (Concat)
  3114 (Concat) -> 3152 (Concat)
  3114 (Concat) -> 3243 (Concat)
  3114 (Concat) -> 3139 (Concat)
  3114 (Concat) -> 3110 (Concat)
  3114 (Concat) -> 3216 (Concat)
  3114 (Concat) -> 3153 (Concat)
  3114 (Concat) -> 3156 (Concat)
  3114 (Concat) -> 3198 (Concat)
  3114 (Concat) -> 3255 (Concat)
  3114 (Concat) -> 3159 (Concat)
  3114 (Concat) -> 3145 (Concat)
  3114 (Concat) -> 3266 (Concat)
  3114 (Concat) -> 3162 (Slice)
  3114 (Concat) -> 3158 (Concat)
  3114 (Concat) -> 3253 (Concat)
  3114 (Concat) -> 3164 (Concat)
  3114 (Concat) -> 3238 (Concat)
  3114 (Concat) -> 3240 (Concat)
  3114 (Concat) -> 3237 (Concat)
  3114 (Concat) -> 3278 (Concat)
  3114 (Concat) -> 3245 (Slice)
  3114 (Concat) -> 3246 (Slice)
  3114 (Concat) -> 3247 (Slice)
  3114 (Concat) -> 3142 (Concat)
  3114 (Concat) -> 3248 (Concat)
  3114 (Concat) -> 3249 (Concat)
  3114 (Concat) -> 3250 (Concat)
  3114 (Concat) -> 3119 (Slice)
  3114 (Concat) -> 3251 (Concat)
  3114 (Concat) -> 3167 (Concat)
  3114 (Concat) -> 3224 (Concat)
  3114 (Concat) -> 3254 (Concat)
  3114 (Concat) -> 3202 (Concat)
  3114 (Concat) -> 3259 (Slice)
  3114 (Concat) -> 3260 (Slice)
  3114 (Concat) -> 3118 (Concat)
  3114 (Concat) -> 3261 (Slice)
  3114 (Concat) -> 3271 (Concat)
  3114 (Concat) -> 3262 (Concat)
  3114 (Concat) -> 3265 (Concat)
  3114 (Concat) -> 3268 (Concat)
  3114 (Concat) -> 3205 (Slice)
  3114 (Concat) -> 3269 (Concat)
  3114 (Concat) -> 3270 (Concat)
  3114 (Concat) -> 3272 (Concat)
  3114 (Concat) -> 3273 (Slice)
  3114 (Concat) -> 3275 (Slice)
  3114 (Concat) -> 3194 (Concat)
  3114 (Concat) -> 3274 (Slice)
  3114 (Concat) -> 3276 (Concat)
  3114 (Concat) -> 3277 (Concat)
  3114 (Concat) -> 3279 (Concat)
  3114 (Concat) -> 3280 (Concat)
  3114 (Concat) -> 3281 (Concat)
  3114 (Concat) -> 3252 (Concat)
  3114 (Concat) -> 3179 (Concat)
  3114 (Concat) -> 3115 (Concat)
  3114 (Concat) -> 3258 (Concat)
  3114 (Concat) -> 3166 (Concat)
  3114 (Concat) -> 3160 (Concat)
  3114 (Concat) -> 3239 (Concat)
  3114 (Concat) -> 3137 (Concat)
  3114 (Concat) -> 3183 (Concat)
  3114 (Concat) -> 3242 (Concat)
  3114 (Concat) -> 3181 (Concat)
  3114 (Concat) -> 3129 (Concat)
  3114 (Concat) -> 3161 (Slice)
  3114 (Concat) -> 3232 (Slice)
  3114 (Concat) -> 3213 (Concat)
  3114 (Concat) -> 3263 (Concat)
  h.9.ln_1 (Add) -> h.6.attn.c_proj (Gemm)
  h.9.ln_1 (Add) -> h.5.mlp.c_proj (Gemm)
  h.9.ln_1 (Add) -> h.6.mlp.c_proj (Gemm)
  h.9.ln_1 (Add) -> h.3.ln_2 (Add)
  h.9.ln_1 (Add) -> h.0.ln_1 (Add)
  h.9.ln_1 (Add) -> h.9.mlp.c_proj (Gemm)
  h.9.ln_1 (Add) -> h.6.ln_1 (Add)
  h.9.ln_1 (Add) -> h.2.ln_1 (Add)
  h.9.ln_1 (Add) -> h.11.attn.c_proj (Gemm)
  h.9.ln_1 (Add) -> h.5.attn.c_proj (Gemm)
  h.9.ln_1 (Add) -> h.10.ln_1 (Add)
  h.9.ln_1 (Add) -> h.1.attn.c_proj (Gemm)
  h.9.ln_1 (Add) -> h.1.ln_1 (Add)
  h.9.ln_1 (Add) -> h.0.attn.c_proj (Gemm)
  h.9.ln_1 (Add) -> h.8.ln_1 (Add)
  h.9.ln_1 (Add) -> h.11.mlp.c_proj (Gemm)
  h.9.ln_1 (Add) -> h.6.ln_2 (Add)
  h.9.ln_1 (Add) -> h.0.ln_2 (Add)
  h.9.ln_1 (Add) -> h.9.attn.c_proj (Gemm)
  h.9.ln_1 (Add) -> h.0.mlp.c_proj (Gemm)
  h.9.ln_1 (Add) -> h.10.ln_2 (Add)
  h.9.ln_1 (Add) -> h.1.ln_2 (Add)
  h.9.ln_1 (Add) -> h.4.ln_2 (Add)
  h.9.ln_1 (Add) -> h.1.mlp.c_proj (Gemm)
  h.9.ln_1 (Add) -> h.11.ln_1 (Add)
  h.9.ln_1 (Add) -> h.8.attn.c_proj (Gemm)
  h.9.ln_1 (Add) -> h.10.attn.c_proj (Gemm)
  h.9.ln_1 (Add) -> h.10.mlp.c_proj (Gemm)
  h.9.ln_1 (Add) -> h.11.ln_2 (Add)
  h.9.ln_1 (Add) -> h.3.ln_1 (Add)
  h.9.ln_1 (Add) -> h.8.ln_2 (Add)
  h.9.ln_1 (Add) -> h.3.mlp.c_proj (Gemm)
  h.9.ln_1 (Add) -> h.2.attn.c_proj (Gemm)
  h.9.ln_1 (Add) -> h.2.ln_2 (Add)
  h.9.ln_1 (Add) -> h.2.mlp.c_proj (Gemm)
  h.9.ln_1 (Add) -> h.7.mlp.c_proj (Gemm)
  h.9.ln_1 (Add) -> h.3.attn.c_proj (Gemm)
  h.9.ln_1 (Add) -> h.7.attn.c_proj (Gemm)
  h.9.ln_1 (Add) -> h.4.attn.c_proj (Gemm)
  h.9.ln_1 (Add) -> h.4.ln_1 (Add)
  h.9.ln_1 (Add) -> h.4.mlp.c_proj (Gemm)
  h.9.ln_1 (Add) -> h.5.ln_2 (Add)
  h.9.ln_1 (Add) -> h.7.ln_1 (Add)
  h.9.ln_1 (Add) -> h.5.ln_1 (Add)
  h.9.ln_1 (Add) -> h.7.ln_2 (Add)
  h.9.ln_1 (Add) -> h.8.mlp.c_proj (Gemm)
  h.9.ln_1 (Add) -> h.9.ln_2 (Add)
  h.9.ln_1 (Add) -> ln_f (Add)
  h.9.ln_2 (Add) -> h.6.attn.c_proj (Gemm)
  h.9.ln_2 (Add) -> h.5.mlp.c_proj (Gemm)
  h.9.ln_2 (Add) -> h.6.mlp.c_proj (Gemm)
  h.9.ln_2 (Add) -> h.3.ln_2 (Add)
  h.9.ln_2 (Add) -> h.0.ln_1 (Add)
  h.9.ln_2 (Add) -> h.9.mlp.c_proj (Gemm)
  h.9.ln_2 (Add) -> h.6.ln_1 (Add)
  h.9.ln_2 (Add) -> h.2.ln_1 (Add)
  h.9.ln_2 (Add) -> h.11.attn.c_proj (Gemm)
  h.9.ln_2 (Add) -> h.5.attn.c_proj (Gemm)
  h.9.ln_2 (Add) -> h.10.ln_1 (Add)
  h.9.ln_2 (Add) -> h.1.attn.c_proj (Gemm)
  h.9.ln_2 (Add) -> h.1.ln_1 (Add)
  h.9.ln_2 (Add) -> h.0.attn.c_proj (Gemm)
  h.9.ln_2 (Add) -> h.8.ln_1 (Add)
  h.9.ln_2 (Add) -> h.11.mlp.c_proj (Gemm)
  h.9.ln_2 (Add) -> h.6.ln_2 (Add)
  h.9.ln_2 (Add) -> h.0.ln_2 (Add)
  h.9.ln_2 (Add) -> h.9.attn.c_proj (Gemm)
  h.9.ln_2 (Add) -> h.0.mlp.c_proj (Gemm)
  h.9.ln_2 (Add) -> h.10.ln_2 (Add)
  h.9.ln_2 (Add) -> h.1.ln_2 (Add)
  h.9.ln_2 (Add) -> h.4.ln_2 (Add)
  h.9.ln_2 (Add) -> h.1.mlp.c_proj (Gemm)
  h.9.ln_2 (Add) -> h.11.ln_1 (Add)
  h.9.ln_2 (Add) -> h.8.attn.c_proj (Gemm)
  h.9.ln_2 (Add) -> h.10.attn.c_proj (Gemm)
  h.9.ln_2 (Add) -> h.10.mlp.c_proj (Gemm)
  h.9.ln_2 (Add) -> h.11.ln_2 (Add)
  h.9.ln_2 (Add) -> h.3.ln_1 (Add)
  h.9.ln_2 (Add) -> h.8.ln_2 (Add)
  h.9.ln_2 (Add) -> h.3.mlp.c_proj (Gemm)
  h.9.ln_2 (Add) -> h.2.attn.c_proj (Gemm)
  h.9.ln_2 (Add) -> h.2.ln_2 (Add)
  h.9.ln_2 (Add) -> h.2.mlp.c_proj (Gemm)
  h.9.ln_2 (Add) -> h.7.mlp.c_proj (Gemm)
  h.9.ln_2 (Add) -> h.3.attn.c_proj (Gemm)
  h.9.ln_2 (Add) -> h.7.attn.c_proj (Gemm)
  h.9.ln_2 (Add) -> h.4.attn.c_proj (Gemm)
  h.9.ln_2 (Add) -> h.4.ln_1 (Add)
  h.9.ln_2 (Add) -> h.4.mlp.c_proj (Gemm)
  h.9.ln_2 (Add) -> h.5.ln_2 (Add)
  h.9.ln_2 (Add) -> h.7.ln_1 (Add)
  h.9.ln_2 (Add) -> h.5.ln_1 (Add)
  h.9.ln_2 (Add) -> h.7.ln_2 (Add)
  h.9.ln_2 (Add) -> h.8.mlp.c_proj (Gemm)
  h.9.ln_2 (Add) -> h.9.ln_1 (Add)
  h.9.ln_2 (Add) -> ln_f (Add)
  3263 (Concat) -> 3231 (Slice)
  3263 (Concat) -> 3219 (Slice)
  3263 (Concat) -> 3236 (Concat)
  3263 (Concat) -> 3225 (Concat)
  3263 (Concat) -> 3177 (Slice)
  3263 (Concat) -> 3234 (Concat)
  3263 (Concat) -> 3190 (Slice)
  3263 (Concat) -> 3210 (Concat)
  3263 (Concat) -> 3218 (Slice)
  3263 (Concat) -> 3143 (Concat)
  3263 (Concat) -> 3168 (Concat)
  3263 (Concat) -> 3217 (Slice)
  3263 (Concat) -> 3222 (Concat)
  3263 (Concat) -> 3214 (Concat)
  3263 (Concat) -> 3211 (Concat)
  3263 (Concat) -> 3121 (Slice)
  3263 (Concat) -> 3226 (Concat)
  3263 (Concat) -> 3111 (Div)
  3263 (Concat) -> 3221 (Concat)
  3263 (Concat) -> 3241 (Concat)
  3263 (Concat) -> 3209 (Concat)
  3263 (Concat) -> 3208 (Concat)
  3263 (Concat) -> 3133 (Slice)
  3263 (Concat) -> 3207 (Concat)
  3263 (Concat) -> 3204 (Slice)
  3263 (Concat) -> 3203 (Slice)
  3263 (Concat) -> 3148 (Slice)
  3263 (Concat) -> 3215 (Concat)
  3263 (Concat) -> 3199 (Concat)
  3263 (Concat) -> 3171 (Concat)
  3263 (Concat) -> 3127 (Concat)
  3263 (Concat) -> 3244 (Concat)
  3263 (Concat) -> 3196 (Concat)
  3263 (Concat) -> 3200 (Concat)
  3263 (Concat) -> 3195 (Concat)
  3263 (Concat) -> 3144 (Concat)
  3263 (Concat) -> 3264 (Concat)
  3263 (Concat) -> 3193 (Concat)
  3263 (Concat) -> 3228 (Concat)
  3263 (Concat) -> 3192 (Concat)
  3263 (Concat) -> 3201 (Concat)
  3263 (Concat) -> 3141 (Concat)
  3263 (Concat) -> 3189 (Slice)
  3263 (Concat) -> 3188 (Concat)
  3263 (Concat) -> 3233 (Slice)
  3263 (Concat) -> 3132 (Concat)
  3263 (Concat) -> 3185 (Concat)
  3263 (Concat) -> 3134 (Slice)
  3263 (Concat) -> 3182 (Concat)
  3263 (Concat) -> 3180 (Concat)
  3263 (Concat) -> 3130 (Concat)
  3263 (Concat) -> 3165 (Concat)
  3263 (Concat) -> 3176 (Slice)
  3263 (Concat) -> 3191 (Slice)
  3263 (Concat) -> 3175 (Slice)
  3263 (Concat) -> 3172 (Concat)
  3263 (Concat) -> 3173 (Concat)
  3263 (Concat) -> 3169 (Concat)
  3263 (Concat) -> 3230 (Concat)
  3263 (Concat) -> 3116 (Concat)
  3263 (Concat) -> 3267 (Concat)
  3263 (Concat) -> 3235 (Concat)
  3263 (Concat) -> 3122 (Concat)
  3263 (Concat) -> 3163 (Slice)
  3263 (Concat) -> 3212 (Concat)
  3263 (Concat) -> 3136 (Concat)
  3263 (Concat) -> 3128 (Concat)
  3263 (Concat) -> 3174 (Concat)
  3263 (Concat) -> 3155 (Concat)
  3263 (Concat) -> 3229 (Concat)
  3263 (Concat) -> 3186 (Concat)
  3263 (Concat) -> 3126 (Concat)
  3263 (Concat) -> 3120 (Slice)
  3263 (Concat) -> 3257 (Concat)
  3263 (Concat) -> 3184 (Concat)
  3263 (Concat) -> 3124 (Concat)
  3263 (Concat) -> 3256 (Concat)
  3263 (Concat) -> 3112 (Sub)
  3263 (Concat) -> 3113 (Concat)
  3263 (Concat) -> 3223 (Concat)
  3263 (Concat) -> 3197 (Concat)
  3263 (Concat) -> 3123 (Concat)
  3263 (Concat) -> 3220 (Concat)
  3263 (Concat) -> 3187 (Concat)
  3263 (Concat) -> 3157 (Concat)
  3263 (Concat) -> 3117 (Concat)
  3263 (Concat) -> 3135 (Slice)
  3263 (Concat) -> 3151 (Concat)
  3263 (Concat) -> 3150 (Concat)
  3263 (Concat) -> 3170 (Concat)
  3263 (Concat) -> 3138 (Concat)
  3263 (Concat) -> 3154 (Concat)
  3263 (Concat) -> 3140 (Concat)
  3263 (Concat) -> 3146 (Concat)
  3263 (Concat) -> 3125 (Concat)
  3263 (Concat) -> 3147 (Slice)
  3263 (Concat) -> 3227 (Concat)
  3263 (Concat) -> 3131 (Concat)
  3263 (Concat) -> 3178 (Concat)
  3263 (Concat) -> 3149 (Slice)
  3263 (Concat) -> 3206 (Concat)
  3263 (Concat) -> 3152 (Concat)
  3263 (Concat) -> 3243 (Concat)
  3263 (Concat) -> 3139 (Concat)
  3263 (Concat) -> 3110 (Concat)
  3263 (Concat) -> 3216 (Concat)
  3263 (Concat) -> 3153 (Concat)
  3263 (Concat) -> 3156 (Concat)
  3263 (Concat) -> 3198 (Concat)
  3263 (Concat) -> 3255 (Concat)
  3263 (Concat) -> 3159 (Concat)
  3263 (Concat) -> 3145 (Concat)
  3263 (Concat) -> 3266 (Concat)
  3263 (Concat) -> 3162 (Slice)
  3263 (Concat) -> 3158 (Concat)
  3263 (Concat) -> 3253 (Concat)
  3263 (Concat) -> 3164 (Concat)
  3263 (Concat) -> 3238 (Concat)
  3263 (Concat) -> 3240 (Concat)
  3263 (Concat) -> 3237 (Concat)
  3263 (Concat) -> 3278 (Concat)
  3263 (Concat) -> 3245 (Slice)
  3263 (Concat) -> 3246 (Slice)
  3263 (Concat) -> 3247 (Slice)
  3263 (Concat) -> 3142 (Concat)
  3263 (Concat) -> 3248 (Concat)
  3263 (Concat) -> 3249 (Concat)
  3263 (Concat) -> 3250 (Concat)
  3263 (Concat) -> 3119 (Slice)
  3263 (Concat) -> 3251 (Concat)
  3263 (Concat) -> 3167 (Concat)
  3263 (Concat) -> 3224 (Concat)
  3263 (Concat) -> 3254 (Concat)
  3263 (Concat) -> 3202 (Concat)
  3263 (Concat) -> 3259 (Slice)
  3263 (Concat) -> 3260 (Slice)
  3263 (Concat) -> 3118 (Concat)
  3263 (Concat) -> 3261 (Slice)
  3263 (Concat) -> 3271 (Concat)
  3263 (Concat) -> 3262 (Concat)
  3263 (Concat) -> 3265 (Concat)
  3263 (Concat) -> 3268 (Concat)
  3263 (Concat) -> 3205 (Slice)
  3263 (Concat) -> 3269 (Concat)
  3263 (Concat) -> 3270 (Concat)
  3263 (Concat) -> 3272 (Concat)
  3263 (Concat) -> 3273 (Slice)
  3263 (Concat) -> 3275 (Slice)
  3263 (Concat) -> 3194 (Concat)
  3263 (Concat) -> 3274 (Slice)
  3263 (Concat) -> 3276 (Concat)
  3263 (Concat) -> 3277 (Concat)
  3263 (Concat) -> 3279 (Concat)
  3263 (Concat) -> 3280 (Concat)
  3263 (Concat) -> 3281 (Concat)
  3263 (Concat) -> 3252 (Concat)
  3263 (Concat) -> 3179 (Concat)
  3263 (Concat) -> 3115 (Concat)
  3263 (Concat) -> 3258 (Concat)
  3263 (Concat) -> 3166 (Concat)
  3263 (Concat) -> 3160 (Concat)
  3263 (Concat) -> 3239 (Concat)
  3263 (Concat) -> 3137 (Concat)
  3263 (Concat) -> 3183 (Concat)
  3263 (Concat) -> 3242 (Concat)
  3263 (Concat) -> 3181 (Concat)
  3263 (Concat) -> 3129 (Concat)
  3263 (Concat) -> 3161 (Slice)
  3263 (Concat) -> 3232 (Slice)
  3263 (Concat) -> 3213 (Concat)
  3263 (Concat) -> 3114 (Concat)
  ln_f (Add) -> h.6.attn.c_proj (Gemm)
  ln_f (Add) -> h.5.mlp.c_proj (Gemm)
  ln_f (Add) -> h.6.mlp.c_proj (Gemm)
  ln_f (Add) -> h.3.ln_2 (Add)
  ln_f (Add) -> h.0.ln_1 (Add)
  ln_f (Add) -> h.9.mlp.c_proj (Gemm)
  ln_f (Add) -> h.6.ln_1 (Add)
  ln_f (Add) -> h.2.ln_1 (Add)
  ln_f (Add) -> h.11.attn.c_proj (Gemm)
  ln_f (Add) -> h.5.attn.c_proj (Gemm)
  ln_f (Add) -> h.10.ln_1 (Add)
  ln_f (Add) -> h.1.attn.c_proj (Gemm)
  ln_f (Add) -> h.1.ln_1 (Add)
  ln_f (Add) -> h.0.attn.c_proj (Gemm)
  ln_f (Add) -> h.8.ln_1 (Add)
  ln_f (Add) -> h.11.mlp.c_proj (Gemm)
  ln_f (Add) -> h.6.ln_2 (Add)
  ln_f (Add) -> h.0.ln_2 (Add)
  ln_f (Add) -> h.9.attn.c_proj (Gemm)
  ln_f (Add) -> h.0.mlp.c_proj (Gemm)
  ln_f (Add) -> h.10.ln_2 (Add)
  ln_f (Add) -> h.1.ln_2 (Add)
  ln_f (Add) -> h.4.ln_2 (Add)
  ln_f (Add) -> h.1.mlp.c_proj (Gemm)
  ln_f (Add) -> h.11.ln_1 (Add)
  ln_f (Add) -> h.8.attn.c_proj (Gemm)
  ln_f (Add) -> h.10.attn.c_proj (Gemm)
  ln_f (Add) -> h.10.mlp.c_proj (Gemm)
  ln_f (Add) -> h.11.ln_2 (Add)
  ln_f (Add) -> h.3.ln_1 (Add)
  ln_f (Add) -> h.8.ln_2 (Add)
  ln_f (Add) -> h.3.mlp.c_proj (Gemm)
  ln_f (Add) -> h.2.attn.c_proj (Gemm)
  ln_f (Add) -> h.2.ln_2 (Add)
  ln_f (Add) -> h.2.mlp.c_proj (Gemm)
  ln_f (Add) -> h.7.mlp.c_proj (Gemm)
  ln_f (Add) -> h.3.attn.c_proj (Gemm)
  ln_f (Add) -> h.7.attn.c_proj (Gemm)
  ln_f (Add) -> h.4.attn.c_proj (Gemm)
  ln_f (Add) -> h.4.ln_1 (Add)
  ln_f (Add) -> h.4.mlp.c_proj (Gemm)
  ln_f (Add) -> h.5.ln_2 (Add)
  ln_f (Add) -> h.7.ln_1 (Add)
  ln_f (Add) -> h.5.ln_1 (Add)
  ln_f (Add) -> h.7.ln_2 (Add)
  ln_f (Add) -> h.8.mlp.c_proj (Gemm)
  ln_f (Add) -> h.9.ln_1 (Add)
  ln_f (Add) -> h.9.ln_2 (Add)

[SelectiveInference] Layer shapes:
  ln_f (type: Add)
    Input shape: [768]
    Output shape: [768]
  3150 (type: Concat)
    Input shape: [1]
    Output shape: [1]
  3149 (type: Slice)
    Input shape: [1]
    Output shape: [1]
  3178 (type: Concat)
    Input shape: [1]
    Output shape: [1]
  h.6.attn.c_attn (type: Gemm)
    Input shape: [2304]
    Output shape: [768, 2304]
  3234 (type: Concat)
    Input shape: [1]
    Output shape: [1]
  h.11.attn (type: Slice)
    Input shape: [1, 1, 1024, 1024]
    Output shape: [1, 1, 1024, 1024]
  3147 (type: Slice)
    Input shape: [1]
    Output shape: [1]
  3125 (type: Concat)
    Input shape: [1]
    Output shape: [1]
  3206 (type: Concat)
    Input shape: [1]
    Output shape: [1]
  3146 (type: Concat)
    Input shape: [1]
    Output shape: [1]
  h.4.mlp.c_fc (type: Gemm)
    Input shape: [3072]
    Output shape: [768, 3072]
  3170 (type: Concat)
    Input shape: [1]
    Output shape: [1]
  h.10.ln_1 (type: Add)
    Input shape: [768]
    Output shape: [768]
  3151 (type: Concat)
    Input shape: [1]
    Output shape: [1]
  3127 (type: Concat)
    Input shape: [1]
    Output shape: [1]
  3244 (type: Concat)
    Input shape: [1]
    Output shape: [1]
  3123 (type: Concat)
    Input shape: [1]
    Output shape: [1]
  3223 (type: Concat)
    Input shape: [1]
    Output shape: [1]
  3197 (type: Concat)
    Input shape: [1]
    Output shape: [1]
  h.11.attn.c_proj (type: Gemm)
    Input shape: [768]
    Output shape: [768, 768]
  3113 (type: Concat)
    Input shape: [1]
    Output shape: [1]
  3112 (type: Sub)
    Input shape: [1]
    Output shape: [1]
  3124 (type: Concat)
    Input shape: [1]
    Output shape: [1]
  3184 (type: Concat)
    Input shape: [1]
    Output shape: [1]
  3120 (type: Slice)
    Input shape: [1]
    Output shape: [1]
  h.2.ln_1 (type: Add)
    Input shape: [768]
    Output shape: [768]
  3257 (type: Concat)
    Input shape: [1]
    Output shape: [1]
  3222 (type: Concat)
    Input shape: [1]
    Output shape: [1]
  3217 (type: Slice)
    Input shape: [1]
    Output shape: [1]
  h.1.attn (type: Slice)
    Input shape: [1, 1, 1024, 1024]
    Output shape: [1, 1, 1024, 1024]
  3186 (type: Concat)
    Input shape: [1]
    Output shape: [1]
  3126 (type: Concat)
    Input shape: [1]
    Output shape: [1]
  3229 (type: Concat)
    Input shape: [1]
    Output shape: [1]
  h.6.ln_1 (type: Add)
    Input shape: [768]
    Output shape: [768]
  3136 (type: Concat)
    Input shape: [1]
    Output shape: [1]
  3212 (type: Concat)
    Input shape: [1]
    Output shape: [1]
  3163 (type: Slice)
    Input shape: [1]
    Output shape: [1]
  3135 (type: Slice)
    Input shape: [1]
    Output shape: [1]
  3235 (type: Concat)
    Input shape: [1]
    Output shape: [1]
  h.9.mlp.c_proj (type: Gemm)
    Input shape: [768]
    Output shape: [3072, 768]
  3267 (type: Concat)
    Input shape: [1]
    Output shape: [1]
  3169 (type: Concat)
    Input shape: [1]
    Output shape: [1]
  3173 (type: Concat)
    Input shape: [1]
    Output shape: [1]
  3172 (type: Concat)
    Input shape: [1]
    Output shape: [1]
  h.4.attn (type: Slice)
    Input shape: [1, 1, 1024, 1024]
    Output shape: [1, 1, 1024, 1024]
  3117 (type: Concat)
    Input shape: [1]
    Output shape: [1]
  3157 (type: Concat)
    Input shape: [1]
    Output shape: [1]
  3191 (type: Slice)
    Input shape: [1]
    Output shape: [1]
  3176 (type: Slice)
    Input shape: [1]
    Output shape: [1]
  3174 (type: Concat)
    Input shape: [1]
    Output shape: [1]
  3155 (type: Concat)
    Input shape: [1]
    Output shape: [1]
  3128 (type: Concat)
    Input shape: [1]
    Output shape: [1]
  3180 (type: Concat)
    Input shape: [1]
    Output shape: [1]
  3148 (type: Slice)
    Input shape: [1]
    Output shape: [1]
  3165 (type: Concat)
    Input shape: [1]
    Output shape: [1]
  3130 (type: Concat)
    Input shape: [1]
    Output shape: [1]
  3111 (type: Div)
    Input shape: [1]
    Output shape: [1]
  3226 (type: Concat)
    Input shape: [1]
    Output shape: [1]
  h.8.attn (type: Slice)
    Input shape: [1, 1, 1024, 1024]
    Output shape: [1, 1, 1024, 1024]
  3122 (type: Concat)
    Input shape: [1]
    Output shape: [1]
  3121 (type: Slice)
    Input shape: [1]
    Output shape: [1]
  3211 (type: Concat)
    Input shape: [1]
    Output shape: [1]
  3256 (type: Concat)
    Input shape: [1]
    Output shape: [1]
  3207 (type: Concat)
    Input shape: [1]
    Output shape: [1]
  3214 (type: Concat)
    Input shape: [1]
    Output shape: [1]
  3139 (type: Concat)
    Input shape: [1]
    Output shape: [1]
  3110 (type: Concat)
    Input shape: [1]
    Output shape: [1]
  3243 (type: Concat)
    Input shape: [1]
    Output shape: [1]
  3152 (type: Concat)
    Input shape: [1]
    Output shape: [1]
  3188 (type: Concat)
    Input shape: [1]
    Output shape: [1]
  3116 (type: Concat)
    Input shape: [1]
    Output shape: [1]
  3230 (type: Concat)
    Input shape: [1]
    Output shape: [1]
  h.6.mlp.c_proj (type: Gemm)
    Input shape: [768]
    Output shape: [3072, 768]
  3208 (type: Concat)
    Input shape: [1]
    Output shape: [1]
  3133 (type: Slice)
    Input shape: [1]
    Output shape: [1]
  3215 (type: Concat)
    Input shape: [1]
    Output shape: [1]
  3199 (type: Concat)
    Input shape: [1]
    Output shape: [1]
  3171 (type: Concat)
    Input shape: [1]
    Output shape: [1]
  3209 (type: Concat)
    Input shape: [1]
    Output shape: [1]
  h.9.attn (type: Slice)
    Input shape: [1, 1, 1024, 1024]
    Output shape: [1, 1, 1024, 1024]
  3143 (type: Concat)
    Input shape: [1]
    Output shape: [1]
  3168 (type: Concat)
    Input shape: [1]
    Output shape: [1]
  3218 (type: Slice)
    Input shape: [1]
    Output shape: [1]
  3175 (type: Slice)
    Input shape: [1]
    Output shape: [1]
  3177 (type: Slice)
    Input shape: [1]
    Output shape: [1]
  h.5.mlp.c_proj (type: Gemm)
    Input shape: [768]
    Output shape: [3072, 768]
  3225 (type: Concat)
    Input shape: [1]
    Output shape: [1]
  h.10.mlp.c_fc (type: Gemm)
    Input shape: [3072]
    Output shape: [768, 3072]
  3154 (type: Concat)
    Input shape: [1]
    Output shape: [1]
  3138 (type: Concat)
    Input shape: [1]
    Output shape: [1]
  3231 (type: Slice)
    Input shape: [1]
    Output shape: [1]
  3219 (type: Slice)
    Input shape: [1]
    Output shape: [1]
  3241 (type: Concat)
    Input shape: [1]
    Output shape: [1]
  3221 (type: Concat)
    Input shape: [1]
    Output shape: [1]
  3189 (type: Slice)
    Input shape: [1]
    Output shape: [1]
  3201 (type: Concat)
    Input shape: [1]
    Output shape: [1]
  3141 (type: Concat)
    Input shape: [1]
    Output shape: [1]
  3190 (type: Slice)
    Input shape: [1]
    Output shape: [1]
  3210 (type: Concat)
    Input shape: [1]
    Output shape: [1]
  3192 (type: Concat)
    Input shape: [1]
    Output shape: [1]
  3228 (type: Concat)
    Input shape: [1]
    Output shape: [1]
  h.6.attn.c_proj (type: Gemm)
    Input shape: [768]
    Output shape: [768, 768]
  wte (type: Gather)
    Input shape: [50257, 768]
    Output shape: [50257, 768]
  h.5.attn.c_attn (type: Gemm)
    Input shape: [2304]
    Output shape: [768, 2304]
  3220 (type: Concat)
    Input shape: [1]
    Output shape: [1]
  3187 (type: Concat)
    Input shape: [1]
    Output shape: [1]
  h.5.attn.c_proj (type: Gemm)
    Input shape: [768]
    Output shape: [768, 768]
  3236 (type: Concat)
    Input shape: [1]
    Output shape: [1]
  3203 (type: Slice)
    Input shape: [1]
    Output shape: [1]
  h.3.ln_2 (type: Add)
    Input shape: [768]
    Output shape: [768]
  3227 (type: Concat)
    Input shape: [1]
    Output shape: [1]
  3131 (type: Concat)
    Input shape: [1]
    Output shape: [1]
  3144 (type: Concat)
    Input shape: [1]
    Output shape: [1]
  3196 (type: Concat)
    Input shape: [1]
    Output shape: [1]
  3200 (type: Concat)
    Input shape: [1]
    Output shape: [1]
  3195 (type: Concat)
    Input shape: [1]
    Output shape: [1]
  3264 (type: Concat)
    Input shape: [1]
    Output shape: [1]
  3193 (type: Concat)
    Input shape: [1]
    Output shape: [1]
  wpe (type: Gather)
    Input shape: [1024, 768]
    Output shape: [1024, 768]
  h.1.ln_2 (type: Add)
    Input shape: [768]
    Output shape: [768]
  3182 (type: Concat)
    Input shape: [1]
    Output shape: [1]
  3204 (type: Slice)
    Input shape: [1]
    Output shape: [1]
  h.0.ln_1 (type: Add)
    Input shape: [768]
    Output shape: [768]
  3185 (type: Concat)
    Input shape: [1]
    Output shape: [1]
  3134 (type: Slice)
    Input shape: [1]
    Output shape: [1]
  3233 (type: Slice)
    Input shape: [1]
    Output shape: [1]
  3132 (type: Concat)
    Input shape: [1]
    Output shape: [1]
  3140 (type: Concat)
    Input shape: [1]
    Output shape: [1]
  3216 (type: Concat)
    Input shape: [1]
    Output shape: [1]
  3153 (type: Concat)
    Input shape: [1]
    Output shape: [1]
  3156 (type: Concat)
    Input shape: [1]
    Output shape: [1]
  3198 (type: Concat)
    Input shape: [1]
    Output shape: [1]
  3255 (type: Concat)
    Input shape: [1]
    Output shape: [1]
  3159 (type: Concat)
    Input shape: [1]
    Output shape: [1]
  3145 (type: Concat)
    Input shape: [1]
    Output shape: [1]
  3266 (type: Concat)
    Input shape: [1]
    Output shape: [1]
  3162 (type: Slice)
    Input shape: [1]
    Output shape: [1]
  h.7.attn (type: Slice)
    Input shape: [1, 1, 1024, 1024]
    Output shape: [1, 1, 1024, 1024]
  3253 (type: Concat)
    Input shape: [1]
    Output shape: [1]
  3158 (type: Concat)
    Input shape: [1]
    Output shape: [1]
  3164 (type: Concat)
    Input shape: [1]
    Output shape: [1]
  3238 (type: Concat)
    Input shape: [1]
    Output shape: [1]
  3240 (type: Concat)
    Input shape: [1]
    Output shape: [1]
  h.1.attn.c_proj (type: Gemm)
    Input shape: [768]
    Output shape: [768, 768]
  3278 (type: Concat)
    Input shape: [1]
    Output shape: [1]
  3237 (type: Concat)
    Input shape: [1]
    Output shape: [1]
  3245 (type: Slice)
    Input shape: [1]
    Output shape: [1]
  3246 (type: Slice)
    Input shape: [1]
    Output shape: [1]
  3247 (type: Slice)
    Input shape: [1]
    Output shape: [1]
  h.1.ln_1 (type: Add)
    Input shape: [768]
    Output shape: [768]
  3142 (type: Concat)
    Input shape: [1]
    Output shape: [1]
  3248 (type: Concat)
    Input shape: [1]
    Output shape: [1]
  3249 (type: Concat)
    Input shape: [1]
    Output shape: [1]
  3250 (type: Concat)
    Input shape: [1]
    Output shape: [1]
  3119 (type: Slice)
    Input shape: [1]
    Output shape: [1]
  3251 (type: Concat)
    Input shape: [1]
    Output shape: [1]
  h.0.attn.c_proj (type: Gemm)
    Input shape: [768]
    Output shape: [768, 768]
  h.8.ln_1 (type: Add)
    Input shape: [768]
    Output shape: [768]
  3167 (type: Concat)
    Input shape: [1]
    Output shape: [1]
  h.9.mlp.c_fc (type: Gemm)
    Input shape: [3072]
    Output shape: [768, 3072]
  3263 (type: Concat)
    Input shape: [1]
    Output shape: [1]
  3224 (type: Concat)
    Input shape: [1]
    Output shape: [1]
  3254 (type: Concat)
    Input shape: [1]
    Output shape: [1]
  h.2.mlp.c_fc (type: Gemm)
    Input shape: [3072]
    Output shape: [768, 3072]
  3202 (type: Concat)
    Input shape: [1]
    Output shape: [1]
  3259 (type: Slice)
    Input shape: [1]
    Output shape: [1]
  h.11.mlp.c_proj (type: Gemm)
    Input shape: [768]
    Output shape: [3072, 768]
  3260 (type: Slice)
    Input shape: [1]
    Output shape: [1]
  h.0.attn (type: Slice)
    Input shape: [1, 1, 1024, 1024]
    Output shape: [1, 1, 1024, 1024]
  h.9.attn.c_attn (type: Gemm)
    Input shape: [2304]
    Output shape: [768, 2304]
  3118 (type: Concat)
    Input shape: [1]
    Output shape: [1]
  3261 (type: Slice)
    Input shape: [1]
    Output shape: [1]
  3271 (type: Concat)
    Input shape: [1]
    Output shape: [1]
  3262 (type: Concat)
    Input shape: [1]
    Output shape: [1]
  3265 (type: Concat)
    Input shape: [1]
    Output shape: [1]
  3268 (type: Concat)
    Input shape: [1]
    Output shape: [1]
  3205 (type: Slice)
    Input shape: [1]
    Output shape: [1]
  3269 (type: Concat)
    Input shape: [1]
    Output shape: [1]
  3270 (type: Concat)
    Input shape: [1]
    Output shape: [1]
  h.2.attn (type: Slice)
    Input shape: [1, 1, 1024, 1024]
    Output shape: [1, 1, 1024, 1024]
  3272 (type: Concat)
    Input shape: [1]
    Output shape: [1]
  3273 (type: Slice)
    Input shape: [1]
    Output shape: [1]
  3275 (type: Slice)
    Input shape: [1]
    Output shape: [1]
  3194 (type: Concat)
    Input shape: [1]
    Output shape: [1]
  3274 (type: Slice)
    Input shape: [1]
    Output shape: [1]
  3276 (type: Concat)
    Input shape: [1]
    Output shape: [1]
  3277 (type: Concat)
    Input shape: [1]
    Output shape: [1]
  3279 (type: Concat)
    Input shape: [1]
    Output shape: [1]
  h.5.mlp.c_fc (type: Gemm)
    Input shape: [3072]
    Output shape: [768, 3072]
  h.6.mlp.c_fc (type: Gemm)
    Input shape: [3072]
    Output shape: [768, 3072]
  3280 (type: Concat)
    Input shape: [1]
    Output shape: [1]
  h.3.attn (type: Slice)
    Input shape: [1, 1, 1024, 1024]
    Output shape: [1, 1, 1024, 1024]
  3281 (type: Concat)
    Input shape: [1]
    Output shape: [1]
  h.6.ln_2 (type: Add)
    Input shape: [768]
    Output shape: [768]
  3252 (type: Concat)
    Input shape: [1]
    Output shape: [1]
  h.0.attn.c_attn (type: Gemm)
    Input shape: [2304]
    Output shape: [768, 2304]
  h.0.ln_2 (type: Add)
    Input shape: [768]
    Output shape: [768]
  3179 (type: Concat)
    Input shape: [1]
    Output shape: [1]
  h.0.mlp.c_fc (type: Gemm)
    Input shape: [3072]
    Output shape: [768, 3072]
  h.9.attn.c_proj (type: Gemm)
    Input shape: [768]
    Output shape: [768, 768]
  3258 (type: Concat)
    Input shape: [1]
    Output shape: [1]
  3115 (type: Concat)
    Input shape: [1]
    Output shape: [1]
  h.0.mlp.c_proj (type: Gemm)
    Input shape: [768]
    Output shape: [3072, 768]
  3166 (type: Concat)
    Input shape: [1]
    Output shape: [1]
  h.10.ln_2 (type: Add)
    Input shape: [768]
    Output shape: [768]
  h.8.attn.c_attn (type: Gemm)
    Input shape: [2304]
    Output shape: [768, 2304]
  3160 (type: Concat)
    Input shape: [1]
    Output shape: [1]
  h.1.mlp.c_fc (type: Gemm)
    Input shape: [3072]
    Output shape: [768, 3072]
  h.4.ln_2 (type: Add)
    Input shape: [768]
    Output shape: [768]
  h.2.attn.c_attn (type: Gemm)
    Input shape: [2304]
    Output shape: [768, 2304]
  h.1.mlp.c_proj (type: Gemm)
    Input shape: [768]
    Output shape: [3072, 768]
  3239 (type: Concat)
    Input shape: [1]
    Output shape: [1]
  h.10.attn (type: Slice)
    Input shape: [1, 1, 1024, 1024]
    Output shape: [1, 1, 1024, 1024]
  h.11.ln_1 (type: Add)
    Input shape: [768]
    Output shape: [768]
  h.8.attn.c_proj (type: Gemm)
    Input shape: [768]
    Output shape: [768, 768]
  h.10.attn.c_attn (type: Gemm)
    Input shape: [2304]
    Output shape: [768, 2304]
  h.10.attn.c_proj (type: Gemm)
    Input shape: [768]
    Output shape: [768, 768]
  h.10.mlp.c_proj (type: Gemm)
    Input shape: [768]
    Output shape: [3072, 768]
  3137 (type: Concat)
    Input shape: [1]
    Output shape: [1]
  h.11.attn.c_attn (type: Gemm)
    Input shape: [2304]
    Output shape: [768, 2304]
  h.11.ln_2 (type: Add)
    Input shape: [768]
    Output shape: [768]
  3183 (type: Concat)
    Input shape: [1]
    Output shape: [1]
  h.11.mlp.c_fc (type: Gemm)
    Input shape: [3072]
    Output shape: [768, 3072]
  h.3.ln_1 (type: Add)
    Input shape: [768]
    Output shape: [768]
  h.8.ln_2 (type: Add)
    Input shape: [768]
    Output shape: [768]
  3242 (type: Concat)
    Input shape: [1]
    Output shape: [1]
  h.3.mlp.c_proj (type: Gemm)
    Input shape: [768]
    Output shape: [3072, 768]
  h.2.attn.c_proj (type: Gemm)
    Input shape: [768]
    Output shape: [768, 768]
  h.5.attn (type: Slice)
    Input shape: [1, 1, 1024, 1024]
    Output shape: [1, 1, 1024, 1024]
  h.2.ln_2 (type: Add)
    Input shape: [768]
    Output shape: [768]
  3181 (type: Concat)
    Input shape: [1]
    Output shape: [1]
  h.2.mlp.c_proj (type: Gemm)
    Input shape: [768]
    Output shape: [3072, 768]
  h.7.mlp.c_proj (type: Gemm)
    Input shape: [768]
    Output shape: [3072, 768]
  h.1.attn.c_attn (type: Gemm)
    Input shape: [2304]
    Output shape: [768, 2304]
  h.3.attn.c_attn (type: Gemm)
    Input shape: [2304]
    Output shape: [768, 2304]
  h.3.attn.c_proj (type: Gemm)
    Input shape: [768]
    Output shape: [768, 768]
  h.7.attn.c_proj (type: Gemm)
    Input shape: [768]
    Output shape: [768, 768]
  h.3.mlp.c_fc (type: Gemm)
    Input shape: [3072]
    Output shape: [768, 3072]
  3129 (type: Concat)
    Input shape: [1]
    Output shape: [1]
  3161 (type: Slice)
    Input shape: [1]
    Output shape: [1]
  h.4.attn.c_attn (type: Gemm)
    Input shape: [2304]
    Output shape: [768, 2304]
  h.4.attn.c_proj (type: Gemm)
    Input shape: [768]
    Output shape: [768, 768]
  h.4.ln_1 (type: Add)
    Input shape: [768]
    Output shape: [768]
  h.4.mlp.c_proj (type: Gemm)
    Input shape: [768]
    Output shape: [3072, 768]
  h.5.ln_2 (type: Add)
    Input shape: [768]
    Output shape: [768]
  h.7.ln_1 (type: Add)
    Input shape: [768]
    Output shape: [768]
  h.5.ln_1 (type: Add)
    Input shape: [768]
    Output shape: [768]
  h.6.attn (type: Slice)
    Input shape: [1, 1, 1024, 1024]
    Output shape: [1, 1, 1024, 1024]
  h.7.attn.c_attn (type: Gemm)
    Input shape: [2304]
    Output shape: [768, 2304]
  h.7.ln_2 (type: Add)
    Input shape: [768]
    Output shape: [768]
  h.8.mlp.c_proj (type: Gemm)
    Input shape: [768]
    Output shape: [3072, 768]
  h.7.mlp.c_fc (type: Gemm)
    Input shape: [3072]
    Output shape: [768, 3072]
  3232 (type: Slice)
    Input shape: [1]
    Output shape: [1]
  3213 (type: Concat)
    Input shape: [1]
    Output shape: [1]
  h.8.mlp.c_fc (type: Gemm)
    Input shape: [3072]
    Output shape: [768, 3072]
  3114 (type: Concat)
    Input shape: [1]
    Output shape: [1]
  h.9.ln_1 (type: Add)
    Input shape: [768]
    Output shape: [768]
  h.9.ln_2 (type: Add)
    Input shape: [768]
    Output shape: [768]

[SelectiveInference] Running layers: ln_f h.10.ln_1
[SelectiveInference] Running layer: ln_f (type: Add)
  Input size: 768, expected: 768
  Input shape: [768]
  Output size: 768, expected: 768
  Output shape: [768]
  Output preview: 0.439409 -0.260621 0.827839 -0.727335 0.379783 ...
[SelectiveInference] Running layer: h.10.ln_1 (type: Add)
  Input size: 768, expected: 768
  Input shape: [768]
  Output size: 768, expected: 768
  Output shape: [768]
  Output preview: 0.439409 -0.260621 0.827839 -0.727335 0.379783 ...
[SelectiveInference] Output size after running selected layers: 768
[       OK ] CompressedInferenceTest.SelectiveInference (24603 ms)
[----------] 1 test from CompressedInferenceTest (24603 ms total)

[----------] Global test environment tear-down
[==========] 1 test from 1 test suite ran. (24603 ms total)
[  PASSED  ] 1 test.
